2023/06/07 09:31:17 [TRACE] cjTigWHpG9PlM2bTNRElTG /link/get 컨텍스트저장 UKey:''
2023/06/07 09:41:39 [TRACE] lLRYV0WjUjO41Mf6juUvdi /link/get 컨텍스트저장 UKey:''
2023/06/07 09:41:39 [TRACE] 2QgDCpC8qaT8d0d4TiYuyb /link/get 컨텍스트저장 UKey:''
2023/06/07 09:41:46 [TRACE] j3H2tPaMdZr9kfuiYfq1IM /link/get 컨텍스트저장 UKey:''
2023/06/07 09:41:46 [TRACE] 3BGQ0KJZYkM3NlIwJwIyGn /link/get 컨텍스트저장 UKey:''
2023/06/07 09:44:40 [TRACE] mUkZmEiUAF588CBaHsqc3 /link/get 컨텍스트저장 UKey:''
2023/06/07 09:44:40 [TRACE] jjY0l41zGChlKpiP1RIfnL /link/get 컨텍스트저장 UKey:''
2023/06/07 09:57:23 [TRACE] hkXtrsIUwM8cEWxxdPx7X7 /link/get 컨텍스트저장 UKey:''
2023/06/07 09:57:23 [TRACE] hvJFYQIMJZF76Rl59vPZkz /link/get 컨텍스트저장 UKey:''
2023/06/07 10:12:17 [TRACE] 3yUuW3H6hcf8bqTbF8FsH9 /link/get 컨텍스트저장 UKey:''
2023/06/07 10:12:18 [TRACE] Cmt8uPu2rzkDYsxMN7LA0 /link/get 컨텍스트저장 UKey:''
2023/06/07 10:12:22 [TRACE] f8QbLHZ8X32bnfyzUPml7t /link/get 컨텍스트저장 UKey:''
2023/06/07 10:12:24 [TRACE] d9nRbIIRlI62Rmk8AfJyjf /link/get 컨텍스트저장 UKey:''
2023/06/07 10:16:01 [TRACE] tyexrNpsqOlgaxwvrjjbq /link/get 컨텍스트저장 UKey:''
2023/06/07 10:16:01 [TRACE] iIpg8lwqSFLcMwkR2p9jvG /link/get 컨텍스트저장 UKey:''
2023/06/07 11:53:13 [TRACE] 7j1lpt6qUT1rza1Hkkjhy ----------------------------------------------------
2023/06/07 11:53:13 [TRACE] 7j1lpt6qUT1rza1Hkkjhy /store/18273645 토큰생성: 0f55a072-f088-4b1c-a457-efb1b4d1eb9f
2023/06/07 11:53:13 [TRACE] 7j1lpt6qUT1rza1Hkkjhy 2099-12-31 00:00:00 +0700 +07
2023/06/07 11:53:13 [TRACE] 7j1lpt6qUT1rza1Hkkjhy 192.168.0.125 라이선스 정상
2023/06/07 11:53:13 [TRACE] 7j1lpt6qUT1rza1Hkkjhy 18273645 CheckExists()
2023/06/07 11:53:13 [TRACE] 7j1lpt6qUT1rza1Hkkjhy 18273645 링크를 찾을 수 없음
2023/06/07 11:53:13 [TRACE] 7j1lpt6qUT1rza1Hkkjhy ExpectedError() Code:B404 Param:[]
2023/06/07 11:53:13 [TRACE] 7j1lpt6qUT1rza1Hkkjhy /store/18273645 컨텍스트저장 UKey:'18273645'
2023/06/07 11:53:19 [TRACE] lacXOOuQqw83DxJxshtvJ0 ----------------------------------------------------
2023/06/07 11:53:19 [TRACE] lacXOOuQqw83DxJxshtvJ0 /store/18273645 요청토큰: 0f55a072-f088-4b1c-a457-efb1b4d1eb9f
2023/06/07 11:53:19 [TRACE] lacXOOuQqw83DxJxshtvJ0 2099-12-31 00:00:00 +0700 +07
2023/06/07 11:53:19 [TRACE] lacXOOuQqw83DxJxshtvJ0 192.168.0.125 라이선스 정상
2023/06/07 11:53:19 [TRACE] lacXOOuQqw83DxJxshtvJ0 18273645 CheckExists()
2023/06/07 11:53:19 [TRACE] lacXOOuQqw83DxJxshtvJ0 18273645 링크를 찾을 수 없음
2023/06/07 11:53:19 [TRACE] lacXOOuQqw83DxJxshtvJ0 ExpectedError() Code:B404 Param:[]
2023/06/07 11:53:19 [TRACE] lacXOOuQqw83DxJxshtvJ0 /store/18273645 컨텍스트저장 UKey:'18273645'
2023/06/07 11:53:28 [TRACE] aNnvp2We6yI1LvwRUWdA5v ----------------------------------------------------
2023/06/07 11:53:28 [TRACE] aNnvp2We6yI1LvwRUWdA5v /store/18273645 요청토큰: 0f55a072-f088-4b1c-a457-efb1b4d1eb9f
2023/06/07 11:53:28 [TRACE] aNnvp2We6yI1LvwRUWdA5v 2099-12-31 00:00:00 +0700 +07
2023/06/07 11:53:28 [TRACE] aNnvp2We6yI1LvwRUWdA5v 192.168.0.125 라이선스 정상
2023/06/07 11:53:28 [TRACE] aNnvp2We6yI1LvwRUWdA5v 18273645 CheckExists()
2023/06/07 11:53:28 [TRACE] aNnvp2We6yI1LvwRUWdA5v 18273645 링크를 찾을 수 없음
2023/06/07 11:53:28 [TRACE] aNnvp2We6yI1LvwRUWdA5v ExpectedError() Code:B404 Param:[]
2023/06/07 11:53:28 [TRACE] aNnvp2We6yI1LvwRUWdA5v /store/18273645 컨텍스트저장 UKey:'18273645'
2023/06/07 11:53:55 [TRACE] cgGDYfJ4Dsq4lh7dw0Oa4s ----------------------------------------------------
2023/06/07 11:53:55 [TRACE] cgGDYfJ4Dsq4lh7dw0Oa4s /store/18273645 요청토큰: 0f55a072-f088-4b1c-a457-efb1b4d1eb9f
2023/06/07 11:53:55 [TRACE] cgGDYfJ4Dsq4lh7dw0Oa4s 2099-12-31 00:00:00 +0700 +07
2023/06/07 11:53:55 [TRACE] cgGDYfJ4Dsq4lh7dw0Oa4s 192.168.0.125 라이선스 정상
2023/06/07 11:53:55 [TRACE] cgGDYfJ4Dsq4lh7dw0Oa4s 18273645 CheckExists()
2023/06/07 11:53:55 [TRACE] cgGDYfJ4Dsq4lh7dw0Oa4s 18273645 링크를 찾을 수 없음
2023/06/07 11:53:55 [TRACE] cgGDYfJ4Dsq4lh7dw0Oa4s ExpectedError() Code:B404 Param:[]
2023/06/07 11:53:55 [TRACE] cgGDYfJ4Dsq4lh7dw0Oa4s /store/18273645 컨텍스트저장 UKey:'18273645'
2023/06/07 11:54:21 [TRACE] c9J7BAZDide5YfQWpadsx9 ----------------------------------------------------
2023/06/07 11:54:21 [TRACE] c9J7BAZDide5YfQWpadsx9 /store/18273645 요청토큰: 0f55a072-f088-4b1c-a457-efb1b4d1eb9f
2023/06/07 11:54:21 [TRACE] c9J7BAZDide5YfQWpadsx9 2099-12-31 00:00:00 +0700 +07
2023/06/07 11:54:21 [TRACE] c9J7BAZDide5YfQWpadsx9 192.168.0.125 라이선스 정상
2023/06/07 11:54:21 [TRACE] c9J7BAZDide5YfQWpadsx9 18273645 CheckExists()
2023/06/07 11:54:21 [TRACE] c9J7BAZDide5YfQWpadsx9 18273645 링크를 찾을 수 없음
2023/06/07 11:54:21 [TRACE] c9J7BAZDide5YfQWpadsx9 ExpectedError() Code:B404 Param:[]
2023/06/07 11:54:21 [TRACE] c9J7BAZDide5YfQWpadsx9 /store/18273645 컨텍스트저장 UKey:'18273645'
2023/06/07 11:54:44 [TRACE] lDiWOHjYniPaY3jV7YyebH ----------------------------------------------------
2023/06/07 11:54:44 [TRACE] lDiWOHjYniPaY3jV7YyebH /store/18273645 요청토큰: 0f55a072-f088-4b1c-a457-efb1b4d1eb9f
2023/06/07 11:54:44 [TRACE] lDiWOHjYniPaY3jV7YyebH 2099-12-31 00:00:00 +0700 +07
2023/06/07 11:54:44 [TRACE] lDiWOHjYniPaY3jV7YyebH 192.168.0.125 라이선스 정상
2023/06/07 11:54:44 [TRACE] lDiWOHjYniPaY3jV7YyebH 18273645 CheckExists()
2023/06/07 11:54:44 [TRACE] lDiWOHjYniPaY3jV7YyebH 18273645 링크를 찾을 수 없음
2023/06/07 11:54:44 [TRACE] lDiWOHjYniPaY3jV7YyebH ExpectedError() Code:B404 Param:[]
2023/06/07 11:54:44 [TRACE] lDiWOHjYniPaY3jV7YyebH /store/18273645 컨텍스트저장 UKey:'18273645'
2023/06/07 15:05:53 [TRACE] 8cVxsMmi1bYgzaKYW7K1qi /link/set 컨텍스트저장 UKey:'VLQRr'
2023/06/07 15:06:07 [TRACE] icUXfoxxN641VZm5CsMPwb /link/get 컨텍스트저장 UKey:''
2023/06/07 15:07:54 [TRACE] 5yMNRSFoN1LlwblGYCguZ4 ----------------------------------------------------
2023/06/07 15:07:54 [TRACE] 5yMNRSFoN1LlwblGYCguZ4 /VLQRr 요청토큰: 986f7683-d654-4a52-b8d1-bbbe29a7c424
2023/06/07 15:07:54 [TRACE] 5yMNRSFoN1LlwblGYCguZ4 2099-12-31 00:00:00 +0700 +07
2023/06/07 15:07:54 [TRACE] 5yMNRSFoN1LlwblGYCguZ4 192.168.0.125 라이선스 정상
2023/06/07 15:07:54 [TRACE] 5yMNRSFoN1LlwblGYCguZ4 VLQRr CheckExists()
2023/06/07 15:07:54 [TRACE] 5yMNRSFoN1LlwblGYCguZ4 VLQRr CheckSecureLink()
2023/06/07 15:07:54 [TRACE] 5yMNRSFoN1LlwblGYCguZ4 VLQRr CheckCount()
2023/06/07 15:07:54 [TRACE] 5yMNRSFoN1LlwblGYCguZ4 VLQRr CheckExpire()
2023/06/07 15:07:54 [TRACE] 5yMNRSFoN1LlwblGYCguZ4 VLQRr CheckAuth()
2023/06/07 15:07:54 [TRACE] 5yMNRSFoN1LlwblGYCguZ4 VLQRr ServeLink()
2023/06/07 15:07:54 [TRACE] 5yMNRSFoN1LlwblGYCguZ4 VLQRr Redirect()
2023/06/07 15:07:54 [TRACE] 5yMNRSFoN1LlwblGYCguZ4 VLQRr GET 리다이렉트
2023/06/07 15:07:54 [TRACE] 5yMNRSFoN1LlwblGYCguZ4 /VLQRr 컨텍스트저장 UKey:'VLQRr'
2023/06/07 15:16:44 [TRACE] 5py2RqSTrUEiYp1duwYYee /link/set 컨텍스트저장 UKey:'86Ip2'
2023/06/07 15:18:00 [TRACE] cc8SzY46R8yeD2ZrgHThqt ----------------------------------------------------
2023/06/07 15:18:00 [TRACE] cc8SzY46R8yeD2ZrgHThqt /86Ip2 요청토큰: 986f7683-d654-4a52-b8d1-bbbe29a7c424
2023/06/07 15:18:00 [TRACE] cc8SzY46R8yeD2ZrgHThqt 2099-12-31 00:00:00 +0700 +07
2023/06/07 15:18:00 [TRACE] cc8SzY46R8yeD2ZrgHThqt 192.168.0.125 라이선스 정상
2023/06/07 15:18:00 [TRACE] cc8SzY46R8yeD2ZrgHThqt 86Ip2 CheckExists()
2023/06/07 15:18:00 [TRACE] cc8SzY46R8yeD2ZrgHThqt 86Ip2 CheckSecureLink()
2023/06/07 15:18:00 [TRACE] cc8SzY46R8yeD2ZrgHThqt 86Ip2 CheckCount()
2023/06/07 15:18:00 [TRACE] cc8SzY46R8yeD2ZrgHThqt 86Ip2 CheckExpire()
2023/06/07 15:18:00 [TRACE] cc8SzY46R8yeD2ZrgHThqt 86Ip2 CheckAuth()
2023/06/07 15:18:00 [TRACE] cc8SzY46R8yeD2ZrgHThqt 86Ip2 ServeLink()
2023/06/07 15:18:00 [TRACE] cc8SzY46R8yeD2ZrgHThqt 86Ip2 Redirect()
2023/06/07 15:18:00 [TRACE] cc8SzY46R8yeD2ZrgHThqt 86Ip2 GET 리다이렉트
2023/06/07 15:18:00 [TRACE] cc8SzY46R8yeD2ZrgHThqt /86Ip2 컨텍스트저장 UKey:'86Ip2'
2023/06/07 15:21:42 [TRACE] 1BptZJfAsHQ8h31ZiiKgjb /link/set 컨텍스트저장 UKey:'KCCkG'
2023/06/07 15:22:19 [TRACE] fmdpklczx3xiApdgPnc33y ----------------------------------------------------
2023/06/07 15:22:19 [TRACE] fmdpklczx3xiApdgPnc33y /KCCkG 요청토큰: 986f7683-d654-4a52-b8d1-bbbe29a7c424
2023/06/07 15:22:19 [TRACE] fmdpklczx3xiApdgPnc33y 2099-12-31 00:00:00 +0700 +07
2023/06/07 15:22:19 [TRACE] fmdpklczx3xiApdgPnc33y 192.168.0.125 라이선스 정상
2023/06/07 15:22:19 [TRACE] fmdpklczx3xiApdgPnc33y KCCkG CheckExists()
2023/06/07 15:22:19 [TRACE] fmdpklczx3xiApdgPnc33y KCCkG CheckSecureLink()
2023/06/07 15:22:19 [TRACE] fmdpklczx3xiApdgPnc33y KCCkG CheckCount()
2023/06/07 15:22:19 [TRACE] fmdpklczx3xiApdgPnc33y KCCkG CheckExpire()
2023/06/07 15:22:19 [TRACE] fmdpklczx3xiApdgPnc33y KCCkG CheckAuth()
2023/06/07 15:22:19 [TRACE] fmdpklczx3xiApdgPnc33y KCCkG ServeLink()
2023/06/07 15:22:19 [TRACE] fmdpklczx3xiApdgPnc33y KCCkG Redirect()
2023/06/07 15:22:19 [TRACE] fmdpklczx3xiApdgPnc33y KCCkG GET 리다이렉트
2023/06/07 15:22:19 [TRACE] fmdpklczx3xiApdgPnc33y /KCCkG 컨텍스트저장 UKey:'KCCkG'
2023/06/07 15:22:30 [TRACE] iyqzFuyH24c23iVxA9pfjf /link/set 컨텍스트저장 UKey:'SJkKI'
2023/06/07 15:22:58 [TRACE] h4WdZU888qNlVwqKt40Ru3 ----------------------------------------------------
2023/06/07 15:22:58 [TRACE] h4WdZU888qNlVwqKt40Ru3 /SJkKI 요청토큰: 986f7683-d654-4a52-b8d1-bbbe29a7c424
2023/06/07 15:22:58 [TRACE] h4WdZU888qNlVwqKt40Ru3 2099-12-31 00:00:00 +0700 +07
2023/06/07 15:22:58 [TRACE] h4WdZU888qNlVwqKt40Ru3 192.168.0.125 라이선스 정상
2023/06/07 15:22:58 [TRACE] h4WdZU888qNlVwqKt40Ru3 SJkKI CheckExists()
2023/06/07 15:22:58 [TRACE] h4WdZU888qNlVwqKt40Ru3 SJkKI CheckSecureLink()
2023/06/07 15:22:58 [TRACE] h4WdZU888qNlVwqKt40Ru3 SJkKI CheckCount()
2023/06/07 15:22:58 [TRACE] h4WdZU888qNlVwqKt40Ru3 SJkKI CheckExpire()
2023/06/07 15:22:58 [TRACE] h4WdZU888qNlVwqKt40Ru3 SJkKI CheckAuth()
2023/06/07 15:22:58 [TRACE] h4WdZU888qNlVwqKt40Ru3 SJkKI ServeLink()
2023/06/07 15:22:58 [TRACE] h4WdZU888qNlVwqKt40Ru3 SJkKI Redirect()
2023/06/07 15:22:58 [TRACE] h4WdZU888qNlVwqKt40Ru3 SJkKI GET 리다이렉트
2023/06/07 15:22:58 [TRACE] h4WdZU888qNlVwqKt40Ru3 /SJkKI 컨텍스트저장 UKey:'SJkKI'
2023/06/07 15:25:29 [TRACE] 7cLIBmctpsohmACI5YxYX9 /link/set 컨텍스트저장 UKey:'PGOC3'
2023/06/07 15:26:08 [TRACE] iaLIsWc93Q3lgAWtGIX9hl /link/set 컨텍스트저장 UKey:'pkZhQ'
2023/06/07 15:26:44 [TRACE] lsRk9PuaiTGaY2WefhFth7 /link/set 컨텍스트저장 UKey:'JBMkr'
2023/06/07 15:27:15 [TRACE] 9svRFQiicYNcVmf24iMwjt /link/set 컨텍스트저장 UKey:'mit8Y'
2023/06/07 15:28:27 [TRACE] 5KhJ0p9oVJsfQMXe7Eb2GC ----------------------------------------------------
2023/06/07 15:28:27 [TRACE] 5KhJ0p9oVJsfQMXe7Eb2GC /PGOC3 요청토큰: 520542e3-bd16-4de4-acad-7fb453308fd9
2023/06/07 15:28:27 [TRACE] 5KhJ0p9oVJsfQMXe7Eb2GC 2099-12-31 00:00:00 +0700 +07
2023/06/07 15:28:27 [TRACE] 5KhJ0p9oVJsfQMXe7Eb2GC 192.168.0.125 라이선스 정상
2023/06/07 15:28:27 [TRACE] 5KhJ0p9oVJsfQMXe7Eb2GC PGOC3 CheckExists()
2023/06/07 15:28:27 [TRACE] 5KhJ0p9oVJsfQMXe7Eb2GC PGOC3 CheckSecureLink()
2023/06/07 15:28:27 [TRACE] 5KhJ0p9oVJsfQMXe7Eb2GC PGOC3 CheckCount()
2023/06/07 15:28:27 [TRACE] 5KhJ0p9oVJsfQMXe7Eb2GC PGOC3 CheckExpire()
2023/06/07 15:28:27 [TRACE] 5KhJ0p9oVJsfQMXe7Eb2GC PGOC3 CheckAuth()
2023/06/07 15:28:27 [TRACE] 5KhJ0p9oVJsfQMXe7Eb2GC PGOC3 ServeLink()
2023/06/07 15:28:27 [TRACE] 5KhJ0p9oVJsfQMXe7Eb2GC PGOC3 Redirect()
2023/06/07 15:28:27 [TRACE] 5KhJ0p9oVJsfQMXe7Eb2GC PGOC3 GET 리다이렉트
2023/06/07 15:28:27 [TRACE] 5KhJ0p9oVJsfQMXe7Eb2GC /PGOC3 컨텍스트저장 UKey:'PGOC3'
2023/06/07 15:28:48 [TRACE] cVbJ2cf5m3fbU62VlVtZpj ----------------------------------------------------
2023/06/07 15:28:48 [TRACE] cVbJ2cf5m3fbU62VlVtZpj /PGOC3 요청토큰: 986f7683-d654-4a52-b8d1-bbbe29a7c424
2023/06/07 15:28:48 [TRACE] cVbJ2cf5m3fbU62VlVtZpj 2099-12-31 00:00:00 +0700 +07
2023/06/07 15:28:48 [TRACE] cVbJ2cf5m3fbU62VlVtZpj 192.168.0.125 라이선스 정상
2023/06/07 15:28:48 [TRACE] cVbJ2cf5m3fbU62VlVtZpj PGOC3 CheckExists()
2023/06/07 15:28:48 [TRACE] cVbJ2cf5m3fbU62VlVtZpj PGOC3 CheckSecureLink()
2023/06/07 15:28:48 [TRACE] cVbJ2cf5m3fbU62VlVtZpj PGOC3 CheckCount()
2023/06/07 15:28:48 [TRACE] cVbJ2cf5m3fbU62VlVtZpj PGOC3 CheckExpire()
2023/06/07 15:28:48 [TRACE] cVbJ2cf5m3fbU62VlVtZpj PGOC3 CheckAuth()
2023/06/07 15:28:48 [TRACE] cVbJ2cf5m3fbU62VlVtZpj PGOC3 ServeLink()
2023/06/07 15:28:48 [TRACE] cVbJ2cf5m3fbU62VlVtZpj PGOC3 Redirect()
2023/06/07 15:28:48 [TRACE] cVbJ2cf5m3fbU62VlVtZpj PGOC3 GET 리다이렉트
2023/06/07 15:28:48 [TRACE] cVbJ2cf5m3fbU62VlVtZpj /PGOC3 컨텍스트저장 UKey:'PGOC3'
2023/06/07 16:16:05 [TRACE] 61c5oi89DTDlHsAbtc2URe ----------------------------------------------------
2023/06/07 16:16:05 [TRACE] 61c5oi89DTDlHsAbtc2URe /pkZhQ 요청토큰: 520542e3-bd16-4de4-acad-7fb453308fd9
2023/06/07 16:16:05 [TRACE] 61c5oi89DTDlHsAbtc2URe 2099-12-31 00:00:00 +0700 +07
2023/06/07 16:16:05 [TRACE] 61c5oi89DTDlHsAbtc2URe 192.168.0.125 라이선스 정상
2023/06/07 16:16:05 [TRACE] 61c5oi89DTDlHsAbtc2URe pkZhQ CheckExists()
2023/06/07 16:16:05 [TRACE] 61c5oi89DTDlHsAbtc2URe pkZhQ CheckSecureLink()
2023/06/07 16:16:05 [TRACE] 61c5oi89DTDlHsAbtc2URe pkZhQ CheckCount()
2023/06/07 16:16:05 [TRACE] 61c5oi89DTDlHsAbtc2URe pkZhQ CheckExpire()
2023/06/07 16:16:05 [TRACE] 61c5oi89DTDlHsAbtc2URe pkZhQ CheckAuth()
2023/06/07 16:16:05 [TRACE] 61c5oi89DTDlHsAbtc2URe pkZhQ ServeLink()
2023/06/07 16:16:05 [TRACE] 61c5oi89DTDlHsAbtc2URe pkZhQ Redirect()
2023/06/07 16:16:05 [TRACE] 61c5oi89DTDlHsAbtc2URe pkZhQ GET 리다이렉트
2023/06/07 16:16:05 [TRACE] 61c5oi89DTDlHsAbtc2URe /pkZhQ 컨텍스트저장 UKey:'pkZhQ'
2023/06/07 16:22:47 [TRACE] jEpRVebHgjZlhdhcwaI0G2 /link/get 컨텍스트저장 UKey:''
2023/06/07 16:35:01 [TRACE] 2SIs3JH4UMX7AV2RkyGZkP ----------------------------------------------------
2023/06/07 16:35:01 [TRACE] 2SIs3JH4UMX7AV2RkyGZkP /PGOC3 토큰생성: dd0a6617-db83-4e6c-a791-535d7b0b9a27
2023/06/07 16:35:01 [TRACE] 2SIs3JH4UMX7AV2RkyGZkP ub.urlybud.aqua.castis.io 라이선스 없음
2023/06/07 16:35:01 [TRACE] 2SIs3JH4UMX7AV2RkyGZkP ExpectedError() Code:B810 Param:[0x91e000]
2023/06/07 16:35:01 [TRACE] 2SIs3JH4UMX7AV2RkyGZkP /PGOC3 컨텍스트저장 UKey:''
2023/06/07 16:35:30 [TRACE] 6aqalm2MKFJbLtjtbwW0Tp /link/get 컨텍스트저장 UKey:''
2023/06/07 16:35:30 [TRACE] b1aMEKwd5awixWNvP8VzMo /link/get 컨텍스트저장 UKey:''
2023/06/07 16:36:49 [TRACE] 6b2NhiCCbdG7sMPKVMZhdS /link/set 컨텍스트저장 UKey:'a8owq'
2023/06/07 16:37:43 [TRACE] 9TcnB4w7HjvcbTRlmC9DaS /link/get 컨텍스트저장 UKey:''
2023/06/07 16:37:43 [TRACE] 7E9nXmGmUkNkjNrHYqpe9 /link/get 컨텍스트저장 UKey:''
2023/06/07 16:37:54 [TRACE] 2LasI1YqQI0762cqZrRnfD /link/get 컨텍스트저장 UKey:''
2023/06/07 16:37:54 [TRACE] dF4asOXahkEllZt1XaVc9i /link/get 컨텍스트저장 UKey:''
2023/06/07 16:38:14 [TRACE] gdX2y3aoS21lc3dm0tFSL5 /link/get 컨텍스트저장 UKey:''
2023/06/07 16:38:14 [TRACE] 2qMaxhWGhmw2ClJ6QNNkpC /link/get 컨텍스트저장 UKey:''
2023/06/07 16:38:25 [TRACE] hyQuJXnh9Ug5rHBpBfye9H /link/set 컨텍스트저장 UKey:'fcAMS'
2023/06/07 16:38:37 [TRACE] 50GKxYkVjTK4Jj3S5pr8Z0 ----------------------------------------------------
2023/06/07 16:38:37 [TRACE] 50GKxYkVjTK4Jj3S5pr8Z0 /fcAMS 토큰생성: caec1689-70cf-4c6f-8805-be54273b3f01
2023/06/07 16:38:37 [TRACE] 50GKxYkVjTK4Jj3S5pr8Z0 ub.urlybud.aqua.castis.io 라이선스 없음
2023/06/07 16:38:37 [TRACE] 50GKxYkVjTK4Jj3S5pr8Z0 ExpectedError() Code:B810 Param:[0x91e000]
2023/06/07 16:38:37 [TRACE] 50GKxYkVjTK4Jj3S5pr8Z0 /fcAMS 컨텍스트저장 UKey:''
2023/06/07 16:38:51 [TRACE] dIjmNtNFDBy5v8AWXX6Cye /link/get 컨텍스트저장 UKey:''
2023/06/07 16:38:51 [TRACE] cOfLwpNc4GNjxUTqyXHigY /link/get 컨텍스트저장 UKey:''
2023/06/07 16:38:53 [TRACE] 1GtMT2vfAlEjUV6CEl78Bh ----------------------------------------------------
2023/06/07 16:38:53 [TRACE] 1GtMT2vfAlEjUV6CEl78Bh /fcAMS 요청토큰: caec1689-70cf-4c6f-8805-be54273b3f01
2023/06/07 16:38:53 [TRACE] 1GtMT2vfAlEjUV6CEl78Bh ub.urlybud.aqua.castis.io 라이선스 없음
2023/06/07 16:38:53 [TRACE] 1GtMT2vfAlEjUV6CEl78Bh ExpectedError() Code:B810 Param:[0x91e000]
2023/06/07 16:38:53 [TRACE] 1GtMT2vfAlEjUV6CEl78Bh /fcAMS 컨텍스트저장 UKey:''
2023/06/07 16:39:16 [TRACE] 66ZTMwv3zTzjYM1vSZ4qQG /link/get 컨텍스트저장 UKey:''
2023/06/07 16:39:21 [TRACE] 3YoGT1RcP3JjPCWEbPly4a ----------------------------------------------------
2023/06/07 16:39:21 [TRACE] 3YoGT1RcP3JjPCWEbPly4a /fcAMS 요청토큰: 986f7683-d654-4a52-b8d1-bbbe29a7c424
2023/06/07 16:39:21 [TRACE] 3YoGT1RcP3JjPCWEbPly4a 2099-12-31 00:00:00 +0700 +07
2023/06/07 16:39:21 [TRACE] 3YoGT1RcP3JjPCWEbPly4a 192.168.0.125 라이선스 정상
2023/06/07 16:39:21 [TRACE] 3YoGT1RcP3JjPCWEbPly4a fcAMS CheckExists()
2023/06/07 16:39:21 [TRACE] 3YoGT1RcP3JjPCWEbPly4a fcAMS CheckSecureLink()
2023/06/07 16:39:21 [TRACE] 3YoGT1RcP3JjPCWEbPly4a fcAMS CheckCount()
2023/06/07 16:39:21 [TRACE] 3YoGT1RcP3JjPCWEbPly4a fcAMS CheckExpire()
2023/06/07 16:39:21 [TRACE] 3YoGT1RcP3JjPCWEbPly4a fcAMS CheckAuth()
2023/06/07 16:39:21 [TRACE] 3YoGT1RcP3JjPCWEbPly4a fcAMS ServeLink()
2023/06/07 16:39:21 [TRACE] 3YoGT1RcP3JjPCWEbPly4a fcAMS Redirect()
2023/06/07 16:39:21 [TRACE] 3YoGT1RcP3JjPCWEbPly4a fcAMS GET 리다이렉트
2023/06/07 16:39:21 [TRACE] 3YoGT1RcP3JjPCWEbPly4a /fcAMS 컨텍스트저장 UKey:'fcAMS'
2023/06/07 16:39:31 [TRACE] eqwYCN9ycNw30NH8sAgMve /link/get 컨텍스트저장 UKey:''
2023/06/07 16:39:54 [TRACE] iam3Yf4uxrzhbDK5cSYbjy ----------------------------------------------------
2023/06/07 16:39:54 [TRACE] iam3Yf4uxrzhbDK5cSYbjy /fcAMS 요청토큰: caec1689-70cf-4c6f-8805-be54273b3f01
2023/06/07 16:39:54 [TRACE] iam3Yf4uxrzhbDK5cSYbjy ub.urlybud.aqua.castis.io 라이선스 없음
2023/06/07 16:39:54 [TRACE] iam3Yf4uxrzhbDK5cSYbjy ExpectedError() Code:B810 Param:[0x91e000]
2023/06/07 16:39:54 [TRACE] iam3Yf4uxrzhbDK5cSYbjy /fcAMS 컨텍스트저장 UKey:''
2023/06/07 16:40:06 [TRACE] 7mZMPBab8dnaAFUjF4YyGX ----------------------------------------------------
2023/06/07 16:40:06 [TRACE] 7mZMPBab8dnaAFUjF4YyGX /fcAMS 요청토큰: caec1689-70cf-4c6f-8805-be54273b3f01
2023/06/07 16:40:06 [TRACE] 7mZMPBab8dnaAFUjF4YyGX ub.urlybud.aqua.castis.io 라이선스 없음
2023/06/07 16:40:06 [TRACE] 7mZMPBab8dnaAFUjF4YyGX ExpectedError() Code:B810 Param:[0x91e000]
2023/06/07 16:40:06 [TRACE] 7mZMPBab8dnaAFUjF4YyGX /fcAMS 컨텍스트저장 UKey:''
2023/06/07 16:40:13 [TRACE] 9TgtUOBwvRS3txNCBDqr8w /link/get 컨텍스트저장 UKey:''
2023/06/07 16:40:55 [TRACE] 4bR8csKarVq5UgpeJ2HPAW ----------------------------------------------------
2023/06/07 16:40:55 [TRACE] 4bR8csKarVq5UgpeJ2HPAW /fcAMS 요청토큰: caec1689-70cf-4c6f-8805-be54273b3f01
2023/06/07 16:40:55 [TRACE] 4bR8csKarVq5UgpeJ2HPAW ub.urlybud.aqua.castis.io 라이선스 없음
2023/06/07 16:40:55 [TRACE] 4bR8csKarVq5UgpeJ2HPAW ExpectedError() Code:B810 Param:[0x91e000]
2023/06/07 16:40:55 [TRACE] 4bR8csKarVq5UgpeJ2HPAW /fcAMS 컨텍스트저장 UKey:''
2023/06/07 16:41:08 [TRACE] fQZSFhPcuft4K562ETBgHM ----------------------------------------------------
2023/06/07 16:41:08 [TRACE] fQZSFhPcuft4K562ETBgHM /fcAMS 요청토큰: 986f7683-d654-4a52-b8d1-bbbe29a7c424
2023/06/07 16:41:08 [TRACE] fQZSFhPcuft4K562ETBgHM 2099-12-31 00:00:00 +0700 +07
2023/06/07 16:41:08 [TRACE] fQZSFhPcuft4K562ETBgHM 192.168.0.125 라이선스 정상
2023/06/07 16:41:08 [TRACE] fQZSFhPcuft4K562ETBgHM fcAMS CheckExists()
2023/06/07 16:41:08 [TRACE] fQZSFhPcuft4K562ETBgHM fcAMS CheckSecureLink()
2023/06/07 16:41:08 [TRACE] fQZSFhPcuft4K562ETBgHM fcAMS CheckCount()
2023/06/07 16:41:08 [TRACE] fQZSFhPcuft4K562ETBgHM fcAMS CheckExpire()
2023/06/07 16:41:08 [TRACE] fQZSFhPcuft4K562ETBgHM fcAMS CheckAuth()
2023/06/07 16:41:08 [TRACE] fQZSFhPcuft4K562ETBgHM fcAMS ServeLink()
2023/06/07 16:41:08 [TRACE] fQZSFhPcuft4K562ETBgHM fcAMS Redirect()
2023/06/07 16:41:08 [TRACE] fQZSFhPcuft4K562ETBgHM fcAMS GET 리다이렉트
2023/06/07 16:41:08 [TRACE] fQZSFhPcuft4K562ETBgHM /fcAMS 컨텍스트저장 UKey:'fcAMS'
2023/06/07 16:41:41 [TRACE] jtVJxuT8eE8Kfuy1YJLEF /link/get 컨텍스트저장 UKey:''
2023/06/07 16:41:48 [TRACE] 2PsklEyS888lho1vzOSBaS /link/get 컨텍스트저장 UKey:''
2023/06/07 16:41:48 [TRACE] 6zpMWL0Wokb90f7BfmNt91 /link/get 컨텍스트저장 UKey:''
2023/06/07 16:42:27 [TRACE] aLeBigWs6Mr7ICRxP9HMea /link/get 컨텍스트저장 UKey:''
2023/06/07 16:42:29 [TRACE] 5gV0nQJRqJXfqPbrhfcefC /link/set 컨텍스트저장 UKey:'CvU0q'
2023/06/07 16:42:38 [TRACE] IEbCpE7G2s9xxzRYx0QoV /link/get 컨텍스트저장 UKey:''
2023/06/07 16:42:38 [TRACE] l7l3JJVoCNOawX0xxe9ckS /link/get 컨텍스트저장 UKey:''
2023/06/07 16:43:02 [TRACE] 9CidhdXM8xm814yBbJ3mqP /link/get 컨텍스트저장 UKey:''
2023/06/07 16:43:06 [TRACE] 68IxoHfAUk0gf0stna454Q /link/get 컨텍스트저장 UKey:''
2023/06/07 16:43:06 [TRACE] bOrMTPx2ML6i2ZVNUGRsrh /link/get 컨텍스트저장 UKey:''
2023/06/07 16:43:20 [TRACE] kn9dM2UFozKiXF4ac9XJvb /link/get 컨텍스트저장 UKey:''
2023/06/07 16:43:20 [TRACE] 5t50xmRK9GplyQiXqgYQS2 /link/get 컨텍스트저장 UKey:''
2023/06/07 16:43:25 [TRACE] aoaS5M4qpqM9C1Cuf3DpdL /link/get 컨텍스트저장 UKey:''
2023/06/07 16:44:06 [TRACE] 7Exf8oAqRYz7EBeNJyLyvZ /link/get 컨텍스트저장 UKey:''
2023/06/07 16:44:15 [TRACE] 6UWTku1ku7Q3EfEsqAQoPD /link/get 컨텍스트저장 UKey:''
2023/06/07 16:44:15 [TRACE] 5Sn94YPwvbs7VCfSklWj2W /link/get 컨텍스트저장 UKey:''
2023/06/07 16:46:27 [TRACE] cuEUSUVaHTa9u3OhfqgFzW /link/get 컨텍스트저장 UKey:''
2023/06/07 16:46:32 [TRACE] keUpyLA1IaVc8jO8KKned6 /link/get 컨텍스트저장 UKey:''
2023/06/07 16:46:32 [TRACE] 13oxRUrmf0Jas7dSdwxpCD /link/get 컨텍스트저장 UKey:''
2023/06/07 16:47:04 [TRACE] 6jD6S3YTC1Eb4eTVgAhver /link/get 컨텍스트저장 UKey:''
2023/06/07 16:47:07 [TRACE] f7YMVPhyAJcaZ8Gt7hzDSQ /link/get 컨텍스트저장 UKey:''
2023/06/07 16:47:13 [TRACE] 7rbHEPUYlIon0BtP43I88 /link/get 컨텍스트저장 UKey:''
2023/06/07 16:47:13 [TRACE] Gq2PUJwesH3BDuXtGQEHw /link/get 컨텍스트저장 UKey:''
2023/06/07 16:51:14 [TRACE] iJKjMaJbF8Fj6yZjCqyJbF /link/get 컨텍스트저장 UKey:''
2023/06/07 16:51:14 [TRACE] kCB9XBjRpNmfJqSSmSaK28 /link/get 컨텍스트저장 UKey:''
2023/06/07 16:59:47 [TRACE] 5bWoojhZZBYcj8BMkVRfBa ----------------------------------------------------
2023/06/07 16:59:47 [TRACE] 5bWoojhZZBYcj8BMkVRfBa /fcAMS 요청토큰: caec1689-70cf-4c6f-8805-be54273b3f01
2023/06/07 16:59:47 [TRACE] 5bWoojhZZBYcj8BMkVRfBa ub.urlybud.aqua.castis.io 라이선스 없음
2023/06/07 16:59:47 [TRACE] 5bWoojhZZBYcj8BMkVRfBa ExpectedError() Code:B810 Param:[0x91e000]
2023/06/07 16:59:47 [TRACE] 5bWoojhZZBYcj8BMkVRfBa /fcAMS 컨텍스트저장 UKey:''
2023/06/07 17:00:05 [TRACE] 31hvEX7k40IgGXQOFQgwcE /link/get 컨텍스트저장 UKey:''
2023/06/07 17:01:20 [TRACE] hwXA0tOM54E2whq98QvNwv ----------------------------------------------------
2023/06/07 17:01:20 [TRACE] hwXA0tOM54E2whq98QvNwv /PGOC3 토큰생성: fbc21578-d058-4782-98c3-8582ef712544
2023/06/07 17:01:20 [TRACE] hwXA0tOM54E2whq98QvNwv 2099-12-31 00:00:00 +0700 +07
2023/06/07 17:01:20 [TRACE] hwXA0tOM54E2whq98QvNwv 192.168.0.125:80 라이선스 정상
2023/06/07 17:01:20 [TRACE] hwXA0tOM54E2whq98QvNwv PGOC3 CheckExists()
2023/06/07 17:01:20 [TRACE] hwXA0tOM54E2whq98QvNwv PGOC3 CheckSecureLink()
2023/06/07 17:01:20 [TRACE] hwXA0tOM54E2whq98QvNwv PGOC3 CheckCount()
2023/06/07 17:01:20 [TRACE] hwXA0tOM54E2whq98QvNwv PGOC3 CheckExpire()
2023/06/07 17:01:20 [TRACE] hwXA0tOM54E2whq98QvNwv PGOC3 CheckAuth()
2023/06/07 17:01:20 [TRACE] hwXA0tOM54E2whq98QvNwv PGOC3 ServeLink()
2023/06/07 17:01:20 [TRACE] hwXA0tOM54E2whq98QvNwv PGOC3 Redirect()
2023/06/07 17:01:20 [TRACE] hwXA0tOM54E2whq98QvNwv PGOC3 GET 리다이렉트
2023/06/07 17:01:20 [TRACE] hwXA0tOM54E2whq98QvNwv /PGOC3 컨텍스트저장 UKey:'PGOC3'
2023/06/07 17:01:52 [TRACE] 5QHa7sAEyTvHDVGoX1KpA /link/get 컨텍스트저장 UKey:''
2023/06/07 17:01:55 [TRACE] 6lt0vaJixW0hgTZP0rI4D5 ----------------------------------------------------
2023/06/07 17:01:55 [TRACE] 6lt0vaJixW0hgTZP0rI4D5 /PGOC3 토큰생성: 0e32a07d-c322-41b8-8e37-e89f87738f24
2023/06/07 17:01:55 [TRACE] 6lt0vaJixW0hgTZP0rI4D5 2099-12-31 00:00:00 +0700 +07
2023/06/07 17:01:55 [TRACE] 6lt0vaJixW0hgTZP0rI4D5 192.168.0.125:80 라이선스 정상
2023/06/07 17:01:55 [TRACE] 6lt0vaJixW0hgTZP0rI4D5 PGOC3 CheckExists()
2023/06/07 17:01:55 [TRACE] 6lt0vaJixW0hgTZP0rI4D5 PGOC3 CheckSecureLink()
2023/06/07 17:01:55 [TRACE] 6lt0vaJixW0hgTZP0rI4D5 PGOC3 CheckCount()
2023/06/07 17:01:55 [TRACE] 6lt0vaJixW0hgTZP0rI4D5 PGOC3 CheckExpire()
2023/06/07 17:01:55 [TRACE] 6lt0vaJixW0hgTZP0rI4D5 PGOC3 CheckAuth()
2023/06/07 17:01:55 [TRACE] 6lt0vaJixW0hgTZP0rI4D5 PGOC3 ServeLink()
2023/06/07 17:01:55 [TRACE] 6lt0vaJixW0hgTZP0rI4D5 PGOC3 Redirect()
2023/06/07 17:01:55 [TRACE] 6lt0vaJixW0hgTZP0rI4D5 PGOC3 GET 리다이렉트
2023/06/07 17:01:55 [TRACE] 6lt0vaJixW0hgTZP0rI4D5 /PGOC3 컨텍스트저장 UKey:'PGOC3'
2023/06/07 17:01:55 [TRACE] bv5nPs03NsxkkzQ7E3e2Nj ----------------------------------------------------
2023/06/07 17:01:55 [TRACE] bv5nPs03NsxkkzQ7E3e2Nj /PGOC3 토큰생성: d3e8ee13-8b6a-46df-ba10-f40ded58567c
2023/06/07 17:01:55 [TRACE] bv5nPs03NsxkkzQ7E3e2Nj 2099-12-31 00:00:00 +0700 +07
2023/06/07 17:01:55 [TRACE] bv5nPs03NsxkkzQ7E3e2Nj 192.168.0.125:80 라이선스 정상
2023/06/07 17:01:55 [TRACE] bv5nPs03NsxkkzQ7E3e2Nj PGOC3 CheckExists()
2023/06/07 17:01:55 [TRACE] bv5nPs03NsxkkzQ7E3e2Nj PGOC3 CheckSecureLink()
2023/06/07 17:01:55 [TRACE] bv5nPs03NsxkkzQ7E3e2Nj PGOC3 CheckCount()
2023/06/07 17:01:55 [TRACE] bv5nPs03NsxkkzQ7E3e2Nj PGOC3 CheckExpire()
2023/06/07 17:01:55 [TRACE] bv5nPs03NsxkkzQ7E3e2Nj PGOC3 CheckAuth()
2023/06/07 17:01:55 [TRACE] bv5nPs03NsxkkzQ7E3e2Nj PGOC3 ServeLink()
2023/06/07 17:01:55 [TRACE] bv5nPs03NsxkkzQ7E3e2Nj PGOC3 Redirect()
2023/06/07 17:01:55 [TRACE] bv5nPs03NsxkkzQ7E3e2Nj PGOC3 GET 리다이렉트
2023/06/07 17:01:55 [TRACE] bv5nPs03NsxkkzQ7E3e2Nj /PGOC3 컨텍스트저장 UKey:'PGOC3'
2023/06/07 17:01:58 [TRACE] 7zoL5MryXD7c6zgINfYizV /link/get 컨텍스트저장 UKey:''
2023/06/07 17:02:15 [TRACE] 2tPKs4Qy7XT6B1PgqFIIDR ----------------------------------------------------
2023/06/07 17:02:15 [TRACE] 2tPKs4Qy7XT6B1PgqFIIDR /PGOC3 토큰생성: aea9faba-7da2-4e3d-b1f7-097451cdbdd6
2023/06/07 17:02:15 [TRACE] 2tPKs4Qy7XT6B1PgqFIIDR 2099-12-31 00:00:00 +0700 +07
2023/06/07 17:02:15 [TRACE] 2tPKs4Qy7XT6B1PgqFIIDR 192.168.0.125:80 라이선스 정상
2023/06/07 17:02:15 [TRACE] 2tPKs4Qy7XT6B1PgqFIIDR PGOC3 CheckExists()
2023/06/07 17:02:15 [TRACE] 2tPKs4Qy7XT6B1PgqFIIDR PGOC3 CheckSecureLink()
2023/06/07 17:02:15 [TRACE] 2tPKs4Qy7XT6B1PgqFIIDR PGOC3 CheckCount()
2023/06/07 17:02:15 [TRACE] 2tPKs4Qy7XT6B1PgqFIIDR PGOC3 CheckExpire()
2023/06/07 17:02:15 [TRACE] 2tPKs4Qy7XT6B1PgqFIIDR PGOC3 CheckAuth()
2023/06/07 17:02:15 [TRACE] 2tPKs4Qy7XT6B1PgqFIIDR PGOC3 ServeLink()
2023/06/07 17:02:15 [TRACE] 2tPKs4Qy7XT6B1PgqFIIDR PGOC3 Redirect()
2023/06/07 17:02:15 [TRACE] 2tPKs4Qy7XT6B1PgqFIIDR PGOC3 GET 리다이렉트
2023/06/07 17:02:15 [TRACE] 2tPKs4Qy7XT6B1PgqFIIDR /PGOC3 컨텍스트저장 UKey:'PGOC3'
2023/06/07 17:04:01 [TRACE] 7o88GxbUp6uaqyaqHeoYDD ----------------------------------------------------
2023/06/07 17:04:01 [TRACE] 7o88GxbUp6uaqyaqHeoYDD /PGOC3 토큰생성: 0c94cf3d-d677-4461-8563-b06910480623
2023/06/07 17:04:01 [TRACE] 7o88GxbUp6uaqyaqHeoYDD 2099-12-31 00:00:00 +0700 +07
2023/06/07 17:04:01 [TRACE] 7o88GxbUp6uaqyaqHeoYDD 192.168.0.125 라이선스 정상
2023/06/07 17:04:01 [TRACE] 7o88GxbUp6uaqyaqHeoYDD PGOC3 CheckExists()
2023/06/07 17:04:01 [TRACE] 7o88GxbUp6uaqyaqHeoYDD PGOC3 CheckSecureLink()
2023/06/07 17:04:01 [TRACE] 7o88GxbUp6uaqyaqHeoYDD PGOC3 CheckCount()
2023/06/07 17:04:01 [TRACE] 7o88GxbUp6uaqyaqHeoYDD PGOC3 CheckExpire()
2023/06/07 17:04:01 [TRACE] 7o88GxbUp6uaqyaqHeoYDD PGOC3 CheckAuth()
2023/06/07 17:04:01 [TRACE] 7o88GxbUp6uaqyaqHeoYDD PGOC3 ServeLink()
2023/06/07 17:04:01 [TRACE] 7o88GxbUp6uaqyaqHeoYDD PGOC3 Redirect()
2023/06/07 17:04:01 [TRACE] 7o88GxbUp6uaqyaqHeoYDD PGOC3 GET 리다이렉트
2023/06/07 17:04:01 [TRACE] 7o88GxbUp6uaqyaqHeoYDD /PGOC3 컨텍스트저장 UKey:'PGOC3'
2023/06/07 17:04:12 [TRACE] fQzOZOzjltf2MAfcne3nW9 ----------------------------------------------------
2023/06/07 17:04:12 [TRACE] fQzOZOzjltf2MAfcne3nW9 /PGOC3 요청토큰: c61a2f67-5495-4525-beb1-f25f6c85dab9
2023/06/07 17:04:12 [TRACE] fQzOZOzjltf2MAfcne3nW9 2099-12-31 00:00:00 +0700 +07
2023/06/07 17:04:12 [TRACE] fQzOZOzjltf2MAfcne3nW9 192.168.0.125 라이선스 정상
2023/06/07 17:04:12 [TRACE] fQzOZOzjltf2MAfcne3nW9 PGOC3 CheckExists()
2023/06/07 17:04:12 [TRACE] fQzOZOzjltf2MAfcne3nW9 PGOC3 CheckSecureLink()
2023/06/07 17:04:12 [TRACE] fQzOZOzjltf2MAfcne3nW9 PGOC3 CheckCount()
2023/06/07 17:04:12 [TRACE] fQzOZOzjltf2MAfcne3nW9 PGOC3 CheckExpire()
2023/06/07 17:04:12 [TRACE] fQzOZOzjltf2MAfcne3nW9 PGOC3 CheckAuth()
2023/06/07 17:04:12 [TRACE] fQzOZOzjltf2MAfcne3nW9 PGOC3 ServeLink()
2023/06/07 17:04:12 [TRACE] fQzOZOzjltf2MAfcne3nW9 PGOC3 Redirect()
2023/06/07 17:04:12 [TRACE] fQzOZOzjltf2MAfcne3nW9 PGOC3 GET 리다이렉트
2023/06/07 17:04:12 [TRACE] fQzOZOzjltf2MAfcne3nW9 /PGOC3 컨텍스트저장 UKey:'PGOC3'
2023/06/07 17:04:14 [TRACE] dPzTG6tbFXjkVkeGyrpsfG ----------------------------------------------------
2023/06/07 17:04:14 [TRACE] dPzTG6tbFXjkVkeGyrpsfG /PGOC3 토큰생성: 4d6001f8-c4d7-4139-a39f-4fe20b320a8f
2023/06/07 17:04:14 [TRACE] dPzTG6tbFXjkVkeGyrpsfG ub.urlybud.aqua.castis.io 라이선스 없음
2023/06/07 17:04:14 [TRACE] dPzTG6tbFXjkVkeGyrpsfG ExpectedError() Code:B810 Param:[0x91e000]
2023/06/07 17:04:14 [TRACE] dPzTG6tbFXjkVkeGyrpsfG /PGOC3 컨텍스트저장 UKey:''
2023/06/07 17:04:43 [TRACE] eWhxwUKdzYDao5km9zT4VP ----------------------------------------------------
2023/06/07 17:04:43 [TRACE] eWhxwUKdzYDao5km9zT4VP /PGOC3 토큰생성: f17c02f7-e4d0-4782-9f11-0743a4d2334f
2023/06/07 17:04:43 [TRACE] eWhxwUKdzYDao5km9zT4VP 2099-12-31 00:00:00 +0700 +07
2023/06/07 17:04:43 [TRACE] eWhxwUKdzYDao5km9zT4VP 192.168.0.125 라이선스 정상
2023/06/07 17:04:43 [TRACE] eWhxwUKdzYDao5km9zT4VP PGOC3 CheckExists()
2023/06/07 17:04:43 [TRACE] eWhxwUKdzYDao5km9zT4VP PGOC3 CheckSecureLink()
2023/06/07 17:04:43 [TRACE] eWhxwUKdzYDao5km9zT4VP PGOC3 CheckCount()
2023/06/07 17:04:43 [TRACE] eWhxwUKdzYDao5km9zT4VP PGOC3 CheckExpire()
2023/06/07 17:04:43 [TRACE] eWhxwUKdzYDao5km9zT4VP PGOC3 CheckAuth()
2023/06/07 17:04:43 [TRACE] eWhxwUKdzYDao5km9zT4VP PGOC3 ServeLink()
2023/06/07 17:04:43 [TRACE] eWhxwUKdzYDao5km9zT4VP PGOC3 Redirect()
2023/06/07 17:04:43 [TRACE] eWhxwUKdzYDao5km9zT4VP PGOC3 GET 리다이렉트
2023/06/07 17:04:43 [TRACE] eWhxwUKdzYDao5km9zT4VP /PGOC3 컨텍스트저장 UKey:'PGOC3'
2023/06/07 17:05:01 [TRACE] f4JebTPkaaHhHY6pQHeDXK ----------------------------------------------------
2023/06/07 17:05:01 [TRACE] f4JebTPkaaHhHY6pQHeDXK /PGOC3 토큰생성: 5435ae6d-a8f7-48a5-b134-a7e9883c9005
2023/06/07 17:05:01 [TRACE] f4JebTPkaaHhHY6pQHeDXK ub.urlybud.aqua.castis.io 라이선스 없음
2023/06/07 17:05:01 [TRACE] f4JebTPkaaHhHY6pQHeDXK ExpectedError() Code:B810 Param:[0x91e000]
2023/06/07 17:05:01 [TRACE] f4JebTPkaaHhHY6pQHeDXK /PGOC3 컨텍스트저장 UKey:''
2023/06/07 17:05:12 [TRACE] ibtfmIEqxJ7heTu4oGI50T ----------------------------------------------------
2023/06/07 17:05:12 [TRACE] ibtfmIEqxJ7heTu4oGI50T /PGOC3 토큰생성: 3e6ac713-faeb-4480-b35a-10c7fb22b0cb
2023/06/07 17:05:12 [TRACE] ibtfmIEqxJ7heTu4oGI50T 2099-12-31 00:00:00 +0700 +07
2023/06/07 17:05:12 [TRACE] ibtfmIEqxJ7heTu4oGI50T 192.168.0.125:80 라이선스 정상
2023/06/07 17:05:12 [TRACE] ibtfmIEqxJ7heTu4oGI50T PGOC3 CheckExists()
2023/06/07 17:05:12 [TRACE] ibtfmIEqxJ7heTu4oGI50T PGOC3 CheckSecureLink()
2023/06/07 17:05:12 [TRACE] ibtfmIEqxJ7heTu4oGI50T PGOC3 CheckCount()
2023/06/07 17:05:12 [TRACE] ibtfmIEqxJ7heTu4oGI50T PGOC3 CheckExpire()
2023/06/07 17:05:12 [TRACE] ibtfmIEqxJ7heTu4oGI50T PGOC3 CheckAuth()
2023/06/07 17:05:12 [TRACE] ibtfmIEqxJ7heTu4oGI50T PGOC3 ServeLink()
2023/06/07 17:05:12 [TRACE] ibtfmIEqxJ7heTu4oGI50T PGOC3 Redirect()
2023/06/07 17:05:12 [TRACE] ibtfmIEqxJ7heTu4oGI50T PGOC3 GET 리다이렉트
2023/06/07 17:05:12 [TRACE] ibtfmIEqxJ7heTu4oGI50T /PGOC3 컨텍스트저장 UKey:'PGOC3'
2023/06/07 17:05:25 [TRACE] elmDMEh2lvYa3S1LaK9hxm ----------------------------------------------------
2023/06/07 17:05:25 [TRACE] elmDMEh2lvYa3S1LaK9hxm /PGOC3 토큰생성: 8a69258d-5bea-4256-96b6-0c93329293ce
2023/06/07 17:05:25 [TRACE] elmDMEh2lvYa3S1LaK9hxm 2099-12-31 00:00:00 +0700 +07
2023/06/07 17:05:25 [TRACE] elmDMEh2lvYa3S1LaK9hxm 192.168.0.125:80 라이선스 정상
2023/06/07 17:05:25 [TRACE] elmDMEh2lvYa3S1LaK9hxm PGOC3 CheckExists()
2023/06/07 17:05:25 [TRACE] elmDMEh2lvYa3S1LaK9hxm PGOC3 CheckSecureLink()
2023/06/07 17:05:25 [TRACE] elmDMEh2lvYa3S1LaK9hxm PGOC3 CheckCount()
2023/06/07 17:05:25 [TRACE] elmDMEh2lvYa3S1LaK9hxm PGOC3 CheckExpire()
2023/06/07 17:05:25 [TRACE] elmDMEh2lvYa3S1LaK9hxm PGOC3 CheckAuth()
2023/06/07 17:05:25 [TRACE] elmDMEh2lvYa3S1LaK9hxm PGOC3 ServeLink()
2023/06/07 17:05:25 [TRACE] elmDMEh2lvYa3S1LaK9hxm PGOC3 Redirect()
2023/06/07 17:05:25 [TRACE] elmDMEh2lvYa3S1LaK9hxm PGOC3 GET 리다이렉트
2023/06/07 17:05:25 [TRACE] elmDMEh2lvYa3S1LaK9hxm /PGOC3 컨텍스트저장 UKey:'PGOC3'
2023/06/07 17:05:55 [TRACE] hUXtHO0pBA6ajxyvlzTJYT ----------------------------------------------------
2023/06/07 17:05:55 [TRACE] hUXtHO0pBA6ajxyvlzTJYT /PGOC3 토큰생성: aad82237-b002-486c-a296-6f7c39ab81f8
2023/06/07 17:05:55 [TRACE] hUXtHO0pBA6ajxyvlzTJYT ub.urlybud.aqua.castis.io 라이선스 없음
2023/06/07 17:05:55 [TRACE] hUXtHO0pBA6ajxyvlzTJYT ExpectedError() Code:B810 Param:[0x91e000]
2023/06/07 17:05:55 [TRACE] hUXtHO0pBA6ajxyvlzTJYT /PGOC3 컨텍스트저장 UKey:''
2023/06/07 17:06:44 [TRACE] cSlHzREywxH7TVCGYh1gAF ----------------------------------------------------
2023/06/07 17:06:44 [TRACE] cSlHzREywxH7TVCGYh1gAF /PGOC3 토큰생성: 5429d7e9-f524-41a3-894f-136cabc3d6aa
2023/06/07 17:06:44 [TRACE] cSlHzREywxH7TVCGYh1gAF 2099-12-31 00:00:00 +0700 +07
2023/06/07 17:06:44 [TRACE] cSlHzREywxH7TVCGYh1gAF 192.168.0.125 라이선스 정상
2023/06/07 17:06:44 [TRACE] cSlHzREywxH7TVCGYh1gAF PGOC3 CheckExists()
2023/06/07 17:06:44 [TRACE] cSlHzREywxH7TVCGYh1gAF PGOC3 CheckSecureLink()
2023/06/07 17:06:44 [TRACE] cSlHzREywxH7TVCGYh1gAF PGOC3 CheckCount()
2023/06/07 17:06:44 [TRACE] cSlHzREywxH7TVCGYh1gAF PGOC3 CheckExpire()
2023/06/07 17:06:44 [TRACE] cSlHzREywxH7TVCGYh1gAF PGOC3 CheckAuth()
2023/06/07 17:06:44 [TRACE] cSlHzREywxH7TVCGYh1gAF PGOC3 ServeLink()
2023/06/07 17:06:44 [TRACE] cSlHzREywxH7TVCGYh1gAF PGOC3 Redirect()
2023/06/07 17:06:44 [TRACE] cSlHzREywxH7TVCGYh1gAF PGOC3 GET 리다이렉트
2023/06/07 17:06:44 [TRACE] cSlHzREywxH7TVCGYh1gAF /PGOC3 컨텍스트저장 UKey:'PGOC3'
2023/06/07 17:06:56 [TRACE] 3suXHManSag7jGSYonzM1C ----------------------------------------------------
2023/06/07 17:06:56 [TRACE] 3suXHManSag7jGSYonzM1C /PGOC3 토큰생성: 55258eea-da7f-4cbe-bffa-3f62fe6b8a0d
2023/06/07 17:06:56 [TRACE] 3suXHManSag7jGSYonzM1C ub.urlybud.aqua.castis.io 라이선스 없음
2023/06/07 17:06:56 [TRACE] 3suXHManSag7jGSYonzM1C ExpectedError() Code:B810 Param:[0x91e000]
2023/06/07 17:06:56 [TRACE] 3suXHManSag7jGSYonzM1C /PGOC3 컨텍스트저장 UKey:''
2023/06/07 17:07:14 [TRACE] jIZ9UEib5NCbClHeW6oFGu ----------------------------------------------------
2023/06/07 17:07:14 [TRACE] jIZ9UEib5NCbClHeW6oFGu /PGOC3 토큰생성: 7fef2ad0-5871-439d-bee1-9a470382c19b
2023/06/07 17:07:14 [TRACE] jIZ9UEib5NCbClHeW6oFGu 2099-12-31 00:00:00 +0700 +07
2023/06/07 17:07:14 [TRACE] jIZ9UEib5NCbClHeW6oFGu 192.168.0.125 라이선스 정상
2023/06/07 17:07:14 [TRACE] jIZ9UEib5NCbClHeW6oFGu PGOC3 CheckExists()
2023/06/07 17:07:14 [TRACE] jIZ9UEib5NCbClHeW6oFGu PGOC3 CheckSecureLink()
2023/06/07 17:07:14 [TRACE] jIZ9UEib5NCbClHeW6oFGu PGOC3 CheckCount()
2023/06/07 17:07:14 [TRACE] jIZ9UEib5NCbClHeW6oFGu PGOC3 CheckExpire()
2023/06/07 17:07:14 [TRACE] jIZ9UEib5NCbClHeW6oFGu PGOC3 CheckAuth()
2023/06/07 17:07:14 [TRACE] jIZ9UEib5NCbClHeW6oFGu PGOC3 ServeLink()
2023/06/07 17:07:14 [TRACE] jIZ9UEib5NCbClHeW6oFGu PGOC3 Redirect()
2023/06/07 17:07:14 [TRACE] jIZ9UEib5NCbClHeW6oFGu PGOC3 GET 리다이렉트
2023/06/07 17:07:14 [TRACE] jIZ9UEib5NCbClHeW6oFGu /PGOC3 컨텍스트저장 UKey:'PGOC3'
2023/06/07 17:07:21 [TRACE] lJqIrUuhnVzjrpFTlbQyC9 ----------------------------------------------------
2023/06/07 17:07:21 [TRACE] lJqIrUuhnVzjrpFTlbQyC9 /PGOC3 토큰생성: 6b6d1bf2-0ea5-4823-a2cf-3a146d0c3c3c
2023/06/07 17:07:21 [TRACE] lJqIrUuhnVzjrpFTlbQyC9 ub.urlybud.aqua.castis.io 라이선스 없음
2023/06/07 17:07:21 [TRACE] lJqIrUuhnVzjrpFTlbQyC9 ExpectedError() Code:B810 Param:[0x91e000]
2023/06/07 17:07:21 [TRACE] lJqIrUuhnVzjrpFTlbQyC9 /PGOC3 컨텍스트저장 UKey:''
2023/06/07 17:08:33 [TRACE] eGFybre7vS95QPKYYXTEFz ----------------------------------------------------
2023/06/07 17:08:33 [TRACE] eGFybre7vS95QPKYYXTEFz /PGOC3 토큰생성: 9314ca9e-6632-4fbb-9249-fe09f8dc8047
2023/06/07 17:08:33 [TRACE] eGFybre7vS95QPKYYXTEFz ub.urlybud.aqua.castis.io 라이선스 없음
2023/06/07 17:08:33 [TRACE] eGFybre7vS95QPKYYXTEFz ExpectedError() Code:B810 Param:[0x91e000]
2023/06/07 17:08:33 [TRACE] eGFybre7vS95QPKYYXTEFz /PGOC3 컨텍스트저장 UKey:''
2023/06/07 17:11:00 [TRACE] gXDbtLEMXy4ea0E5xYaU3t ----------------------------------------------------
2023/06/07 17:11:00 [TRACE] gXDbtLEMXy4ea0E5xYaU3t /PGOC3 토큰생성: 1c86f911-a8af-455c-bea0-5431f2d50b62
2023/06/07 17:11:00 [TRACE] gXDbtLEMXy4ea0E5xYaU3t ub.urlybud.aqua.castis.io 라이선스 없음
2023/06/07 17:11:00 [TRACE] gXDbtLEMXy4ea0E5xYaU3t ExpectedError() Code:B810 Param:[0x91e000]
2023/06/07 17:11:00 [TRACE] gXDbtLEMXy4ea0E5xYaU3t /PGOC3 컨텍스트저장 UKey:''
2023/06/07 17:12:14 [TRACE] hD8Xq4z2U2oaneGMJUYyxS ----------------------------------------------------
2023/06/07 17:12:14 [TRACE] hD8Xq4z2U2oaneGMJUYyxS /PGOC3 토큰생성: efa063fa-f99e-4e72-92b3-183bba11283d
2023/06/07 17:12:14 [TRACE] hD8Xq4z2U2oaneGMJUYyxS ub.urlybud.aqua.castis.io 라이선스 없음
2023/06/07 17:12:14 [TRACE] hD8Xq4z2U2oaneGMJUYyxS ExpectedError() Code:B810 Param:[0x91e000]
2023/06/07 17:12:14 [TRACE] hD8Xq4z2U2oaneGMJUYyxS /PGOC3 컨텍스트저장 UKey:''
2023/06/07 17:12:26 [TRACE] e9g0aZa6tMTjvrYHnOPPKH ----------------------------------------------------
2023/06/07 17:12:26 [TRACE] e9g0aZa6tMTjvrYHnOPPKH /PGOC3 토큰생성: e18e0bae-36b1-410f-b4bb-e2a60bff8fb9
2023/06/07 17:12:26 [TRACE] e9g0aZa6tMTjvrYHnOPPKH ub.urlybud.aqua.castis.io 라이선스 없음
2023/06/07 17:12:26 [TRACE] e9g0aZa6tMTjvrYHnOPPKH ExpectedError() Code:B810 Param:[0x91e000]
2023/06/07 17:12:26 [TRACE] e9g0aZa6tMTjvrYHnOPPKH /PGOC3 컨텍스트저장 UKey:''
2023/06/07 17:12:39 [TRACE] eNsy7vuyJYZlLhYXtZKD9N ----------------------------------------------------
2023/06/07 17:12:39 [TRACE] eNsy7vuyJYZlLhYXtZKD9N /PGOC3 토큰생성: 07c0c5a6-27f7-4c58-9f5c-07c2174b8e5d
2023/06/07 17:12:39 [TRACE] eNsy7vuyJYZlLhYXtZKD9N 2099-12-31 00:00:00 +0700 +07
2023/06/07 17:12:39 [TRACE] eNsy7vuyJYZlLhYXtZKD9N 192.168.0.125 라이선스 정상
2023/06/07 17:12:39 [TRACE] eNsy7vuyJYZlLhYXtZKD9N PGOC3 CheckExists()
2023/06/07 17:12:39 [TRACE] eNsy7vuyJYZlLhYXtZKD9N PGOC3 CheckSecureLink()
2023/06/07 17:12:39 [TRACE] eNsy7vuyJYZlLhYXtZKD9N PGOC3 CheckCount()
2023/06/07 17:12:39 [TRACE] eNsy7vuyJYZlLhYXtZKD9N PGOC3 CheckExpire()
2023/06/07 17:12:39 [TRACE] eNsy7vuyJYZlLhYXtZKD9N PGOC3 CheckAuth()
2023/06/07 17:12:39 [TRACE] eNsy7vuyJYZlLhYXtZKD9N PGOC3 ServeLink()
2023/06/07 17:12:39 [TRACE] eNsy7vuyJYZlLhYXtZKD9N PGOC3 Redirect()
2023/06/07 17:12:39 [TRACE] eNsy7vuyJYZlLhYXtZKD9N PGOC3 GET 리다이렉트
2023/06/07 17:12:39 [TRACE] eNsy7vuyJYZlLhYXtZKD9N /PGOC3 컨텍스트저장 UKey:'PGOC3'
2023/06/07 17:14:27 [TRACE] c0gAfLOpxonjtFnNqOlX2c ----------------------------------------------------
2023/06/07 17:14:27 [TRACE] c0gAfLOpxonjtFnNqOlX2c /PGOC3 토큰생성: 4f4770c0-3bec-4ca7-85b2-025c6b4fb70b
2023/06/07 17:14:27 [TRACE] c0gAfLOpxonjtFnNqOlX2c ub.urlybud.aqua.castis.io 라이선스 없음
2023/06/07 17:14:27 [TRACE] c0gAfLOpxonjtFnNqOlX2c ExpectedError() Code:B810 Param:[0x91e000]
2023/06/07 17:14:27 [TRACE] c0gAfLOpxonjtFnNqOlX2c /PGOC3 컨텍스트저장 UKey:''
2023/06/07 17:14:33 [TRACE] ejgTawDaOAZbCgRx2fg9G0 ----------------------------------------------------
2023/06/07 17:14:33 [TRACE] ejgTawDaOAZbCgRx2fg9G0 /PGOC3 토큰생성: c343e3b1-e067-400e-bc09-90d3ec1a8a6f
2023/06/07 17:14:33 [TRACE] ejgTawDaOAZbCgRx2fg9G0 ub.urlybud.aqua.castis.io 라이선스 없음
2023/06/07 17:14:33 [TRACE] ejgTawDaOAZbCgRx2fg9G0 ExpectedError() Code:B810 Param:[0x91e000]
2023/06/07 17:14:33 [TRACE] ejgTawDaOAZbCgRx2fg9G0 /PGOC3 컨텍스트저장 UKey:''
2023/06/07 17:14:36 [TRACE] 7dMtAHFQivggaF102UA4Cl ----------------------------------------------------
2023/06/07 17:14:36 [TRACE] 7dMtAHFQivggaF102UA4Cl /PGOC3 토큰생성: 3399a398-dc74-4b90-aa5a-bc2e559dd142
2023/06/07 17:14:36 [TRACE] 7dMtAHFQivggaF102UA4Cl ub.urlybud.aqua.castis.io 라이선스 없음
2023/06/07 17:14:36 [TRACE] 7dMtAHFQivggaF102UA4Cl ExpectedError() Code:B810 Param:[0x91e000]
2023/06/07 17:14:36 [TRACE] 7dMtAHFQivggaF102UA4Cl /PGOC3 컨텍스트저장 UKey:''
2023/06/07 17:14:36 [TRACE] 7XFVi5tRyUeaYlISKIxw0d ----------------------------------------------------
2023/06/07 17:14:36 [TRACE] 7XFVi5tRyUeaYlISKIxw0d /PGOC3 토큰생성: eddbc88b-a6b0-495c-920b-c8663f17f2a4
2023/06/07 17:14:36 [TRACE] 7XFVi5tRyUeaYlISKIxw0d ub.urlybud.aqua.castis.io 라이선스 없음
2023/06/07 17:14:36 [TRACE] 7XFVi5tRyUeaYlISKIxw0d ExpectedError() Code:B810 Param:[0x91e000]
2023/06/07 17:14:36 [TRACE] 7XFVi5tRyUeaYlISKIxw0d /PGOC3 컨텍스트저장 UKey:''
2023/06/07 17:14:37 [TRACE] fXkQboozYpPjdOWIBSgwFu ----------------------------------------------------
2023/06/07 17:14:37 [TRACE] fXkQboozYpPjdOWIBSgwFu /PGOC3 토큰생성: 5a6c3697-9cd0-48f3-bf47-2a9cc6cdc809
2023/06/07 17:14:37 [TRACE] fXkQboozYpPjdOWIBSgwFu ub.urlybud.aqua.castis.io 라이선스 없음
2023/06/07 17:14:37 [TRACE] fXkQboozYpPjdOWIBSgwFu ExpectedError() Code:B810 Param:[0x91e000]
2023/06/07 17:14:37 [TRACE] fXkQboozYpPjdOWIBSgwFu /PGOC3 컨텍스트저장 UKey:''
2023/06/07 17:17:02 [TRACE] bOAcHJuqSXgJXJehaPNfm ----------------------------------------------------
2023/06/07 17:17:02 [TRACE] bOAcHJuqSXgJXJehaPNfm /PGOC3 요청토큰: 07c0c5a6-27f7-4c58-9f5c-07c2174b8e5d
2023/06/07 17:17:02 [TRACE] bOAcHJuqSXgJXJehaPNfm 2099-12-31 00:00:00 +0700 +07
2023/06/07 17:17:02 [TRACE] bOAcHJuqSXgJXJehaPNfm 192.168.0.125 라이선스 정상
2023/06/07 17:17:02 [TRACE] bOAcHJuqSXgJXJehaPNfm PGOC3 CheckExists()
2023/06/07 17:17:02 [TRACE] bOAcHJuqSXgJXJehaPNfm PGOC3 CheckSecureLink()
2023/06/07 17:17:02 [TRACE] bOAcHJuqSXgJXJehaPNfm PGOC3 CheckCount()
2023/06/07 17:17:02 [TRACE] bOAcHJuqSXgJXJehaPNfm PGOC3 CheckExpire()
2023/06/07 17:17:02 [TRACE] bOAcHJuqSXgJXJehaPNfm PGOC3 CheckAuth()
2023/06/07 17:17:02 [TRACE] bOAcHJuqSXgJXJehaPNfm PGOC3 ServeLink()
2023/06/07 17:17:02 [TRACE] bOAcHJuqSXgJXJehaPNfm PGOC3 Redirect()
2023/06/07 17:17:02 [TRACE] bOAcHJuqSXgJXJehaPNfm PGOC3 GET 리다이렉트
2023/06/07 17:17:02 [TRACE] bOAcHJuqSXgJXJehaPNfm /PGOC3 컨텍스트저장 UKey:'PGOC3'
2023/06/07 17:17:14 [TRACE] 4RqwePfijUvcfW5OkCZl0Y ----------------------------------------------------
2023/06/07 17:17:14 [TRACE] 4RqwePfijUvcfW5OkCZl0Y /PGOC3 토큰생성: 07cbca3b-610f-4fc3-9d47-b8a1ca57194d
2023/06/07 17:17:14 [TRACE] 4RqwePfijUvcfW5OkCZl0Y 2099-12-31 00:00:00 +0700 +07
2023/06/07 17:17:14 [TRACE] 4RqwePfijUvcfW5OkCZl0Y 192.168.0.125:80 라이선스 정상
2023/06/07 17:17:14 [TRACE] 4RqwePfijUvcfW5OkCZl0Y PGOC3 CheckExists()
2023/06/07 17:17:14 [TRACE] 4RqwePfijUvcfW5OkCZl0Y PGOC3 CheckSecureLink()
2023/06/07 17:17:14 [TRACE] 4RqwePfijUvcfW5OkCZl0Y PGOC3 CheckCount()
2023/06/07 17:17:14 [TRACE] 4RqwePfijUvcfW5OkCZl0Y PGOC3 CheckExpire()
2023/06/07 17:17:14 [TRACE] 4RqwePfijUvcfW5OkCZl0Y PGOC3 CheckAuth()
2023/06/07 17:17:14 [TRACE] 4RqwePfijUvcfW5OkCZl0Y PGOC3 ServeLink()
2023/06/07 17:17:14 [TRACE] 4RqwePfijUvcfW5OkCZl0Y PGOC3 Redirect()
2023/06/07 17:17:14 [TRACE] 4RqwePfijUvcfW5OkCZl0Y PGOC3 GET 리다이렉트
2023/06/07 17:17:14 [TRACE] 4RqwePfijUvcfW5OkCZl0Y /PGOC3 컨텍스트저장 UKey:'PGOC3'
2023/06/07 17:18:07 [TRACE] 3NTYsCqQSJW2y3XGt5QNLg ----------------------------------------------------
2023/06/07 17:18:07 [TRACE] 3NTYsCqQSJW2y3XGt5QNLg /PGOC3 요청토큰: 692ff025-f85e-46a7-ab8b-c321c2c5ced6
2023/06/07 17:18:07 [TRACE] 3NTYsCqQSJW2y3XGt5QNLg 2099-12-31 00:00:00 +0700 +07
2023/06/07 17:18:07 [TRACE] 3NTYsCqQSJW2y3XGt5QNLg 192.168.0.125 라이선스 정상
2023/06/07 17:18:07 [TRACE] 3NTYsCqQSJW2y3XGt5QNLg PGOC3 CheckExists()
2023/06/07 17:18:07 [TRACE] 3NTYsCqQSJW2y3XGt5QNLg PGOC3 CheckSecureLink()
2023/06/07 17:18:07 [TRACE] 3NTYsCqQSJW2y3XGt5QNLg PGOC3 CheckCount()
2023/06/07 17:18:07 [TRACE] 3NTYsCqQSJW2y3XGt5QNLg PGOC3 CheckExpire()
2023/06/07 17:18:07 [TRACE] 3NTYsCqQSJW2y3XGt5QNLg PGOC3 CheckAuth()
2023/06/07 17:18:07 [TRACE] 3NTYsCqQSJW2y3XGt5QNLg PGOC3 ServeLink()
2023/06/07 17:18:07 [TRACE] 3NTYsCqQSJW2y3XGt5QNLg PGOC3 Redirect()
2023/06/07 17:18:07 [TRACE] 3NTYsCqQSJW2y3XGt5QNLg PGOC3 GET 리다이렉트
2023/06/07 17:18:07 [TRACE] 3NTYsCqQSJW2y3XGt5QNLg /PGOC3 컨텍스트저장 UKey:'PGOC3'
2023/06/07 17:18:11 [TRACE] 700tSH3DjaZgbJZJBZUQD7 ----------------------------------------------------
2023/06/07 17:18:11 [TRACE] 700tSH3DjaZgbJZJBZUQD7 / 토큰생성: 99870519-ccf4-48a6-aa08-cce140cb8f11
2023/06/07 17:18:11 [TRACE] 700tSH3DjaZgbJZJBZUQD7 ub.urlybud.aqua.castis.io 라이선스 없음
2023/06/07 17:18:11 [TRACE] 700tSH3DjaZgbJZJBZUQD7 ExpectedError() Code:B810 Param:[0x91e000]
2023/06/07 17:18:11 [TRACE] 700tSH3DjaZgbJZJBZUQD7 / 컨텍스트저장 UKey:''
2023/06/07 17:18:20 [TRACE] h8O1B4gzeGul5jSi7nMXi0 / 컨텍스트저장 UKey:''
2023/06/07 17:20:00 [TRACE] fY6YZBHCjbIeYt32ajBpz4 ----------------------------------------------------
2023/06/07 17:20:00 [TRACE] fY6YZBHCjbIeYt32ajBpz4 /PGOC3 요청토큰: 692ff025-f85e-46a7-ab8b-c321c2c5ced6
2023/06/07 17:20:00 [TRACE] fY6YZBHCjbIeYt32ajBpz4 2099-12-31 00:00:00 +0700 +07
2023/06/07 17:20:00 [TRACE] fY6YZBHCjbIeYt32ajBpz4 192.168.0.125 라이선스 정상
2023/06/07 17:20:00 [TRACE] fY6YZBHCjbIeYt32ajBpz4 PGOC3 CheckExists()
2023/06/07 17:20:00 [TRACE] fY6YZBHCjbIeYt32ajBpz4 PGOC3 CheckSecureLink()
2023/06/07 17:20:00 [TRACE] fY6YZBHCjbIeYt32ajBpz4 PGOC3 CheckCount()
2023/06/07 17:20:00 [TRACE] fY6YZBHCjbIeYt32ajBpz4 PGOC3 CheckExpire()
2023/06/07 17:20:00 [TRACE] fY6YZBHCjbIeYt32ajBpz4 PGOC3 CheckAuth()
2023/06/07 17:20:00 [TRACE] fY6YZBHCjbIeYt32ajBpz4 PGOC3 ServeLink()
2023/06/07 17:20:00 [TRACE] fY6YZBHCjbIeYt32ajBpz4 PGOC3 Redirect()
2023/06/07 17:20:00 [TRACE] fY6YZBHCjbIeYt32ajBpz4 PGOC3 GET 리다이렉트
2023/06/07 17:20:00 [TRACE] fY6YZBHCjbIeYt32ajBpz4 /PGOC3 컨텍스트저장 UKey:'PGOC3'
2023/06/07 17:20:16 [TRACE] 3HDc0p3mAmVagpBpjClmT ----------------------------------------------------
2023/06/07 17:20:16 [TRACE] 3HDc0p3mAmVagpBpjClmT /PGOC3 요청토큰: 692ff025-f85e-46a7-ab8b-c321c2c5ced6
2023/06/07 17:20:16 [TRACE] 3HDc0p3mAmVagpBpjClmT 2099-12-31 00:00:00 +0700 +07
2023/06/07 17:20:16 [TRACE] 3HDc0p3mAmVagpBpjClmT 192.168.0.125 라이선스 정상
2023/06/07 17:20:16 [TRACE] 3HDc0p3mAmVagpBpjClmT PGOC3 CheckExists()
2023/06/07 17:20:16 [TRACE] 3HDc0p3mAmVagpBpjClmT PGOC3 CheckSecureLink()
2023/06/07 17:20:16 [TRACE] 3HDc0p3mAmVagpBpjClmT PGOC3 CheckCount()
2023/06/07 17:20:16 [TRACE] 3HDc0p3mAmVagpBpjClmT PGOC3 CheckExpire()
2023/06/07 17:20:16 [TRACE] 3HDc0p3mAmVagpBpjClmT PGOC3 CheckAuth()
2023/06/07 17:20:16 [TRACE] 3HDc0p3mAmVagpBpjClmT PGOC3 ServeLink()
2023/06/07 17:20:16 [TRACE] 3HDc0p3mAmVagpBpjClmT PGOC3 Redirect()
2023/06/07 17:20:16 [TRACE] 3HDc0p3mAmVagpBpjClmT PGOC3 GET 리다이렉트
2023/06/07 17:20:16 [TRACE] 3HDc0p3mAmVagpBpjClmT /PGOC3 컨텍스트저장 UKey:'PGOC3'
2023/06/07 17:20:24 [TRACE] 1q8nrpMQXDQ7gnkr9jgyFX ----------------------------------------------------
2023/06/07 17:20:24 [TRACE] 1q8nrpMQXDQ7gnkr9jgyFX /PGOC3 요청토큰: 692ff025-f85e-46a7-ab8b-c321c2c5ced6
2023/06/07 17:20:24 [TRACE] 1q8nrpMQXDQ7gnkr9jgyFX 2099-12-31 00:00:00 +0700 +07
2023/06/07 17:20:24 [TRACE] 1q8nrpMQXDQ7gnkr9jgyFX 192.168.0.125 라이선스 정상
2023/06/07 17:20:24 [TRACE] 1q8nrpMQXDQ7gnkr9jgyFX PGOC3 CheckExists()
2023/06/07 17:20:24 [TRACE] 1q8nrpMQXDQ7gnkr9jgyFX PGOC3 CheckSecureLink()
2023/06/07 17:20:24 [TRACE] 1q8nrpMQXDQ7gnkr9jgyFX PGOC3 CheckCount()
2023/06/07 17:20:24 [TRACE] 1q8nrpMQXDQ7gnkr9jgyFX PGOC3 CheckExpire()
2023/06/07 17:20:24 [TRACE] 1q8nrpMQXDQ7gnkr9jgyFX PGOC3 CheckAuth()
2023/06/07 17:20:24 [TRACE] 1q8nrpMQXDQ7gnkr9jgyFX PGOC3 ServeLink()
2023/06/07 17:20:24 [TRACE] 1q8nrpMQXDQ7gnkr9jgyFX PGOC3 Redirect()
2023/06/07 17:20:24 [TRACE] 1q8nrpMQXDQ7gnkr9jgyFX PGOC3 GET 리다이렉트
2023/06/07 17:20:24 [TRACE] 1q8nrpMQXDQ7gnkr9jgyFX /PGOC3 컨텍스트저장 UKey:'PGOC3'
2023/06/07 17:20:57 [TRACE] fyi5dkyafU2fkR14Pjlz3Z ----------------------------------------------------
2023/06/07 17:20:57 [TRACE] fyi5dkyafU2fkR14Pjlz3Z /PGOC3 요청토큰: 692ff025-f85e-46a7-ab8b-c321c2c5ced6
2023/06/07 17:20:57 [TRACE] fyi5dkyafU2fkR14Pjlz3Z 2099-12-31 00:00:00 +0700 +07
2023/06/07 17:20:57 [TRACE] fyi5dkyafU2fkR14Pjlz3Z 192.168.0.125 라이선스 정상
2023/06/07 17:20:57 [TRACE] fyi5dkyafU2fkR14Pjlz3Z PGOC3 CheckExists()
2023/06/07 17:20:57 [TRACE] fyi5dkyafU2fkR14Pjlz3Z PGOC3 CheckSecureLink()
2023/06/07 17:20:57 [TRACE] fyi5dkyafU2fkR14Pjlz3Z PGOC3 CheckCount()
2023/06/07 17:20:57 [TRACE] fyi5dkyafU2fkR14Pjlz3Z PGOC3 CheckExpire()
2023/06/07 17:20:57 [TRACE] fyi5dkyafU2fkR14Pjlz3Z PGOC3 CheckAuth()
2023/06/07 17:20:57 [TRACE] fyi5dkyafU2fkR14Pjlz3Z PGOC3 ServeLink()
2023/06/07 17:20:57 [TRACE] fyi5dkyafU2fkR14Pjlz3Z PGOC3 Redirect()
2023/06/07 17:20:57 [TRACE] fyi5dkyafU2fkR14Pjlz3Z PGOC3 GET 리다이렉트
2023/06/07 17:20:57 [TRACE] fyi5dkyafU2fkR14Pjlz3Z /PGOC3 컨텍스트저장 UKey:'PGOC3'
2023/06/07 17:21:04 [TRACE] hOPguvFAThl41rdPwfa20L ----------------------------------------------------
2023/06/07 17:21:04 [TRACE] hOPguvFAThl41rdPwfa20L /PGOC3 요청토큰: 692ff025-f85e-46a7-ab8b-c321c2c5ced6
2023/06/07 17:21:04 [TRACE] hOPguvFAThl41rdPwfa20L 2099-12-31 00:00:00 +0700 +07
2023/06/07 17:21:04 [TRACE] hOPguvFAThl41rdPwfa20L 192.168.0.125 라이선스 정상
2023/06/07 17:21:04 [TRACE] hOPguvFAThl41rdPwfa20L PGOC3 CheckExists()
2023/06/07 17:21:04 [TRACE] hOPguvFAThl41rdPwfa20L PGOC3 CheckSecureLink()
2023/06/07 17:21:04 [TRACE] hOPguvFAThl41rdPwfa20L PGOC3 CheckCount()
2023/06/07 17:21:04 [TRACE] hOPguvFAThl41rdPwfa20L PGOC3 CheckExpire()
2023/06/07 17:21:04 [TRACE] hOPguvFAThl41rdPwfa20L PGOC3 CheckAuth()
2023/06/07 17:21:04 [TRACE] hOPguvFAThl41rdPwfa20L PGOC3 ServeLink()
2023/06/07 17:21:04 [TRACE] hOPguvFAThl41rdPwfa20L PGOC3 Redirect()
2023/06/07 17:21:04 [TRACE] hOPguvFAThl41rdPwfa20L PGOC3 GET 리다이렉트
2023/06/07 17:21:04 [TRACE] hOPguvFAThl41rdPwfa20L /PGOC3 컨텍스트저장 UKey:'PGOC3'
2023/06/07 17:21:15 [TRACE] 2C6dCYMTZc8jTAvVEzXMlM ----------------------------------------------------
2023/06/07 17:21:15 [TRACE] 2C6dCYMTZc8jTAvVEzXMlM /PGOC3 요청토큰: 692ff025-f85e-46a7-ab8b-c321c2c5ced6
2023/06/07 17:21:15 [TRACE] 2C6dCYMTZc8jTAvVEzXMlM 2099-12-31 00:00:00 +0700 +07
2023/06/07 17:21:15 [TRACE] 2C6dCYMTZc8jTAvVEzXMlM 192.168.0.125 라이선스 정상
2023/06/07 17:21:15 [TRACE] 2C6dCYMTZc8jTAvVEzXMlM PGOC3 CheckExists()
2023/06/07 17:21:15 [TRACE] 2C6dCYMTZc8jTAvVEzXMlM PGOC3 CheckSecureLink()
2023/06/07 17:21:15 [TRACE] 2C6dCYMTZc8jTAvVEzXMlM PGOC3 CheckCount()
2023/06/07 17:21:15 [TRACE] 2C6dCYMTZc8jTAvVEzXMlM PGOC3 CheckExpire()
2023/06/07 17:21:15 [TRACE] 2C6dCYMTZc8jTAvVEzXMlM PGOC3 CheckAuth()
2023/06/07 17:21:15 [TRACE] 2C6dCYMTZc8jTAvVEzXMlM PGOC3 ServeLink()
2023/06/07 17:21:15 [TRACE] 2C6dCYMTZc8jTAvVEzXMlM PGOC3 Redirect()
2023/06/07 17:21:15 [TRACE] 2C6dCYMTZc8jTAvVEzXMlM PGOC3 GET 리다이렉트
2023/06/07 17:21:15 [TRACE] 2C6dCYMTZc8jTAvVEzXMlM /PGOC3 컨텍스트저장 UKey:'PGOC3'
2023/06/07 17:28:49 [TRACE] c6NxImRrVeY2t3qIwW5tdH ----------------------------------------------------
2023/06/07 17:28:49 [TRACE] c6NxImRrVeY2t3qIwW5tdH /PGOC3 요청토큰: 692ff025-f85e-46a7-ab8b-c321c2c5ced6
2023/06/07 17:28:49 [TRACE] c6NxImRrVeY2t3qIwW5tdH 2099-12-31 00:00:00 +0700 +07
2023/06/07 17:28:49 [TRACE] c6NxImRrVeY2t3qIwW5tdH 192.168.0.125 라이선스 정상
2023/06/07 17:28:49 [TRACE] c6NxImRrVeY2t3qIwW5tdH PGOC3 CheckExists()
2023/06/07 17:28:49 [TRACE] c6NxImRrVeY2t3qIwW5tdH PGOC3 CheckSecureLink()
2023/06/07 17:28:49 [TRACE] c6NxImRrVeY2t3qIwW5tdH PGOC3 CheckCount()
2023/06/07 17:28:49 [TRACE] c6NxImRrVeY2t3qIwW5tdH PGOC3 CheckExpire()
2023/06/07 17:28:49 [TRACE] c6NxImRrVeY2t3qIwW5tdH PGOC3 CheckAuth()
2023/06/07 17:28:49 [TRACE] c6NxImRrVeY2t3qIwW5tdH PGOC3 ServeLink()
2023/06/07 17:28:49 [TRACE] c6NxImRrVeY2t3qIwW5tdH PGOC3 Redirect()
2023/06/07 17:28:49 [TRACE] c6NxImRrVeY2t3qIwW5tdH PGOC3 GET 리다이렉트
2023/06/07 17:28:49 [TRACE] c6NxImRrVeY2t3qIwW5tdH /PGOC3 컨텍스트저장 UKey:'PGOC3'
2023/06/07 17:29:20 [TRACE] 9wzoOj3TBbL9rHRSZlLeqc ----------------------------------------------------
2023/06/07 17:29:20 [TRACE] 9wzoOj3TBbL9rHRSZlLeqc /PGOC3 요청토큰: 692ff025-f85e-46a7-ab8b-c321c2c5ced6
2023/06/07 17:29:20 [TRACE] 9wzoOj3TBbL9rHRSZlLeqc 2099-12-31 00:00:00 +0700 +07
2023/06/07 17:29:20 [TRACE] 9wzoOj3TBbL9rHRSZlLeqc 192.168.0.125 라이선스 정상
2023/06/07 17:29:20 [TRACE] 9wzoOj3TBbL9rHRSZlLeqc PGOC3 CheckExists()
2023/06/07 17:29:20 [TRACE] 9wzoOj3TBbL9rHRSZlLeqc PGOC3 CheckSecureLink()
2023/06/07 17:29:20 [TRACE] 9wzoOj3TBbL9rHRSZlLeqc PGOC3 CheckCount()
2023/06/07 17:29:20 [TRACE] 9wzoOj3TBbL9rHRSZlLeqc PGOC3 CheckExpire()
2023/06/07 17:29:20 [TRACE] 9wzoOj3TBbL9rHRSZlLeqc PGOC3 CheckAuth()
2023/06/07 17:29:20 [TRACE] 9wzoOj3TBbL9rHRSZlLeqc PGOC3 ServeLink()
2023/06/07 17:29:20 [TRACE] 9wzoOj3TBbL9rHRSZlLeqc PGOC3 Redirect()
2023/06/07 17:29:20 [TRACE] 9wzoOj3TBbL9rHRSZlLeqc PGOC3 GET 리다이렉트
2023/06/07 17:29:20 [TRACE] 9wzoOj3TBbL9rHRSZlLeqc /PGOC3 컨텍스트저장 UKey:'PGOC3'
2023/06/07 17:29:56 [TRACE] lInThMbhanQhxNDHdxo7G2 ----------------------------------------------------
2023/06/07 17:29:56 [TRACE] lInThMbhanQhxNDHdxo7G2 /PGOC3 요청토큰: 692ff025-f85e-46a7-ab8b-c321c2c5ced6
2023/06/07 17:29:56 [TRACE] lInThMbhanQhxNDHdxo7G2 2099-12-31 00:00:00 +0700 +07
2023/06/07 17:29:56 [TRACE] lInThMbhanQhxNDHdxo7G2 192.168.0.125 라이선스 정상
2023/06/07 17:29:56 [TRACE] lInThMbhanQhxNDHdxo7G2 PGOC3 CheckExists()
2023/06/07 17:29:56 [TRACE] lInThMbhanQhxNDHdxo7G2 PGOC3 CheckSecureLink()
2023/06/07 17:29:56 [TRACE] lInThMbhanQhxNDHdxo7G2 PGOC3 CheckCount()
2023/06/07 17:29:56 [TRACE] lInThMbhanQhxNDHdxo7G2 PGOC3 CheckExpire()
2023/06/07 17:29:56 [TRACE] lInThMbhanQhxNDHdxo7G2 PGOC3 CheckAuth()
2023/06/07 17:29:56 [TRACE] lInThMbhanQhxNDHdxo7G2 PGOC3 ServeLink()
2023/06/07 17:29:56 [TRACE] lInThMbhanQhxNDHdxo7G2 PGOC3 Redirect()
2023/06/07 17:29:56 [TRACE] lInThMbhanQhxNDHdxo7G2 PGOC3 GET 리다이렉트
2023/06/07 17:29:56 [TRACE] lInThMbhanQhxNDHdxo7G2 /PGOC3 컨텍스트저장 UKey:'PGOC3'
2023/06/07 17:31:19 [TRACE] 6MOdYu8hrgFlE5m3g6rLHY ----------------------------------------------------
2023/06/07 17:31:19 [TRACE] 6MOdYu8hrgFlE5m3g6rLHY /PGOC3 요청토큰: 692ff025-f85e-46a7-ab8b-c321c2c5ced6
2023/06/07 17:31:19 [TRACE] 6MOdYu8hrgFlE5m3g6rLHY 2099-12-31 00:00:00 +0700 +07
2023/06/07 17:31:19 [TRACE] 6MOdYu8hrgFlE5m3g6rLHY 192.168.0.125 라이선스 정상
2023/06/07 17:31:19 [TRACE] 6MOdYu8hrgFlE5m3g6rLHY PGOC3 CheckExists()
2023/06/07 17:31:19 [TRACE] 6MOdYu8hrgFlE5m3g6rLHY PGOC3 CheckSecureLink()
2023/06/07 17:31:19 [TRACE] 6MOdYu8hrgFlE5m3g6rLHY PGOC3 CheckCount()
2023/06/07 17:31:19 [TRACE] 6MOdYu8hrgFlE5m3g6rLHY PGOC3 CheckExpire()
2023/06/07 17:31:19 [TRACE] 6MOdYu8hrgFlE5m3g6rLHY PGOC3 CheckAuth()
2023/06/07 17:31:19 [TRACE] 6MOdYu8hrgFlE5m3g6rLHY PGOC3 ServeLink()
2023/06/07 17:31:19 [TRACE] 6MOdYu8hrgFlE5m3g6rLHY PGOC3 Redirect()
2023/06/07 17:31:19 [TRACE] 6MOdYu8hrgFlE5m3g6rLHY PGOC3 GET 리다이렉트
2023/06/07 17:31:19 [TRACE] 6MOdYu8hrgFlE5m3g6rLHY /PGOC3 컨텍스트저장 UKey:'PGOC3'
2023/06/07 17:31:20 [TRACE] 5SgHimzr90GapBTELRI9ed /link/get 컨텍스트저장 UKey:''
2023/06/07 17:36:01 [TRACE] foXqI0p1feOi8EAXu550RX ----------------------------------------------------
2023/06/07 17:36:01 [TRACE] foXqI0p1feOi8EAXu550RX / 토큰생성: 046c4b95-3690-4fd4-8096-53c309b971a1
2023/06/07 17:36:01 [TRACE] foXqI0p1feOi8EAXu550RX ub.urlybud.aqua.castis.io 라이선스 없음
2023/06/07 17:36:01 [TRACE] foXqI0p1feOi8EAXu550RX ExpectedError() Code:B810 Param:[0x91e000]
2023/06/07 17:36:01 [TRACE] foXqI0p1feOi8EAXu550RX / 컨텍스트저장 UKey:''
2023/06/07 17:38:31 [TRACE] f6fqQUx59ode44e4h5sYNE /link/get 컨텍스트저장 UKey:''
2023/06/07 17:38:36 [TRACE] 3hgFr9HFiiwlJFhoiCh5Ny /link/get 컨텍스트저장 UKey:''
2023/06/07 17:38:39 [TRACE] f8p0ANYUsxb2TGfmgsPKC9 /link/get 컨텍스트저장 UKey:''
2023/06/07 17:38:40 [TRACE] 5dMIqh7rT61hYB3eWxcpeY /link/get 컨텍스트저장 UKey:''
2023/06/07 17:38:42 [TRACE] ckYUf1ECqwZiV8fB6qiK0r /link/get 컨텍스트저장 UKey:''
2023/06/07 17:38:43 [TRACE] eQffwaRpEEL3Hq1Woiw0VX /link/get 컨텍스트저장 UKey:''
2023/06/07 17:38:44 [TRACE] 3PeR81VuYcn2EzLqaSQ6fK /link/get 컨텍스트저장 UKey:''
2023/06/07 17:38:46 [TRACE] ehb5lLEtDbFjYgPbNetu7b /link/get 컨텍스트저장 UKey:''
2023/06/07 17:38:47 [TRACE] kcfTPP0Abf3hpc07dg7YEl /link/get 컨텍스트저장 UKey:''
2023/06/07 17:38:49 [TRACE] 4jqIYX6thl3iOyEikiRlhy /link/get 컨텍스트저장 UKey:''
2023/06/07 17:38:50 [TRACE] irNkYG0ICOklbsXYl6XPGm /link/get 컨텍스트저장 UKey:''
2023/06/07 17:38:52 [TRACE] fBewNLf9APU9EaDxcIp5oR /link/get 컨텍스트저장 UKey:''
2023/06/07 17:38:54 [TRACE] gHI9fD0EnMt7S9sYZqJsn2 /link/get 컨텍스트저장 UKey:''
2023/06/07 17:38:55 [TRACE] lDJObbnLwvK2s4RMJU623p /link/get 컨텍스트저장 UKey:''
2023/06/07 17:38:56 [TRACE] 31JVRdMfCCjOuv4CMilhR /link/get 컨텍스트저장 UKey:''
2023/06/07 17:38:57 [TRACE] jrZIYQb9tKhEcAkJBskKb /link/get 컨텍스트저장 UKey:''
2023/06/07 17:38:59 [TRACE] gzAsXA3cNPEl0ANCXMcRIu /link/get 컨텍스트저장 UKey:''
2023/06/07 17:39:00 [TRACE] eFWbf1thHVC87T8tTlWYZy /link/get 컨텍스트저장 UKey:''
2023/06/07 17:39:01 [TRACE] jTYQCDa6RFE6wYOM0xmOy9 /link/get 컨텍스트저장 UKey:''
2023/06/07 17:39:02 [TRACE] 2fv9g2geqYPgMeOlBALcT9 /link/get 컨텍스트저장 UKey:''
2023/06/07 17:39:03 [TRACE] 5g2AQ0zDKkLdoVsjkTDz1a /link/get 컨텍스트저장 UKey:''
2023/06/07 17:39:04 [TRACE] 1ZzLMxMu116foMGaf5IhB3 /link/get 컨텍스트저장 UKey:''
2023/06/07 17:39:05 [TRACE] 5fhCUF2naYZk4vsz8ieM7L /link/get 컨텍스트저장 UKey:''
2023/06/07 17:39:06 [TRACE] l0Jy5Afiy738xUstX7I1cx /link/get 컨텍스트저장 UKey:''
2023/06/07 17:39:08 [TRACE] cniQ4kzhn3IamfLdxJWho3 /link/get 컨텍스트저장 UKey:''
2023/06/07 17:39:09 [TRACE] 88ywDt7fdiP1EGQls6Looa /link/get 컨텍스트저장 UKey:''
2023/06/07 17:39:10 [TRACE] 8FP023qJIco2AGVChC4L00 /link/get 컨텍스트저장 UKey:''
2023/06/07 17:39:11 [TRACE] jwwW9Esjd2zevsD2bymiWa /link/get 컨텍스트저장 UKey:''
2023/06/07 17:39:13 [TRACE] epHRKbD582O1yxHSDEQw3J /link/get 컨텍스트저장 UKey:''
2023/06/07 17:39:14 [TRACE] jkY9yauZwUW7Pfqfc4VGKx /link/get 컨텍스트저장 UKey:''
2023/06/07 17:39:16 [TRACE] 25fmAZEhMiD6XC301xmmzW /link/get 컨텍스트저장 UKey:''
2023/06/07 17:39:17 [TRACE] 8x2y7WbOixHflVrNon0aT7 /link/get 컨텍스트저장 UKey:''
2023/06/07 17:39:18 [TRACE] 99PR68BO2gl9rsGeEBerfn /link/get 컨텍스트저장 UKey:''
2023/06/07 17:39:19 [TRACE] 8MnM3JvSDXD4xiwqquZQ91 /link/get 컨텍스트저장 UKey:''
2023/06/07 17:39:20 [TRACE] 4HYSbzgBHaBjdFVJ4KGrTp /link/get 컨텍스트저장 UKey:''
2023/06/07 17:39:21 [TRACE] 59B1I3Eku4J6ZV2CmSOHWz /link/get 컨텍스트저장 UKey:''
2023/06/07 17:39:22 [TRACE] b3B3lirYHaCe1KnDeMbuFt /link/get 컨텍스트저장 UKey:''
2023/06/07 17:39:23 [TRACE] lrLnM9wQpWW6rARYJDB3xC /link/get 컨텍스트저장 UKey:''
2023/06/07 17:39:25 [TRACE] gCP3pzIPftGde3kKIBdeAI /link/get 컨텍스트저장 UKey:''
2023/06/07 17:39:26 [TRACE] gBQIVkoF1xUaVmHfWsF5SB /link/get 컨텍스트저장 UKey:''
2023/06/07 17:39:27 [TRACE] 6JY7QCsQ00XfTClwqUAczl /link/get 컨텍스트저장 UKey:''
2023/06/07 17:39:28 [TRACE] hszJiLQLCsA5AWMg7MVwxh /link/get 컨텍스트저장 UKey:''
2023/06/07 17:39:29 [TRACE] i4f8ucXtKVq1XXpSqFRu0c /link/get 컨텍스트저장 UKey:''
2023/06/07 17:39:30 [TRACE] aDyluXvmPKxiiu7QkS5Aw4 /link/get 컨텍스트저장 UKey:''
2023/06/07 17:39:31 [TRACE] 9jmrYIOyWjtbRx3OMOtsBX /link/get 컨텍스트저장 UKey:''
2023/06/07 17:39:32 [TRACE] arD5EYEHIS89DeHv9vJLp4 /link/get 컨텍스트저장 UKey:''
2023/06/07 17:39:34 [TRACE] 5s0DKJvAfSmalwOcnsLi6c /link/get 컨텍스트저장 UKey:''
2023/06/07 17:39:35 [TRACE] ahfT8kF4nnzeyIyQF1iyHn /link/get 컨텍스트저장 UKey:''
2023/06/07 17:39:36 [TRACE] ii8Z149K03pkiK9gyku0H3 /link/get 컨텍스트저장 UKey:''
2023/06/07 17:39:37 [TRACE] iW4XhGPa3SJdf4u32VmuR8 /link/get 컨텍스트저장 UKey:''
2023/06/07 17:39:38 [TRACE] 3V36nUxuBpY8Lblq0KlK0R /link/get 컨텍스트저장 UKey:''
2023/06/07 17:39:39 [TRACE] 1GkG1OCID5a6sD4YWp5FSf /link/get 컨텍스트저장 UKey:''
2023/06/07 17:39:40 [TRACE] 8dYJAKMkzDblVDvIqpZSty /link/get 컨텍스트저장 UKey:''
2023/06/07 17:39:42 [TRACE] aGOFtOSUvB150JLnb3XVUF /link/get 컨텍스트저장 UKey:''
2023/06/07 17:39:43 [TRACE] gHafvINYDnhirw0MhZ4fRT /link/get 컨텍스트저장 UKey:''
2023/06/07 17:39:44 [TRACE] lDj5lWcsjQol7GTgkX996N /link/get 컨텍스트저장 UKey:''
2023/06/07 17:39:45 [TRACE] 9JWbBrO3bokliNwi59X7kf /link/get 컨텍스트저장 UKey:''
2023/06/07 17:39:46 [TRACE] fy3jZmqf5h45VImlh8068L /link/get 컨텍스트저장 UKey:''
2023/06/07 17:39:47 [TRACE] 1HkaGJPs3Q21r4NmO1hJal /link/get 컨텍스트저장 UKey:''
2023/06/07 17:39:48 [TRACE] fWBZrBzaLOsaOA3Ed83Ezu /link/get 컨텍스트저장 UKey:''
2023/06/07 17:39:50 [TRACE] 5knejUeHUr2jwDKMliKXXm /link/get 컨텍스트저장 UKey:''
2023/06/07 17:39:51 [TRACE] 3E2mUcpCxtvjegDUtf6gvw /link/get 컨텍스트저장 UKey:''
2023/06/07 17:39:52 [TRACE] j2s3NA7FZ1b5WIbkNALI78 /link/get 컨텍스트저장 UKey:''
2023/06/07 17:39:53 [TRACE] agzjijXyvNX9NAyM3jG8GU /link/get 컨텍스트저장 UKey:''
2023/06/07 17:39:54 [TRACE] cK6rG3AviLL3Pz6sRvcTfU /link/get 컨텍스트저장 UKey:''
2023/06/07 17:39:55 [TRACE] 7x4gAfph7PzkQzYERBoZ4u /link/get 컨텍스트저장 UKey:''
2023/06/07 17:39:56 [TRACE] 9JM769vownYairWhOJdDtV /link/get 컨텍스트저장 UKey:''
2023/06/07 17:39:57 [TRACE] V6PuPgqwzEjJhu2y6CWuV /link/get 컨텍스트저장 UKey:''
2023/06/07 17:39:58 [TRACE] 84MgQOmz4DtlxeBra3OUR5 /link/get 컨텍스트저장 UKey:''
2023/06/07 17:40:00 [TRACE] i59eJWKzkvj3pUPsaRFymc /link/get 컨텍스트저장 UKey:''
2023/06/07 17:40:01 [TRACE] aO0xh195TAl7fDIL0Lwqsy /link/get 컨텍스트저장 UKey:''
2023/06/07 17:40:02 [TRACE] 4xIztwK9s3thrAgHIexBNE /link/get 컨텍스트저장 UKey:''
2023/06/07 17:40:03 [TRACE] 8BBn8aqC1g1i4LY1ao4PK5 /link/get 컨텍스트저장 UKey:''
2023/06/07 17:40:04 [TRACE] 9LmEOYFiMj7rgia5pba77 /link/get 컨텍스트저장 UKey:''
2023/06/07 17:40:05 [TRACE] f1O3JTXu66LlwozAgkbUFo /link/get 컨텍스트저장 UKey:''
2023/06/07 17:40:06 [TRACE] bEAakJiyD8c8rGiDV0Ufc1 /link/get 컨텍스트저장 UKey:''
2023/06/07 17:40:07 [TRACE] 4PkeUeQr4Pd3J3PJrqxziH /link/get 컨텍스트저장 UKey:''
2023/06/07 17:40:10 [TRACE] abaPOhjBSo1hXmArZiDXjO /link/get 컨텍스트저장 UKey:''
2023/06/07 17:40:12 [TRACE] 6HOsk5mkhDN7XXQGn9lVpK /link/get 컨텍스트저장 UKey:''
2023/06/07 17:40:13 [TRACE] 5DV2yHCXxY63TB0dWGI3Iz /link/get 컨텍스트저장 UKey:''
2023/06/07 17:41:02 [TRACE] 7QKfk4VtFhsi5DqgBnRzAT /link/get 컨텍스트저장 UKey:''
2023/06/07 17:44:30 [TRACE] lJzhpccSwMR9P7RQdVLpOC ----------------------------------------------------
2023/06/07 17:44:30 [TRACE] lJzhpccSwMR9P7RQdVLpOC / 토큰생성: f5d4307a-0fa8-4257-a593-5337d18364f7
2023/06/07 17:44:30 [TRACE] lJzhpccSwMR9P7RQdVLpOC ub.urlybud.aqua.castis.io 라이선스 없음
2023/06/07 17:44:30 [TRACE] lJzhpccSwMR9P7RQdVLpOC ExpectedError() Code:B810 Param:[0x91e000]
2023/06/07 17:44:30 [TRACE] lJzhpccSwMR9P7RQdVLpOC / 컨텍스트저장 UKey:''
2023/06/07 17:44:40 [TRACE] lPrU82T7vUaiIkpDH4xtLM / 컨텍스트저장 UKey:''
2023/06/07 17:45:07 [TRACE] 7AdAThHgiOU402SAIO9EON /link/get 컨텍스트저장 UKey:''
2023/06/07 17:45:29 [TRACE] ar2Gpgp0HpYdgfbpBkSVKp ----------------------------------------------------
2023/06/07 17:45:29 [TRACE] ar2Gpgp0HpYdgfbpBkSVKp /PGOC3 토큰생성: e2fe5497-956f-4149-bb7b-6d3e8b8ade6a
2023/06/07 17:45:29 [TRACE] ar2Gpgp0HpYdgfbpBkSVKp ub.urlybud.aqua.castis.io 라이선스 없음
2023/06/07 17:45:29 [TRACE] ar2Gpgp0HpYdgfbpBkSVKp ExpectedError() Code:B810 Param:[0x91e000]
2023/06/07 17:45:29 [TRACE] ar2Gpgp0HpYdgfbpBkSVKp /PGOC3 컨텍스트저장 UKey:''
2023/06/07 17:47:57 [TRACE] aRdx4tScODa5RgdV3Lkp5a /link/get 컨텍스트저장 UKey:''
2023/06/07 17:48:23 [TRACE] lg2MJf3J5lO7GRic5BB0O8 /link/get 컨텍스트저장 UKey:''
2023/06/07 17:48:26 [TRACE] 3yKyzdOKTNnfm1FxwHgMr8 /link/get 컨텍스트저장 UKey:''
2023/06/07 17:49:21 [TRACE] lyzJrUazW6S745Sffd20jW /link/get 컨텍스트저장 UKey:''
2023/06/07 17:50:15 [TRACE] iJ8GDchI6qb6ClHLLwIahX /link/get 컨텍스트저장 UKey:''
2023/06/07 17:50:40 [TRACE] l6jZYDxc7nn8kaMMZpoHJ /link/get 컨텍스트저장 UKey:''
2023/06/07 17:52:33 [TRACE] 1DuCwJEkv9w6b47wj6CqPs /link/get 컨텍스트저장 UKey:''
2023/06/07 17:52:57 [TRACE] cLS6J4VP5EVjnP52bq7XHq /link/get 컨텍스트저장 UKey:''
2023/06/07 17:53:03 http: panic serving 192.168.0.125:41300: Code:DBErr Param:[server selection error: server selection timeout, current topology: { Type: Single, Servers: [{ Addr: localhost:27017, Type: Unknown, Last error: dial tcp [::1]:27017: connect: connection refused }, ] }]
goroutine 221958 [running]:
net/http.(*conn).serve.func1()
	/usr/local/go/src/net/http/server.go:1850 +0xbf
panic({0x9890e0, 0xc0000abc20})
	/usr/local/go/src/runtime/panic.go:890 +0x262
github.com/urlybud/tumbler/ctx.(*Context).InsertOne(0xc0001c6480?, {0xa2024c?, 0xee10e0?}, {0x9f7500, 0xc0001c6480})
	/app/tumbler/ctx/ctx.go:358 +0x1f6
github.com/urlybud/tumbler/ctx.(*Context).Save(0xc0001c6480)
	/app/tumbler/ctx/ctx.go:279 +0x165
main.muxA({0xb9bc28?, 0xc0001721c0?}, 0xc000115650?)
	/app/tumbler/main.go:82 +0xc3
net/http.HandlerFunc.ServeHTTP(0x0?, {0xb9bc28?, 0xc0001721c0?}, 0x6cf254?)
	/usr/local/go/src/net/http/server.go:2109 +0x2f
net/http.serverHandler.ServeHTTP({0xb9aac0?}, {0xb9bc28, 0xc0001721c0}, 0xc000246300)
	/usr/local/go/src/net/http/server.go:2947 +0x30c
net/http.(*conn).serve(0xc00014e6e0, {0xb9c200, 0xc0001146f0})
	/usr/local/go/src/net/http/server.go:1991 +0x607
created by net/http.(*Server).Serve
	/usr/local/go/src/net/http/server.go:3102 +0x4db
2023/06/07 17:53:27 http: panic serving 192.168.0.125:37094: Code:DBErr Param:[server selection error: server selection timeout, current topology: { Type: Single, Servers: [{ Addr: localhost:27017, Type: Unknown, Last error: dial tcp [::1]:27017: connect: connection refused }, ] }]
goroutine 222274 [running]:
net/http.(*conn).serve.func1()
	/usr/local/go/src/net/http/server.go:1850 +0xbf
panic({0x9890e0, 0xc000405b60})
	/usr/local/go/src/runtime/panic.go:890 +0x262
github.com/urlybud/tumbler/ctx.(*Context).InsertOne(0xc00024c240?, {0xa2024c?, 0xee10e0?}, {0x9f7500, 0xc00024c240})
	/app/tumbler/ctx/ctx.go:358 +0x1f6
github.com/urlybud/tumbler/ctx.(*Context).Save(0xc00024c240)
	/app/tumbler/ctx/ctx.go:279 +0x165
main.muxA({0xb9bc28?, 0xc000308000?}, 0xc0000aa690?)
	/app/tumbler/main.go:82 +0xc3
net/http.HandlerFunc.ServeHTTP(0x0?, {0xb9bc28?, 0xc000308000?}, 0x6cf254?)
	/usr/local/go/src/net/http/server.go:2109 +0x2f
net/http.serverHandler.ServeHTTP({0xb9aac0?}, {0xb9bc28, 0xc000308000}, 0xc000380000)
	/usr/local/go/src/net/http/server.go:2947 +0x30c
net/http.(*conn).serve(0xc000120b40, {0xb9c200, 0xc0001146f0})
	/usr/local/go/src/net/http/server.go:1991 +0x607
created by net/http.(*Server).Serve
	/usr/local/go/src/net/http/server.go:3102 +0x4db
2023/06/07 17:53:29 [TRACE] 8Dvb9X6DolCi18EJsI5bH1 /link/get 컨텍스트저장 UKey:''
2023/06/07 17:53:59 http: panic serving 192.168.0.125:48656: Code:DBErr Param:[server selection error: server selection timeout, current topology: { Type: Single, Servers: [{ Addr: localhost:27017, Type: Unknown, Last error: dial tcp [::1]:27017: connect: connection refused }, ] }]
goroutine 222691 [running]:
net/http.(*conn).serve.func1()
	/usr/local/go/src/net/http/server.go:1850 +0xbf
panic({0x9890e0, 0xc000508480})
	/usr/local/go/src/runtime/panic.go:890 +0x262
github.com/urlybud/tumbler/ctx.(*Context).InsertOne(0xc0001c6240?, {0xa2024c?, 0xee10e0?}, {0x9f7500, 0xc0001c6240})
	/app/tumbler/ctx/ctx.go:358 +0x1f6
github.com/urlybud/tumbler/ctx.(*Context).Save(0xc0001c6240)
	/app/tumbler/ctx/ctx.go:279 +0x165
main.muxA({0xb9bc28?, 0xc0003080e0?}, 0xc000114150?)
	/app/tumbler/main.go:82 +0xc3
net/http.HandlerFunc.ServeHTTP(0x0?, {0xb9bc28?, 0xc0003080e0?}, 0x6cf254?)
	/usr/l2023/06/07 17:59:24 [TRACE] 4uTyc6QScuK512k3IUZUje /link/get 컨텍스트저장 UKey:''
2023/06/07 17:59:26 [TRACE] b6damJz4k5i8mFKO0q3NXk /link/get 컨텍스트저장 UKey:''
2023/06/07 18:01:17 [TRACE] 3o1TXczXCWx2ggjnxH3Pk4 /link/get 컨텍스트저장 UKey:''
2023/06/07 18:02:29 [TRACE] 3aqeDXrgjTIjAptMcuVUQV /link/get 컨텍스트저장 UKey:''
2023/06/07 18:03:01 [TRACE] 74hdoap8cdks4xaBZy8nG /link/get 컨텍스트저장 UKey:''
2023/06/07 18:03:19 [TRACE] Dgc0dl6xAJdjNIIj982Qy /link/get 컨텍스트저장 UKey:''
2023/06/07 18:03:41 [TRACE] 76VCKnZjzA6gWRiimmSIZq /link/get 컨텍스트저장 UKey:''
2023/06/07 18:03:55 [TRACE] b9JsZCKnQPRlLUe9EJO2Ok /link/get 컨텍스트저장 UKey:''
2023/06/07 18:04:58 [TRACE] j8JoIzubnRRlXAuDLo6rss /link/get 컨텍스트저장 UKey:''
2023/06/07 18:05:35 [TRACE] 32FFwT2bzKW99J0l5eV7Oj /link/get 컨텍스트저장 UKey:''
2023/06/07 18:05:36 [TRACE] f4Pn5BhHSfl3rfbQbCWP4S /link/get 컨텍스트저장 UKey:''
2023/06/07 18:05:37 [TRACE] 4NAbWSiSUIxhsAV2WwW28G /link/get 컨텍스트저장 UKey:''
2023/06/07 18:06:44 Signal: terminated (15)
2023/06/07 18:06:44 App Stopped. :80 main.muxB  
2023/06/07 18:06:44 App Stopped. :2000 main.muxA  
2023/06/07 18:06:44 [INFO] RDB Disconnected
2023/06/07 18:06:44 [INFO] Database Disconnected
2023/06/07 18:06:44 [INFO] Log Closed
2023/06/07 18:06:47 [INFO] Random Seed Initialized
2023/06/07 18:06:47 [INFO] Log Level TRACE
2023/06/07 18:06:47 [INFO] Log Path /root/urlybud/urlybud/log
2023/06/07 18:06:47 [INFO] Process ID 1180135
2023/06/07 18:06:47 [INFO] Build Date 2023-05-30_11:08:25
2023/06/07 18:06:47 [INFO] Build Version v1.0.0-27-g961289c
2023/06/07 18:06:47 [INFO] Build Revision 961289c9f6e0edb303a826651b112874aef72fe7
2023/06/07 18:06:47 [INFO] License Info
2023/06/07 18:06:47 [INFO] [31m	2123-05-14 localhost[0m
2023/06/07 18:06:47 [INFO] [31m	2024-06-07 ub.urlybud.aqua.castis.io[0m
2023/06/07 18:06:47 [INFO] [31m	2099-12-31 192.168.0.125[0m
2023/06/07 18:06:47 [INFO] Database Connected
2023/06/07 18:06:47 [INFO] Database Connection Info Hosts:[localhost:27017]
2023/06/07 18:06:47 [INFO] Database Connection Info HTTPClient:&{0xed9600 <nil> <nil> 0s}
2023/06/07 18:06:47 [INFO] Database Index Created log:RequestTime_1 unique:false
2023/06/07 18:06:47 [INFO] Database Index Created log:ReqID_1 unique:false
2023/06/07 18:06:47 [INFO] Database Index Created log:Path_1 unique:false
2023/06/07 18:06:47 [INFO] Database Index Created log:Dir_1 unique:false
2023/06/07 18:06:47 [INFO] Database Index Created link:Seq_1 unique:false
2023/06/07 18:06:47 [INFO] Database Index Created link:Bid_1 unique:false
2023/06/07 18:06:47 [INFO] Database Index Created link:Cid_1 unique:false
2023/06/07 18:06:47 [INFO] Database Index Created link:CSeq_1 unique:false
2023/06/07 18:06:47 [INFO] Database Index Created link:Gid_1 unique:false
2023/06/07 18:06:47 [INFO] Database Index Created link:Uid_1 unique:false
2023/06/07 18:06:47 [INFO] Database Index Created link:Idt_1 unique:false
2023/06/07 18:06:47 [INFO] Database Index Created link:Status_1 unique:false
2023/06/07 18:06:47 [INFO] Database Index Created link:Parent_1 unique:false
2023/06/07 18:06:47 [INFO] Database Index Created evtlog:Idt_1 unique:false
2023/06/07 18:06:47 [INFO] API List
2023/06/07 18:06:47 [INFO] 	/event/list         : event.List
2023/06/07 18:06:47 [INFO] 	/link/claim         : link.Claim
2023/06/07 18:06:47 [INFO] 	/link/get           : link.Get
2023/06/07 18:06:47 [INFO] 	/link/list          : link.List
2023/06/07 18:06:47 [INFO] 	/link/set           : link.Set
2023/06/07 18:06:47 [INFO] 	/link/tumbler/add   : link.TAdd
2023/06/07 18:06:47 [INFO] 	/link/tumbler/set   : link.TSet
2023/06/07 18:06:47 [INFO] Rule List
2023/06/07 18:06:47 [INFO] 	atype               : link.AType
2023/06/07 18:06:47 [INFO] 	max                 : validator.Max
2023/06/07 18:06:47 [INFO] 	min                 : validator.Min
2023/06/07 18:06:47 [INFO] 	url                 : validator.Url
2023/06/07 18:06:47 [INFO] Auth Type List
2023/06/07 18:06:47 [INFO] 	AuthPassword
2023/06/07 18:06:47 [INFO] 	AuthBoxPassword
2023/06/07 18:06:47 App Started. :80 main.muxB  
2023/06/07 18:06:47 App Started. :2000 main.muxA  
2023/06/07 18:06:49 Signal: interrupt (2)
2023/06/07 18:06:49 App Stopped. :80 main.muxB  
2023/06/07 18:06:49 App Stopped. :2000 main.muxA  
2023/06/07 18:06:49 [INFO] RDB Disconnected
2023/06/07 18:06:49 [INFO] Database Disconnected
2023/06/07 18:06:49 [INFO] Log Closed
2023/06/07 18:06:53 [INFO] Random Seed Initialized
2023/06/07 18:06:53 [INFO] Log Level TRACE
2023/06/07 18:06:53 [INFO] Log Path /root/urlybud/urlybud/log
2023/06/07 18:06:53 [INFO] Process ID 1180151
2023/06/07 18:06:53 [INFO] Build Date 2023-05-30_11:08:25
2023/06/07 18:06:53 [INFO] Build Version v1.0.0-27-g961289c
2023/06/07 18:06:53 [INFO] Build Revision 961289c9f6e0edb303a826651b112874aef72fe7
2023/06/07 18:06:53 [INFO] License Info
2023/06/07 18:06:53 [INFO] [31m	2123-05-14 localhost[0m
2023/06/07 18:06:53 [INFO] [31m	2024-06-07 ub.urlybud.aqua.castis.io[0m
2023/06/07 18:06:53 [INFO] [31m	2099-12-31 192.168.0.125[0m
2023/06/07 18:06:53 [INFO] Database Connected
2023/06/07 18:06:53 [INFO] Database Connection Info Hosts:[localhost:27017]
2023/06/07 18:06:53 [INFO] Database Connection Info HTTPClient:&{0xed9600 <nil> <nil> 0s}
2023/06/07 18:06:53 [INFO] Database Index Created log:RequestTime_1 unique:false
2023/06/07 18:06:53 [INFO] Database Index Created log:ReqID_1 unique:false
2023/06/07 18:06:53 [INFO] Database Index Created log:Path_1 unique:false
2023/06/07 18:06:53 [INFO] Database Index Created log:Dir_1 unique:false
2023/06/07 18:06:53 [INFO] Database Index Created link:Seq_1 unique:false
2023/06/07 18:06:53 [INFO] Database Index Created link:Bid_1 unique:false
2023/06/07 18:06:53 [INFO] Database Index Created link:Cid_1 unique:false
2023/06/07 18:06:53 [INFO] Database Index Created link:CSeq_1 unique:false
2023/06/07 18:06:53 [INFO] Database Index Created link:Gid_1 unique:false
2023/06/07 18:06:53 [INFO] Database Index Created link:Uid_1 unique:false
2023/06/07 18:06:53 [INFO] Database Index Created link:Idt_1 unique:false
2023/06/07 18:06:53 [INFO] Database Index Created link:Status_1 unique:false
2023/06/07 18:06:53 [INFO] Database Index Created link:Parent_1 unique:false
2023/06/07 18:06:53 [INFO] Database Index Created evtlog:Idt_1 unique:false
2023/06/07 18:06:53 [INFO] API List
2023/06/07 18:06:53 [INFO] 	/event/list         : event.List
2023/06/07 18:06:53 [INFO] 	/link/claim         : link.Claim
2023/06/07 18:06:53 [INFO] 	/link/get           : link.Get
2023/06/07 18:06:53 [INFO] 	/link/list          : link.List
2023/06/07 18:06:53 [INFO] 	/link/set           : link.Set
2023/06/07 18:06:53 [INFO] 	/link/tumbler/add   : link.TAdd
2023/06/07 18:06:53 [INFO] 	/link/tumbler/set   : link.TSet
2023/06/07 18:06:53 [INFO] Rule List
2023/06/07 18:06:53 [INFO] 	atype               : link.AType
2023/06/07 18:06:53 [INFO] 	max                 : validator.Max
2023/06/07 18:06:53 [INFO] 	min                 : validator.Min
2023/06/07 18:06:53 [INFO] 	url                 : validator.Url
2023/06/07 18:06:53 [INFO] Auth Type List
2023/06/07 18:06:53 [INFO] 	AuthPassword
2023/06/07 18:06:53 [INFO] 	AuthBoxPassword
2023/06/07 18:06:53 App Started. :80 main.muxB  
2023/06/07 18:06:53 App Started. :2000 main.muxA  
2023/06/07 18:07:26 [TRACE] 5dqJROmv2bw5fI4X732Da6 ----------------------------------------------------
2023/06/07 18:07:26 [TRACE] 5dqJROmv2bw5fI4X732Da6 / 요청토큰: 046c4b95-3690-4fd4-8096-53c309b971a1
2023/06/07 18:07:26 [TRACE] 5dqJROmv2bw5fI4X732Da6 2024-06-07 00:00:00 +0700 +07
2023/06/07 18:07:26 [TRACE] 5dqJROmv2bw5fI4X732Da6 ub.urlybud.aqua.castis.io 라이선스 정상
2023/06/07 18:07:26 [TRACE] 5dqJROmv2bw5fI4X732Da6 / CheckExists()
2023/06/07 18:07:26 [TRACE] 5dqJROmv2bw5fI4X732Da6 / 링크를 찾을 수 없음
2023/06/07 18:07:26 [TRACE] 5dqJROmv2bw5fI4X732Da6 ExpectedError() Code:B404 Param:[]
2023/06/07 18:07:26 [TRACE] 5dqJROmv2bw5fI4X732Da6 / 컨텍스트저장 UKey:'/'
2023/06/07 18:07:31 [TRACE] 7GRgnWu5l4bgxMByB9YvJf ----------------------------------------------------
2023/06/07 18:07:31 [TRACE] 7GRgnWu5l4bgxMByB9YvJf / 요청토큰: 046c4b95-3690-4fd4-8096-53c309b971a1
2023/06/07 18:07:31 [TRACE] 7GRgnWu5l4bgxMByB9YvJf 2024-06-07 00:00:00 +0700 +07
2023/06/07 18:07:31 [TRACE] 7GRgnWu5l4bgxMByB9YvJf ub.urlybud.aqua.castis.io 라이선스 정상
2023/06/07 18:07:31 [TRACE] 7GRgnWu5l4bgxMByB9YvJf / CheckExists()
2023/06/07 18:07:31 [TRACE] 7GRgnWu5l4bgxMByB9YvJf / 링크를 찾을 수 없음
2023/06/07 18:07:31 [TRACE] 7GRgnWu5l4bgxMByB9YvJf ExpectedError() Code:B404 Param:[]
2023/06/07 18:07:31 [TRACE] 7GRgnWu5l4bgxMByB9YvJf / 컨텍스트저장 UKey:'/'
2023/06/07 18:08:35 [TRACE] 2Oo1EJ2QrI6ceEVPzfPTsU 클라이언트 map[ClientName:evoucher Idt:1685413263730 _id:c4e0f406-4bb1-4a74-8e46-83fafdda3776]
2023/06/07 18:08:35 [TRACE] 2Oo1EJ2QrI6ceEVPzfPTsU /link/get 컨텍스트저장 UKey:''
2023/06/07 18:08:35 [TRACE] 2SVrP1FMQVHDG3BvUMxKG ----------------------------------------------------
2023/06/07 18:08:35 [TRACE] 2SVrP1FMQVHDG3BvUMxKG / 요청토큰: 046c4b95-3690-4fd4-8096-53c309b971a1
2023/06/07 18:08:35 [TRACE] 2SVrP1FMQVHDG3BvUMxKG 2024-06-07 00:00:00 +0700 +07
2023/06/07 18:08:35 [TRACE] 2SVrP1FMQVHDG3BvUMxKG ub.urlybud.aqua.castis.io 라이선스 정상
2023/06/07 18:08:35 [TRACE] 2SVrP1FMQVHDG3BvUMxKG / CheckExists()
2023/06/07 18:08:35 [TRACE] 2SVrP1FMQVHDG3BvUMxKG / 링크를 찾을 수 없음
2023/06/07 18:08:35 [TRACE] 2SVrP1FMQVHDG3BvUMxKG ExpectedError() Code:B404 Param:[]
2023/06/07 18:08:35 [TRACE] 2SVrP1FMQVHDG3BvUMxKG / 컨텍스트저장 UKey:'/'
2023/06/07 18:09:01 [TRACE] kvd4iQ0tWxlesh2hLVrQLG ----------------------------------------------------
2023/06/07 18:09:01 [TRACE] kvd4iQ0tWxlesh2hLVrQLG /PGOC3 요청토큰: 6efa6909-b89e-42a4-9bfb-48a46bf06fe0
2023/06/07 18:09:01 [TRACE] kvd4iQ0tWxlesh2hLVrQLG 2099-12-31 00:00:00 +0700 +07
2023/06/07 18:09:01 [TRACE] kvd4iQ0tWxlesh2hLVrQLG 192.168.0.125 라이선스 정상
2023/06/07 18:09:01 [TRACE] kvd4iQ0tWxlesh2hLVrQLG PGOC3 CheckExists()
2023/06/07 18:09:01 [TRACE] kvd4iQ0tWxlesh2hLVrQLG PGOC3 CheckSecureLink()
2023/06/07 18:09:01 [TRACE] kvd4iQ0tWxlesh2hLVrQLG PGOC3 CheckCount()
2023/06/07 18:09:01 [TRACE] kvd4iQ0tWxlesh2hLVrQLG PGOC3 CheckExpire()
2023/06/07 18:09:01 [TRACE] kvd4iQ0tWxlesh2hLVrQLG PGOC3 CheckAuth()
2023/06/07 18:09:01 [TRACE] kvd4iQ0tWxlesh2hLVrQLG PGOC3 ServeLink()
2023/06/07 18:09:01 [TRACE] kvd4iQ0tWxlesh2hLVrQLG PGOC3 Redirect()
2023/06/07 18:09:01 [TRACE] kvd4iQ0tWxlesh2hLVrQLG PGOC3 GET 리다이렉트
2023/06/07 18:09:01 [TRACE] kvd4iQ0tWxlesh2hLVrQLG /PGOC3 컨텍스트저장 UKey:'PGOC3'
2023/06/07 18:09:41 [TRACE] 1r4cgs8Y6aafondHQGn9Cg /link/get 컨텍스트저장 UKey:''
2023/06/07 18:09:43 [TRACE] X2PtKdS6SxaiB4NfTYZys /link/get 컨텍스트저장 UKey:''
2023/06/07 18:09:44 [TRACE] lbF3aAdyAmzf6Ras1UmKbq /link/get 컨텍스트저장 UKey:''
2023/06/07 18:09:47 [TRACE] 1x8Lhe0cfPh6hVMPDx3x1S /link/get 컨텍스트저장 UKey:''
2023/06/07 18:09:48 [TRACE] l6weMznxqrJeArTFJgKsQd /link/get 컨텍스트저장 UKey:''
2023/06/07 18:09:48 [TRACE] 1nmO5Yvmz4UgNVxxggZeEu /link/get 컨텍스트저장 UKey:''
2023/06/07 18:10:23 [TRACE] 2ODfe52A4zc9Rb6dowEJpA ----------------------------------------------------
2023/06/07 18:10:23 [TRACE] 2ODfe52A4zc9Rb6dowEJpA / 요청토큰: 046c4b95-3690-4fd4-8096-53c309b971a1
2023/06/07 18:10:23 [TRACE] 2ODfe52A4zc9Rb6dowEJpA 2024-06-07 00:00:00 +0700 +07
2023/06/07 18:10:23 [TRACE] 2ODfe52A4zc9Rb6dowEJpA ub.urlybud.aqua.castis.io 라이선스 정상
2023/06/07 18:10:23 [TRACE] 2ODfe52A4zc9Rb6dowEJpA / CheckExists()
2023/06/07 18:10:23 [TRACE] 2ODfe52A4zc9Rb6dowEJpA / 링크를 찾을 수 없음
2023/06/07 18:10:23 [TRACE] 2ODfe52A4zc9Rb6dowEJpA ExpectedError() Code:B404 Param:[]
2023/06/07 18:10:23 [TRACE] 2ODfe52A4zc9Rb6dowEJpA / 컨텍스트저장 UKey:'/'
2023/06/07 18:13:25 [TRACE] e3526J3IlmQhjwFoNI17jn /link/get 컨텍스트저장 UKey:''
2023/06/07 18:13:53 [TRACE] kvnKPdoAz7ViOOGvsfXwmT /link/get 컨텍스트저장 UKey:''
2023/06/07 18:14:01 [TRACE] dJ1TmipX13phHFcPSxY2xk /link/get 컨텍스트저장 UKey:''
2023/06/07 18:14:28 [TRACE] 4oYH7G6XfkHjy8WLAxB0xN /link/list 컨텍스트저장 UKey:''
2023/06/07 18:20:40 [TRACE] 2QTRSnmk6qb6h0jb9i60Zx ----------------------------------------------------
2023/06/07 18:20:40 [TRACE] 2QTRSnmk6qb6h0jb9i60Zx / 요청토큰: 046c4b95-3690-4fd4-8096-53c309b971a1
2023/06/07 18:20:40 [TRACE] 2QTRSnmk6qb6h0jb9i60Zx 2024-06-07 00:00:00 +0700 +07
2023/06/07 18:20:40 [TRACE] 2QTRSnmk6qb6h0jb9i60Zx ub.urlybud.aqua.castis.io 라이선스 정상
2023/06/07 18:20:40 [TRACE] 2QTRSnmk6qb6h0jb9i60Zx / CheckExists()
2023/06/07 18:20:40 [TRACE] 2QTRSnmk6qb6h0jb9i60Zx / 링크를 찾을 수 없음
2023/06/07 18:20:40 [TRACE] 2QTRSnmk6qb6h0jb9i60Zx ExpectedError() Code:B404 Param:[]
2023/06/07 18:20:40 [TRACE] 2QTRSnmk6qb6h0jb9i60Zx / 컨텍스트저장 UKey:'/'
2023/06/07 18:31:59 [TRACE] 3hcInFDSX8taPZSDU8KnMf ----------------------------------------------------
2023/06/07 18:31:59 [TRACE] 3hcInFDSX8taPZSDU8KnMf / 요청토큰: 046c4b95-3690-4fd4-8096-53c309b971a1
2023/06/07 18:31:59 [TRACE] 3hcInFDSX8taPZSDU8KnMf 2024-06-07 00:00:00 +0700 +07
2023/06/07 18:31:59 [TRACE] 3hcInFDSX8taPZSDU8KnMf ub.urlybud.aqua.castis.io 라이선스 정상
2023/06/07 18:31:59 [TRACE] 3hcInFDSX8taPZSDU8KnMf / CheckExists()
2023/06/07 18:31:59 [TRACE] 3hcInFDSX8taPZSDU8KnMf / 링크를 찾을 수 없음
2023/06/07 18:31:59 [TRACE] 3hcInFDSX8taPZSDU8KnMf ExpectedError() Code:B404 Param:[]
2023/06/07 18:31:59 [TRACE] 3hcInFDSX8taPZSDU8KnMf / 컨텍스트저장 UKey:'/'
2023/06/07 19:52:37 [TRACE] iH9F5bnNbCjjUZpBza12d3 ----------------------------------------------------
2023/06/07 19:52:37 [TRACE] iH9F5bnNbCjjUZpBza12d3 /PGOC3 토큰생성: e54bba87-c5b7-4213-a2ae-64713059cf7f
2023/06/07 19:52:37 [TRACE] iH9F5bnNbCjjUZpBza12d3 2024-06-07 00:00:00 +0700 +07
2023/06/07 19:52:37 [TRACE] iH9F5bnNbCjjUZpBza12d3 ub.urlybud.aqua.castis.io 라이선스 정상
2023/06/07 19:52:37 [TRACE] iH9F5bnNbCjjUZpBza12d3 PGOC3 CheckExists()
2023/06/07 19:52:37 [TRACE] iH9F5bnNbCjjUZpBza12d3 PGOC3 CheckSecureLink()
2023/06/07 19:52:37 [TRACE] iH9F5bnNbCjjUZpBza12d3 PGOC3 CheckCount()
2023/06/07 19:52:37 [TRACE] iH9F5bnNbCjjUZpBza12d3 PGOC3 CheckExpire()
2023/06/07 19:52:37 [TRACE] iH9F5bnNbCjjUZpBza12d3 PGOC3 CheckAuth()
2023/06/07 19:52:37 [TRACE] iH9F5bnNbCjjUZpBza12d3 PGOC3 ServeLink()
2023/06/07 19:52:37 [TRACE] iH9F5bnNbCjjUZpBza12d3 PGOC3 Redirect()
2023/06/07 19:52:37 [TRACE] iH9F5bnNbCjjUZpBza12d3 PGOC3 GET 리다이렉트
2023/06/07 19:52:37 [TRACE] iH9F5bnNbCjjUZpBza12d3 /PGOC3 컨텍스트저장 UKey:'PGOC3'
2023/06/07 19:53:30 [TRACE] 3yq80E8J1r42uj8GDtJdEV ----------------------------------------------------
2023/06/07 19:53:30 [TRACE] 3yq80E8J1r42uj8GDtJdEV /PGOC3 토큰생성: 5bfe519b-efc2-4820-bb32-fe25e41277f0
2023/06/07 19:53:30 [TRACE] 3yq80E8J1r42uj8GDtJdEV 2024-06-07 00:00:00 +0700 +07
2023/06/07 19:53:30 [TRACE] 3yq80E8J1r42uj8GDtJdEV ub.urlybud.aqua.castis.io 라이선스 정상
2023/06/07 19:53:30 [TRACE] 3yq80E8J1r42uj8GDtJdEV PGOC3 CheckExists()
2023/06/07 19:53:30 [TRACE] 3yq80E8J1r42uj8GDtJdEV PGOC3 CheckSecureLink()
2023/06/07 19:53:30 [TRACE] 3yq80E8J1r42uj8GDtJdEV PGOC3 CheckCount()
2023/06/07 19:53:30 [TRACE] 3yq80E8J1r42uj8GDtJdEV PGOC3 CheckExpire()
2023/06/07 19:53:30 [TRACE] 3yq80E8J1r42uj8GDtJdEV PGOC3 CheckAuth()
2023/06/07 19:53:30 [TRACE] 3yq80E8J1r42uj8GDtJdEV PGOC3 ServeLink()
2023/06/07 19:53:30 [TRACE] 3yq80E8J1r42uj8GDtJdEV PGOC3 Redirect()
2023/06/07 19:53:30 [TRACE] 3yq80E8J1r42uj8GDtJdEV PGOC3 GET 리다이렉트
2023/06/07 19:53:30 [TRACE] 3yq80E8J1r42uj8GDtJdEV /PGOC3 컨텍스트저장 UKey:'PGOC3'
2023/06/07 19:53:39 [TRACE] 3YkJQ5wMisc58ZEEatjahV ----------------------------------------------------
2023/06/07 19:53:39 [TRACE] 3YkJQ5wMisc58ZEEatjahV /PGOC3 토큰생성: 0717ac63-5d9d-4924-ad05-1b64a1cbabcc
2023/06/07 19:53:39 [TRACE] 3YkJQ5wMisc58ZEEatjahV 2024-06-07 00:00:00 +0700 +07
2023/06/07 19:53:39 [TRACE] 3YkJQ5wMisc58ZEEatjahV ub.urlybud.aqua.castis.io 라이선스 정상
2023/06/07 19:53:39 [TRACE] 3YkJQ5wMisc58ZEEatjahV PGOC3 CheckExists()
2023/06/07 19:53:39 [TRACE] 3YkJQ5wMisc58ZEEatjahV PGOC3 CheckSecureLink()
2023/06/07 19:53:39 [TRACE] 3YkJQ5wMisc58ZEEatjahV PGOC3 CheckCount()
2023/06/07 19:53:39 [TRACE] 3YkJQ5wMisc58ZEEatjahV PGOC3 CheckExpire()
2023/06/07 19:53:39 [TRACE] 3YkJQ5wMisc58ZEEatjahV PGOC3 CheckAuth()
2023/06/07 19:53:39 [TRACE] 3YkJQ5wMisc58ZEEatjahV PGOC3 ServeLink()
2023/06/07 19:53:39 [TRACE] 3YkJQ5wMisc58ZEEatjahV PGOC3 Redirect()
2023/06/07 19:53:39 [TRACE] 3YkJQ5wMisc58ZEEatjahV PGOC3 GET 리다이렉트
2023/06/07 19:53:39 [TRACE] 3YkJQ5wMisc58ZEEatjahV /PGOC3 컨텍스트저장 UKey:'PGOC3'
2023/06/07 19:55:14 [TRACE] 4MQKACa68pN2sUXR95v3fR /link/get 컨텍스트저장 UKey:''
2023/06/07 19:56:51 [TRACE] 5znOe27KfgWe0jvLrYVlOy ----------------------------------------------------
2023/06/07 19:56:51 [TRACE] 5znOe27KfgWe0jvLrYVlOy /PGOC3 요청토큰: caec1689-70cf-4c6f-8805-be54273b3f01
2023/06/07 19:56:51 [TRACE] 5znOe27KfgWe0jvLrYVlOy 2024-06-07 00:00:00 +0700 +07
2023/06/07 19:56:51 [TRACE] 5znOe27KfgWe0jvLrYVlOy ub.urlybud.aqua.castis.io 라이선스 정상
2023/06/07 19:56:51 [TRACE] 5znOe27KfgWe0jvLrYVlOy PGOC3 CheckExists()
2023/06/07 19:56:51 [TRACE] 5znOe27KfgWe0jvLrYVlOy PGOC3 CheckSecureLink()
2023/06/07 19:56:51 [TRACE] 5znOe27KfgWe0jvLrYVlOy PGOC3 CheckCount()
2023/06/07 19:56:51 [TRACE] 5znOe27KfgWe0jvLrYVlOy PGOC3 CheckExpire()
2023/06/07 19:56:51 [TRACE] 5znOe27KfgWe0jvLrYVlOy PGOC3 CheckAuth()
2023/06/07 19:56:51 [TRACE] 5znOe27KfgWe0jvLrYVlOy PGOC3 ServeLink()
2023/06/07 19:56:51 [TRACE] 5znOe27KfgWe0jvLrYVlOy PGOC3 Redirect()
2023/06/07 19:56:51 [TRACE] 5znOe27KfgWe0jvLrYVlOy PGOC3 GET 리다이렉트
2023/06/07 19:56:51 [TRACE] 5znOe27KfgWe0jvLrYVlOy /PGOC3 컨텍스트저장 UKey:'PGOC3'
2023/06/07 19:57:05 [TRACE] 4jOAjLtH1PV7bVurLbHHZP /link/get 컨텍스트저장 UKey:''
2023/06/07 19:57:11 [TRACE] 5ogmUGrEg4AgSYNlAy1TFd ----------------------------------------------------
2023/06/07 19:57:11 [TRACE] 5ogmUGrEg4AgSYNlAy1TFd /PGOC3 토큰생성: 4d544be2-025a-4403-923f-8d63ff245f18
2023/06/07 19:57:11 [TRACE] 5ogmUGrEg4AgSYNlAy1TFd 2099-12-31 00:00:00 +0700 +07
2023/06/07 19:57:11 [TRACE] 5ogmUGrEg4AgSYNlAy1TFd 192.168.0.125:80 라이선스 정상
2023/06/07 19:57:11 [TRACE] 5ogmUGrEg4AgSYNlAy1TFd PGOC3 CheckExists()
2023/06/07 19:57:11 [TRACE] 5ogmUGrEg4AgSYNlAy1TFd PGOC3 CheckSecureLink()
2023/06/07 19:57:11 [TRACE] 5ogmUGrEg4AgSYNlAy1TFd PGOC3 CheckCount()
2023/06/07 19:57:11 [TRACE] 5ogmUGrEg4AgSYNlAy1TFd PGOC3 CheckExpire()
2023/06/07 19:57:11 [TRACE] 5ogmUGrEg4AgSYNlAy1TFd PGOC3 CheckAuth()
2023/06/07 19:57:11 [TRACE] 5ogmUGrEg4AgSYNlAy1TFd PGOC3 ServeLink()
2023/06/07 19:57:11 [TRACE] 5ogmUGrEg4AgSYNlAy1TFd PGOC3 Redirect()
2023/06/07 19:57:11 [TRACE] 5ogmUGrEg4AgSYNlAy1TFd PGOC3 GET 리다이렉트
2023/06/07 19:57:11 [TRACE] 5ogmUGrEg4AgSYNlAy1TFd /PGOC3 컨텍스트저장 UKey:'PGOC3'
2023/06/07 19:57:14 [TRACE] jshY1ZjVMS8447zQn1WbvF ----------------------------------------------------
2023/06/07 19:57:14 [TRACE] jshY1ZjVMS8447zQn1WbvF /PGOC3 토큰생성: 55634df6-d395-453d-bc9a-4643a5d84d0b
2023/06/07 19:57:14 [TRACE] jshY1ZjVMS8447zQn1WbvF 2024-06-07 00:00:00 +0700 +07
2023/06/07 19:57:14 [TRACE] jshY1ZjVMS8447zQn1WbvF ub.urlybud.aqua.castis.io 라이선스 정상
2023/06/07 19:57:14 [TRACE] jshY1ZjVMS8447zQn1WbvF PGOC3 CheckExists()
2023/06/07 19:57:14 [TRACE] jshY1ZjVMS8447zQn1WbvF PGOC3 CheckSecureLink()
2023/06/07 19:57:14 [TRACE] jshY1ZjVMS8447zQn1WbvF PGOC3 CheckCount()
2023/06/07 19:57:14 [TRACE] jshY1ZjVMS8447zQn1WbvF PGOC3 CheckExpire()
2023/06/07 19:57:14 [TRACE] jshY1ZjVMS8447zQn1WbvF PGOC3 CheckAuth()
2023/06/07 19:57:14 [TRACE] jshY1ZjVMS8447zQn1WbvF PGOC3 ServeLink()
2023/06/07 19:57:14 [TRACE] jshY1ZjVMS8447zQn1WbvF PGOC3 Redirect()
2023/06/07 19:57:14 [TRACE] jshY1ZjVMS8447zQn1WbvF PGOC3 GET 리다이렉트
2023/06/07 19:57:14 [TRACE] jshY1ZjVMS8447zQn1WbvF /PGOC3 컨텍스트저장 UKey:'PGOC3'
2023/06/07 19:57:44 [TRACE] d45AhVJHs4e3UzNWW1VLLv /link/get 컨텍스트저장 UKey:''
2023/06/07 19:57:46 [TRACE] lKsxUiUrNu2jsCKJOWB1Iw ----------------------------------------------------
2023/06/07 19:57:46 [TRACE] lKsxUiUrNu2jsCKJOWB1Iw /PGOC3 토큰생성: d446b579-0799-46b4-a75a-e3846b3c1cc9
2023/06/07 19:57:46 [TRACE] lKsxUiUrNu2jsCKJOWB1Iw 2024-06-07 00:00:00 +0700 +07
2023/06/07 19:57:46 [TRACE] lKsxUiUrNu2jsCKJOWB1Iw ub.urlybud.aqua.castis.io 라이선스 정상
2023/06/07 19:57:46 [TRACE] lKsxUiUrNu2jsCKJOWB1Iw PGOC3 CheckExists()
2023/06/07 19:57:46 [TRACE] lKsxUiUrNu2jsCKJOWB1Iw PGOC3 CheckSecureLink()
2023/06/07 19:57:46 [TRACE] lKsxUiUrNu2jsCKJOWB1Iw PGOC3 CheckCount()
2023/06/07 19:57:46 [TRACE] lKsxUiUrNu2jsCKJOWB1Iw PGOC3 CheckExpire()
2023/06/07 19:57:46 [TRACE] lKsxUiUrNu2jsCKJOWB1Iw PGOC3 CheckAuth()
2023/06/07 19:57:46 [TRACE] lKsxUiUrNu2jsCKJOWB1Iw PGOC3 ServeLink()
2023/06/07 19:57:46 [TRACE] lKsxUiUrNu2jsCKJOWB1Iw PGOC3 Redirect()
2023/06/07 19:57:46 [TRACE] lKsxUiUrNu2jsCKJOWB1Iw PGOC3 GET 리다이렉트
2023/06/07 19:57:46 [TRACE] lKsxUiUrNu2jsCKJOWB1Iw /PGOC3 컨텍스트저장 UKey:'PGOC3'
2023/06/07 19:58:16 [TRACE] ltHyoC2rFHnajA3RLNaXJS ----------------------------------------------------
2023/06/07 19:58:16 [TRACE] ltHyoC2rFHnajA3RLNaXJS /VLQRr 요청토큰: caec1689-70cf-4c6f-8805-be54273b3f01
2023/06/07 19:58:16 [TRACE] ltHyoC2rFHnajA3RLNaXJS 2024-06-07 00:00:00 +0700 +07
2023/06/07 19:58:16 [TRACE] ltHyoC2rFHnajA3RLNaXJS ub.urlybud.aqua.castis.io 라이선스 정상
2023/06/07 19:58:16 [TRACE] ltHyoC2rFHnajA3RLNaXJS VLQRr CheckExists()
2023/06/07 19:58:16 [TRACE] ltHyoC2rFHnajA3RLNaXJS VLQRr CheckSecureLink()
2023/06/07 19:58:16 [TRACE] ltHyoC2rFHnajA3RLNaXJS VLQRr CheckCount()
2023/06/07 19:58:16 [TRACE] ltHyoC2rFHnajA3RLNaXJS VLQRr CheckExpire()
2023/06/07 19:58:16 [TRACE] ltHyoC2rFHnajA3RLNaXJS VLQRr CheckAuth()
2023/06/07 19:58:16 [TRACE] ltHyoC2rFHnajA3RLNaXJS VLQRr ServeLink()
2023/06/07 19:58:16 [TRACE] ltHyoC2rFHnajA3RLNaXJS VLQRr Redirect()
2023/06/07 19:58:16 [TRACE] ltHyoC2rFHnajA3RLNaXJS VLQRr GET 리다이렉트
2023/06/07 19:58:16 [TRACE] ltHyoC2rFHnajA3RLNaXJS /VLQRr 컨텍스트저장 UKey:'VLQRr'
2023/06/07 19:59:26 [TRACE] azDSPAcAy2CiXghZU7npRc ----------------------------------------------------
2023/06/07 19:59:26 [TRACE] azDSPAcAy2CiXghZU7npRc /PGOC3 요청토큰: caec1689-70cf-4c6f-8805-be54273b3f01
2023/06/07 19:59:26 [TRACE] azDSPAcAy2CiXghZU7npRc 2024-06-07 00:00:00 +0700 +07
2023/06/07 19:59:26 [TRACE] azDSPAcAy2CiXghZU7npRc ub.urlybud.aqua.castis.io 라이선스 정상
2023/06/07 19:59:26 [TRACE] azDSPAcAy2CiXghZU7npRc PGOC3 CheckExists()
2023/06/07 19:59:26 [TRACE] azDSPAcAy2CiXghZU7npRc PGOC3 CheckSecureLink()
2023/06/07 19:59:26 [TRACE] azDSPAcAy2CiXghZU7npRc PGOC3 CheckCount()
2023/06/07 19:59:26 [TRACE] azDSPAcAy2CiXghZU7npRc PGOC3 CheckExpire()
2023/06/07 19:59:26 [TRACE] azDSPAcAy2CiXghZU7npRc PGOC3 CheckAuth()
2023/06/07 19:59:26 [TRACE] azDSPAcAy2CiXghZU7npRc PGOC3 ServeLink()
2023/06/07 19:59:26 [TRACE] azDSPAcAy2CiXghZU7npRc PGOC3 Redirect()
2023/06/07 19:59:26 [TRACE] azDSPAcAy2CiXghZU7npRc PGOC3 GET 리다이렉트
2023/06/07 19:59:26 [TRACE] azDSPAcAy2CiXghZU7npRc /PGOC3 컨텍스트저장 UKey:'PGOC3'
2023/06/07 21:02:34 [TRACE] 5SHlfRYrvw76cBv0atM2kF / 컨텍스트저장 UKey:''
2023/06/07 21:02:38 [TRACE] 4fu2reBPfRC5GcknuDoD8r ----------------------------------------------------
2023/06/07 21:02:38 [TRACE] 4fu2reBPfRC5GcknuDoD8r / 토큰생성: cd40eebd-8cb6-44b5-8b1c-98403d2135ce
2023/06/07 21:02:38 [TRACE] 4fu2reBPfRC5GcknuDoD8r 2024-06-07 00:00:00 +0700 +07
2023/06/07 21:02:38 [TRACE] 4fu2reBPfRC5GcknuDoD8r ub.urlybud.aqua.castis.io 라이선스 정상
2023/06/07 21:02:38 [TRACE] 4fu2reBPfRC5GcknuDoD8r / CheckExists()
2023/06/07 21:02:38 [TRACE] 4fu2reBPfRC5GcknuDoD8r / 링크를 찾을 수 없음
2023/06/07 21:02:38 [TRACE] 4fu2reBPfRC5GcknuDoD8r ExpectedError() Code:B404 Param:[]
2023/06/07 21:02:38 [TRACE] 4fu2reBPfRC5GcknuDoD8r / 컨텍스트저장 UKey:'/'
2023/06/07 22:51:36 [TRACE] fTA9jHJm1ww9UkVkEvS5kB /link/get 컨텍스트저장 UKey:''
2023/06/07 22:51:37 [TRACE] d6SADPbNZVTjyygftICRU2 /link/get 컨텍스트저장 UKey:''
2023/06/07 22:51:41 [TRACE] lJw8bIw6N8ZlMQnOUCFvF1 ----------------------------------------------------
2023/06/07 22:51:41 [TRACE] lJw8bIw6N8ZlMQnOUCFvF1 /PGOC3 토큰생성: 8dd9344b-e687-4118-a33f-15da99b365a8
2023/06/07 22:51:41 [TRACE] lJw8bIw6N8ZlMQnOUCFvF1 2099-12-31 00:00:00 +0700 +07
2023/06/07 22:51:41 [TRACE] lJw8bIw6N8ZlMQnOUCFvF1 192.168.0.125:80 라이선스 정상
2023/06/07 22:51:41 [TRACE] lJw8bIw6N8ZlMQnOUCFvF1 PGOC3 CheckExists()
2023/06/07 22:51:41 [TRACE] lJw8bIw6N8ZlMQnOUCFvF1 PGOC3 CheckSecureLink()
2023/06/07 22:51:41 [TRACE] lJw8bIw6N8ZlMQnOUCFvF1 PGOC3 CheckCount()
2023/06/07 22:51:41 [TRACE] lJw8bIw6N8ZlMQnOUCFvF1 PGOC3 CheckExpire()
2023/06/07 22:51:41 [TRACE] lJw8bIw6N8ZlMQnOUCFvF1 PGOC3 CheckAuth()
2023/06/07 22:51:41 [TRACE] lJw8bIw6N8ZlMQnOUCFvF1 PGOC3 ServeLink()
2023/06/07 22:51:41 [TRACE] lJw8bIw6N8ZlMQnOUCFvF1 PGOC3 Redirect()
2023/06/07 22:51:41 [TRACE] lJw8bIw6N8ZlMQnOUCFvF1 PGOC3 GET 리다이렉트
2023/06/07 22:51:41 [TRACE] lJw8bIw6N8ZlMQnOUCFvF1 /PGOC3 컨텍스트저장 UKey:'PGOC3'
2023/06/07 22:51:57 [TRACE] l1AMxnlQg8V4Ys4ODnanl1 ----------------------------------------------------
2023/06/07 22:51:57 [TRACE] l1AMxnlQg8V4Ys4ODnanl1 /PGOC3 토큰생성: e04abc1b-2ba2-4b6f-8347-786b951de161
2023/06/07 22:51:57 [TRACE] l1AMxnlQg8V4Ys4ODnanl1 2024-06-07 00:00:00 +0700 +07
2023/06/07 22:51:57 [TRACE] l1AMxnlQg8V4Ys4ODnanl1 ub.urlybud.aqua.castis.io 라이선스 정상
2023/06/07 22:51:57 [TRACE] l1AMxnlQg8V4Ys4ODnanl1 PGOC3 CheckExists()
2023/06/07 22:51:57 [TRACE] l1AMxnlQg8V4Ys4ODnanl1 PGOC3 CheckSecureLink()
2023/06/07 22:51:57 [TRACE] l1AMxnlQg8V4Ys4ODnanl1 PGOC3 CheckCount()
2023/06/07 22:51:57 [TRACE] l1AMxnlQg8V4Ys4ODnanl1 PGOC3 CheckExpire()
2023/06/07 22:51:57 [TRACE] l1AMxnlQg8V4Ys4ODnanl1 PGOC3 CheckAuth()
2023/06/07 22:51:57 [TRACE] l1AMxnlQg8V4Ys4ODnanl1 PGOC3 ServeLink()
2023/06/07 22:51:57 [TRACE] l1AMxnlQg8V4Ys4ODnanl1 PGOC3 Redirect()
2023/06/07 22:51:57 [TRACE] l1AMxnlQg8V4Ys4ODnanl1 PGOC3 GET 리다이렉트
2023/06/07 22:51:57 [TRACE] l1AMxnlQg8V4Ys4ODnanl1 /PGOC3 컨텍스트저장 UKey:'PGOC3'
2023/06/07 23:14:04 [TRACE] arwZwaZ1zOI3B58jcZfqwk /link/get 컨텍스트저장 UKey:''
2023/06/07 23:14:04 [TRACE] kLaipgHQ09f6dyGZ17BOAg /link/get 컨텍스트저장 UKey:''
2023/06/07 23:14:49 [TRACE] dpxD2HHe0q7gP0EUJMsDlh /link/get 컨텍스트저장 UKey:''
2023/06/07 23:14:49 [TRACE] 4dZxjgAKeeikABQXCwnCFO /link/get 컨텍스트저장 UKey:''
2023/06/07 23:16:34 [TRACE] 9hwUospQdJn2Gsby0Vclk7 /link/get 컨텍스트저장 UKey:''
2023/06/07 23:16:34 [TRACE] 9Q75UNuP6To8LKy5mZ6l3s /link/get 컨텍스트저장 UKey:''
2023/06/07 23:21:47 [TRACE] kspNw2J5YCxlKei2PzQHbU /link/get 컨텍스트저장 UKey:''
2023/06/07 23:21:54 [TRACE] eizZvr0VyX2cNhtUtN7uQn /link/get 컨텍스트저장 UKey:''
2023/06/07 23:21:54 [TRACE] 5W1kiTQ23xIdt8BQaLqIl /link/get 컨텍스트저장 UKey:''
2023/06/07 23:23:47 [TRACE] ciMYHqQL0nN2kuJoJCeyMT /link/get 컨텍스트저장 UKey:''
2023/06/07 23:23:47 [TRACE] 5x5pHR6y2HV1pO85TnEMcl /link/get 컨텍스트저장 UKey:''
2023/06/07 23:24:02 [TRACE] btl0j3oAj97bilsPrXGDzk /link/get 컨텍스트저장 UKey:''
2023/06/07 23:36:31 [TRACE] 1AbMRs7fl1l6KJLafGI9NI /link/get 컨텍스트저장 UKey:''
2023/06/07 23:36:36 [TRACE] 6y1jYvEWhTj4TUS6wdHjE0 /link/get 컨텍스트저장 UKey:''
2023/06/07 23:36:36 [TRACE] hfYD8fDhsGMLXtvezCgM2 /link/get 컨텍스트저장 UKey:''
2023/06/07 23:36:39 [TRACE] j8n4scNrFCw31JW2UO6fbu /link/get 컨텍스트저장 UKey:''
2023/06/07 23:36:39 [TRACE] aB0zcJI6KZjlnJdSW9xqVq /link/get 컨텍스트저장 UKey:''
2023/06/07 23:37:27 [TRACE] aqASuYKRwsJ1OxJGEMxQVT /link/get 컨텍스트저장 UKey:''
2023/06/07 23:37:54 [TRACE] d3VfQ2booxy3GM7HhGxw2G /link/get 컨텍스트저장 UKey:''
2023/06/07 23:45:15 [TRACE] lhNgJUPl5P01hHlmMZY7x9 /link/get 컨텍스트저장 UKey:''
2023/06/07 23:45:15 [TRACE] ajXBsKB56BH57oo4WPhpjT /link/get 컨텍스트저장 UKey:''
2023/06/07 23:45:21 [TRACE] crkLdTz3m6wcXY5lCxjvk2 /link/get 컨텍스트저장 UKey:''
2023/06/07 23:45:21 [TRACE] dunwr4OOTAxf479E5XygjH /link/get 컨텍스트저장 UKey:''
