2023/07/13 09:13:20 [TRACE] azqhDOlOTVy1X93qFCGdSH /link/get 컨텍스트저장 UKey:'vq5B0'
2023/07/13 09:21:12 [TRACE] dJzY95ukTmQ8ZGglZ8FRFY /link/get 컨텍스트저장 UKey:'vq5B0'
2023/07/13 14:04:11 [TRACE] fIYwAX366HD5822zdTMqTL /link/get 컨텍스트저장 UKey:'lhDsr'
2023/07/13 14:04:17 [TRACE] 9XuUhNGIpCtcz5pSZwFOWo /link/get 컨텍스트저장 UKey:'vq5B0'
2023/07/13 14:04:47 [TRACE] 4XZOVVsCX0B60p8m8EvFY8 /link/get 컨텍스트저장 UKey:'vq5B0'
2023/07/13 14:04:52 [TRACE] 3bLALvwvmd94seMps5w2nt /link/get 컨텍스트저장 UKey:'vq5B0'
2023/07/13 14:04:55 [TRACE] 2lUJU0lKgnTiPiI3Ohrm1h /link/get 컨텍스트저장 UKey:'vq5B0'
2023/07/13 14:05:25 [TRACE] 3O4so7aVjg1h8BZxqJ0mDy /link/get 컨텍스트저장 UKey:'vq5B0'
2023/07/13 14:05:32 [TRACE] f4amUmZddyPhOwkoKl3HlU /link/get 컨텍스트저장 UKey:'vq5B0'
2023/07/13 14:05:43 [TRACE] 9dhLPQwG8LQfx7Jz1y6Lbi /link/get 컨텍스트저장 UKey:'vq5B0'
2023/07/13 14:05:55 [TRACE] 1ZQmWxqeHPb3iRcoLNuWK1 /link/get 컨텍스트저장 UKey:'vq5B0'
2023/07/13 14:06:24 [TRACE] 712ZTH2vk6bjO2bfKH3ttf /link/get 컨텍스트저장 UKey:'vq5B0'
2023/07/13 14:06:40 [TRACE] 1hxw0iuDNLNg0zagdsqKrw /link/get 컨텍스트저장 UKey:'vq5B0'
2023/07/13 14:06:49 [TRACE] hfDHn4u5GWw4cwxhx4qEPs /link/get 컨텍스트저장 UKey:'vq5B0'
2023/07/13 14:07:23 [TRACE] bBnl2mRcc2S4JmwgvAqq9o /link/get 컨텍스트저장 UKey:'vq5B0'
2023/07/13 14:07:29 [TRACE] cWzdogBU7WU56JWsVSSRZV /link/get 컨텍스트저장 UKey:'vq5B0'
2023/07/13 14:09:38 [TRACE] gXrFxByTJ7gj8K9CBy8ZA1 /link/get 컨텍스트저장 UKey:'vq5B0'
2023/07/13 14:09:46 [TRACE] admgLnRhfh54Jq5wWoU9m3 /link/get 컨텍스트저장 UKey:'vq5B0'
2023/07/13 14:14:09 [TRACE] 4qvTMyfKMPzfH09N0kevnJ /link/get 컨텍스트저장 UKey:'vq5B0'
2023/07/13 14:15:06 [TRACE] 9FKfkv0dY9duXcnvii2e6 /link/get 컨텍스트저장 UKey:'vq5B0'
2023/07/13 14:17:03 [TRACE] 7TbBKD9HU8GlWoMHlR8i2L /link/get 컨텍스트저장 UKey:'vq5B0'
2023/07/13 14:17:27 [TRACE] dpn2iHtqmPGjiIOUIYlNAi /link/get 컨텍스트저장 UKey:'vq5B0'
2023/07/13 14:17:30 [TRACE] kXbR6tFQBAng5XOtT0oVlN /link/get 컨텍스트저장 UKey:'vq5B0'
2023/07/13 14:18:15 [TRACE] 97rtdgUFxWV5ztzlnPugxS /link/get 컨텍스트저장 UKey:'vq5B0'
2023/07/13 14:18:38 [TRACE] 3V3aARawKBS2arM81WgmEj /link/get 컨텍스트저장 UKey:'vq5B0'
2023/07/13 14:22:12 [TRACE] 834Gj9R1vHO9xBjJFo9IM2 /link/get 컨텍스트저장 UKey:'vq5B0'
2023/07/13 14:22:51 [TRACE] 7g0LWdLtlYUgzs1D4GbsNZ /link/get 컨텍스트저장 UKey:'vq5B0'
2023/07/13 14:24:16 [TRACE] 3cAXHoGNGnKdyQ48WRDOLg /link/get 컨텍스트저장 UKey:'vq5B0'
2023/07/13 14:24:54 [TRACE] lnZvFhIDro05mrPqU6PuHa /link/get 컨텍스트저장 UKey:'vq5B0'
2023/07/13 14:25:01 [TRACE] fFpjIMaE6u1bG0o1kJC8bJ /link/get 컨텍스트저장 UKey:'vq5B0'
2023/07/13 14:26:45 [TRACE] 3p6XSQ26N56lBehrv3EAQk /link/get 컨텍스트저장 UKey:'vq5B0'
2023/07/13 14:27:42 [TRACE] jtxdvMivpey6frJX7Bc3m8 /link/get 컨텍스트저장 UKey:'vq5B0'
2023/07/13 14:27:53 [TRACE] jvcy3lFjJbj2nqBVUw7yB5 /link/get 컨텍스트저장 UKey:'vq5B0'
2023/07/13 14:31:00 [TRACE] 1VDWTdUAEGfhfQjlN3Sf7Q /link/get 컨텍스트저장 UKey:'vq5B0'
2023/07/13 14:31:16 [TRACE] 42pXx0JNzgj9FpqZiU9Ze /link/get 컨텍스트저장 UKey:'vq5B0'
2023/07/13 16:21:58 [TRACE] 386TWa4B1fmiXSOZvRZf1m /link/get 컨텍스트저장 UKey:'vq5B0'
2023/07/13 16:22:43 [TRACE] 1F6fKVqKx0U3dSudcRRFdv /link/get 컨텍스트저장 UKey:'vq5B0'
2023/07/13 16:22:50 [TRACE] ambAsFkEKhX3IQCcz9WPRV /link/get 컨텍스트저장 UKey:'vq5B0'
2023/07/13 16:22:56 [TRACE] 2Q9RDx3NXTu9DopYzipYQB /link/get 컨텍스트저장 UKey:'vq5B0'
2023/07/13 16:23:36 [TRACE] 5Ze3E4k2RS8hHwxDDpKpei /link/get 컨텍스트저장 UKey:'vq5B0'
2023/07/13 16:23:49 [TRACE] 9pOqFXDychmhY9xpaFQK1y /link/get 컨텍스트저장 UKey:'vq5B0'
2023/07/13 16:23:58 [TRACE] 1vgbOVypuY4eXSBHZrxkOj /link/get 컨텍스트저장 UKey:'vq5B0'
2023/07/13 16:24:29 [TRACE] 7t4XxxlQ4INldvcZI49ubx /link/get 컨텍스트저장 UKey:'vq5B0'
2023/07/13 16:24:43 [TRACE] 6v48vuFQTqSjwCj7lQ5QyZ /link/get 컨텍스트저장 UKey:'vq5B0'
2023/07/13 16:24:47 [TRACE] keyIdY4yOfw2VUVSPoLT9K /link/get 컨텍스트저장 UKey:'vq5B0'
2023/07/13 16:24:50 [TRACE] fr33nirZqTAlxZjIUgSwVg /link/get 컨텍스트저장 UKey:'vq5B0'
2023/07/13 16:24:57 [TRACE] oRYqMSPWGD7ns8TE8El1q /link/get 컨텍스트저장 UKey:'vq5B0'
2023/07/13 16:25:02 [TRACE] l82U2C3xJdtiuuR906mCHc /link/get 컨텍스트저장 UKey:'vq5B0'
2023/07/13 16:25:07 [TRACE] fuwY4aC9A4HchnYtInxXlv /link/get 컨텍스트저장 UKey:'vq5B0'
2023/07/13 16:25:51 [TRACE] 4aX8QpMhFYD866Z3RvOks9 /link/get 컨텍스트저장 UKey:'vq5B0'
2023/07/13 16:26:02 [TRACE] 1CqnMqOVmtI6zCBxrMwZLN /link/get 컨텍스트저장 UKey:'vq5B0'
2023/07/13 16:26:05 [TRACE] jkosgpEifOIgaZhiR6Oz6x /link/get 컨텍스트저장 UKey:'vq5B0'
2023/07/13 16:27:40 [TRACE] aOlAnyH89s6iZHd1ZuNUQV /link/get 컨텍스트저장 UKey:'vq5B0'
2023/07/13 16:28:14 [TRACE] 4cjB5J4lbWT83gMceorEnE /link/get 컨텍스트저장 UKey:'vq5B0'
2023/07/13 16:35:58 [TRACE] dMSWYmgodRaixFIsWL3CWG /link/get 컨텍스트저장 UKey:'vq5B0'
2023/07/13 16:36:12 [TRACE] h3ONx6gP0uKbLz20IkE96m /link/get 컨텍스트저장 UKey:'vq5B0'
2023/07/13 16:36:18 [TRACE] 6qY6wvbtDn94t3W38uMiAP /link/get 컨텍스트저장 UKey:'vq5B0'
2023/07/13 16:37:08 [TRACE] g58jWEenLLW3NPDprCTtl6 /link/get 컨텍스트저장 UKey:'vq5B0'
2023/07/13 16:48:23 [TRACE] 58jhn4C4I69lB2ketb7wVv /link/get 컨텍스트저장 UKey:'vq5B0'
