2023/07/24 09:20:51 [TRACE] 5F3ysz4PZCVe16MC4Y5Cg4 /link/get 컨텍스트저장 UKey:'kgPZ6'
2023/07/24 09:25:04 [TRACE] 3GtZFPZU231jSPLeUFEqHX /link/get 컨텍스트저장 UKey:'snzBi'
2023/07/24 09:26:41 [TRACE] bYJldmFkkP13v4mSHbm1BE /link/get 컨텍스트저장 UKey:'okcKc'
2023/07/24 09:29:07 [TRACE] eel1mLj7vl73550oCSumG5 /link/get 컨텍스트저장 UKey:'okcKc'
2023/07/24 09:29:11 [TRACE] 6yoLsFUhBkN4xnMc32sMOH /link/get 컨텍스트저장 UKey:'okcKc'
2023/07/24 09:33:18 [TRACE] 3I5YNEmGxJe4MQhu8q92bE /link/get 컨텍스트저장 UKey:'okcKc'
2023/07/24 09:33:27 [TRACE] cWEiJPHDW9CXgMR6iBAJi /link/get 컨텍스트저장 UKey:'okcKc'
2023/07/24 09:42:18 [TRACE] kEeuBCpxOIxfthaPsQJZ2r /link/get 컨텍스트저장 UKey:'snzBi'
2023/07/24 09:49:53 [TRACE] hp8mjPFI2ieURj05Is3m2 /link/get 컨텍스트저장 UKey:'tramsfer'
2023/07/24 09:50:33 [TRACE] iMe6jNEAAt7iqJ8muoc8W8 /link/get 컨텍스트저장 UKey:'tramsfer'
2023/07/24 09:51:05 [TRACE] dUI2hy0z8CZsVOW9ENna4 /link/get 컨텍스트저장 UKey:'tramsfer'
2023/07/24 09:54:40 [TRACE] 25mnaXX77Sw3eiWGrvaHXm /link/get 컨텍스트저장 UKey:'snzBi'
2023/07/24 10:00:51 [TRACE] 44Hp3wnEP2C9QDlioYAT9m /link/get 컨텍스트저장 UKey:'snzBi'
2023/07/24 10:14:11 [TRACE] eNAbp2Zgi8V6iHdJ9G1eKG /link/get 컨텍스트저장 UKey:'snzBi'
2023/07/24 10:44:17 [TRACE] e6eAmKlgxF7dsLYEURZ5ra /link/get 컨텍스트저장 UKey:'snzBi'
2023/07/24 10:54:34 [TRACE] 6KBUSN1Mi2ugokqxmc8MiR /link/get 컨텍스트저장 UKey:'snzBi'
2023/07/24 11:24:10 [TRACE] khBXDzZGyrOiGdAodH4U95 /link/get 컨텍스트저장 UKey:'snzBi'
2023/07/24 11:31:12 [TRACE] kjWvLZTZMOrllZQHZTU6Xy /link/get 컨텍스트저장 UKey:'snzBi'
2023/07/24 11:36:32 [TRACE] gVPnVAXasFdfXU2JEZ649A /link/get 컨텍스트저장 UKey:'snzBi'
2023/07/24 13:02:29 [TRACE] 3Q3ITv68eboeDUJeZNigVe ----------------------------------------------------
2023/07/24 13:02:29 [TRACE] 3Q3ITv68eboeDUJeZNigVe /upbCE 토큰생성: 6b3c4167-b8ab-49e8-848b-d979e4220c69
2023/07/24 13:02:29 [TRACE] 3Q3ITv68eboeDUJeZNigVe 2024-06-07 00:00:00 +0700 +07
2023/07/24 13:02:29 [TRACE] 3Q3ITv68eboeDUJeZNigVe ub.urlybud.aqua.castis.io 라이선스 정상
2023/07/24 13:02:29 [TRACE] 3Q3ITv68eboeDUJeZNigVe upbCE CheckExists()
2023/07/24 13:02:29 [TRACE] 3Q3ITv68eboeDUJeZNigVe upbCE CheckSecureLink()
2023/07/24 13:02:29 [TRACE] 3Q3ITv68eboeDUJeZNigVe upbCE CheckCount()
2023/07/24 13:02:29 [TRACE] 3Q3ITv68eboeDUJeZNigVe upbCE CheckExpire()
2023/07/24 13:02:29 [TRACE] 3Q3ITv68eboeDUJeZNigVe upbCE CheckAuth()
2023/07/24 13:02:29 [TRACE] 3Q3ITv68eboeDUJeZNigVe upbCE ServeLink()
2023/07/24 13:02:29 [TRACE] 3Q3ITv68eboeDUJeZNigVe upbCE Redirect()
2023/07/24 13:02:29 [TRACE] 3Q3ITv68eboeDUJeZNigVe upbCE GET 리다이렉트
2023/07/24 13:02:29 [TRACE] 3Q3ITv68eboeDUJeZNigVe /upbCE 컨텍스트저장 UKey:'upbCE'
2023/07/24 13:02:29 [TRACE] lDy5v1XeTIbcIV70b2fYgg ----------------------------------------------------
2023/07/24 13:02:29 [TRACE] lDy5v1XeTIbcIV70b2fYgg /AudWc 토큰생성: a36e41df-30cc-4343-bbfe-3a3ff2e9664f
2023/07/24 13:02:29 [TRACE] lDy5v1XeTIbcIV70b2fYgg 2024-06-07 00:00:00 +0700 +07
2023/07/24 13:02:29 [TRACE] lDy5v1XeTIbcIV70b2fYgg ub.urlybud.aqua.castis.io 라이선스 정상
2023/07/24 13:02:29 [TRACE] lDy5v1XeTIbcIV70b2fYgg AudWc CheckExists()
2023/07/24 13:02:29 [TRACE] lDy5v1XeTIbcIV70b2fYgg AudWc CheckSecureLink()
2023/07/24 13:02:29 [TRACE] lDy5v1XeTIbcIV70b2fYgg AudWc CheckCount()
2023/07/24 13:02:29 [TRACE] lDy5v1XeTIbcIV70b2fYgg AudWc CheckExpire()
2023/07/24 13:02:29 [TRACE] lDy5v1XeTIbcIV70b2fYgg AudWc CheckAuth()
2023/07/24 13:02:29 [TRACE] lDy5v1XeTIbcIV70b2fYgg AudWc ServeLink()
2023/07/24 13:02:29 [TRACE] lDy5v1XeTIbcIV70b2fYgg AudWc Redirect()
2023/07/24 13:02:29 [TRACE] 60Shaum9ISckUcEQVqNCxS ----------------------------------------------------
2023/07/24 13:02:29 [TRACE] 60Shaum9ISckUcEQVqNCxS /MEizu 토큰생성: f3765491-1e83-4f6f-91d1-01f935706234
2023/07/24 13:02:29 [TRACE] 60Shaum9ISckUcEQVqNCxS 2024-06-07 00:00:00 +0700 +07
2023/07/24 13:02:29 [TRACE] 60Shaum9ISckUcEQVqNCxS ub.urlybud.aqua.castis.io 라이선스 정상
2023/07/24 13:02:29 [TRACE] 60Shaum9ISckUcEQVqNCxS MEizu CheckExists()
2023/07/24 13:02:29 [TRACE] lDy5v1XeTIbcIV70b2fYgg AudWc GET 리다이렉트
2023/07/24 13:02:29 [TRACE] lDy5v1XeTIbcIV70b2fYgg /AudWc 컨텍스트저장 UKey:'AudWc'
2023/07/24 13:02:29 [TRACE] 60Shaum9ISckUcEQVqNCxS MEizu CheckSecureLink()
2023/07/24 13:02:29 [TRACE] 60Shaum9ISckUcEQVqNCxS MEizu CheckCount()
2023/07/24 13:02:29 [TRACE] 60Shaum9ISckUcEQVqNCxS MEizu CheckExpire()
2023/07/24 13:02:29 [TRACE] 60Shaum9ISckUcEQVqNCxS MEizu CheckAuth()
2023/07/24 13:02:29 [TRACE] 60Shaum9ISckUcEQVqNCxS MEizu ServeLink()
2023/07/24 13:02:29 [TRACE] 60Shaum9ISckUcEQVqNCxS MEizu Redirect()
2023/07/24 13:02:29 [TRACE] 60Shaum9ISckUcEQVqNCxS MEizu GET 리다이렉트
2023/07/24 13:02:29 [TRACE] 60Shaum9ISckUcEQVqNCxS /MEizu 컨텍스트저장 UKey:'MEizu'
2023/07/24 13:02:29 [TRACE] a24pvMyQb8w6TWULcYEgZj ----------------------------------------------------
2023/07/24 13:02:29 [TRACE] a24pvMyQb8w6TWULcYEgZj / 토큰생성: 726c9b71-611e-490c-ba25-71fa3c2e3e1e
2023/07/24 13:02:29 [TRACE] a24pvMyQb8w6TWULcYEgZj 2024-06-07 00:00:00 +0700 +07
2023/07/24 13:02:29 [TRACE] a24pvMyQb8w6TWULcYEgZj ub.urlybud.aqua.castis.io 라이선스 정상
2023/07/24 13:02:29 [TRACE] a24pvMyQb8w6TWULcYEgZj / CheckExists()
2023/07/24 13:02:29 [TRACE] a24pvMyQb8w6TWULcYEgZj / 링크를 찾을 수 없음
2023/07/24 13:02:29 [TRACE] a24pvMyQb8w6TWULcYEgZj ExpectedError() Code:B404 Param:[]
2023/07/24 13:02:29 [TRACE] a24pvMyQb8w6TWULcYEgZj / 컨텍스트저장 UKey:'/'
2023/07/24 13:02:34 [TRACE] jfhUwnBrxNLkpdN9JoMPcz ----------------------------------------------------
2023/07/24 13:02:34 [TRACE] jfhUwnBrxNLkpdN9JoMPcz / 토큰생성: 38239d7b-b490-45d1-9eea-a68f3f184992
2023/07/24 13:02:34 [TRACE] jfhUwnBrxNLkpdN9JoMPcz 2024-06-07 00:00:00 +0700 +07
2023/07/24 13:02:34 [TRACE] jfhUwnBrxNLkpdN9JoMPcz ub.urlybud.aqua.castis.io 라이선스 정상
2023/07/24 13:02:34 [TRACE] jfhUwnBrxNLkpdN9JoMPcz / CheckExists()
2023/07/24 13:02:34 [TRACE] jfhUwnBrxNLkpdN9JoMPcz / 링크를 찾을 수 없음
2023/07/24 13:02:34 [TRACE] jfhUwnBrxNLkpdN9JoMPcz ExpectedError() Code:B404 Param:[]
2023/07/24 13:02:34 [TRACE] jfhUwnBrxNLkpdN9JoMPcz / 컨텍스트저장 UKey:'/'
2023/07/24 13:02:47 [TRACE] ivq0uDMt7qR9PRAkjQSHW /link/get 컨텍스트저장 UKey:'upbCE'
2023/07/24 14:12:43 [TRACE] 9S2JluvIiAqlvjYKsZ9GpX /link/get 컨텍스트저장 UKey:'snzBi'
2023/07/24 14:36:28 [TRACE] jctjbJHTvoufoa8zrbkw3S ----------------------------------------------------
2023/07/24 14:36:28 [TRACE] jctjbJHTvoufoa8zrbkw3S / 토큰생성: e3d7f66a-daac-4a3b-94dd-d3b322f5cefe
2023/07/24 14:36:28 [TRACE] jctjbJHTvoufoa8zrbkw3S 2024-06-07 00:00:00 +0700 +07
2023/07/24 14:36:28 [TRACE] jctjbJHTvoufoa8zrbkw3S ub.urlybud.aqua.castis.io 라이선스 정상
2023/07/24 14:36:28 [TRACE] jctjbJHTvoufoa8zrbkw3S / CheckExists()
2023/07/24 14:36:28 [TRACE] jctjbJHTvoufoa8zrbkw3S / 링크를 찾을 수 없음
2023/07/24 14:36:28 [TRACE] jctjbJHTvoufoa8zrbkw3S ExpectedError() Code:B404 Param:[]
2023/07/24 14:36:28 [TRACE] jctjbJHTvoufoa8zrbkw3S / 컨텍스트저장 UKey:'/'
2023/07/24 14:36:28 [TRACE] 9vApeLGmf4wcBolAnGYKOq ----------------------------------------------------
2023/07/24 14:36:28 [TRACE] 9vApeLGmf4wcBolAnGYKOq /AudWc 토큰생성: e30e1192-df5f-4d9d-b7a7-d26d058e3a15
2023/07/24 14:36:28 [TRACE] 9vApeLGmf4wcBolAnGYKOq 2024-06-07 00:00:00 +0700 +07
2023/07/24 14:36:28 [TRACE] 9vApeLGmf4wcBolAnGYKOq ub.urlybud.aqua.castis.io 라이선스 정상
2023/07/24 14:36:28 [TRACE] 9vApeLGmf4wcBolAnGYKOq AudWc CheckExists()
2023/07/24 14:36:28 [TRACE] 9vApeLGmf4wcBolAnGYKOq AudWc CheckSecureLink()
2023/07/24 14:36:28 [TRACE] 9vApeLGmf4wcBolAnGYKOq AudWc CheckCount()
2023/07/24 14:36:28 [TRACE] 9vApeLGmf4wcBolAnGYKOq AudWc CheckExpire()
2023/07/24 14:36:28 [TRACE] 9vApeLGmf4wcBolAnGYKOq AudWc CheckAuth()
2023/07/24 14:36:28 [TRACE] 9vApeLGmf4wcBolAnGYKOq AudWc ServeLink()
2023/07/24 14:36:28 [TRACE] 9vApeLGmf4wcBolAnGYKOq AudWc Redirect()
2023/07/24 14:36:28 [TRACE] 9vApeLGmf4wcBolAnGYKOq AudWc GET 리다이렉트
2023/07/24 14:36:28 [TRACE] 9vApeLGmf4wcBolAnGYKOq /AudWc 컨텍스트저장 UKey:'AudWc'
2023/07/24 14:36:29 [TRACE] a9uDwin9NyP9DnOOqNH2zO ----------------------------------------------------
2023/07/24 14:36:29 [TRACE] a9uDwin9NyP9DnOOqNH2zO /MEizu 토큰생성: 1722dd9f-15a3-4ab1-b905-e267098b2683
2023/07/24 14:36:29 [TRACE] a9uDwin9NyP9DnOOqNH2zO 2024-06-07 00:00:00 +0700 +07
2023/07/24 14:36:29 [TRACE] a9uDwin9NyP9DnOOqNH2zO ub.urlybud.aqua.castis.io 라이선스 정상
2023/07/24 14:36:29 [TRACE] a9uDwin9NyP9DnOOqNH2zO MEizu CheckExists()
2023/07/24 14:36:29 [TRACE] a9uDwin9NyP9DnOOqNH2zO MEizu CheckSecureLink()
2023/07/24 14:36:29 [TRACE] a9uDwin9NyP9DnOOqNH2zO MEizu CheckCount()
2023/07/24 14:36:29 [TRACE] a9uDwin9NyP9DnOOqNH2zO MEizu CheckExpire()
2023/07/24 14:36:29 [TRACE] a9uDwin9NyP9DnOOqNH2zO MEizu CheckAuth()
2023/07/24 14:36:29 [TRACE] a9uDwin9NyP9DnOOqNH2zO MEizu ServeLink()
2023/07/24 14:36:29 [TRACE] a9uDwin9NyP9DnOOqNH2zO MEizu Redirect()
2023/07/24 14:36:29 [TRACE] a9uDwin9NyP9DnOOqNH2zO MEizu GET 리다이렉트
2023/07/24 14:36:29 [TRACE] a9uDwin9NyP9DnOOqNH2zO /MEizu 컨텍스트저장 UKey:'MEizu'
2023/07/24 14:36:29 [TRACE] 4DME7uId692bpMZ9oO4YMq ----------------------------------------------------
2023/07/24 14:36:29 [TRACE] 4DME7uId692bpMZ9oO4YMq /upbCE 토큰생성: 94637b8a-e97d-4a41-817c-cafeb6f1de0d
2023/07/24 14:36:29 [TRACE] 4DME7uId692bpMZ9oO4YMq 2024-06-07 00:00:00 +0700 +07
2023/07/24 14:36:29 [TRACE] 4DME7uId692bpMZ9oO4YMq ub.urlybud.aqua.castis.io 라이선스 정상
2023/07/24 14:36:29 [TRACE] 4DME7uId692bpMZ9oO4YMq upbCE CheckExists()
2023/07/24 14:36:29 [TRACE] 4DME7uId692bpMZ9oO4YMq upbCE CheckSecureLink()
2023/07/24 14:36:29 [TRACE] 4DME7uId692bpMZ9oO4YMq upbCE CheckCount()
2023/07/24 14:36:29 [TRACE] 4DME7uId692bpMZ9oO4YMq upbCE CheckExpire()
2023/07/24 14:36:29 [TRACE] 4DME7uId692bpMZ9oO4YMq upbCE CheckAuth()
2023/07/24 14:36:29 [TRACE] 4DME7uId692bpMZ9oO4YMq upbCE ServeLink()
2023/07/24 14:36:29 [TRACE] 4DME7uId692bpMZ9oO4YMq upbCE Redirect()
2023/07/24 14:36:29 [TRACE] 4DME7uId692bpMZ9oO4YMq upbCE GET 리다이렉트
2023/07/24 14:36:29 [TRACE] 4DME7uId692bpMZ9oO4YMq /upbCE 컨텍스트저장 UKey:'upbCE'
2023/07/24 14:36:34 [TRACE] hl5I0vroeGz62Ti0EkuRmV ----------------------------------------------------
2023/07/24 14:36:34 [TRACE] hl5I0vroeGz62Ti0EkuRmV / 토큰생성: d8c71991-16ab-4475-b416-a9afe4b47533
2023/07/24 14:36:34 [TRACE] hl5I0vroeGz62Ti0EkuRmV 2024-06-07 00:00:00 +0700 +07
2023/07/24 14:36:34 [TRACE] hl5I0vroeGz62Ti0EkuRmV ub.urlybud.aqua.castis.io 라이선스 정상
2023/07/24 14:36:34 [TRACE] hl5I0vroeGz62Ti0EkuRmV / CheckExists()
2023/07/24 14:36:34 [TRACE] hl5I0vroeGz62Ti0EkuRmV / 링크를 찾을 수 없음
2023/07/24 14:36:34 [TRACE] hl5I0vroeGz62Ti0EkuRmV ExpectedError() Code:B404 Param:[]
2023/07/24 14:36:34 [TRACE] hl5I0vroeGz62Ti0EkuRmV / 컨텍스트저장 UKey:'/'
2023/07/24 15:51:31 [TRACE] jxYDrWfFDUr5GGA5qcUdIW /link/get 컨텍스트저장 UKey:'snzBi'
2023/07/24 16:13:51 [TRACE] 2z176NYwwLIea4Yt0qCK6f /link/get 컨텍스트저장 UKey:'snzBi'
