2023/07/27 09:27:57 [TRACE] elSOJVMe1mTg9KOTwCnrK0 ----------------------------------------------------
2023/07/27 09:27:57 [TRACE] elSOJVMe1mTg9KOTwCnrK0 /SJs7Y 토큰생성: 93ffeaa6-f62c-445a-b7f6-9b9aa228e74a
2023/07/27 09:27:57 [TRACE] elSOJVMe1mTg9KOTwCnrK0 2024-06-07 00:00:00 +0700 +07
2023/07/27 09:27:57 [TRACE] elSOJVMe1mTg9KOTwCnrK0 ub.urlybud.aqua.castis.io 라이선스 정상
2023/07/27 09:27:57 [TRACE] elSOJVMe1mTg9KOTwCnrK0 SJs7Y CheckExists()
2023/07/27 09:27:57 [TRACE] elSOJVMe1mTg9KOTwCnrK0 SJs7Y CheckSecureLink()
2023/07/27 09:27:57 [TRACE] elSOJVMe1mTg9KOTwCnrK0 SJs7Y CheckCount()
2023/07/27 09:27:57 [TRACE] elSOJVMe1mTg9KOTwCnrK0 SJs7Y CheckExpire()
2023/07/27 09:27:57 [TRACE] elSOJVMe1mTg9KOTwCnrK0 SJs7Y CheckAuth()
2023/07/27 09:27:57 [TRACE] elSOJVMe1mTg9KOTwCnrK0 SJs7Y ServeLink()
2023/07/27 09:27:57 [TRACE] elSOJVMe1mTg9KOTwCnrK0 SJs7Y Redirect()
2023/07/27 09:27:57 [TRACE] elSOJVMe1mTg9KOTwCnrK0 SJs7Y GET 리다이렉트
2023/07/27 09:27:57 [TRACE] elSOJVMe1mTg9KOTwCnrK0 /SJs7Y 컨텍스트저장 UKey:'SJs7Y'
2023/07/27 09:28:01 [TRACE] 6XMWOc7SA62c9mnnV8vjS0 /link/get 컨텍스트저장 UKey:'SJs7Y'
2023/07/27 10:45:11 [TRACE] dFKcpFEtL1MirJwL0YIlAh /link/get 컨텍스트저장 UKey:'86JAI'
2023/07/27 10:45:18 [TRACE] 7U7TTeoAuwx9d6KynBA4m5 /link/get 컨텍스트저장 UKey:'86JAI'
2023/07/27 10:45:24 [TRACE] 2aCmjZFphck5ejaqL4TLnf /link/get 컨텍스트저장 UKey:'86JAI'
2023/07/27 10:45:34 [TRACE] fsbZHvzWcBkdzPTjGI9jsp /link/get 컨텍스트저장 UKey:'Bv9iX'
2023/07/27 10:48:41 [TRACE] iN6TUlpqmbobyd2gdJdzY4 /link/get 컨텍스트저장 UKey:'Bv9iX'
2023/07/27 10:49:56 [TRACE] lEh3yLAnRq8eimHzWXPhaW /link/get 컨텍스트저장 UKey:'Bv9iX'
2023/07/27 10:50:37 [TRACE] keBOCwdjg4KfiVvCwj8ggJ /link/get 컨텍스트저장 UKey:'Bv9iX'
2023/07/27 10:51:37 [TRACE] lDGw5a37ZzYlco3sDl8GjJ /link/get 컨텍스트저장 UKey:'Bv9iX'
2023/07/27 10:59:19 [TRACE] a102lZepxz3fec64CY5KSZ /link/get 컨텍스트저장 UKey:'Bv9iX'
2023/07/27 11:04:12 [TRACE] fodox3bN6f86KoUsjh1kaw /link/get 컨텍스트저장 UKey:'Bv9iX'
2023/07/27 11:30:33 [TRACE] 2T2Kly5mLXl2l6EKurF5av /link/set 컨텍스트저장 UKey:'daWBs'
2023/07/27 12:05:26 [TRACE] 7zfEfkSWU8Q6FSaA9YpCZ /link/get 컨텍스트저장 UKey:'Bv9iX'
2023/07/27 13:44:43 [TRACE] gPoCmHJEAjfjp0ORAsWceW /link/get 컨텍스트저장 UKey:'Bv9iX'
2023/07/27 13:44:47 [TRACE] cafCfMnP4GAgOU46M2pza2 /link/get 컨텍스트저장 UKey:'Bv9iX'
2023/07/27 16:56:01 [TRACE] gL987Qz4aHy6OItwHYVCzW /link/get 컨텍스트저장 UKey:'Bv9iX'
