2023/06/22 09:30:45 [TRACE] X4Mfa4kYxpd0L7SqMPTAf /link/get 컨텍스트저장 UKey:'lhDsr'
2023/06/22 09:30:45 [TRACE] hb81Uw8CRuN8ARwCT4CwQq /link/get 컨텍스트저장 UKey:'lhDsr'
2023/06/22 09:32:11 [TRACE] 9SUf18y3u8N4vxb3vul1bL /link/get 컨텍스트저장 UKey:'pkZKt'
2023/06/22 09:32:30 [TRACE] 32enfyfoBb29PydaGdOy7J /link/get 컨텍스트저장 UKey:'TKbKq'
2023/06/22 09:32:36 [TRACE] iEBi9d2vNgLcWQmcpOdPys /link/get 컨텍스트저장 UKey:'lhDsr'
2023/06/22 09:32:36 [TRACE] aA1A9SvaawI4UpCB2Hv4kx /link/get 컨텍스트저장 UKey:'lhDsr'
2023/06/22 09:32:40 [TRACE] keNqsRP8BLH8bjsUVDEqwu /link/get 컨텍스트저장 UKey:'lhDsr'
2023/06/22 09:32:40 [TRACE] l2A5ffhr8PzcaXa3svRN4l /link/get 컨텍스트저장 UKey:'lhDsr'
2023/06/22 09:32:41 [TRACE] iabuNnEfj8jnvantqeyET /link/get 컨텍스트저장 UKey:'AueDa'
2023/06/22 09:32:43 [TRACE] iLz9ZstQj7veEExTiydDVz /link/get 컨텍스트저장 UKey:'TKbKq'
2023/06/22 09:32:43 [TRACE] 9iwjToausWC1qoU2wCXVTc /link/get 컨텍스트저장 UKey:'TKbKq'
2023/06/22 09:33:09 [TRACE] 6eL0CT3WfKeiKM87ZuitmX /link/get 컨텍스트저장 UKey:'AueDa'
2023/06/22 09:33:18 [TRACE] gsXSY8uZFQI6IjuVrZNb8w /link/get 컨텍스트저장 UKey:'TKbKq'
2023/06/22 09:33:20 [TRACE] 20ZQoSkSt9A7F7p1kOq0qx /link/get 컨텍스트저장 UKey:'TKbKq'
2023/06/22 09:59:44 [TRACE] l21K4Pg13fTfhpIqgEAfl3 /link/get 컨텍스트저장 UKey:'TKbKq'
2023/06/22 10:00:53 [TRACE] dVQLJCEOmUPlS4MukWCo6d /link/get 컨텍스트저장 UKey:'TKbKq'
2023/06/22 10:01:11 [TRACE] 1UW5qkwNO2Hj7KhprIZFvb /link/get 컨텍스트저장 UKey:'TKbKq'
2023/06/22 10:01:51 [TRACE] jyj0SCO049T5mwZ0EzB4OG /link/get 컨텍스트저장 UKey:'TKbKq'
2023/06/22 10:05:37 [TRACE] dFc9saQSGLKi2GLw8tXyC6 /link/get 컨텍스트저장 UKey:'TKbKq'
2023/06/22 10:06:05 [TRACE] 9lt9oATYU2l9xcptZnNned /link/get 컨텍스트저장 UKey:'TKbKq'
2023/06/22 10:06:48 [TRACE] 3hQtx25hxDCex6lTfJ8Kn3 /link/get 컨텍스트저장 UKey:'TKbKq'
2023/06/22 10:07:03 [TRACE] hyGNAvjW7JbjYtza1IEZRc /link/get 컨텍스트저장 UKey:'TKbKq'
2023/06/22 10:07:17 [TRACE] kXPhTLTsTcN1sBNDREVCCk /link/get 컨텍스트저장 UKey:'TKbKq'
2023/06/22 10:07:24 [TRACE] fDaxT5AtwHc8nLjAhQJYhb /link/get 컨텍스트저장 UKey:'TKbKq'
2023/06/22 10:07:55 [TRACE] kAGM2y4zEZThUdhb7GfTrW /link/get 컨텍스트저장 UKey:'TKbKq'
2023/06/22 10:47:13 [TRACE] NdH65Lfb9ycsikmsjf5rZ /link/set 컨텍스트저장 UKey:'VLU2b'
2023/06/22 10:47:13 [TRACE] 7ybNziR3KW3ayQeBMSiGMY /link/set 컨텍스트저장 UKey:'IAYFy'
2023/06/22 10:50:38 [TRACE] 33Znw7D8A2Q2KBUteqVHOE /link/set 컨텍스트저장 UKey:'43mqo'
2023/06/22 10:50:38 [TRACE] bjCxXBe1Ebr9HZu8SmU2cb /link/set 컨텍스트저장 UKey:'HA8Am'
2023/06/22 11:00:25 [TRACE] epCOhwPtGtm7Z6b9wTnW7A /link/get 컨텍스트저장 UKey:'TKbKq'
2023/06/22 11:00:25 [TRACE] 6b9Uczi50pddpq3YyR9epG /link/get 컨텍스트저장 UKey:'TKbKq'
2023/06/22 11:00:25 [TRACE] 5V1G8RA7lAni7dE7rgTJPG /link/get 컨텍스트저장 UKey:'TKbKq'
2023/06/22 11:03:14 [TRACE] gxmwtuCWQol1IRBaEf5Rqv /link/get 컨텍스트저장 UKey:'TKbKq'
2023/06/22 11:03:26 [TRACE] 3a0GPBhNpImgettVPmy2p /link/get 컨텍스트저장 UKey:'TKbKq'
2023/06/22 11:04:48 [TRACE] b1kjgR6xQYx2rcjSaXRxOH /link/set 컨텍스트저장 UKey:'1Q6D'
2023/06/22 11:04:48 [TRACE] jOujypXgeouhjsKYe3NjS /link/set 컨텍스트저장 UKey:'KCEVG'
2023/06/22 11:05:04 [TRACE] fQyEiZlrRxIkmO6CufqKhV /link/get 컨텍스트저장 UKey:'TKbKq'
2023/06/22 11:05:30 [TRACE] eedfYRbGw6lh0krXzOfrgs /link/get 컨텍스트저장 UKey:'TKbKq'
2023/06/22 11:05:46 [TRACE] dqFak0nJJuJ2Tg29Mbdb5G /link/get 컨텍스트저장 UKey:'TKbKq'
2023/06/22 11:06:36 [TRACE] i1rCL48KwHudSTPDr1UzwY /link/get 컨텍스트저장 UKey:'TKbKq'
2023/06/22 11:07:02 [TRACE] ipOmpGi5sc76Cjdtt2XtMi /link/get 컨텍스트저장 UKey:'TKbKq'
2023/06/22 11:07:15 [TRACE] 6bSugJBSQ5k8DKS6xfgXzE /link/get 컨텍스트저장 UKey:'TKbKq'
2023/06/22 11:07:50 [TRACE] ccoavEYI5tp5cApuIxRXrq /link/get 컨텍스트저장 UKey:'TKbKq'
2023/06/22 11:08:01 [TRACE] 8gNDGtO56IDf3SGj78SH4W /link/get 컨텍스트저장 UKey:'TKbKq'
2023/06/22 11:09:07 [TRACE] 1gX0S2VKBZ19cPzvBK2BM2 /link/get 컨텍스트저장 UKey:'TKbKq'
2023/06/22 11:09:56 [TRACE] 5yVQzx1aH9tjKItzB58i2e /link/get 컨텍스트저장 UKey:'TKbKq'
2023/06/22 11:10:25 [TRACE] fA4YPZrxhBXdnUVPVVm3xP /link/get 컨텍스트저장 UKey:'TKbKq'
2023/06/22 11:11:42 [TRACE] ILq8WZq5eCdAf8xYq4uFE /link/get 컨텍스트저장 UKey:'TKbKq'
2023/06/22 11:12:46 [TRACE] 53yEuT9uLUdfELmbOcfxCb /link/get 컨텍스트저장 UKey:'TKbKq'
2023/06/22 11:13:17 [TRACE] c4kPBWShY8ngUnbO3Kc6yg /link/get 컨텍스트저장 UKey:'TKbKq'
2023/06/22 11:13:41 [TRACE] 273tCgP9boT6y9bgJaqX1m /link/get 컨텍스트저장 UKey:'TKbKq'
2023/06/22 11:13:58 [TRACE] gK4w9KRLOnRg8h5GMLfUBb /link/get 컨텍스트저장 UKey:'TKbKq'
2023/06/22 11:14:29 [TRACE] 6R0JdpPffrojSzIgIqlHXS /link/set 컨텍스트저장 UKey:'fcBBV'
2023/06/22 11:14:29 [TRACE] k5l3Kb41loEe0lB9sTaKPQ /link/set 컨텍스트저장 UKey:'daVoO'
2023/06/22 13:58:14 [TRACE] lOiuFgUICNHk4dhxJr8Fxo /link/get 컨텍스트저장 UKey:'TKbKq'
2023/06/22 14:17:13 [TRACE] iXLIP3eyNaC1gotu7pG2ep /link/set 컨텍스트저장 UKey:'TKdW9'
2023/06/22 14:17:13 [TRACE] 4Z88t3x5Rn5eWHq2CNssGH /link/set 컨텍스트저장 UKey:'AufTy'
2023/06/22 14:20:05 [TRACE] 1i8ChNSdITA4bGP88WEJie /link/set 컨텍스트저장 UKey:'32wkb'
2023/06/22 14:20:05 [TRACE] iESNO0AazHo2UpFaE9GW7B /link/set 컨텍스트저장 UKey:'RIxLk'
2023/06/22 15:00:58 [TRACE] arCMP8ktJeGaV9hYeahrEV /link/get 컨텍스트저장 UKey:'SJlLq'
2023/06/22 15:02:15 [TRACE] 3UGyM6uexEkGYi7HdRtty /link/get 컨텍스트저장 UKey:'IAYFy'
2023/06/22 15:02:34 [TRACE] kWkj45ACTz5lpK8StiIdIq /link/get 컨텍스트저장 UKey:'VLU2b'
2023/06/22 15:03:03 [TRACE] 615RiaUJ7FYhq4y1YXA5RN /link/get 컨텍스트저장 UKey:'VLU2b'
2023/06/22 15:04:39 [TRACE] jHs5G2YhqoAhNEKpMHeiuf /link/get 컨텍스트저장 UKey:'32wkb'
2023/06/22 15:05:15 [TRACE] jZzJrf0cIEpqnnOsR0zhH /link/get 컨텍스트저장 UKey:'32wkb'
2023/06/22 15:07:18 [TRACE] bGXUJiqaT3geyZMJrGaANd /link/get 컨텍스트저장 UKey:'32wkb'
2023/06/22 15:09:10 [TRACE] g81p8N2InTwdZ4A4AbNk1S /link/get 컨텍스트저장 UKey:'32wkb'
2023/06/22 15:10:53 [TRACE] 9faqtrWujFbbJg3GNrwz7B /link/get 컨텍스트저장 UKey:'32wkb'
2023/06/22 15:12:05 [TRACE] hKJYUPQZgTY1wrVv4OXd2D /link/get 컨텍스트저장 UKey:'RIxLk'
2023/06/22 15:17:16 [TRACE] gj8CS0bX8UslNcDVgQP1bv /link/get 컨텍스트저장 UKey:'RIxLk'
2023/06/22 15:18:40 [TRACE] jw3yGU4q8Yd0Si9ZjmtNZ /link/get 컨텍스트저장 UKey:'RIxLk'
2023/06/22 15:21:02 [TRACE] aCc9uadYiL9tVQRwT7FyL /link/get 컨텍스트저장 UKey:'RIxLk'
2023/06/22 15:22:14 [TRACE] 7FaJplvOBXh27HiVyZi6ue /link/get 컨텍스트저장 UKey:'RIxLk'
2023/06/22 15:23:21 [TRACE] bDOlO5cRIUr9JqQ6UOeqTL /link/get 컨텍스트저장 UKey:'RIxLk'
2023/06/22 15:24:26 [TRACE] iOskCjjQj8Rl7gGeGFyVJQ /link/get 컨텍스트저장 UKey:'RIxLk'
2023/06/22 15:30:08 [TRACE] aX3vGUY5tXsd53fMtiCNga /link/get 컨텍스트저장 UKey:'RIxLk'
2023/06/22 15:33:10 [TRACE] ThPGzLqrR86cbe2M7c0Ox /link/get 컨텍스트저장 UKey:'RIxLk'
2023/06/22 15:44:00 [TRACE] d7rn893hOqh8vCsI3DgKPw /link/get 컨텍스트저장 UKey:'TKbKq'
2023/06/22 15:57:17 [TRACE] 10U0IHCpQAy3Mx6oX2p4uh /link/get 컨텍스트저장 UKey:'RIxLk'
2023/06/22 15:58:15 [TRACE] 9WAhIGO8HERkxuKkzcUZwz /link/get 컨텍스트저장 UKey:'TKbKq'
2023/06/22 16:00:00 [TRACE] hqxmAV1Z4jW9HaLD83VAtq /link/get 컨텍스트저장 UKey:'TKbKq'
2023/06/22 16:01:27 [TRACE] gsUeyssNPCF1Q6ZaHvqiQ0 /link/get 컨텍스트저장 UKey:'RIxLk'
2023/06/22 16:05:08 [TRACE] 5WeeBM6rcfd6v5bdP6yxx2 /link/get 컨텍스트저장 UKey:'RIxLk'
2023/06/22 16:05:22 [TRACE] iSY9DjsoWlljEAw09HrARM /link/set 컨텍스트저장 UKey:'if7XE'
2023/06/22 16:14:30 [TRACE] lzdK6ZSXiZjb0zupl7qgVu /link/get 컨텍스트저장 UKey:'TKbKq'
2023/06/22 16:17:22 [TRACE] hhGGVkFsgorbINQsrnIMPx /link/get 컨텍스트저장 UKey:'TKbKq'
2023/06/22 16:17:25 [TRACE] aINP0qqW8wV5RNgtNhWgwB /link/get 컨텍스트저장 UKey:'TKbKq'
