2023/06/26 09:28:57 [TRACE] 5qGeR5wE6lOxPvK74kquv /link/set 컨텍스트저장 UKey:'XNAIO'
2023/06/26 09:28:57 [TRACE] 69Mlh9SQcvAjBKHVTy6WxV /link/set 컨텍스트저장 UKey:'lhEoH'
2023/06/26 09:40:46 [TRACE] d0ypylylkillrcSkm4coPm /link/get 컨텍스트저장 UKey:'XNAIO'
2023/06/26 09:41:13 [TRACE] 5vVQQYKx4L3dPtL5rC1IbP /link/set 컨텍스트저장 UKey:'xrJMc'
2023/06/26 13:01:20 [TRACE] a6sfPXLb3Ja60HtaDpaAf /link/set 컨텍스트저장 UKey:'KCFhc'
2023/06/26 13:01:20 [TRACE] eK83N54BX6aeM96qR4EIJt /link/set 컨텍스트저장 UKey:'VLUym'
2023/06/26 14:53:25 [TRACE] lMIZOiA9rED7dvh67f1JB6 /link/get 컨텍스트저장 UKey:'lhDsr'
2023/06/26 14:55:58 [TRACE] 5Y8BzWssqO9cei19ycoSrd /link/get 컨텍스트저장 UKey:'lhDsr'
2023/06/26 14:56:17 [TRACE] 9RwHYe3C9VU6pHVVtKqcmG /link/get 컨텍스트저장 UKey:'lhDsr'
2023/06/26 14:56:30 [TRACE] 9UkbFDsPVN6ip5HNW8NNCw /link/get 컨텍스트저장 UKey:'lhDsr'
2023/06/26 14:56:34 [TRACE] jYyaaYtk5Tnl907dWnOrru /link/get 컨텍스트저장 UKey:'lhDsr'
2023/06/26 14:56:36 [TRACE] jADK7ufVYUVehhrkEVnpNY /link/get 컨텍스트저장 UKey:'lhDsr'
2023/06/26 14:56:53 [TRACE] ckEx3uDmlYxaNHvQhl0gEn /link/get 컨텍스트저장 UKey:'lhDsr'
2023/06/26 14:57:30 [TRACE] kPAEaASG4Jpk8Y86jTtBw1 /link/get 컨텍스트저장 UKey:'lhDsr'
2023/06/26 14:58:22 [TRACE] k7IuGlZRKrBigUEMjyMPt9 /link/get 컨텍스트저장 UKey:'lhDsr'
2023/06/26 14:58:23 [TRACE] hwhzXpv44Q0eWWPdJA1vRW /link/get 컨텍스트저장 UKey:'lhDsr'
2023/06/26 14:58:49 [TRACE] 1w1Opjbr9IZaqJckTYAZOx /link/get 컨텍스트저장 UKey:'lhDsr'
2023/06/26 15:00:15 [TRACE] 9DzEWAo5bK9bjr8KNeqRdB /link/get 컨텍스트저장 UKey:'lhDsr'
2023/06/26 15:05:19 [TRACE] daIuBY2RKDCSN3GgClqC6 /link/get 컨텍스트저장 UKey:'lhDsr'
2023/06/26 15:07:31 [TRACE] 1Lcgb0QKn4pfPzjL4PbXjK /link/get 컨텍스트저장 UKey:'lhDsr'
2023/06/26 16:25:05 [TRACE] guMfw8ZWR5S3PDVt9LJ3BK /link/set 컨텍스트저장 UKey:'a8p9s'
2023/06/26 16:25:05 [TRACE] nI4VKNvTOX4Lyr3icgkrP /link/set 컨텍스트저장 UKey:'fcBJq'
