2023/06/28 10:11:55 [TRACE] J2XHmgKEFD9m3dZP7Yqur ----------------------------------------------------
2023/06/28 10:11:55 [TRACE] J2XHmgKEFD9m3dZP7Yqur /daUTm 토큰생성: 0cb87bdb-6d09-4972-9142-6ed9df63bba3
2023/06/28 10:11:55 [TRACE] J2XHmgKEFD9m3dZP7Yqur 2024-06-07 00:00:00 +0700 +07
2023/06/28 10:11:55 [TRACE] J2XHmgKEFD9m3dZP7Yqur ub.urlybud.aqua.castis.io 라이선스 정상
2023/06/28 10:11:55 [TRACE] J2XHmgKEFD9m3dZP7Yqur daUTm CheckExists()
2023/06/28 10:11:55 [TRACE] J2XHmgKEFD9m3dZP7Yqur daUTm CheckSecureLink()
2023/06/28 10:11:55 [TRACE] J2XHmgKEFD9m3dZP7Yqur daUTm CheckCount()
2023/06/28 10:11:55 [TRACE] J2XHmgKEFD9m3dZP7Yqur daUTm CheckExpire()
2023/06/28 10:11:55 [TRACE] J2XHmgKEFD9m3dZP7Yqur daUTm CheckAuth()
2023/06/28 10:11:55 [TRACE] J2XHmgKEFD9m3dZP7Yqur daUTm ServeLink()
2023/06/28 10:11:55 [TRACE] J2XHmgKEFD9m3dZP7Yqur daUTm Redirect()
2023/06/28 10:11:55 [TRACE] J2XHmgKEFD9m3dZP7Yqur daUTm GET 리다이렉트
2023/06/28 10:11:55 [TRACE] J2XHmgKEFD9m3dZP7Yqur /daUTm 컨텍스트저장 UKey:'daUTm'
2023/06/28 10:46:07 [TRACE] eDpvK3CxfxV4g4dLrBC6UC /link/get 컨텍스트저장 UKey:'lhDsr'
2023/06/28 10:49:24 [TRACE] 3H73A8yX8V1kLyyAKd1EU9 /link/get 컨텍스트저장 UKey:'lhDsr'
2023/06/28 10:50:42 [TRACE] gw8B7uqQmd5b3ppku2BySX /link/get 컨텍스트저장 UKey:'lhDsr'
2023/06/28 10:53:18 [TRACE] iFwrW57CVZm6EzmzjIIBNR /link/get 컨텍스트저장 UKey:'lhDsr'
2023/06/28 10:53:22 [TRACE] NuQjKSsJ0ll70ddDoNL4o /link/get 컨텍스트저장 UKey:'lhDsr'
2023/06/28 10:53:33 [TRACE] EnUsDHqVLj6TsiT0Y7YFt /link/get 컨텍스트저장 UKey:'lhDsr'
2023/06/28 10:53:43 [TRACE] dPKJf5VrPD31l9c1MlCSVj /link/get 컨텍스트저장 UKey:'lhDsr'
2023/06/28 11:14:49 [TRACE] 1OnH8aX9Ezgi3Bf994ZOlD /link/get 컨텍스트저장 UKey:'lhDsr'
2023/06/28 11:16:16 [TRACE] gJA6OO7DUaj5OdfZFAUkpO /link/get 컨텍스트저장 UKey:'lhDsr'
2023/06/28 21:11:36 [TRACE] fbvssoW2vkBeUrY2sl8HC ----------------------------------------------------
2023/06/28 21:11:36 [TRACE] fbvssoW2vkBeUrY2sl8HC / 토큰생성: 60311313-8698-4338-8f49-b4468cfb2472
2023/06/28 21:11:36 [TRACE] fbvssoW2vkBeUrY2sl8HC 2024-06-07 00:00:00 +0700 +07
2023/06/28 21:11:36 [TRACE] fbvssoW2vkBeUrY2sl8HC ub.urlybud.aqua.castis.io 라이선스 정상
2023/06/28 21:11:36 [TRACE] fbvssoW2vkBeUrY2sl8HC / CheckExists()
2023/06/28 21:11:36 [TRACE] fbvssoW2vkBeUrY2sl8HC / 링크를 찾을 수 없음
2023/06/28 21:11:36 [TRACE] fbvssoW2vkBeUrY2sl8HC ExpectedError() Code:B404 Param:[]
2023/06/28 21:11:36 [TRACE] fbvssoW2vkBeUrY2sl8HC / 컨텍스트저장 UKey:'/'
