2023/07/31 08:53:44 [TRACE] leutcKe3vgzp7OuJVrOYn /link/get 컨텍스트저장 UKey:'Bv9iX'
2023/07/31 10:20:03 [TRACE] WoQm6qlOOy4Tq5LjUPkxN /link/set 컨텍스트저장 UKey:'PGWj9'
2023/07/31 10:37:42 [TRACE] aQtxtcIBjdQ34uLmOz6ucx /link/set 컨텍스트저장 UKey:'97zOW'
2023/07/31 10:37:43 [TRACE] dLr5vng5q4l6R2lTOzggpA /link/del 컨텍스트저장 UKey:'97zOW'
2023/07/31 10:42:43 [TRACE] bcALJsC8UY5dZA50Uz6jFw /link/set 컨텍스트저장 UKey:'rmJtf'
2023/07/31 10:42:47 [TRACE] 2KmP73L8ZQudR6aNrxDoTN /link/del 컨텍스트저장 UKey:'rmJtf'
2023/07/31 10:52:01 [TRACE] iw7vVZjx0nfivZCjCWdwXE /link/get 컨텍스트저장 UKey:'snzAo'
2023/07/31 10:54:03 [TRACE] 6Bz9bMY02XB68ZxXSIJZsF /link/get 컨텍스트저장 UKey:'snzAo'
2023/07/31 10:58:41 [TRACE] 1HUYoNdBhNh2ZCM43McmH4 /link/get 컨텍스트저장 UKey:'snzAo'
2023/07/31 10:59:12 [TRACE] 79GU6fzo9gV3RiweauZupZ /link/get 컨텍스트저장 UKey:'snzAo'
2023/07/31 11:00:55 [TRACE] iR32DhmLC45dG5YZvBt4TY /link/get 컨텍스트저장 UKey:'97zOW'
2023/07/31 11:01:11 [TRACE] 4oKasUPx5N9aPJsEjj53q6 /link/get 컨텍스트저장 UKey:'xrMAM'
2023/07/31 11:01:23 [TRACE] frd9tET9DT8FNsT2eVZ9o /link/set 컨텍스트저장 UKey:'TKj9W'
2023/07/31 11:01:23 [TRACE] dX7j4NjRiLccTlbqx9UhEg /link/del 컨텍스트저장 UKey:'TKj9W'
2023/07/31 11:41:23 [TRACE] dlxf7foYnlv6jcbznP6onH /link/set 컨텍스트저장 UKey:'Fywkt'
2023/07/31 13:41:36 [TRACE] fJsFe5Pysua1EkBRGlZOZG /link/get 컨텍스트저장 UKey:'86JAs'
2023/07/31 13:42:15 [TRACE] gkdapC8ga3D1Z8DRxw9dTX /link/get 컨텍스트저장 UKey:'54d0g'
2023/07/31 14:20:26 [TRACE] gkogmhIN0qAdWI9i0ZoNO8 /link/get 컨텍스트저장 UKey:'86JAs'
2023/07/31 14:20:26 [TRACE] l7va7pIpY873L49XtSqb1R /link/get 컨텍스트저장 UKey:'54d0g'
2023/07/31 14:21:06 [TRACE] 2ynWvRQGZXE5cYMRrR9H43 /link/get 컨텍스트저장 UKey:'86JAs'
2023/07/31 14:21:07 [TRACE] cXr26KeOtmb1jpzsFCC8pw /link/get 컨텍스트저장 UKey:'54d0g'
2023/07/31 14:21:23 [TRACE] 71CGmL0d5YGhy5dcIRKW3n /link/get 컨텍스트저장 UKey:'86JAs'
2023/07/31 14:21:23 [TRACE] 58Mmecmo5qi43g3lXu4K2j /link/get 컨텍스트저장 UKey:'54d0g'
2023/07/31 14:21:56 [TRACE] fTcOdmJAMn3bDbzZwRZfDD /link/get 컨텍스트저장 UKey:'54d0g'
2023/07/31 14:21:56 [TRACE] glCkQZlhxQp6fRWouLB7gO /link/get 컨텍스트저장 UKey:'86JAs'
2023/07/31 14:23:54 [TRACE] lJiqoVfir5z8QMP88myWRN /link/get 컨텍스트저장 UKey:'86JAs'
2023/07/31 14:23:54 [TRACE] jWGfPWd2bofqdkN7zcI1x /link/get 컨텍스트저장 UKey:'54d0g'
2023/07/31 14:27:06 [TRACE] 13O9XR1y2Vm4z8bzTiNVuh /link/get 컨텍스트저장 UKey:'86JAs'
2023/07/31 14:27:07 [TRACE] aHoqiUlV7A0a1IpEm8xR2k /link/get 컨텍스트저장 UKey:'54d0g'
2023/07/31 14:29:30 [TRACE] lnvpNT1psMFk0Pl15xRcsK /link/get 컨텍스트저장 UKey:'54d0g'
2023/07/31 14:29:30 [TRACE] hVTFvjnBIhPcIrZOmFxCN6 /link/get 컨텍스트저장 UKey:'86JAs'
2023/07/31 14:29:36 [TRACE] 9hjcw1fvREIgWIc9UtaRNx /link/get 컨텍스트저장 UKey:'54d0g'
2023/07/31 14:29:36 [TRACE] kiQKqo56Et44Ix7hZ89dNb /link/get 컨텍스트저장 UKey:'86JAs'
2023/07/31 14:29:42 [TRACE] cMGmqBnvu1MjmLqY3BA4tD /link/get 컨텍스트저장 UKey:'86JAs'
2023/07/31 14:29:42 [TRACE] b0V2qkI916RgR60iuIl6yN /link/get 컨텍스트저장 UKey:'54d0g'
2023/07/31 14:36:08 [TRACE] lUqxWMX3CJ86fnNQHBTqby /link/get 컨텍스트저장 UKey:'86JAs'
2023/07/31 14:36:08 [TRACE] j4VcHBCMEZ2cL2uZroHJ8a /link/get 컨텍스트저장 UKey:'54d0g'
2023/07/31 14:36:20 [TRACE] j0QIqP2KwZpg250tzbGgtO /link/get 컨텍스트저장 UKey:'54d0g'
2023/07/31 14:36:20 [TRACE] fvmSNwVfHoR25QQ345KywE /link/get 컨텍스트저장 UKey:'86JAs'
2023/07/31 14:36:28 [TRACE] hhZmm8z5Zdyjm91K0GivsT /link/get 컨텍스트저장 UKey:'54d0g'
2023/07/31 14:36:28 [TRACE] hnnd5FKlFqr3AZiDWMsXAN /link/get 컨텍스트저장 UKey:'86JAs'
2023/07/31 14:36:39 [TRACE] ciikkHAUNrh6L3m6cyGwzC /link/get 컨텍스트저장 UKey:'54d0g'
2023/07/31 14:36:39 [TRACE] dXnsxyLKTR7iKbI5aGipKS /link/get 컨텍스트저장 UKey:'86JAs'
2023/07/31 14:36:49 [TRACE] 5xO0eOOcWEvkXTnNACRkve /link/get 컨텍스트저장 UKey:'86JAs'
2023/07/31 14:36:49 [TRACE] 4mKT5zw1fFqgu8fvghnvG6 /link/get 컨텍스트저장 UKey:'54d0g'
2023/07/31 14:37:00 [TRACE] 5pjIaXOEf6cix2FIliYzRI /link/get 컨텍스트저장 UKey:'54d0g'
2023/07/31 14:37:00 [TRACE] irdscEFi8kh4X2jl0CMm0n /link/get 컨텍스트저장 UKey:'86JAs'
2023/07/31 14:37:05 [TRACE] hfyMu8lvCJpbdLTFyHnamF /link/get 컨텍스트저장 UKey:'54d0g'
2023/07/31 14:37:06 [TRACE] 4s4uQWjDvvhhFFdCS823eS /link/get 컨텍스트저장 UKey:'86JAs'
2023/07/31 14:37:12 [TRACE] 7nkgdsr7UJ6WBDtA446D /link/get 컨텍스트저장 UKey:'54d0g'
2023/07/31 14:37:13 [TRACE] hXvcfUC1lpdjZoqP5iy1Jb /link/get 컨텍스트저장 UKey:'86JAs'
2023/07/31 14:37:21 [TRACE] bsjGmxoqSUX4LciHb4d4IF /link/get 컨텍스트저장 UKey:'54d0g'
2023/07/31 14:37:22 [TRACE] gN5JG1odbo39jsfGT1ja7m /link/get 컨텍스트저장 UKey:'86JAs'
2023/07/31 14:37:30 [TRACE] 9uozkmQ5tlbjmepwOinDxP /link/get 컨텍스트저장 UKey:'54d0g'
2023/07/31 14:37:31 [TRACE] hAOpBVOuuWRgASXSgrmHjS /link/get 컨텍스트저장 UKey:'86JAs'
2023/07/31 14:37:39 [TRACE] 5m4mSKTZowiiUoNISZEgPm /link/get 컨텍스트저장 UKey:'86JAs'
2023/07/31 14:37:40 [TRACE] h0KS8YhmSg6iJbe3m4V9VV /link/get 컨텍스트저장 UKey:'54d0g'
2023/07/31 14:37:47 [TRACE] il74d9jjLlE5XzTrdGXSWL /link/get 컨텍스트저장 UKey:'54d0g'
2023/07/31 14:37:47 [TRACE] 8YIAnan5mQgcPmuLhC3huz /link/get 컨텍스트저장 UKey:'86JAs'
2023/07/31 14:39:12 [TRACE] 6q0w98QNJxy1FZpCymNYnc /link/get 컨텍스트저장 UKey:'86JAs'
2023/07/31 14:40:20 [TRACE] 3YLBiACRHaM3GuNCFA0mAo /link/get 컨텍스트저장 UKey:'86JAs'
2023/07/31 15:37:02 [TRACE] 5ucYWY4F9qF9HQpHTq3Zjd /link/get 컨텍스트저장 UKey:'54d0g'
2023/07/31 15:37:02 [TRACE] bKRZcJMv6cn7MfeX5TRHB5 /link/get 컨텍스트저장 UKey:'86JAs'
2023/07/31 15:38:08 [TRACE] 2WK8RjEPXYnk8uA4PSiS3G /link/get 컨텍스트저장 UKey:'86JAs'
2023/07/31 15:38:08 [TRACE] 6Zb1Wh1xnXegZ43okYgJ4N /link/get 컨텍스트저장 UKey:'54d0g'
2023/07/31 15:43:07 [TRACE] aaQhenBVUqZ1NsgRBEsrGb /link/get 컨텍스트저장 UKey:'54d0g'
2023/07/31 15:45:58 [TRACE] kKAW14oTtSwiqv5DI7xNzy /link/get 컨텍스트저장 UKey:'54d0g'
2023/07/31 15:45:58 [TRACE] iqDndi7Mm1ghQaviLSsCPE /link/get 컨텍스트저장 UKey:'86JAs'
2023/07/31 15:47:05 [TRACE] i33wfOhLVQgllUTplqiIrS /link/get 컨텍스트저장 UKey:'54d0g'
2023/07/31 15:47:05 [TRACE] 6EkkrTtwxOGl9wOHdXGYGr /link/get 컨텍스트저장 UKey:'86JAs'
2023/07/31 15:49:10 [TRACE] eweRD5w3lf2kp8OZRfgdWg /link/get 컨텍스트저장 UKey:'54d0g'
2023/07/31 15:49:11 [TRACE] eHoR3Efs3kd5fNhsEq4L40 /link/get 컨텍스트저장 UKey:'86JAs'
2023/07/31 15:49:15 [TRACE] 16HPPXZcN3A1XHjW4yMxwH /link/get 컨텍스트저장 UKey:'54d0g'
2023/07/31 15:50:01 [TRACE] 9SpHBMCco6C5548wNLxZ0x /link/get 컨텍스트저장 UKey:'54d0g'
2023/07/31 15:51:02 [TRACE] dPKzz0HXizJarNd2SnFtSM /link/get 컨텍스트저장 UKey:'54d0g'
2023/07/31 15:53:36 [TRACE] iQN0n9BCWx1dKdE5H2pyPg /link/get 컨텍스트저장 UKey:'86JAs'
2023/07/31 15:53:36 [TRACE] jIVZ7XyYfDh5ppfNLXJ9OI /link/get 컨텍스트저장 UKey:'54d0g'
2023/07/31 15:55:50 [TRACE] b48YxXRvyRgKYauZsFHC2 /link/get 컨텍스트저장 UKey:'86JAs'
2023/07/31 15:55:50 [TRACE] hWbi0nQZGLs43ogJPZWQnN /link/get 컨텍스트저장 UKey:'54d0g'
2023/07/31 15:56:10 [TRACE] UN4Dx5UkFBc7rwUXIGAEO /link/get 컨텍스트저장 UKey:'86JAs'
2023/07/31 15:56:10 [TRACE] Zy0M7RLqR7ap7ygXZZw24 /link/get 컨텍스트저장 UKey:'54d0g'
2023/07/31 15:56:19 [TRACE] 1MUebLMgJwoi9t53qeeFmV /link/get 컨텍스트저장 UKey:'86JAs'
2023/07/31 15:56:19 [TRACE] jEWie5QfdqxkHR47yFW2nh /link/get 컨텍스트저장 UKey:'54d0g'
2023/07/31 15:56:33 [TRACE] YS76shj8a9hYM1uWDbvWX /link/get 컨텍스트저장 UKey:'54d0g'
2023/07/31 15:56:33 [TRACE] 4WgCf6e0WCK40yDyKzFJwC /link/get 컨텍스트저장 UKey:'86JAs'
2023/07/31 15:56:42 [TRACE] lOqIbkDeL3X2Zk0R0otewn /link/get 컨텍스트저장 UKey:'86JAs'
2023/07/31 15:56:42 [TRACE] hQbN7ytic5VjlzDu9E32lx /link/get 컨텍스트저장 UKey:'54d0g'
2023/07/31 15:57:07 [TRACE] 13WhziyjZZhbYuOE1B3nxn /link/get 컨텍스트저장 UKey:'54d0g'
2023/07/31 15:57:07 [TRACE] jsZO45RqXCm5s9MKs1iK6A /link/get 컨텍스트저장 UKey:'86JAs'
2023/07/31 15:57:12 [TRACE] 9VabdHTs8tp9NMBnIxWEct /link/get 컨텍스트저장 UKey:'54d0g'
2023/07/31 15:57:12 [TRACE] hqAw3JlzXhTkjEqSbVGCMR /link/get 컨텍스트저장 UKey:'86JAs'
2023/07/31 15:57:23 [TRACE] MTWtIFeDw71cRHLrsTAcD /link/get 컨텍스트저장 UKey:'54d0g'
2023/07/31 15:57:23 [TRACE] cYLMzilajT87LrwbKqUJuI /link/get 컨텍스트저장 UKey:'86JAs'
2023/07/31 15:57:28 [TRACE] 3hCpMNV7LHF1ljhYFRIQyQ /link/get 컨텍스트저장 UKey:'54d0g'
2023/07/31 15:57:28 [TRACE] e5oUvoH9uG84dT70rSjuw4 /link/get 컨텍스트저장 UKey:'86JAs'
2023/07/31 15:57:33 [TRACE] a2eyrlHpFt5gwd6KqAQJqy /link/get 컨텍스트저장 UKey:'54d0g'
2023/07/31 15:57:33 [TRACE] ifYmD2iWazfi1Kh5RexsQu /link/get 컨텍스트저장 UKey:'86JAs'
2023/07/31 15:57:38 [TRACE] 2EDAZuEFFFWbaTc1moY4ZV /link/get 컨텍스트저장 UKey:'54d0g'
2023/07/31 15:57:38 [TRACE] kqy4QAuaR73j1znrlhWhhX /link/get 컨텍스트저장 UKey:'86JAs'
2023/07/31 15:57:43 [TRACE] gB2Wzq5db38ftb0eGJYwEO /link/get 컨텍스트저장 UKey:'54d0g'
2023/07/31 15:57:43 [TRACE] fZ3PFNQ6S7Fi1neod9kkLZ /link/get 컨텍스트저장 UKey:'86JAs'
2023/07/31 15:57:47 [TRACE] 8NwlAcfhukMiPynDiAvBej /link/get 컨텍스트저장 UKey:'86JAs'
2023/07/31 15:57:47 [TRACE] 5HuhyXtCY126sRQjjWRwc8 /link/get 컨텍스트저장 UKey:'54d0g'
2023/07/31 15:57:53 [TRACE] 94aShqP4gMvcpdSRjXNGQu /link/get 컨텍스트저장 UKey:'54d0g'
2023/07/31 15:57:53 [TRACE] jskzZbaWLQDgPu7C2nDRjv /link/get 컨텍스트저장 UKey:'86JAs'
2023/07/31 15:58:00 [TRACE] b1wB9e77RVP7KwLhX6fFIv /link/get 컨텍스트저장 UKey:'54d0g'
2023/07/31 15:58:01 [TRACE] fFWJRCqYMOb9bPmLNVeVzU /link/get 컨텍스트저장 UKey:'86JAs'
2023/07/31 15:58:07 [TRACE] 8dpmxV1bpIgdGwUMgJzgsC /link/get 컨텍스트저장 UKey:'86JAs'
2023/07/31 15:58:07 [TRACE] gydofg4mBgh9asJJQ0ajcm /link/get 컨텍스트저장 UKey:'54d0g'
2023/07/31 15:58:11 [TRACE] kQyeouwIxeH7AJOvmOsnBp /link/get 컨텍스트저장 UKey:'86JAs'
2023/07/31 15:58:11 [TRACE] 1F9dQa53hK170CXFIbqYHJ /link/get 컨텍스트저장 UKey:'54d0g'
2023/07/31 15:58:15 [TRACE] iUQK7RGNuHT7wsfLAa6mem /link/get 컨텍스트저장 UKey:'86JAs'
2023/07/31 15:58:15 [TRACE] iYjnPmY3vMM2S7bRzDIvgY /link/get 컨텍스트저장 UKey:'54d0g'
2023/07/31 16:00:20 [TRACE] oTPZO6NA4l9LdFNInOxuB /link/get 컨텍스트저장 UKey:'86JAs'
2023/07/31 16:00:21 [TRACE] j91ns37BBTHgywfMtzuQoc /link/get 컨텍스트저장 UKey:'54d0g'
2023/07/31 16:02:00 [TRACE] lpnrvfWDA055xshCI0kJKy /link/get 컨텍스트저장 UKey:'54d0g'
2023/07/31 16:02:00 [TRACE] 4SPTc4O8EPhc7nohz75cvC /link/get 컨텍스트저장 UKey:'86JAs'
2023/07/31 16:07:30 [TRACE] bCzGvSZlymCk8R15w4MzYg /link/get 컨텍스트저장 UKey:'86JAs'
2023/07/31 16:07:30 [TRACE] iAoMG2KfkrlaGpqjNjgnL6 /link/get 컨텍스트저장 UKey:'54d0g'
2023/07/31 16:07:48 [TRACE] 6Lk5i4ECFBshvNIkZDnKZG /link/get 컨텍스트저장 UKey:'86JAs'
2023/07/31 16:07:48 [TRACE] 19JgNb4Mrad7uNMAvVF8Bm /link/get 컨텍스트저장 UKey:'54d0g'
2023/07/31 16:08:10 [TRACE] 2XYyd7lkpbm7ZY1AkQDv9z /link/get 컨텍스트저장 UKey:'86JAs'
2023/07/31 16:08:10 [TRACE] ag8qSvptN4u90EChQSoo95 /link/get 컨텍스트저장 UKey:'54d0g'
2023/07/31 16:08:26 [TRACE] fU8l8nwbirsbFFFQCOvSKW /link/get 컨텍스트저장 UKey:'86JAs'
2023/07/31 16:08:26 [TRACE] b9YskU5KGWVbGj8Yk1GXpq /link/get 컨텍스트저장 UKey:'54d0g'
2023/07/31 16:08:53 [TRACE] cZuA3A7ctXwlt9RnmudkP9 /link/get 컨텍스트저장 UKey:'54d0g'
2023/07/31 16:08:53 [TRACE] gLwqqHvcH0D7fcCiloyhsF /link/get 컨텍스트저장 UKey:'86JAs'
2023/07/31 16:09:15 [TRACE] gohuPbf8GZl8JKgv6XyUZO /link/get 컨텍스트저장 UKey:'86JAs'
2023/07/31 16:09:15 [TRACE] 2wPuZiib79Harz7KNl66Um /link/get 컨텍스트저장 UKey:'54d0g'
2023/07/31 16:09:26 [TRACE] 14mCxbVss056WQHi6pMr1m /link/get 컨텍스트저장 UKey:'54d0g'
2023/07/31 16:09:26 [TRACE] gVhCUqxT0NSd23eizZdn8R /link/get 컨텍스트저장 UKey:'86JAs'
2023/07/31 16:09:43 [TRACE] dN9oEMHsqqn9YSyAYa9MVx /link/get 컨텍스트저장 UKey:'54d0g'
2023/07/31 16:09:43 [TRACE] gTU1onPaDwk7kvficrYQip /link/get 컨텍스트저장 UKey:'86JAs'
2023/07/31 16:09:54 [TRACE] frMdEa5DS5n4qcy00ZApQ /link/get 컨텍스트저장 UKey:'54d0g'
2023/07/31 16:09:54 [TRACE] HySMmK1bnJ2z0Xzd8vNy /link/get 컨텍스트저장 UKey:'86JAs'
2023/07/31 16:10:06 [TRACE] fBMkvFMumY9aMRQkImM7JK /link/get 컨텍스트저장 UKey:'54d0g'
2023/07/31 16:10:06 [TRACE] 1AWdZiL2ZwQwVJESkxttA /link/get 컨텍스트저장 UKey:'86JAs'
2023/07/31 16:10:20 [TRACE] bv83rPq1CBpj3aNAqBtitz /link/get 컨텍스트저장 UKey:'54d0g'
2023/07/31 16:10:20 [TRACE] bIVntAFOmxBasRca9ic8yk /link/get 컨텍스트저장 UKey:'86JAs'
2023/07/31 16:10:33 [TRACE] hsRYcfS6GoWcABV6lbCRP6 /link/get 컨텍스트저장 UKey:'54d0g'
2023/07/31 16:10:33 [TRACE] lBsqmhKRdntfJ8geb9J1Tu /link/get 컨텍스트저장 UKey:'86JAs'
2023/07/31 16:10:55 [TRACE] jgSW22bQXDL1SoZfFL8Pij /link/get 컨텍스트저장 UKey:'86JAs'
2023/07/31 16:10:55 [TRACE] etKqNPJaYwbbwt67HlMV3g /link/get 컨텍스트저장 UKey:'54d0g'
2023/07/31 16:11:04 [TRACE] jVrm8T4HA1c5Du4i3wR2p8 /link/get 컨텍스트저장 UKey:'86JAs'
2023/07/31 16:11:04 [TRACE] dbwDYBwNlelaoBpHwyYRw1 /link/get 컨텍스트저장 UKey:'54d0g'
2023/07/31 16:13:23 [TRACE] 30uumwvdDG01OyBlycReuh /link/get 컨텍스트저장 UKey:'86JAs'
2023/07/31 16:14:12 [TRACE] Bko54jLgabd8DEpcNbbRt /link/get 컨텍스트저장 UKey:'54d0g'
2023/07/31 16:15:36 [TRACE] hoin42ZTOoOg53Lt15NicK /link/get 컨텍스트저장 UKey:'54d0g'
2023/07/31 16:15:36 [TRACE] 5JrpVXEOlqM1PaK2wkqrmX /link/get 컨텍스트저장 UKey:'86JAs'
2023/07/31 16:16:02 [TRACE] hew0U88QAjE93GmbT2WzI8 /link/get 컨텍스트저장 UKey:'86JAs'
2023/07/31 16:16:02 [TRACE] g2rVMugEUF92loc0kiOTYv /link/get 컨텍스트저장 UKey:'54d0g'
2023/07/31 16:16:17 [TRACE] fEYNFAWb7twkoE2RKySyd2 /link/get 컨텍스트저장 UKey:'86JAs'
2023/07/31 16:16:17 [TRACE] 9u2oLg04jFu2yh9k6v9g7z /link/get 컨텍스트저장 UKey:'54d0g'
2023/07/31 16:16:31 [TRACE] lTjVnroLhNp7t7fSAQT5hK /link/get 컨텍스트저장 UKey:'54d0g'
2023/07/31 16:16:31 [TRACE] 1qEWVHSuXW9kyRLwT4jfHI /link/get 컨텍스트저장 UKey:'86JAs'
2023/07/31 16:39:55 [TRACE] 34uUeJ9FDlb1aDwgXDjnC9 ----------------------------------------------------
2023/07/31 16:39:55 [TRACE] 34uUeJ9FDlb1aDwgXDjnC9 /PGOCX 토큰생성: 6f9251b5-7dc5-430d-b912-a67f61cbcd2c
2023/07/31 16:39:55 [TRACE] 34uUeJ9FDlb1aDwgXDjnC9 2024-06-07 00:00:00 +0700 +07
2023/07/31 16:39:55 [TRACE] 34uUeJ9FDlb1aDwgXDjnC9 ub.urlybud.aqua.castis.io 라이선스 정상
2023/07/31 16:39:55 [TRACE] 34uUeJ9FDlb1aDwgXDjnC9 PGOCX CheckExists()
2023/07/31 16:39:55 [TRACE] 34uUeJ9FDlb1aDwgXDjnC9 PGOCX 링크를 찾을 수 없음
2023/07/31 16:39:55 [TRACE] 34uUeJ9FDlb1aDwgXDjnC9 ExpectedError() Code:B404 Param:[]
2023/07/31 16:39:55 [TRACE] 34uUeJ9FDlb1aDwgXDjnC9 /PGOCX 컨텍스트저장 UKey:'PGOCX'
2023/07/31 17:40:49 [TRACE] kB7iO56fAAsaH3bJQf3rrH ----------------------------------------------------
2023/07/31 17:40:49 [TRACE] kB7iO56fAAsaH3bJQf3rrH /PGOC3 토큰생성: b4f82844-db5d-46bb-a0cf-bf31002dfc0a
2023/07/31 17:40:49 [TRACE] kB7iO56fAAsaH3bJQf3rrH 2024-06-07 00:00:00 +0700 +07
2023/07/31 17:40:49 [TRACE] kB7iO56fAAsaH3bJQf3rrH ub.urlybud.aqua.castis.io 라이선스 정상
2023/07/31 17:40:49 [TRACE] kB7iO56fAAsaH3bJQf3rrH PGOC3 CheckExists()
2023/07/31 17:40:49 [TRACE] kB7iO56fAAsaH3bJQf3rrH PGOC3 CheckSecureLink()
2023/07/31 17:40:49 [TRACE] kB7iO56fAAsaH3bJQf3rrH PGOC3 CheckCount()
2023/07/31 17:40:49 [TRACE] kB7iO56fAAsaH3bJQf3rrH PGOC3 CheckExpire()
2023/07/31 17:40:49 [TRACE] kB7iO56fAAsaH3bJQf3rrH PGOC3 CheckAuth()
2023/07/31 17:40:49 [TRACE] kB7iO56fAAsaH3bJQf3rrH PGOC3 ServeLink()
2023/07/31 17:40:49 [TRACE] kB7iO56fAAsaH3bJQf3rrH PGOC3 Redirect()
2023/07/31 17:40:49 [TRACE] kB7iO56fAAsaH3bJQf3rrH PGOC3 GET 리다이렉트
2023/07/31 17:40:49 [TRACE] kB7iO56fAAsaH3bJQf3rrH /PGOC3 컨텍스트저장 UKey:'PGOC3'
2023/07/31 17:41:15 [TRACE] 4f7xUn4iehd4qh6g7Ic5wJ /link/get 컨텍스트저장 UKey:'PG0C3'
2023/07/31 17:41:25 [TRACE] 8iHQPQtXZQf7qhSEYOdDq7 /link/get 컨텍스트저장 UKey:'PGOC3'
2023/07/31 17:44:02 [TRACE] 7o0cosm0fIDj6gbfg5HA9f /link/get 컨텍스트저장 UKey:'54d0g'
2023/07/31 17:44:03 [TRACE] 8OC0bHkJ2y17pBpAHNcPi5 /link/get 컨텍스트저장 UKey:'PGOC3'
2023/07/31 17:44:19 [TRACE] aBBHUXObAsik9HRUbZrZET /link/get 컨텍스트저장 UKey:'54d0g'
2023/07/31 17:44:19 [TRACE] dMk4TPPODTw7KGof6F41V7 /link/get 컨텍스트저장 UKey:'PGOC3'
2023/07/31 17:44:29 [TRACE] dPzWLQCbHNkf8VgHyy5lQl /link/get 컨텍스트저장 UKey:'54d0g'
2023/07/31 17:44:30 [TRACE] kSLDTfMFLUM38X1oJ0nRkg /link/get 컨텍스트저장 UKey:'PGOC3'
2023/07/31 17:44:40 [TRACE] iBb1fJefIua6EKII2SnAlO /link/get 컨텍스트저장 UKey:'54d0g'
2023/07/31 17:44:44 [TRACE] Ll2dIB3eTE2EmWrwC1v0S /link/get 컨텍스트저장 UKey:'PGOC3'
2023/07/31 17:44:51 [TRACE] 6idyhxJiDCOfhOEmM2P6BG /link/get 컨텍스트저장 UKey:'54d0g'
2023/07/31 17:44:54 [TRACE] cGyvVPeV8AffgxIPmFyVOq /link/get 컨텍스트저장 UKey:'PGOC3'
2023/07/31 17:44:59 [TRACE] gpZwZoCVyTRjDqUhCUm7ev /link/get 컨텍스트저장 UKey:'54d0g'
2023/07/31 17:45:01 [TRACE] hysxjsDxT0fgXB1Hc8CkNB /link/get 컨텍스트저장 UKey:'PGOC3'
2023/07/31 17:45:04 [TRACE] 8rJe5PiFwX7kQrZOMR3evi /link/get 컨텍스트저장 UKey:'54d0g'
2023/07/31 17:45:33 [TRACE] 5ugLaIHXAyr6vxZA9nbDzL /link/get 컨텍스트저장 UKey:'54d0g'
2023/07/31 17:45:34 [TRACE] aF4Gt6uoBedbxw3Oe2p4YU /link/get 컨텍스트저장 UKey:'PGOC3'
2023/07/31 17:45:42 [TRACE] lxTXx028FHM52qJnayHRiP /link/get 컨텍스트저장 UKey:'PGOC3'
2023/07/31 17:45:42 [TRACE] lbno6QNKnOs8SLhcNKUSWT /link/get 컨텍스트저장 UKey:'54d0g'
2023/07/31 17:45:50 [TRACE] T0uh1dWIfCjecJ3EFuFqw /link/get 컨텍스트저장 UKey:'54d0g'
2023/07/31 17:45:50 [TRACE] 49HPj2VVemPbQybVU1lOqc /link/get 컨텍스트저장 UKey:'PGOC3'
2023/07/31 17:45:58 [TRACE] 4ZRR6txSeBa4n2cYY14vlT /link/get 컨텍스트저장 UKey:'54d0g'
2023/07/31 17:45:58 [TRACE] exQaWJQjrPl3S9x8pR3srU /link/get 컨텍스트저장 UKey:'PGOC3'
2023/07/31 17:46:22 [TRACE] 2x57gOMhGGEbiP13XJVqcE /link/get 컨텍스트저장 UKey:'PGOC3'
2023/07/31 17:46:22 [TRACE] 9XcTzCqYDoH1IMStLBU6g0 /link/get 컨텍스트저장 UKey:'54d0g'
2023/07/31 17:46:28 [TRACE] b05hhvOw7OZjeIHE9F8pbG /link/get 컨텍스트저장 UKey:'PGOC3'
2023/07/31 17:46:30 [TRACE] ePcHXLpC8153SWOywVGqEL /link/get 컨텍스트저장 UKey:'54d0g'
2023/07/31 17:46:40 [TRACE] lCWR1DbwaL76Y06r0MavF2 /link/get 컨텍스트저장 UKey:'54d0g'
2023/07/31 17:46:41 [TRACE] cY9sCv5fn3z2JU0ra7rYhG /link/get 컨텍스트저장 UKey:'PGOC3'
2023/07/31 17:46:51 [TRACE] lhU3b4emuach4AskGBGkVH /link/get 컨텍스트저장 UKey:'54d0g'
2023/07/31 17:46:52 [TRACE] a3D9KHEhQuyjwo3WiyDvya /link/get 컨텍스트저장 UKey:'PGOC3'
2023/07/31 17:46:59 [TRACE] jpmtMRrSirDieYyvgFKsTS /link/get 컨텍스트저장 UKey:'54d0g'
2023/07/31 17:47:00 [TRACE] 1EblOCJcoFYhX1WipEfz6A /link/get 컨텍스트저장 UKey:'PGOC3'
2023/07/31 17:47:09 [TRACE] 1yco5ib8MBrgo7kAb7Hw1O /link/get 컨텍스트저장 UKey:'54d0g'
2023/07/31 17:47:09 [TRACE] 7BSrNICvtoZknSnz1bK2vQ /link/get 컨텍스트저장 UKey:'PGOC3'
2023/07/31 17:48:55 [TRACE] 6N5QaM0bOazfFkWCsSzEU2 /link/get 컨텍스트저장 UKey:'PGOC3'
2023/07/31 17:48:55 [TRACE] iF0rC4H80zoiABb8uQgxAh /link/get 컨텍스트저장 UKey:'54d0g'
2023/07/31 17:49:25 [TRACE] aZHl1bqpKld4uDHYRgcIES /link/get 컨텍스트저장 UKey:'54d0g'
2023/07/31 17:49:26 [TRACE] aeWG1o0thDSk4mypBvrUD5 /link/get 컨텍스트저장 UKey:'PGOC3'
2023/07/31 17:49:48 [TRACE] lCeJcB3UyyTbtlqd9ZMHmX /link/get 컨텍스트저장 UKey:'PGOC3'
2023/07/31 17:49:49 [TRACE] 6apUyDDNC8vkEVRnfnjgzz /link/get 컨텍스트저장 UKey:'54d0g'
2023/07/31 17:50:00 [TRACE] 5079cCMgjzogsV7IHOnkjc /link/get 컨텍스트저장 UKey:'PGOC3'
2023/07/31 17:50:01 [TRACE] d42PbbIgT7ejKVFzq20g6b /link/get 컨텍스트저장 UKey:'54d0g'
2023/07/31 17:51:00 [TRACE] aJQDc4PG6MKaye4gdOtiB1 /link/get 컨텍스트저장 UKey:'PGOC3'
2023/07/31 17:51:00 [TRACE] 6CVzzc1K4qPemVSS6UoIOn /link/get 컨텍스트저장 UKey:'54d0g'
2023/07/31 17:51:25 [TRACE] bL8EsDKA1j2gGyIrtFuR7I /link/get 컨텍스트저장 UKey:'54d0g'
2023/07/31 17:51:25 [TRACE] cLEtZt6pPmGkAc2OQaARQQ /link/get 컨텍스트저장 UKey:'PGOC3'
2023/07/31 17:51:36 [TRACE] ffur2i2T3YA9LcImUppZjL /link/get 컨텍스트저장 UKey:'54d0g'
2023/07/31 17:51:36 [TRACE] j4POzHEpiqhWBKk1iJUHE /link/get 컨텍스트저장 UKey:'PGOC3'
2023/07/31 17:51:53 [TRACE] 8wLmiFLLXNQcJNKSCX2vUb /link/get 컨텍스트저장 UKey:'54d0g'
2023/07/31 17:51:53 [TRACE] aXKj9GZJFRg8nCa2ZB4l7Y /link/get 컨텍스트저장 UKey:'PGOC3'
2023/07/31 17:52:02 [TRACE] coBTJ11RBj2176JePOLGRI /link/get 컨텍스트저장 UKey:'54d0g'
2023/07/31 17:52:02 [TRACE] gJhXT6QQmHuk5BHG3dxSt5 /link/get 컨텍스트저장 UKey:'PGOC3'
2023/07/31 17:52:07 [TRACE] bcXpgGtezg9cUKO0R6Su3W /link/get 컨텍스트저장 UKey:'PGOC3'
2023/07/31 17:52:07 [TRACE] lTw1Tl8GkL2ecMh33dSRPS /link/get 컨텍스트저장 UKey:'54d0g'
2023/07/31 17:52:12 [TRACE] kSuBbLB5WZb8qL5mpLCHkV /link/get 컨텍스트저장 UKey:'54d0g'
2023/07/31 17:52:12 [TRACE] kkJxPqc0Ozd2totTD5nRHL /link/get 컨텍스트저장 UKey:'PGOC3'
2023/07/31 17:52:20 [TRACE] g5sQV0ZbFha6sBhMXK2tSe /link/get 컨텍스트저장 UKey:'54d0g'
2023/07/31 17:52:20 [TRACE] 5MjhE4qTdRB80ftgpbkRbk /link/get 컨텍스트저장 UKey:'PGOC3'
2023/07/31 17:52:25 [TRACE] bEKrQYqgi0WlkibDb8Y9oS /link/get 컨텍스트저장 UKey:'54d0g'
2023/07/31 17:52:25 [TRACE] f92OEE6Kprj4YVCuSahJd6 /link/get 컨텍스트저장 UKey:'PGOC3'
2023/07/31 17:52:31 [TRACE] h60xfDyUR6C4nyQCC85YBq /link/get 컨텍스트저장 UKey:'54d0g'
2023/07/31 17:52:31 [TRACE] csrFUsTi9Pl4RsiS3Alt5T /link/get 컨텍스트저장 UKey:'PGOC3'
2023/07/31 17:52:36 [TRACE] 9If6IglSAGLeQuk4l6GQaB /link/get 컨텍스트저장 UKey:'54d0g'
2023/07/31 17:52:36 [TRACE] 6DqcHDZkIyOl6fmI1YEX5S /link/get 컨텍스트저장 UKey:'PGOC3'
2023/07/31 17:52:40 [TRACE] axy2p9oivoweMetILgmjyU /link/get 컨텍스트저장 UKey:'PGOC3'
2023/07/31 17:52:41 [TRACE] 8UtcY5H96t5kX68XwYn9wv /link/get 컨텍스트저장 UKey:'54d0g'
2023/07/31 17:52:50 [TRACE] 8lef8yRBR2Ykj7TqXENhjC /link/get 컨텍스트저장 UKey:'54d0g'
2023/07/31 17:52:50 [TRACE] 1cDWu6lJQLQ77Kcxoe2aN7 /link/get 컨텍스트저장 UKey:'PGOC3'
2023/07/31 17:55:45 [TRACE] 7KvlzHB6i6w6paH1XFw3pb /link/get 컨텍스트저장 UKey:'PGOC3'
2023/07/31 17:57:27 [TRACE] ljlIFJTFrPz4ijtp11YaA8 /link/get 컨텍스트저장 UKey:'PGOC3'
2023/07/31 17:59:03 [TRACE] 8KJEgNv7nZ1jJP1TVavF1 /link/get 컨텍스트저장 UKey:'PGOC3'
2023/07/31 17:59:16 [TRACE] c7os2bXq0My33wdTCflXTA /link/get 컨텍스트저장 UKey:'PGOC3'
2023/07/31 17:59:52 [TRACE] kARZrYl4HV2i8dYvcQpIxq /link/get 컨텍스트저장 UKey:'PGOC3'
2023/07/31 18:00:48 [TRACE] 26fUwHvssYF6nr92AdfVpl /link/get 컨텍스트저장 UKey:'97zOW'
2023/07/31 18:01:04 [TRACE] kHifld1cJxO4pD198Utw6C /link/get 컨텍스트저장 UKey:'54d0g'
2023/07/31 18:01:17 [TRACE] 3lnzFEN442Ajr8zyWfmxBR /link/get 컨텍스트저장 UKey:'PGOC3'
2023/07/31 18:01:45 [TRACE] jCES0tTHMkHfnjgrP9bJQ6 /link/get 컨텍스트저장 UKey:'HAcFv'
2023/07/31 18:02:14 [TRACE] fNuKp911IEbe2yZdKEoPxy /link/get 컨텍스트저장 UKey:'HAcFv'
2023/07/31 18:02:48 [TRACE] DniHVhtmhHbDX79wq0de4 /link/get 컨텍스트저장 UKey:'97zOW'
2023/07/31 18:02:49 [TRACE] 5n5UIuYHioJl6R0UPo9lmO /link/get 컨텍스트저장 UKey:'PGOC3'
2023/07/31 18:03:19 [TRACE] 1uFiAreRJ04ct8GWKX3FEM /link/get 컨텍스트저장 UKey:'PGOC3'
2023/07/31 18:03:49 [TRACE] C5Tq35jd7x6i14konACEO ----------------------------------------------------
2023/07/31 18:03:49 [TRACE] C5Tq35jd7x6i14konACEO /PGOC3 토큰생성: 2b6cd843-3dd1-4d5e-b54a-c2a8bda628d5
2023/07/31 18:03:49 [TRACE] C5Tq35jd7x6i14konACEO 2024-06-07 00:00:00 +0700 +07
2023/07/31 18:03:49 [TRACE] C5Tq35jd7x6i14konACEO ub.urlybud.aqua.castis.io 라이선스 정상
2023/07/31 18:03:49 [TRACE] C5Tq35jd7x6i14konACEO PGOC3 CheckExists()
2023/07/31 18:03:49 [TRACE] C5Tq35jd7x6i14konACEO PGOC3 CheckSecureLink()
2023/07/31 18:03:49 [TRACE] C5Tq35jd7x6i14konACEO PGOC3 CheckCount()
2023/07/31 18:03:49 [TRACE] C5Tq35jd7x6i14konACEO PGOC3 CheckExpire()
2023/07/31 18:03:49 [TRACE] C5Tq35jd7x6i14konACEO PGOC3 CheckAuth()
2023/07/31 18:03:49 [TRACE] C5Tq35jd7x6i14konACEO PGOC3 ServeLink()
2023/07/31 18:03:49 [TRACE] C5Tq35jd7x6i14konACEO PGOC3 Redirect()
2023/07/31 18:03:49 [TRACE] C5Tq35jd7x6i14konACEO PGOC3 GET 리다이렉트
2023/07/31 18:03:49 [TRACE] C5Tq35jd7x6i14konACEO /PGOC3 컨텍스트저장 UKey:'PGOC3'
2023/07/31 18:04:02 [TRACE] 74ENDgfAqI733qATYmfYOS ----------------------------------------------------
2023/07/31 18:04:02 [TRACE] 74ENDgfAqI733qATYmfYOS /PGOC3 요청토큰: 2b6cd843-3dd1-4d5e-b54a-c2a8bda628d5
2023/07/31 18:04:02 [TRACE] 74ENDgfAqI733qATYmfYOS 2024-06-07 00:00:00 +0700 +07
2023/07/31 18:04:02 [TRACE] 74ENDgfAqI733qATYmfYOS ub.urlybud.aqua.castis.io 라이선스 정상
2023/07/31 18:04:02 [TRACE] 74ENDgfAqI733qATYmfYOS PGOC3 CheckExists()
2023/07/31 18:04:02 [TRACE] 74ENDgfAqI733qATYmfYOS PGOC3 CheckSecureLink()
2023/07/31 18:04:02 [TRACE] 74ENDgfAqI733qATYmfYOS PGOC3 CheckCount()
2023/07/31 18:04:02 [TRACE] 74ENDgfAqI733qATYmfYOS PGOC3 CheckExpire()
2023/07/31 18:04:02 [TRACE] 74ENDgfAqI733qATYmfYOS PGOC3 CheckAuth()
2023/07/31 18:04:02 [TRACE] 74ENDgfAqI733qATYmfYOS PGOC3 ServeLink()
2023/07/31 18:04:02 [TRACE] 74ENDgfAqI733qATYmfYOS PGOC3 Redirect()
2023/07/31 18:04:02 [TRACE] 74ENDgfAqI733qATYmfYOS PGOC3 GET 리다이렉트
2023/07/31 18:04:02 [TRACE] 74ENDgfAqI733qATYmfYOS /PGOC3 컨텍스트저장 UKey:'PGOC3'
2023/07/31 18:04:20 [TRACE] 7e6951dbt7dljEmDMmqaDb /link/get 컨텍스트저장 UKey:'PGOC3'
2023/07/31 18:05:39 [TRACE] lM5hjInkgqcWdGfifq3C4 /link/get 컨텍스트저장 UKey:'PGOC3'
2023/07/31 18:05:51 [TRACE] dWic48VRvOY84cNxUM7vzG ----------------------------------------------------
2023/07/31 18:05:51 [TRACE] dWic48VRvOY84cNxUM7vzG /PGOC3 요청토큰: 2b6cd843-3dd1-4d5e-b54a-c2a8bda628d5
2023/07/31 18:05:51 [TRACE] dWic48VRvOY84cNxUM7vzG 2024-06-07 00:00:00 +0700 +07
2023/07/31 18:05:51 [TRACE] dWic48VRvOY84cNxUM7vzG ub.urlybud.aqua.castis.io 라이선스 정상
2023/07/31 18:05:51 [TRACE] dWic48VRvOY84cNxUM7vzG PGOC3 CheckExists()
2023/07/31 18:05:51 [TRACE] dWic48VRvOY84cNxUM7vzG PGOC3 CheckSecureLink()
2023/07/31 18:05:51 [TRACE] dWic48VRvOY84cNxUM7vzG PGOC3 CheckCount()
2023/07/31 18:05:51 [TRACE] dWic48VRvOY84cNxUM7vzG PGOC3 CheckExpire()
2023/07/31 18:05:51 [TRACE] dWic48VRvOY84cNxUM7vzG PGOC3 CheckAuth()
2023/07/31 18:05:51 [TRACE] dWic48VRvOY84cNxUM7vzG PGOC3 ServeLink()
2023/07/31 18:05:51 [TRACE] dWic48VRvOY84cNxUM7vzG PGOC3 Redirect()
2023/07/31 18:05:51 [TRACE] dWic48VRvOY84cNxUM7vzG PGOC3 GET 리다이렉트
2023/07/31 18:05:51 [TRACE] dWic48VRvOY84cNxUM7vzG /PGOC3 컨텍스트저장 UKey:'PGOC3'
2023/07/31 18:06:22 [TRACE] 5or6KEqxRZi4jomMfBfdYF /link/get 컨텍스트저장 UKey:'PGOC3'
2023/07/31 18:06:34 [TRACE] drx03sYGqbAlQiUH3JrGge /link/get 컨텍스트저장 UKey:'PGOC3'
2023/07/31 18:06:51 [TRACE] bb8fc7NcXj39UlzB0PgM3J ----------------------------------------------------
2023/07/31 18:06:51 [TRACE] bb8fc7NcXj39UlzB0PgM3J /PGOC3 요청토큰: 2b6cd843-3dd1-4d5e-b54a-c2a8bda628d5
2023/07/31 18:06:51 [TRACE] bb8fc7NcXj39UlzB0PgM3J 2024-06-07 00:00:00 +0700 +07
2023/07/31 18:06:51 [TRACE] bb8fc7NcXj39UlzB0PgM3J ub.urlybud.aqua.castis.io 라이선스 정상
2023/07/31 18:06:51 [TRACE] bb8fc7NcXj39UlzB0PgM3J PGOC3 CheckExists()
2023/07/31 18:06:51 [TRACE] bb8fc7NcXj39UlzB0PgM3J PGOC3 CheckSecureLink()
2023/07/31 18:06:51 [TRACE] bb8fc7NcXj39UlzB0PgM3J PGOC3 CheckCount()
2023/07/31 18:06:51 [TRACE] bb8fc7NcXj39UlzB0PgM3J PGOC3 CheckExpire()
2023/07/31 18:06:51 [TRACE] bb8fc7NcXj39UlzB0PgM3J PGOC3 CheckAuth()
2023/07/31 18:06:51 [TRACE] bb8fc7NcXj39UlzB0PgM3J PGOC3 ServeLink()
2023/07/31 18:06:51 [TRACE] bb8fc7NcXj39UlzB0PgM3J PGOC3 Redirect()
2023/07/31 18:06:51 [TRACE] bb8fc7NcXj39UlzB0PgM3J PGOC3 GET 리다이렉트
2023/07/31 18:06:51 [TRACE] bb8fc7NcXj39UlzB0PgM3J /PGOC3 컨텍스트저장 UKey:'PGOC3'
2023/07/31 18:07:03 [TRACE] 3qQcYpZTsKYiCrGtezpurJ ----------------------------------------------------
2023/07/31 18:07:03 [TRACE] 3qQcYpZTsKYiCrGtezpurJ /PGOC3 요청토큰: 2b6cd843-3dd1-4d5e-b54a-c2a8bda628d5
2023/07/31 18:07:03 [TRACE] 3qQcYpZTsKYiCrGtezpurJ 2024-06-07 00:00:00 +0700 +07
2023/07/31 18:07:03 [TRACE] 3qQcYpZTsKYiCrGtezpurJ ub.urlybud.aqua.castis.io 라이선스 정상
2023/07/31 18:07:03 [TRACE] 3qQcYpZTsKYiCrGtezpurJ PGOC3 CheckExists()
2023/07/31 18:07:03 [TRACE] 3qQcYpZTsKYiCrGtezpurJ PGOC3 CheckSecureLink()
2023/07/31 18:07:03 [TRACE] 3qQcYpZTsKYiCrGtezpurJ PGOC3 CheckCount()
2023/07/31 18:07:03 [TRACE] 3qQcYpZTsKYiCrGtezpurJ PGOC3 CheckExpire()
2023/07/31 18:07:03 [TRACE] 3qQcYpZTsKYiCrGtezpurJ PGOC3 CheckAuth()
2023/07/31 18:07:03 [TRACE] 3qQcYpZTsKYiCrGtezpurJ PGOC3 ServeLink()
2023/07/31 18:07:03 [TRACE] 3qQcYpZTsKYiCrGtezpurJ PGOC3 Redirect()
2023/07/31 18:07:03 [TRACE] 3qQcYpZTsKYiCrGtezpurJ PGOC3 GET 리다이렉트
2023/07/31 18:07:03 [TRACE] 3qQcYpZTsKYiCrGtezpurJ /PGOC3 컨텍스트저장 UKey:'PGOC3'
2023/07/31 18:07:11 [TRACE] 8IUHeqH4T7r4dkcryGgD35 /link/get 컨텍스트저장 UKey:'PGOC3'
2023/07/31 18:07:22 [TRACE] 1uE4Uwe1XU8lQ1c37OxJPR ----------------------------------------------------
2023/07/31 18:07:22 [TRACE] 1uE4Uwe1XU8lQ1c37OxJPR /PGOC3 요청토큰: 2b6cd843-3dd1-4d5e-b54a-c2a8bda628d5
2023/07/31 18:07:22 [TRACE] 1uE4Uwe1XU8lQ1c37OxJPR 2024-06-07 00:00:00 +0700 +07
2023/07/31 18:07:22 [TRACE] 1uE4Uwe1XU8lQ1c37OxJPR ub.urlybud.aqua.castis.io 라이선스 정상
2023/07/31 18:07:22 [TRACE] 1uE4Uwe1XU8lQ1c37OxJPR PGOC3 CheckExists()
2023/07/31 18:07:22 [TRACE] 1uE4Uwe1XU8lQ1c37OxJPR PGOC3 CheckSecureLink()
2023/07/31 18:07:22 [TRACE] 1uE4Uwe1XU8lQ1c37OxJPR PGOC3 CheckCount()
2023/07/31 18:07:22 [TRACE] 1uE4Uwe1XU8lQ1c37OxJPR PGOC3 CheckExpire()
2023/07/31 18:07:22 [TRACE] 1uE4Uwe1XU8lQ1c37OxJPR PGOC3 CheckAuth()
2023/07/31 18:07:22 [TRACE] 1uE4Uwe1XU8lQ1c37OxJPR PGOC3 ServeLink()
2023/07/31 18:07:22 [TRACE] 1uE4Uwe1XU8lQ1c37OxJPR PGOC3 Redirect()
2023/07/31 18:07:22 [TRACE] 1uE4Uwe1XU8lQ1c37OxJPR PGOC3 GET 리다이렉트
2023/07/31 18:07:22 [TRACE] 1uE4Uwe1XU8lQ1c37OxJPR /PGOC3 컨텍스트저장 UKey:'PGOC3'
2023/07/31 18:07:34 [TRACE] 5jiJjljk3N5k77mBNSxpTv /link/get 컨텍스트저장 UKey:'PGOC3'
2023/07/31 18:07:34 [TRACE] aASmE2kH5Vvf9tf1z8yHX8 ----------------------------------------------------
2023/07/31 18:07:34 [TRACE] aASmE2kH5Vvf9tf1z8yHX8 /PGOC3 요청토큰: 2b6cd843-3dd1-4d5e-b54a-c2a8bda628d5
2023/07/31 18:07:34 [TRACE] aASmE2kH5Vvf9tf1z8yHX8 2024-06-07 00:00:00 +0700 +07
2023/07/31 18:07:34 [TRACE] aASmE2kH5Vvf9tf1z8yHX8 ub.urlybud.aqua.castis.io 라이선스 정상
2023/07/31 18:07:34 [TRACE] aASmE2kH5Vvf9tf1z8yHX8 PGOC3 CheckExists()
2023/07/31 18:07:34 [TRACE] aASmE2kH5Vvf9tf1z8yHX8 PGOC3 CheckSecureLink()
2023/07/31 18:07:34 [TRACE] aASmE2kH5Vvf9tf1z8yHX8 PGOC3 CheckCount()
2023/07/31 18:07:34 [TRACE] aASmE2kH5Vvf9tf1z8yHX8 PGOC3 CheckExpire()
2023/07/31 18:07:34 [TRACE] aASmE2kH5Vvf9tf1z8yHX8 PGOC3 CheckAuth()
2023/07/31 18:07:34 [TRACE] aASmE2kH5Vvf9tf1z8yHX8 PGOC3 ServeLink()
2023/07/31 18:07:34 [TRACE] aASmE2kH5Vvf9tf1z8yHX8 PGOC3 Redirect()
2023/07/31 18:07:34 [TRACE] aASmE2kH5Vvf9tf1z8yHX8 PGOC3 GET 리다이렉트
2023/07/31 18:07:34 [TRACE] aASmE2kH5Vvf9tf1z8yHX8 /PGOC3 컨텍스트저장 UKey:'PGOC3'
2023/07/31 18:07:56 [TRACE] 6Oi9yMebJIKqHty009z0u ----------------------------------------------------
2023/07/31 18:07:56 [TRACE] 6Oi9yMebJIKqHty009z0u /PGOC3 요청토큰: 2b6cd843-3dd1-4d5e-b54a-c2a8bda628d5
2023/07/31 18:07:56 [TRACE] 6Oi9yMebJIKqHty009z0u 2024-06-07 00:00:00 +0700 +07
2023/07/31 18:07:56 [TRACE] 6Oi9yMebJIKqHty009z0u ub.urlybud.aqua.castis.io 라이선스 정상
2023/07/31 18:07:56 [TRACE] 6Oi9yMebJIKqHty009z0u PGOC3 CheckExists()
2023/07/31 18:07:56 [TRACE] 6Oi9yMebJIKqHty009z0u PGOC3 CheckSecureLink()
2023/07/31 18:07:56 [TRACE] 6Oi9yMebJIKqHty009z0u PGOC3 CheckCount()
2023/07/31 18:07:56 [TRACE] 6Oi9yMebJIKqHty009z0u PGOC3 CheckExpire()
2023/07/31 18:07:56 [TRACE] 6Oi9yMebJIKqHty009z0u PGOC3 CheckAuth()
2023/07/31 18:07:56 [TRACE] 6Oi9yMebJIKqHty009z0u PGOC3 ServeLink()
2023/07/31 18:07:56 [TRACE] 6Oi9yMebJIKqHty009z0u PGOC3 Redirect()
2023/07/31 18:07:56 [TRACE] 6Oi9yMebJIKqHty009z0u PGOC3 GET 리다이렉트
2023/07/31 18:07:56 [TRACE] 6Oi9yMebJIKqHty009z0u /PGOC3 컨텍스트저장 UKey:'PGOC3'
2023/07/31 18:08:10 [TRACE] bX1r2e5qwuv7uMst1EOKxp /link/get 컨텍스트저장 UKey:'PGOC3'
2023/07/31 18:08:18 [TRACE] a2ypOl53CqGb2HDbvbnmBn ----------------------------------------------------
2023/07/31 18:08:18 [TRACE] a2ypOl53CqGb2HDbvbnmBn /PGOC3 요청토큰: 2b6cd843-3dd1-4d5e-b54a-c2a8bda628d5
2023/07/31 18:08:18 [TRACE] a2ypOl53CqGb2HDbvbnmBn 2024-06-07 00:00:00 +0700 +07
2023/07/31 18:08:18 [TRACE] a2ypOl53CqGb2HDbvbnmBn ub.urlybud.aqua.castis.io 라이선스 정상
2023/07/31 18:08:18 [TRACE] a2ypOl53CqGb2HDbvbnmBn PGOC3 CheckExists()
2023/07/31 18:08:18 [TRACE] a2ypOl53CqGb2HDbvbnmBn PGOC3 CheckSecureLink()
2023/07/31 18:08:18 [TRACE] a2ypOl53CqGb2HDbvbnmBn PGOC3 CheckCount()
2023/07/31 18:08:18 [TRACE] a2ypOl53CqGb2HDbvbnmBn PGOC3 CheckExpire()
2023/07/31 18:08:18 [TRACE] a2ypOl53CqGb2HDbvbnmBn PGOC3 CheckAuth()
2023/07/31 18:08:18 [TRACE] a2ypOl53CqGb2HDbvbnmBn PGOC3 ServeLink()
2023/07/31 18:08:18 [TRACE] a2ypOl53CqGb2HDbvbnmBn PGOC3 Redirect()
2023/07/31 18:08:18 [TRACE] a2ypOl53CqGb2HDbvbnmBn PGOC3 GET 리다이렉트
2023/07/31 18:08:18 [TRACE] a2ypOl53CqGb2HDbvbnmBn /PGOC3 컨텍스트저장 UKey:'PGOC3'
2023/07/31 18:09:15 [TRACE] 9mOICuvpsZn1xBkOEL69Tv ----------------------------------------------------
2023/07/31 18:09:15 [TRACE] 9mOICuvpsZn1xBkOEL69Tv /PGOC3 요청토큰: 2b6cd843-3dd1-4d5e-b54a-c2a8bda628d5
2023/07/31 18:09:15 [TRACE] 9mOICuvpsZn1xBkOEL69Tv 2024-06-07 00:00:00 +0700 +07
2023/07/31 18:09:15 [TRACE] 9mOICuvpsZn1xBkOEL69Tv ub.urlybud.aqua.castis.io 라이선스 정상
2023/07/31 18:09:15 [TRACE] 9mOICuvpsZn1xBkOEL69Tv PGOC3 CheckExists()
2023/07/31 18:09:15 [TRACE] 9mOICuvpsZn1xBkOEL69Tv PGOC3 CheckSecureLink()
2023/07/31 18:09:15 [TRACE] 9mOICuvpsZn1xBkOEL69Tv PGOC3 CheckCount()
2023/07/31 18:09:15 [TRACE] 9mOICuvpsZn1xBkOEL69Tv PGOC3 CheckExpire()
2023/07/31 18:09:15 [TRACE] 9mOICuvpsZn1xBkOEL69Tv PGOC3 CheckAuth()
2023/07/31 18:09:15 [TRACE] 9mOICuvpsZn1xBkOEL69Tv PGOC3 ServeLink()
2023/07/31 18:09:15 [TRACE] 9mOICuvpsZn1xBkOEL69Tv PGOC3 Redirect()
2023/07/31 18:09:15 [TRACE] 9mOICuvpsZn1xBkOEL69Tv PGOC3 GET 리다이렉트
2023/07/31 18:09:15 [TRACE] 9mOICuvpsZn1xBkOEL69Tv /PGOC3 컨텍스트저장 UKey:'PGOC3'
2023/07/31 18:09:47 [TRACE] 1Q8looH5Y5Gf8wfHlvZwqy ----------------------------------------------------
2023/07/31 18:09:47 [TRACE] 1Q8looH5Y5Gf8wfHlvZwqy /PGOC3 요청토큰: 2b6cd843-3dd1-4d5e-b54a-c2a8bda628d5
2023/07/31 18:09:47 [TRACE] 1Q8looH5Y5Gf8wfHlvZwqy 2024-06-07 00:00:00 +0700 +07
2023/07/31 18:09:47 [TRACE] 1Q8looH5Y5Gf8wfHlvZwqy ub.urlybud.aqua.castis.io 라이선스 정상
2023/07/31 18:09:47 [TRACE] 1Q8looH5Y5Gf8wfHlvZwqy PGOC3 CheckExists()
2023/07/31 18:09:47 [TRACE] 1Q8looH5Y5Gf8wfHlvZwqy PGOC3 CheckSecureLink()
2023/07/31 18:09:47 [TRACE] 1Q8looH5Y5Gf8wfHlvZwqy PGOC3 CheckCount()
2023/07/31 18:09:47 [TRACE] 1Q8looH5Y5Gf8wfHlvZwqy PGOC3 CheckExpire()
2023/07/31 18:09:47 [TRACE] 1Q8looH5Y5Gf8wfHlvZwqy PGOC3 CheckAuth()
2023/07/31 18:09:47 [TRACE] 1Q8looH5Y5Gf8wfHlvZwqy PGOC3 ServeLink()
2023/07/31 18:09:47 [TRACE] 1Q8looH5Y5Gf8wfHlvZwqy PGOC3 Redirect()
2023/07/31 18:09:47 [TRACE] 1Q8looH5Y5Gf8wfHlvZwqy PGOC3 GET 리다이렉트
2023/07/31 18:09:47 [TRACE] 1Q8looH5Y5Gf8wfHlvZwqy /PGOC3 컨텍스트저장 UKey:'PGOC3'
2023/07/31 18:09:55 [TRACE] gWyCEKXwo4hayPcVnv4djx /link/get 컨텍스트저장 UKey:'PGOC3'
2023/07/31 18:10:46 [TRACE] ivOOm6JIS7s3L6vVGvC6Ge /link/get 컨텍스트저장 UKey:'PGOC3'
2023/07/31 18:12:47 [TRACE] kXVTDyMlDkKlzsNh6OXGF3 /link/get 컨텍스트저장 UKey:'PGOC3'
2023/07/31 18:13:11 [TRACE] lQoJ5hApM2i7xuzA5sdCwq ----------------------------------------------------
2023/07/31 18:13:11 [TRACE] lQoJ5hApM2i7xuzA5sdCwq /PGOC3 요청토큰: 2b6cd843-3dd1-4d5e-b54a-c2a8bda628d5
2023/07/31 18:13:11 [TRACE] lQoJ5hApM2i7xuzA5sdCwq 2024-06-07 00:00:00 +0700 +07
2023/07/31 18:13:11 [TRACE] lQoJ5hApM2i7xuzA5sdCwq ub.urlybud.aqua.castis.io 라이선스 정상
2023/07/31 18:13:11 [TRACE] lQoJ5hApM2i7xuzA5sdCwq PGOC3 CheckExists()
2023/07/31 18:13:11 [TRACE] lQoJ5hApM2i7xuzA5sdCwq PGOC3 CheckSecureLink()
2023/07/31 18:13:11 [TRACE] lQoJ5hApM2i7xuzA5sdCwq PGOC3 CheckCount()
2023/07/31 18:13:11 [TRACE] lQoJ5hApM2i7xuzA5sdCwq PGOC3 CheckExpire()
2023/07/31 18:13:11 [TRACE] lQoJ5hApM2i7xuzA5sdCwq PGOC3 CheckAuth()
2023/07/31 18:13:11 [TRACE] lQoJ5hApM2i7xuzA5sdCwq PGOC3 ServeLink()
2023/07/31 18:13:11 [TRACE] lQoJ5hApM2i7xuzA5sdCwq PGOC3 Redirect()
2023/07/31 18:13:11 [TRACE] lQoJ5hApM2i7xuzA5sdCwq PGOC3 GET 리다이렉트
2023/07/31 18:13:11 [TRACE] lQoJ5hApM2i7xuzA5sdCwq /PGOC3 컨텍스트저장 UKey:'PGOC3'
2023/07/31 18:13:19 [TRACE] 5dVZY2drG6MUmnM5S3qbK /link/get 컨텍스트저장 UKey:'PGOC3'
2023/07/31 18:14:10 [TRACE] 2GftVwFTg2y2l7VdGqRmyV /link/get 컨텍스트저장 UKey:'PGOC3'
2023/07/31 18:15:06 [TRACE] ltKdhbjI0Pi94SxArkzzr1 /link/get 컨텍스트저장 UKey:'PGOC3'
2023/07/31 18:15:10 [TRACE] 49dJL0MCl3j1kUdxZXCOre /link/get 컨텍스트저장 UKey:'PGOC3'
2023/07/31 18:16:47 [TRACE] 3qKVckik9g9dy913c22TK7 /link/get 컨텍스트저장 UKey:'PGOC3'
2023/07/31 18:16:50 [TRACE] i7OuocGKCBmiqmpph6H2sG /link/get 컨텍스트저장 UKey:'PGOC3'
2023/07/31 18:17:08 [TRACE] gX7Oa4AKfL2builbB96MOY /link/get 컨텍스트저장 UKey:'PGOC3'
2023/07/31 18:17:36 [TRACE] i4YnHEQgz5G5V4NpISByre /link/get 컨텍스트저장 UKey:'PGOC3'
