2023/06/09 09:08:50 [TRACE] enW7pcFuUfH54fB1LV1Mb3 /link/get 컨텍스트저장 UKey:''
2023/06/09 11:33:10 [TRACE] bUVOkO2iRHl2IVM55MZYFO ----------------------------------------------------
2023/06/09 11:33:10 [TRACE] bUVOkO2iRHl2IVM55MZYFO /pkZhQ 요청토큰: f6564d4a-28c6-4a88-bdbc-0f28abedf8c0
2023/06/09 11:33:10 [TRACE] bUVOkO2iRHl2IVM55MZYFO 2099-12-31 00:00:00 +0700 +07
2023/06/09 11:33:10 [TRACE] bUVOkO2iRHl2IVM55MZYFO 192.168.0.125 라이선스 정상
2023/06/09 11:33:10 [TRACE] bUVOkO2iRHl2IVM55MZYFO pkZhQ CheckExists()
2023/06/09 11:33:10 [TRACE] bUVOkO2iRHl2IVM55MZYFO pkZhQ CheckSecureLink()
2023/06/09 11:33:10 [TRACE] bUVOkO2iRHl2IVM55MZYFO pkZhQ CheckCount()
2023/06/09 11:33:10 [TRACE] bUVOkO2iRHl2IVM55MZYFO pkZhQ CheckExpire()
2023/06/09 11:33:10 [TRACE] bUVOkO2iRHl2IVM55MZYFO pkZhQ CheckAuth()
2023/06/09 11:33:10 [TRACE] bUVOkO2iRHl2IVM55MZYFO pkZhQ ServeLink()
2023/06/09 11:33:10 [TRACE] bUVOkO2iRHl2IVM55MZYFO pkZhQ Redirect()
2023/06/09 11:33:10 [TRACE] bUVOkO2iRHl2IVM55MZYFO pkZhQ GET 리다이렉트
2023/06/09 11:33:10 [TRACE] bUVOkO2iRHl2IVM55MZYFO /pkZhQ 컨텍스트저장 UKey:'pkZhQ'
2023/06/09 11:34:53 [TRACE] iB24Unbam5pg4CcoMt5mOg /link/get 컨텍스트저장 UKey:''
2023/06/09 11:35:07 [TRACE] fCQ3G9eIEQygUR3TmRppd5 /link/get 컨텍스트저장 UKey:''
2023/06/09 11:35:20 [TRACE] bePJNoKxVuR5VoJhmfg8hM /link/get 컨텍스트저장 UKey:''
2023/06/09 11:35:36 [TRACE] h5gHQQSH9UDc4NMxhip02V /link/get 컨텍스트저장 UKey:''
2023/06/09 11:35:46 [TRACE] ekHgMk7P2M226iTd0YwxgO /link/get 컨텍스트저장 UKey:''
2023/06/09 11:35:53 [TRACE] axRFZM5FejZ39184aGsSmh /link/get 컨텍스트저장 UKey:''
2023/06/09 11:36:05 [TRACE] 1iA2qVdrGVJhYdZRFdMODV /link/get 컨텍스트저장 UKey:''
2023/06/09 11:37:04 [TRACE] 1qfPLcxv3hUco4363Wu9d6 /link/get 컨텍스트저장 UKey:''
2023/06/09 11:37:52 [TRACE] aX08RTalB8YdUytEqgK74U /link/get 컨텍스트저장 UKey:''
2023/06/09 11:41:22 [TRACE] ikAt0FiaS0Oijaxmi2tfdt /link/get 컨텍스트저장 UKey:''
2023/06/09 11:41:26 [TRACE] 7qBEQ3d8PI63LhpDhmkpRJ /link/get 컨텍스트저장 UKey:''
2023/06/09 11:42:44 [TRACE] bGG02lSbAaGbidks6cgWDN /link/get 컨텍스트저장 UKey:''
2023/06/09 11:43:41 [TRACE] cnBxs5Pnc8yw26xNnXfy1 /link/get 컨텍스트저장 UKey:''
2023/06/09 11:44:21 [TRACE] 4ThXlZfx2tYeQ9P20qPHIM /link/get 컨텍스트저장 UKey:''
2023/06/09 11:44:26 [TRACE] jm38IKp0b3mg3dgj8Lym7O /link/get 컨텍스트저장 UKey:''
2023/06/09 11:44:46 [TRACE] 3q4TtrebIelijzo4nc51f5 /link/get 컨텍스트저장 UKey:''
2023/06/09 11:44:55 [TRACE] 6rvdCWlV3t9ekKRZXAv33B /link/get 컨텍스트저장 UKey:''
2023/06/09 11:45:04 [TRACE] fTIQWxF2XvLap0F2hlC0gs /link/get 컨텍스트저장 UKey:''
2023/06/09 11:46:36 [TRACE] ckClUszs3Vkf3KojLVYERi /link/get 컨텍스트저장 UKey:''
2023/06/09 13:38:02 [TRACE] 7TKSGWkML1L4pZT3W1lAYL /link/get 컨텍스트저장 UKey:''
2023/06/09 13:38:35 [TRACE] iWhUkB1fBy1lTvfyTOkycq /link/get 컨텍스트저장 UKey:''
2023/06/09 13:38:41 [TRACE] cR50ptXGUZJfkBBSlQzWZr /link/get 컨텍스트저장 UKey:''
2023/06/09 13:38:53 [TRACE] 87ymx9XTLGXa7cxQrdaH2n /link/get 컨텍스트저장 UKey:''
2023/06/09 13:39:26 [TRACE] 20c5UK9pOgt7rtsgDyfz6l /link/get 컨텍스트저장 UKey:''
2023/06/09 14:14:05 [TRACE] 7PqIlvlhewj6URNhlYXV3x /link/get 컨텍스트저장 UKey:''
2023/06/09 14:14:23 [TRACE] tELr3Wxq0PbVvKTqJFHBQ /link/get 컨텍스트저장 UKey:''
2023/06/09 14:15:26 [TRACE] fBoicDnAYDWfJ7f3WzYCNw /link/get 컨텍스트저장 UKey:''
2023/06/09 14:15:56 [TRACE] 76MsGFaTZ1DdrgNI6NXzXY /link/get 컨텍스트저장 UKey:''
2023/06/09 14:16:12 [TRACE] 12zY1XoRnCA1Tln7GLGvhr ----------------------------------------------------
2023/06/09 14:16:12 [TRACE] 12zY1XoRnCA1Tln7GLGvhr /pkZhQ 토큰생성: c73af2b2-7071-4e4d-ab33-da6a9613d1f8
2023/06/09 14:16:12 [TRACE] 12zY1XoRnCA1Tln7GLGvhr 2024-06-07 00:00:00 +0700 +07
2023/06/09 14:16:12 [TRACE] 12zY1XoRnCA1Tln7GLGvhr ub.urlybud.aqua.castis.io 라이선스 정상
2023/06/09 14:16:12 [TRACE] 12zY1XoRnCA1Tln7GLGvhr pkZhQ CheckExists()
2023/06/09 14:16:12 [TRACE] 12zY1XoRnCA1Tln7GLGvhr pkZhQ CheckSecureLink()
2023/06/09 14:16:12 [TRACE] 12zY1XoRnCA1Tln7GLGvhr pkZhQ CheckCount()
2023/06/09 14:16:12 [TRACE] 12zY1XoRnCA1Tln7GLGvhr pkZhQ CheckExpire()
2023/06/09 14:16:12 [TRACE] 12zY1XoRnCA1Tln7GLGvhr pkZhQ CheckAuth()
2023/06/09 14:16:12 [TRACE] 12zY1XoRnCA1Tln7GLGvhr pkZhQ ServeLink()
2023/06/09 14:16:12 [TRACE] 12zY1XoRnCA1Tln7GLGvhr pkZhQ Redirect()
2023/06/09 14:16:12 [TRACE] 12zY1XoRnCA1Tln7GLGvhr pkZhQ GET 리다이렉트
2023/06/09 14:16:12 [TRACE] 12zY1XoRnCA1Tln7GLGvhr /pkZhQ 컨텍스트저장 UKey:'pkZhQ'
2023/06/09 14:17:28 [TRACE] 4qkfQAXbOazaxnzj9VdKlz /link/get 컨텍스트저장 UKey:''
2023/06/09 14:17:29 [TRACE] ht3fKJ5Y4UD4P0ELRGA4UU /link/get 컨텍스트저장 UKey:''
2023/06/09 14:17:30 [TRACE] 11zGxtYkB5uhuX2vqvNbAg /link/get 컨텍스트저장 UKey:''
2023/06/09 14:17:34 [TRACE] fXQvu87jpIPft7FFHxWUFo /link/get 컨텍스트저장 UKey:''
2023/06/09 14:17:41 [TRACE] j8Q8A3CyawlbYlNgqGGXdA ----------------------------------------------------
2023/06/09 14:17:41 [TRACE] j8Q8A3CyawlbYlNgqGGXdA /pkZhQ 요청토큰: f6564d4a-28c6-4a88-bdbc-0f28abedf8c0
2023/06/09 14:17:41 [TRACE] j8Q8A3CyawlbYlNgqGGXdA 2099-12-31 00:00:00 +0700 +07
2023/06/09 14:17:41 [TRACE] j8Q8A3CyawlbYlNgqGGXdA 192.168.0.125 라이선스 정상
2023/06/09 14:17:41 [TRACE] j8Q8A3CyawlbYlNgqGGXdA pkZhQ CheckExists()
2023/06/09 14:17:41 [TRACE] j8Q8A3CyawlbYlNgqGGXdA pkZhQ CheckSecureLink()
2023/06/09 14:17:41 [TRACE] j8Q8A3CyawlbYlNgqGGXdA pkZhQ CheckCount()
2023/06/09 14:17:41 [TRACE] j8Q8A3CyawlbYlNgqGGXdA pkZhQ CheckExpire()
2023/06/09 14:17:41 [TRACE] j8Q8A3CyawlbYlNgqGGXdA pkZhQ CheckAuth()
2023/06/09 14:17:41 [TRACE] j8Q8A3CyawlbYlNgqGGXdA pkZhQ ServeLink()
2023/06/09 14:17:41 [TRACE] j8Q8A3CyawlbYlNgqGGXdA pkZhQ Redirect()
2023/06/09 14:17:41 [TRACE] j8Q8A3CyawlbYlNgqGGXdA pkZhQ GET 리다이렉트
2023/06/09 14:17:41 [TRACE] j8Q8A3CyawlbYlNgqGGXdA /pkZhQ 컨텍스트저장 UKey:'pkZhQ'
2023/06/09 14:19:37 [TRACE] hV42Rngb5kl8J5VN6mpo5z /link/get 컨텍스트저장 UKey:''
2023/06/09 14:24:40 [TRACE] lejoWB5ESQM948VUZm8TLm /link/get 컨텍스트저장 UKey:''
2023/06/09 14:24:45 [TRACE] 7MOT6GkKMZL4HlO6Tt1ud7 /link/get 컨텍스트저장 UKey:''
2023/06/09 14:29:03 [TRACE] cqkjEqKquqKgVCb7ZgY0oX /link/set 컨텍스트저장 UKey:'hegTW'
2023/06/09 14:29:07 [TRACE] kNqmwwTcBjNfnAYerlo3VO /link/get 컨텍스트저장 UKey:''
2023/06/09 14:29:12 [TRACE] kdglysct8He6sYQMTfjm7M /link/get 컨텍스트저장 UKey:''
2023/06/09 14:29:46 [TRACE] 6WELaFhAae3kwdquHgZxxb /link/get 컨텍스트저장 UKey:''
2023/06/09 14:30:00 [TRACE] jPHaNQRHMww5RlYeQRkAKK /link/get 컨텍스트저장 UKey:''
2023/06/09 14:30:05 [TRACE] 71DAcdsAfZdg4Dau5SjPH6 /link/get 컨텍스트저장 UKey:''
2023/06/09 14:30:26 [TRACE] oIv03KJAqCkrXPbxwDGd6 ----------------------------------------------------
2023/06/09 14:30:26 [TRACE] oIv03KJAqCkrXPbxwDGd6 /hegTW 요청토큰: caec1689-70cf-4c6f-8805-be54273b3f01
2023/06/09 14:30:26 [TRACE] oIv03KJAqCkrXPbxwDGd6 2024-06-07 00:00:00 +0700 +07
2023/06/09 14:30:26 [TRACE] oIv03KJAqCkrXPbxwDGd6 ub.urlybud.aqua.castis.io 라이선스 정상
2023/06/09 14:30:26 [TRACE] oIv03KJAqCkrXPbxwDGd6 hegTW CheckExists()
2023/06/09 14:30:26 [TRACE] oIv03KJAqCkrXPbxwDGd6 hegTW CheckSecureLink()
2023/06/09 14:30:26 [TRACE] oIv03KJAqCkrXPbxwDGd6 hegTW CheckCount()
2023/06/09 14:30:26 [TRACE] oIv03KJAqCkrXPbxwDGd6 hegTW CheckExpire()
2023/06/09 14:30:26 [TRACE] oIv03KJAqCkrXPbxwDGd6 hegTW CheckAuth()
2023/06/09 14:30:26 [TRACE] oIv03KJAqCkrXPbxwDGd6 hegTW ServeLink()
2023/06/09 14:30:26 [TRACE] oIv03KJAqCkrXPbxwDGd6 hegTW Redirect()
2023/06/09 14:30:26 [TRACE] oIv03KJAqCkrXPbxwDGd6 hegTW GET 리다이렉트
2023/06/09 14:30:26 [TRACE] oIv03KJAqCkrXPbxwDGd6 /hegTW 컨텍스트저장 UKey:'hegTW'
2023/06/09 14:30:27 [TRACE] gcnj60ii6F7hE3YMOpEK96 /link/get 컨텍스트저장 UKey:''
2023/06/09 14:31:00 [TRACE] kUgBO4GMSKAfJOHORk3J60 /link/set 컨텍스트저장 UKey:'TKaVR'
2023/06/09 14:31:26 [TRACE] 7dr7y0qWugL3t7c9R9y6qE ----------------------------------------------------
2023/06/09 14:31:26 [TRACE] 7dr7y0qWugL3t7c9R9y6qE /TKaVR 요청토큰: caec1689-70cf-4c6f-8805-be54273b3f01
2023/06/09 14:31:26 [TRACE] 7dr7y0qWugL3t7c9R9y6qE 2024-06-07 00:00:00 +0700 +07
2023/06/09 14:31:26 [TRACE] 7dr7y0qWugL3t7c9R9y6qE ub.urlybud.aqua.castis.io 라이선스 정상
2023/06/09 14:31:26 [TRACE] 7dr7y0qWugL3t7c9R9y6qE TKaVR CheckExists()
2023/06/09 14:31:26 [TRACE] 7dr7y0qWugL3t7c9R9y6qE TKaVR CheckSecureLink()
2023/06/09 14:31:26 [TRACE] 7dr7y0qWugL3t7c9R9y6qE TKaVR CheckCount()
2023/06/09 14:31:26 [TRACE] 7dr7y0qWugL3t7c9R9y6qE TKaVR CheckExpire()
2023/06/09 14:31:26 [TRACE] 7dr7y0qWugL3t7c9R9y6qE TKaVR CheckAuth()
2023/06/09 14:31:26 [TRACE] 7dr7y0qWugL3t7c9R9y6qE TKaVR ServeLink()
2023/06/09 14:31:26 [TRACE] 7dr7y0qWugL3t7c9R9y6qE TKaVR Redirect()
2023/06/09 14:31:26 [TRACE] 7dr7y0qWugL3t7c9R9y6qE TKaVR GET 리다이렉트
2023/06/09 14:31:26 [TRACE] 7dr7y0qWugL3t7c9R9y6qE /TKaVR 컨텍스트저장 UKey:'TKaVR'
2023/06/09 14:31:27 [TRACE] hU2YxJ9XKeUaYlnaanUbMr /link/get 컨텍스트저장 UKey:''
2023/06/09 14:33:26 [TRACE] 4LXWKmUQyWp405eP4Lg9Vr /link/set 컨텍스트저장 UKey:'MEizu'
2023/06/09 14:33:50 [TRACE] 6EsL4TPt7RN2AtsXJNw2xe /link/set 컨텍스트저장 UKey:'AudWc'
2023/06/09 14:34:21 [TRACE] rTL0ggE6p5adit7BxUdDw /link/set 컨텍스트저장 UKey:'upbCE'
2023/06/09 14:34:27 [TRACE] iQoNkCPBlbbkqQoLe0XOBN /link/get 컨텍스트저장 UKey:''
2023/06/09 14:34:42 [TRACE] eng7nfsmp4C6BDTgxrC8f /link/set 컨텍스트저장 UKey:'ok9iU'
2023/06/09 14:34:46 [TRACE] 1zQcAeUmNE58uqdlLaACRO /link/get 컨텍스트저장 UKey:''
2023/06/09 14:34:57 [TRACE] ikXLDAJoI629tJEahkcbOg ----------------------------------------------------
2023/06/09 14:34:57 [TRACE] ikXLDAJoI629tJEahkcbOg /ok9iU 토큰생성: 92645c60-3a7a-42f6-9c5b-9f4286f1035e
2023/06/09 14:34:57 [TRACE] ikXLDAJoI629tJEahkcbOg 2024-06-07 00:00:00 +0700 +07
2023/06/09 14:34:57 [TRACE] ikXLDAJoI629tJEahkcbOg ub.urlybud.aqua.castis.io 라이선스 정상
2023/06/09 14:34:57 [TRACE] ikXLDAJoI629tJEahkcbOg ok9iU CheckExists()
2023/06/09 14:34:57 [TRACE] ikXLDAJoI629tJEahkcbOg ok9iU CheckSecureLink()
2023/06/09 14:34:57 [TRACE] ikXLDAJoI629tJEahkcbOg ok9iU CheckCount()
2023/06/09 14:34:57 [TRACE] ikXLDAJoI629tJEahkcbOg ok9iU CheckExpire()
2023/06/09 14:34:57 [TRACE] ikXLDAJoI629tJEahkcbOg ok9iU CheckAuth()
2023/06/09 14:34:57 [TRACE] ikXLDAJoI629tJEahkcbOg ok9iU ServeLink()
2023/06/09 14:34:57 [TRACE] ikXLDAJoI629tJEahkcbOg ok9iU Redirect()
2023/06/09 14:34:57 [TRACE] ikXLDAJoI629tJEahkcbOg ok9iU GET 리다이렉트
2023/06/09 14:34:57 [TRACE] ikXLDAJoI629tJEahkcbOg /ok9iU 컨텍스트저장 UKey:'ok9iU'
2023/06/09 14:34:57 [TRACE] j3mOd2zp56hRVJIsKu6bZ /link/get 컨텍스트저장 UKey:''
2023/06/09 14:36:20 [TRACE] dA5otYQCSAc66LISlX2tLo /link/get 컨텍스트저장 UKey:''
2023/06/09 14:45:27 [TRACE] hs455DoFiCbkDzDTgweyZq /link/get 컨텍스트저장 UKey:''
2023/06/09 14:45:35 [TRACE] lVXMCTruhUaiX53UxbCu7y /link/get 컨텍스트저장 UKey:''
2023/06/09 14:49:42 [TRACE] 7f0Agy2Vxpmajh0XruRoyp ----------------------------------------------------
2023/06/09 14:49:42 [TRACE] 7f0Agy2Vxpmajh0XruRoyp /pkZhQ 요청토큰: c73af2b2-7071-4e4d-ab33-da6a9613d1f8
2023/06/09 14:49:42 [TRACE] 7f0Agy2Vxpmajh0XruRoyp 2024-06-07 00:00:00 +0700 +07
2023/06/09 14:49:42 [TRACE] 7f0Agy2Vxpmajh0XruRoyp ub.urlybud.aqua.castis.io 라이선스 정상
2023/06/09 14:49:42 [TRACE] 7f0Agy2Vxpmajh0XruRoyp pkZhQ CheckExists()
2023/06/09 14:49:42 [TRACE] 7f0Agy2Vxpmajh0XruRoyp pkZhQ CheckSecureLink()
2023/06/09 14:49:42 [TRACE] 7f0Agy2Vxpmajh0XruRoyp pkZhQ CheckCount()
2023/06/09 14:49:42 [TRACE] 7f0Agy2Vxpmajh0XruRoyp pkZhQ CheckExpire()
2023/06/09 14:49:42 [TRACE] 7f0Agy2Vxpmajh0XruRoyp pkZhQ CheckAuth()
2023/06/09 14:49:42 [TRACE] 7f0Agy2Vxpmajh0XruRoyp pkZhQ ServeLink()
2023/06/09 14:49:42 [TRACE] 7f0Agy2Vxpmajh0XruRoyp pkZhQ Redirect()
2023/06/09 14:49:42 [TRACE] 7f0Agy2Vxpmajh0XruRoyp pkZhQ GET 리다이렉트
2023/06/09 14:49:42 [TRACE] 7f0Agy2Vxpmajh0XruRoyp /pkZhQ 컨텍스트저장 UKey:'pkZhQ'
2023/06/09 14:51:24 [TRACE] 5fQQ4BnMdP933lppKwSQeh ----------------------------------------------------
2023/06/09 14:51:24 [TRACE] 5fQQ4BnMdP933lppKwSQeh /MEizu 토큰생성: bfe164d8-ef19-4adf-8adb-ce7e697fd598
2023/06/09 14:51:24 [TRACE] 5fQQ4BnMdP933lppKwSQeh 2024-06-07 00:00:00 +0700 +07
2023/06/09 14:51:24 [TRACE] 5fQQ4BnMdP933lppKwSQeh ub.urlybud.aqua.castis.io 라이선스 정상
2023/06/09 14:51:24 [TRACE] 5fQQ4BnMdP933lppKwSQeh MEizu CheckExists()
2023/06/09 14:51:24 [TRACE] 5fQQ4BnMdP933lppKwSQeh MEizu CheckSecureLink()
2023/06/09 14:51:24 [TRACE] 5fQQ4BnMdP933lppKwSQeh MEizu CheckCount()
2023/06/09 14:51:24 [TRACE] 5fQQ4BnMdP933lppKwSQeh MEizu CheckExpire()
2023/06/09 14:51:24 [TRACE] 5fQQ4BnMdP933lppKwSQeh MEizu CheckAuth()
2023/06/09 14:51:24 [TRACE] 5fQQ4BnMdP933lppKwSQeh MEizu ServeLink()
2023/06/09 14:51:24 [TRACE] 5fQQ4BnMdP933lppKwSQeh MEizu Redirect()
2023/06/09 14:51:24 [TRACE] 5fQQ4BnMdP933lppKwSQeh MEizu GET 리다이렉트
2023/06/09 14:51:24 [TRACE] 5fQQ4BnMdP933lppKwSQeh /MEizu 컨텍스트저장 UKey:'MEizu'
2023/06/09 14:51:30 [TRACE] jdcvTPq8TDychfZQxmExcZ /link/get 컨텍스트저장 UKey:''
2023/06/09 14:52:00 [TRACE] 107bbLr8bTW5kelQjihbh0 ----------------------------------------------------
2023/06/09 14:52:00 [TRACE] 107bbLr8bTW5kelQjihbh0 /MEizu 요청토큰: bfe164d8-ef19-4adf-8adb-ce7e697fd598
2023/06/09 14:52:00 [TRACE] 107bbLr8bTW5kelQjihbh0 2024-06-07 00:00:00 +0700 +07
2023/06/09 14:52:00 [TRACE] 107bbLr8bTW5kelQjihbh0 ub.urlybud.aqua.castis.io 라이선스 정상
2023/06/09 14:52:00 [TRACE] 107bbLr8bTW5kelQjihbh0 MEizu CheckExists()
2023/06/09 14:52:00 [TRACE] 107bbLr8bTW5kelQjihbh0 MEizu CheckSecureLink()
2023/06/09 14:52:00 [TRACE] 107bbLr8bTW5kelQjihbh0 MEizu CheckCount()
2023/06/09 14:52:00 [TRACE] 107bbLr8bTW5kelQjihbh0 MEizu CheckExpire()
2023/06/09 14:52:00 [TRACE] 107bbLr8bTW5kelQjihbh0 MEizu CheckAuth()
2023/06/09 14:52:00 [TRACE] 107bbLr8bTW5kelQjihbh0 MEizu ServeLink()
2023/06/09 14:52:00 [TRACE] 107bbLr8bTW5kelQjihbh0 MEizu Redirect()
2023/06/09 14:52:00 [TRACE] 107bbLr8bTW5kelQjihbh0 MEizu GET 리다이렉트
2023/06/09 14:52:00 [TRACE] 107bbLr8bTW5kelQjihbh0 /MEizu 컨텍스트저장 UKey:'MEizu'
2023/06/09 14:52:00 [TRACE] cMX6D6EwLzUgdEM5B2vNB1 /link/get 컨텍스트저장 UKey:''
2023/06/09 14:52:05 [TRACE] 47UaLPfsxhca3AGQaforFK /link/get 컨텍스트저장 UKey:''
2023/06/09 14:53:11 [TRACE] eL6jLQaN2wlhihyG3Bizxg ----------------------------------------------------
2023/06/09 14:53:11 [TRACE] eL6jLQaN2wlhihyG3Bizxg /MEizu 요청토큰: bfe164d8-ef19-4adf-8adb-ce7e697fd598
2023/06/09 14:53:11 [TRACE] eL6jLQaN2wlhihyG3Bizxg 2024-06-07 00:00:00 +0700 +07
2023/06/09 14:53:11 [TRACE] eL6jLQaN2wlhihyG3Bizxg ub.urlybud.aqua.castis.io 라이선스 정상
2023/06/09 14:53:11 [TRACE] eL6jLQaN2wlhihyG3Bizxg MEizu CheckExists()
2023/06/09 14:53:11 [TRACE] eL6jLQaN2wlhihyG3Bizxg MEizu CheckSecureLink()
2023/06/09 14:53:11 [TRACE] eL6jLQaN2wlhihyG3Bizxg MEizu CheckCount()
2023/06/09 14:53:11 [TRACE] eL6jLQaN2wlhihyG3Bizxg MEizu CheckExpire()
2023/06/09 14:53:11 [TRACE] eL6jLQaN2wlhihyG3Bizxg MEizu CheckAuth()
2023/06/09 14:53:11 [TRACE] eL6jLQaN2wlhihyG3Bizxg MEizu ServeLink()
2023/06/09 14:53:11 [TRACE] eL6jLQaN2wlhihyG3Bizxg MEizu Redirect()
2023/06/09 14:53:11 [TRACE] eL6jLQaN2wlhihyG3Bizxg MEizu GET 리다이렉트
2023/06/09 14:53:11 [TRACE] eL6jLQaN2wlhihyG3Bizxg /MEizu 컨텍스트저장 UKey:'MEizu'
2023/06/09 14:53:11 [TRACE] 1ZIJZq0xmRO4gJP1QWA9Gj /link/get 컨텍스트저장 UKey:''
2023/06/09 14:56:38 [TRACE] cnCXhBADkpN2cuvgjq2CD /link/get 컨텍스트저장 UKey:''
2023/06/09 14:57:48 [TRACE] 7tWF6GX3DRVekGQOH2XV8V /link/get 컨텍스트저장 UKey:''
2023/06/09 15:02:34 [TRACE] gWptrYiCOqgkpy8mEnb6bZ /link/get 컨텍스트저장 UKey:''
2023/06/09 15:03:14 [TRACE] 1tnyhUcunY773oGLRu573q /link/get 컨텍스트저장 UKey:''
2023/06/09 15:04:06 [TRACE] 4dWn7MSAIci4t9yiAnBmbT /link/get 컨텍스트저장 UKey:''
2023/06/09 15:05:33 [TRACE] kzwF5QtTrTw8egbftuPtCo /link/get 컨텍스트저장 UKey:''
2023/06/09 15:09:18 [TRACE] cf43yuQrEa65H0xnKu9oLT /link/get 컨텍스트저장 UKey:''
2023/06/09 15:09:33 [TRACE] iTwAsPDzV7Dj2vB8CbFXzz /link/get 컨텍스트저장 UKey:''
2023/06/09 15:10:46 [TRACE] 6V0k2RHfst36stkBX1dBD0 /link/get 컨텍스트저장 UKey:''
2023/06/09 15:15:59 [TRACE] k0MoWOB6MEeegLoehIDq3r /link/get 컨텍스트저장 UKey:''
2023/06/09 15:16:22 [TRACE] 71focQKZXQh39ol2hHdR1k /link/get 컨텍스트저장 UKey:''
2023/06/09 15:16:30 [TRACE] 27OHJpPSmRUhgmQAfFTL90 /link/get 컨텍스트저장 UKey:''
2023/06/09 15:27:31 [TRACE] 9feOol0Xjpo1l2qeejBYOQ /link/get 컨텍스트저장 UKey:''
2023/06/09 15:36:24 [TRACE] 5dSCvECw8hFfVZ7vhm3Hbj /link/get 컨텍스트저장 UKey:''
2023/06/09 15:37:57 [TRACE] c323rtHjhiDhDajHuw6RZE /link/get 컨텍스트저장 UKey:''
2023/06/09 15:41:27 [TRACE] lmZEa3EpAjoaG0NRU9UqCN /link/get 컨텍스트저장 UKey:''
2023/06/09 15:41:33 [TRACE] eY4AbjSecmiiGuzdkN8EIY /link/get 컨텍스트저장 UKey:''
2023/06/09 15:42:00 [TRACE] dnwmhprtNJC87jwK6cSzXQ /link/get 컨텍스트저장 UKey:''
2023/06/09 15:42:00 [TRACE] 5dXtKklBdsKdrd8c9aDshu /link/get 컨텍스트저장 UKey:''
2023/06/09 15:43:20 [TRACE] aX7ccEG4Z0LiwA6ISf1FE /link/get 컨텍스트저장 UKey:''
2023/06/09 15:43:20 [TRACE] 4qXDpe6kT7jd6RureqW9NO /link/get 컨텍스트저장 UKey:''
2023/06/09 15:44:23 [TRACE] aK5jVRJpLQufB6Dlh7NShK /link/get 컨텍스트저장 UKey:''
2023/06/09 15:45:28 [TRACE] cnlpkFGavkfdWMvp8acfV5 /link/get 컨텍스트저장 UKey:''
2023/06/09 15:45:28 [TRACE] 3z8zAYQqP744L55kVZldcE /link/get 컨텍스트저장 UKey:''
2023/06/09 15:46:04 [TRACE] 7UnIiUfffne7QMDqsMjqHP /link/get 컨텍스트저장 UKey:''
2023/06/09 15:46:04 [TRACE] jXpHfErYA065jquUh5V4BB /link/get 컨텍스트저장 UKey:''
2023/06/09 15:47:22 [TRACE] bZRPNU3u8zdhEVYkzmvN0f /link/get 컨텍스트저장 UKey:''
2023/06/09 15:47:24 [TRACE] iSPDwjTKmvIgAZlyIZ8g6L /link/get 컨텍스트저장 UKey:''
2023/06/09 15:47:24 [TRACE] 65M47DZgPTIcXKCJzUga6c /link/get 컨텍스트저장 UKey:''
2023/06/09 15:48:14 [TRACE] 1Pn14Z5CSkRkoucjinpUs1 /link/get 컨텍스트저장 UKey:''
2023/06/09 15:48:14 [TRACE] ai9ZaAdJdRd1G6oovcWJeT /link/get 컨텍스트저장 UKey:''
2023/06/09 15:48:24 [TRACE] 3U4oYQoBEafgxgjxZ9W3aJ /link/get 컨텍스트저장 UKey:''
2023/06/09 15:48:24 [TRACE] fXFEqy2eW6cgPY777xCdwo /link/get 컨텍스트저장 UKey:''
2023/06/09 15:48:26 [TRACE] 62XzZXobEVa3y3RJGcfFvH /link/get 컨텍스트저장 UKey:''
2023/06/09 15:48:32 [TRACE] c4bkvaqRDiBhlg28ow8xHe /link/get 컨텍스트저장 UKey:''
2023/06/09 15:48:33 [TRACE] iKzjwHRbPZGkdGqd9onyXV /link/get 컨텍스트저장 UKey:''
2023/06/09 15:50:02 [TRACE] 76jcPSpeQt1yQMcdEJrbl /link/get 컨텍스트저장 UKey:''
2023/06/09 15:51:12 [TRACE] ewVgOeh2lqn7k3PWckdjaS /link/get 컨텍스트저장 UKey:''
2023/06/09 15:51:17 [TRACE] 1WvcvqRLcdo3fSotAXurg1 /link/get 컨텍스트저장 UKey:''
2023/06/09 15:51:20 [TRACE] 2JhInBbrymh7krqAbF9Ohx /link/get 컨텍스트저장 UKey:''
2023/06/09 15:52:01 [TRACE] gZuHV7vWZ2L7rnwCcQe4kv /link/get 컨텍스트저장 UKey:''
2023/06/09 15:53:47 [TRACE] 7FYx99hbl7VgA8dhtf79a3 ----------------------------------------------------
2023/06/09 15:53:47 [TRACE] 7FYx99hbl7VgA8dhtf79a3 /AudWc 토큰생성: 669bd32c-4eea-44de-82ae-aa25c7cbceb6
2023/06/09 15:53:47 [TRACE] 7FYx99hbl7VgA8dhtf79a3 2024-06-07 00:00:00 +0700 +07
2023/06/09 15:53:47 [TRACE] 7FYx99hbl7VgA8dhtf79a3 ub.urlybud.aqua.castis.io 라이선스 정상
2023/06/09 15:53:47 [TRACE] 7FYx99hbl7VgA8dhtf79a3 AudWc CheckExists()
2023/06/09 15:53:47 [TRACE] 7FYx99hbl7VgA8dhtf79a3 AudWc CheckSecureLink()
2023/06/09 15:53:47 [TRACE] 7FYx99hbl7VgA8dhtf79a3 AudWc CheckCount()
2023/06/09 15:53:47 [TRACE] 7FYx99hbl7VgA8dhtf79a3 AudWc CheckExpire()
2023/06/09 15:53:47 [TRACE] 7FYx99hbl7VgA8dhtf79a3 AudWc CheckAuth()
2023/06/09 15:53:47 [TRACE] 7FYx99hbl7VgA8dhtf79a3 AudWc ServeLink()
2023/06/09 15:53:47 [TRACE] 7FYx99hbl7VgA8dhtf79a3 AudWc Redirect()
2023/06/09 15:53:47 [TRACE] 7FYx99hbl7VgA8dhtf79a3 AudWc GET 리다이렉트
2023/06/09 15:53:47 [TRACE] 7FYx99hbl7VgA8dhtf79a3 /AudWc 컨텍스트저장 UKey:'AudWc'
2023/06/09 15:53:48 [TRACE] eg9X3LymGXrcl3Mc29m7GA /link/get 컨텍스트저장 UKey:''
2023/06/09 15:57:17 [TRACE] gDT2YogSaofjhZ8XH1i3Mk /link/get 컨텍스트저장 UKey:''
2023/06/09 16:03:45 [TRACE] b55UnlmbrNCe7GV4RC5jnN /link/get 컨텍스트저장 UKey:''
2023/06/09 16:04:42 [TRACE] awzvx7GtP1RkKQGwfJp184 /link/get 컨텍스트저장 UKey:''
2023/06/09 16:05:04 [TRACE] 5TtgJz5WPVNmrzMu0QvAK /link/get 컨텍스트저장 UKey:''
2023/06/09 16:05:07 [TRACE] gEhT07LUGeI16GmjhRlA6d /link/get 컨텍스트저장 UKey:''
2023/06/09 16:05:27 [TRACE] j14CJwO7atpciyhG7poC4r ----------------------------------------------------
2023/06/09 16:05:27 [TRACE] j14CJwO7atpciyhG7poC4r /MEizu 요청토큰: 669bd32c-4eea-44de-82ae-aa25c7cbceb6
2023/06/09 16:05:27 [TRACE] j14CJwO7atpciyhG7poC4r 2024-06-07 00:00:00 +0700 +07
2023/06/09 16:05:27 [TRACE] j14CJwO7atpciyhG7poC4r ub.urlybud.aqua.castis.io 라이선스 정상
2023/06/09 16:05:27 [TRACE] j14CJwO7atpciyhG7poC4r MEizu CheckExists()
2023/06/09 16:05:27 [TRACE] j14CJwO7atpciyhG7poC4r MEizu CheckSecureLink()
2023/06/09 16:05:27 [TRACE] j14CJwO7atpciyhG7poC4r MEizu CheckCount()
2023/06/09 16:05:27 [TRACE] j14CJwO7atpciyhG7poC4r MEizu CheckExpire()
2023/06/09 16:05:27 [TRACE] j14CJwO7atpciyhG7poC4r MEizu CheckAuth()
2023/06/09 16:05:27 [TRACE] j14CJwO7atpciyhG7poC4r MEizu ServeLink()
2023/06/09 16:05:27 [TRACE] j14CJwO7atpciyhG7poC4r MEizu Redirect()
2023/06/09 16:05:27 [TRACE] j14CJwO7atpciyhG7poC4r MEizu GET 리다이렉트
2023/06/09 16:05:27 [TRACE] j14CJwO7atpciyhG7poC4r /MEizu 컨텍스트저장 UKey:'MEizu'
2023/06/09 16:05:28 [TRACE] jIg1EjHtP1AlDBICZUdmDX /link/get 컨텍스트저장 UKey:''
2023/06/09 16:05:33 [TRACE] 3QcEgtrsMkSeyeOzSuh4uf /link/get 컨텍스트저장 UKey:''
2023/06/09 16:06:10 [TRACE] aE0fUnvvkCfcWClAu4frI5 /link/get 컨텍스트저장 UKey:''
2023/06/09 16:15:07 [TRACE] 30KqGHCSwtV5Db6gbWObO4 /link/get 컨텍스트저장 UKey:''
2023/06/09 16:15:09 [TRACE] dRoN3F0u2gqtO13S13ETE /link/get 컨텍스트저장 UKey:''
2023/06/09 16:16:45 [TRACE] d1b80KV7FwBcW6WBPtZcPc /link/get 컨텍스트저장 UKey:''
2023/06/09 16:16:55 [TRACE] irCqHZq852RgYiVtRwMcow /link/get 컨텍스트저장 UKey:''
2023/06/09 16:16:57 [TRACE] cjsdvRusJDOg63dMiNah0M /link/get 컨텍스트저장 UKey:''
2023/06/09 16:17:13 [TRACE] jOCo17lnB1ucleuy7o39iU /link/get 컨텍스트저장 UKey:''
2023/06/09 16:17:21 [TRACE] 7b5FABPfIKhiFzrRSRZojS /link/get 컨텍스트저장 UKey:''
2023/06/09 16:17:23 [TRACE] 5aTzXAJH4XI8ZmpVUCTsO6 /link/get 컨텍스트저장 UKey:''
2023/06/09 16:17:27 [TRACE] f9sqlMBmugPcxRKYsBYs5g /link/get 컨텍스트저장 UKey:''
2023/06/09 16:17:31 [TRACE] cCy64MNa7qfaLv9Z6o6cbW /link/get 컨텍스트저장 UKey:''
2023/06/09 16:17:37 [TRACE] bDoiPpHwNz2351MMaPnilZ /link/get 컨텍스트저장 UKey:''
2023/06/09 16:17:40 [TRACE] 5niTERLisOFeg9JCagiyhV /link/get 컨텍스트저장 UKey:''
2023/06/09 16:17:42 [TRACE] 2Q94WXYAJN43AJ7wVPlhJ5 /link/get 컨텍스트저장 UKey:''
2023/06/09 16:17:43 [TRACE] ctoqP6oBJSchu2M2YqA4d7 ----------------------------------------------------
2023/06/09 16:17:43 [TRACE] ctoqP6oBJSchu2M2YqA4d7 /MEizu 요청토큰: bfe164d8-ef19-4adf-8adb-ce7e697fd598
2023/06/09 16:17:43 [TRACE] ctoqP6oBJSchu2M2YqA4d7 2024-06-07 00:00:00 +0700 +07
2023/06/09 16:17:43 [TRACE] ctoqP6oBJSchu2M2YqA4d7 ub.urlybud.aqua.castis.io 라이선스 정상
2023/06/09 16:17:43 [TRACE] ctoqP6oBJSchu2M2YqA4d7 MEizu CheckExists()
2023/06/09 16:17:43 [TRACE] ctoqP6oBJSchu2M2YqA4d7 MEizu CheckSecureLink()
2023/06/09 16:17:43 [TRACE] ctoqP6oBJSchu2M2YqA4d7 MEizu CheckCount()
2023/06/09 16:17:43 [TRACE] ctoqP6oBJSchu2M2YqA4d7 MEizu CheckExpire()
2023/06/09 16:17:43 [TRACE] ctoqP6oBJSchu2M2YqA4d7 MEizu CheckAuth()
2023/06/09 16:17:43 [TRACE] ctoqP6oBJSchu2M2YqA4d7 MEizu ServeLink()
2023/06/09 16:17:43 [TRACE] ctoqP6oBJSchu2M2YqA4d7 MEizu Redirect()
2023/06/09 16:17:43 [TRACE] ctoqP6oBJSchu2M2YqA4d7 MEizu GET 리다이렉트
2023/06/09 16:17:43 [TRACE] ctoqP6oBJSchu2M2YqA4d7 /MEizu 컨텍스트저장 UKey:'MEizu'
2023/06/09 16:17:44 [TRACE] kKJS8Qe2N18aPIWdWlaC71 /link/get 컨텍스트저장 UKey:''
2023/06/09 16:17:44 [TRACE] 6ArDUQycAa7cWCNsvMztFJ /link/get 컨텍스트저장 UKey:''
2023/06/09 16:17:47 [TRACE] VeKIHPDb8971Td2NqTgNg /link/get 컨텍스트저장 UKey:''
2023/06/09 16:17:54 [TRACE] 49G8VxdLcDDlvAdLT7SEcm /link/get 컨텍스트저장 UKey:''
2023/06/09 16:18:20 [TRACE] bMgB5G0GOyFekBjtQ2StGu /link/get 컨텍스트저장 UKey:''
2023/06/09 16:18:44 [TRACE] f141nppMeEa8Wb3Wd8OJWc /link/get 컨텍스트저장 UKey:''
2023/06/09 16:19:34 [TRACE] d7U4F5rhE8RiEdif2sATbX ----------------------------------------------------
2023/06/09 16:19:34 [TRACE] d7U4F5rhE8RiEdif2sATbX /MEizu 요청토큰: bfe164d8-ef19-4adf-8adb-ce7e697fd598
2023/06/09 16:19:34 [TRACE] d7U4F5rhE8RiEdif2sATbX 2024-06-07 00:00:00 +0700 +07
2023/06/09 16:19:34 [TRACE] d7U4F5rhE8RiEdif2sATbX ub.urlybud.aqua.castis.io 라이선스 정상
2023/06/09 16:19:34 [TRACE] d7U4F5rhE8RiEdif2sATbX MEizu CheckExists()
2023/06/09 16:19:34 [TRACE] d7U4F5rhE8RiEdif2sATbX MEizu CheckSecureLink()
2023/06/09 16:19:34 [TRACE] d7U4F5rhE8RiEdif2sATbX MEizu CheckCount()
2023/06/09 16:19:34 [TRACE] d7U4F5rhE8RiEdif2sATbX MEizu CheckExpire()
2023/06/09 16:19:34 [TRACE] d7U4F5rhE8RiEdif2sATbX MEizu CheckAuth()
2023/06/09 16:19:34 [TRACE] d7U4F5rhE8RiEdif2sATbX MEizu ServeLink()
2023/06/09 16:19:34 [TRACE] d7U4F5rhE8RiEdif2sATbX MEizu Redirect()
2023/06/09 16:19:34 [TRACE] d7U4F5rhE8RiEdif2sATbX MEizu GET 리다이렉트
2023/06/09 16:19:34 [TRACE] d7U4F5rhE8RiEdif2sATbX /MEizu 컨텍스트저장 UKey:'MEizu'
2023/06/09 16:19:34 [TRACE] aQuSOrTdzMg571tU6R5dfA /link/get 컨텍스트저장 UKey:''
2023/06/09 16:19:43 [TRACE] lsMjOnyNFl4LbHPxCtl2w /link/get 컨텍스트저장 UKey:''
2023/06/09 16:20:18 [TRACE] 6SxnouvlAMgGLwG40skFt /link/get 컨텍스트저장 UKey:''
2023/06/09 16:20:20 [TRACE] 961V3kvMHdK2v2ZDvXJjrQ /link/get 컨텍스트저장 UKey:''
2023/06/09 16:20:41 [TRACE] 3ZvHsY8NlTi2eVeJt54XHz /link/get 컨텍스트저장 UKey:''
2023/06/09 16:20:59 [TRACE] a25kjK4sV8u91KLIICcYeK ----------------------------------------------------
2023/06/09 16:20:59 [TRACE] a25kjK4sV8u91KLIICcYeK /MEizu 요청토큰: bfe164d8-ef19-4adf-8adb-ce7e697fd598
2023/06/09 16:20:59 [TRACE] a25kjK4sV8u91KLIICcYeK 2024-06-07 00:00:00 +0700 +07
2023/06/09 16:20:59 [TRACE] a25kjK4sV8u91KLIICcYeK ub.urlybud.aqua.castis.io 라이선스 정상
2023/06/09 16:20:59 [TRACE] a25kjK4sV8u91KLIICcYeK MEizu CheckExists()
2023/06/09 16:20:59 [TRACE] a25kjK4sV8u91KLIICcYeK MEizu CheckSecureLink()
2023/06/09 16:20:59 [TRACE] a25kjK4sV8u91KLIICcYeK MEizu CheckCount()
2023/06/09 16:20:59 [TRACE] a25kjK4sV8u91KLIICcYeK MEizu CheckExpire()
2023/06/09 16:20:59 [TRACE] a25kjK4sV8u91KLIICcYeK MEizu CheckAuth()
2023/06/09 16:20:59 [TRACE] a25kjK4sV8u91KLIICcYeK MEizu ServeLink()
2023/06/09 16:20:59 [TRACE] a25kjK4sV8u91KLIICcYeK MEizu Redirect()
2023/06/09 16:20:59 [TRACE] a25kjK4sV8u91KLIICcYeK MEizu GET 리다이렉트
2023/06/09 16:20:59 [TRACE] a25kjK4sV8u91KLIICcYeK /MEizu 컨텍스트저장 UKey:'MEizu'
2023/06/09 16:21:00 [TRACE] 8Da48C9AnBCjjdKUIA0dty /link/get 컨텍스트저장 UKey:''
2023/06/09 16:21:00 [TRACE] dBXwgs8u3ZR6T2gq5NoI71 /link/get 컨텍스트저장 UKey:''
2023/06/09 16:21:00 [TRACE] llVPhYNDRWGeEaKavMMpSJ /link/get 컨텍스트저장 UKey:''
2023/06/09 16:21:07 [TRACE] lYkjPfEjxiLcEgQTACPn6y /link/get 컨텍스트저장 UKey:''
2023/06/09 16:21:20 [TRACE] 6ZXrghoJumNeNgo1eyhfR9 /link/get 컨텍스트저장 UKey:''
2023/06/09 16:21:45 [TRACE] dsQKG5mTrPPhkyYz0PAYwV /link/get 컨텍스트저장 UKey:''
2023/06/09 16:23:32 [TRACE] h7rwJmvOU7KdyOzeA7FqNr ----------------------------------------------------
2023/06/09 16:23:32 [TRACE] h7rwJmvOU7KdyOzeA7FqNr /MEizu 요청토큰: bfe164d8-ef19-4adf-8adb-ce7e697fd598
2023/06/09 16:23:32 [TRACE] h7rwJmvOU7KdyOzeA7FqNr 2024-06-07 00:00:00 +0700 +07
2023/06/09 16:23:32 [TRACE] h7rwJmvOU7KdyOzeA7FqNr ub.urlybud.aqua.castis.io 라이선스 정상
2023/06/09 16:23:32 [TRACE] h7rwJmvOU7KdyOzeA7FqNr MEizu CheckExists()
2023/06/09 16:23:32 [TRACE] h7rwJmvOU7KdyOzeA7FqNr MEizu CheckSecureLink()
2023/06/09 16:23:32 [TRACE] h7rwJmvOU7KdyOzeA7FqNr MEizu CheckCount()
2023/06/09 16:23:32 [TRACE] h7rwJmvOU7KdyOzeA7FqNr MEizu CheckExpire()
2023/06/09 16:23:32 [TRACE] h7rwJmvOU7KdyOzeA7FqNr MEizu CheckAuth()
2023/06/09 16:23:32 [TRACE] h7rwJmvOU7KdyOzeA7FqNr MEizu ServeLink()
2023/06/09 16:23:32 [TRACE] h7rwJmvOU7KdyOzeA7FqNr MEizu Redirect()
2023/06/09 16:23:32 [TRACE] h7rwJmvOU7KdyOzeA7FqNr MEizu GET 리다이렉트
2023/06/09 16:23:32 [TRACE] h7rwJmvOU7KdyOzeA7FqNr /MEizu 컨텍스트저장 UKey:'MEizu'
2023/06/09 16:23:33 [TRACE] 5CFkYvTIgCx7gIvFoseyXd /link/get 컨텍스트저장 UKey:''
2023/06/09 16:24:12 [TRACE] cM8QlIRzhII51ru5yFPRIB /link/get 컨텍스트저장 UKey:''
2023/06/09 16:24:40 [TRACE] 3yAncAfRGHD63HzzUsU81O /link/get 컨텍스트저장 UKey:''
2023/06/09 16:25:08 [TRACE] fiY4k5Prhh71KS1AewR9LF /link/get 컨텍스트저장 UKey:''
2023/06/09 16:25:35 [TRACE] 2GfwAVrsLzqg8YNn1qMqE8 /link/get 컨텍스트저장 UKey:''
2023/06/09 16:25:58 [TRACE] jOqSE3v54cfjeLxBVQmdJ /link/get 컨텍스트저장 UKey:''
2023/06/09 16:26:17 [TRACE] 7xVk5BtLW5Z7AsHyhtf5jl ----------------------------------------------------
2023/06/09 16:26:17 [TRACE] 7xVk5BtLW5Z7AsHyhtf5jl /MEizu 요청토큰: bfe164d8-ef19-4adf-8adb-ce7e697fd598
2023/06/09 16:26:17 [TRACE] 7xVk5BtLW5Z7AsHyhtf5jl 2024-06-07 00:00:00 +0700 +07
2023/06/09 16:26:17 [TRACE] 7xVk5BtLW5Z7AsHyhtf5jl ub.urlybud.aqua.castis.io 라이선스 정상
2023/06/09 16:26:17 [TRACE] 7xVk5BtLW5Z7AsHyhtf5jl MEizu CheckExists()
2023/06/09 16:26:17 [TRACE] 7xVk5BtLW5Z7AsHyhtf5jl MEizu CheckSecureLink()
2023/06/09 16:26:17 [TRACE] 7xVk5BtLW5Z7AsHyhtf5jl MEizu CheckCount()
2023/06/09 16:26:17 [TRACE] 7xVk5BtLW5Z7AsHyhtf5jl MEizu CheckExpire()
2023/06/09 16:26:17 [TRACE] 7xVk5BtLW5Z7AsHyhtf5jl MEizu CheckAuth()
2023/06/09 16:26:17 [TRACE] 7xVk5BtLW5Z7AsHyhtf5jl MEizu ServeLink()
2023/06/09 16:26:17 [TRACE] 7xVk5BtLW5Z7AsHyhtf5jl MEizu Redirect()
2023/06/09 16:26:17 [TRACE] 7xVk5BtLW5Z7AsHyhtf5jl MEizu GET 리다이렉트
2023/06/09 16:26:17 [TRACE] 7xVk5BtLW5Z7AsHyhtf5jl /MEizu 컨텍스트저장 UKey:'MEizu'
2023/06/09 16:26:18 [TRACE] 5nI5IuLd8cvjfnSq7wDlXO /link/get 컨텍스트저장 UKey:''
2023/06/09 16:26:23 [TRACE] b4NackIp9aG8JhAyjGX1If /link/get 컨텍스트저장 UKey:''
2023/06/09 16:26:43 [TRACE] 9G9s3dE1S8n5P4bcwyeaw0 /link/get 컨텍스트저장 UKey:''
2023/06/09 16:26:52 [TRACE] iIUh18ES4YM10K8UChhRQ2 /link/get 컨텍스트저장 UKey:''
2023/06/09 16:27:03 [TRACE] fRT57d8D91a6k1jl0OYbRt /link/get 컨텍스트저장 UKey:''
2023/06/09 16:27:05 [TRACE] bzmnACqVVC9leelt7Mcv7V /link/get 컨텍스트저장 UKey:''
2023/06/09 16:27:07 [TRACE] 9Y7Vmjp1eHHaLcgPEwFMfu /link/get 컨텍스트저장 UKey:''
2023/06/09 16:27:21 [TRACE] g4FAEpdtCIlf4waroRECsu /link/get 컨텍스트저장 UKey:''
2023/06/09 16:28:07 [TRACE] cxIojptICpogVHbzfCj5ep /link/get 컨텍스트저장 UKey:''
2023/06/09 16:28:37 [TRACE] j8YbxL2IdpLglPqdC3hvDT /link/get 컨텍스트저장 UKey:''
2023/06/09 16:28:41 [TRACE] 6T1uwvlZ9OU4iY1JIUcBOz /link/get 컨텍스트저장 UKey:''
2023/06/09 16:28:46 [TRACE] j8RX1NZLNdVggFQXAoMOhI /link/get 컨텍스트저장 UKey:''
2023/06/09 16:28:55 [TRACE] 13GTZRIo9pdhVS6nZC4bsT /link/get 컨텍스트저장 UKey:''
2023/06/09 16:30:23 [TRACE] 9Hs5sIIStMsb9fe9RaUvAh /link/get 컨텍스트저장 UKey:''
2023/06/09 16:31:07 [TRACE] 1w13ZlAVcfC8BKfXXM2Zm1 ----------------------------------------------------
2023/06/09 16:31:07 [TRACE] 1w13ZlAVcfC8BKfXXM2Zm1 /MEizu 요청토큰: bfe164d8-ef19-4adf-8adb-ce7e697fd598
2023/06/09 16:31:07 [TRACE] 1w13ZlAVcfC8BKfXXM2Zm1 2024-06-07 00:00:00 +0700 +07
2023/06/09 16:31:07 [TRACE] 1w13ZlAVcfC8BKfXXM2Zm1 ub.urlybud.aqua.castis.io 라이선스 정상
2023/06/09 16:31:07 [TRACE] 1w13ZlAVcfC8BKfXXM2Zm1 MEizu CheckExists()
2023/06/09 16:31:07 [TRACE] 1w13ZlAVcfC8BKfXXM2Zm1 MEizu CheckSecureLink()
2023/06/09 16:31:07 [TRACE] 1w13ZlAVcfC8BKfXXM2Zm1 MEizu CheckCount()
2023/06/09 16:31:07 [TRACE] 1w13ZlAVcfC8BKfXXM2Zm1 MEizu CheckExpire()
2023/06/09 16:31:07 [TRACE] 1w13ZlAVcfC8BKfXXM2Zm1 MEizu CheckAuth()
2023/06/09 16:31:07 [TRACE] 1w13ZlAVcfC8BKfXXM2Zm1 MEizu ServeLink()
2023/06/09 16:31:07 [TRACE] 1w13ZlAVcfC8BKfXXM2Zm1 MEizu Redirect()
2023/06/09 16:31:07 [TRACE] 1w13ZlAVcfC8BKfXXM2Zm1 MEizu GET 리다이렉트
2023/06/09 16:31:07 [TRACE] 1w13ZlAVcfC8BKfXXM2Zm1 /MEizu 컨텍스트저장 UKey:'MEizu'
2023/06/09 16:31:08 [TRACE] 8zVVhmpQ2sQa0XF8JOFpg0 /link/get 컨텍스트저장 UKey:''
2023/06/09 16:31:20 [TRACE] 1JIGuhg48ZPi4iWWlrqMJQ /link/get 컨텍스트저장 UKey:''
2023/06/09 16:32:59 [TRACE] 1KzWlgqlRIF461D8fSVt7b /link/get 컨텍스트저장 UKey:''
2023/06/09 16:33:01 [TRACE] kTf2EkhWIySbXfcYT9koDe /link/get 컨텍스트저장 UKey:''
2023/06/09 16:33:04 [TRACE] ltDwVsTSc93cXn6dsUOsn /link/get 컨텍스트저장 UKey:''
2023/06/09 16:33:05 [TRACE] 92uacZXvtzvhenhKTmwg4w /link/get 컨텍스트저장 UKey:''
2023/06/09 16:34:10 [TRACE] 5cTro3DDobThXyO4SKjqWb /link/get 컨텍스트저장 UKey:''
2023/06/09 16:34:44 [TRACE] 1wkY0C0LiwLbSuoL6sKb6P /link/get 컨텍스트저장 UKey:''
2023/06/09 16:35:38 [TRACE] 2u9QTwtz40Bh82EbZCLCGg /link/get 컨텍스트저장 UKey:''
2023/06/09 16:35:40 [TRACE] iuJZHSVPYjB8C3EthtFEf5 /link/get 컨텍스트저장 UKey:''
2023/06/09 16:35:42 [TRACE] iRub1TidJim5dKFLkMKTgX /link/get 컨텍스트저장 UKey:''
2023/06/09 16:35:43 [TRACE] 9udzRSi40EHdKR5bYHTUzx /link/get 컨텍스트저장 UKey:''
2023/06/09 16:35:46 [TRACE] dElDHT4P46o5HvZR0Wu7zl /link/get 컨텍스트저장 UKey:''
2023/06/09 16:35:51 [TRACE] 3f64kjr8E4aiPtZUPKLRr /link/get 컨텍스트저장 UKey:''
2023/06/09 16:36:22 [TRACE] 2aiSWqkXeB19YebrmbYlsV ----------------------------------------------------
2023/06/09 16:36:22 [TRACE] 2aiSWqkXeB19YebrmbYlsV /AudWc 토큰생성: 3bd9253c-c711-4d2b-9ed3-15cbecca6c97
2023/06/09 16:36:22 [TRACE] 2aiSWqkXeB19YebrmbYlsV 2024-06-07 00:00:00 +0700 +07
2023/06/09 16:36:22 [TRACE] 2aiSWqkXeB19YebrmbYlsV ub.urlybud.aqua.castis.io 라이선스 정상
2023/06/09 16:36:22 [TRACE] 2aiSWqkXeB19YebrmbYlsV AudWc CheckExists()
2023/06/09 16:36:22 [TRACE] 2aiSWqkXeB19YebrmbYlsV AudWc CheckSecureLink()
2023/06/09 16:36:22 [TRACE] 2aiSWqkXeB19YebrmbYlsV AudWc CheckCount()
2023/06/09 16:36:22 [TRACE] 2aiSWqkXeB19YebrmbYlsV AudWc CheckExpire()
2023/06/09 16:36:22 [TRACE] 2aiSWqkXeB19YebrmbYlsV AudWc CheckAuth()
2023/06/09 16:36:22 [TRACE] 2aiSWqkXeB19YebrmbYlsV AudWc ServeLink()
2023/06/09 16:36:22 [TRACE] 2aiSWqkXeB19YebrmbYlsV AudWc Redirect()
2023/06/09 16:36:22 [TRACE] 2aiSWqkXeB19YebrmbYlsV AudWc GET 리다이렉트
2023/06/09 16:36:22 [TRACE] 2aiSWqkXeB19YebrmbYlsV /AudWc 컨텍스트저장 UKey:'AudWc'
2023/06/09 16:36:39 [TRACE] e5u2QNmD6kxdhUmqre5H52 ----------------------------------------------------
2023/06/09 16:36:39 [TRACE] e5u2QNmD6kxdhUmqre5H52 /MEizu 요청토큰: bfe164d8-ef19-4adf-8adb-ce7e697fd598
2023/06/09 16:36:39 [TRACE] e5u2QNmD6kxdhUmqre5H52 2024-06-07 00:00:00 +0700 +07
2023/06/09 16:36:39 [TRACE] e5u2QNmD6kxdhUmqre5H52 ub.urlybud.aqua.castis.io 라이선스 정상
2023/06/09 16:36:39 [TRACE] e5u2QNmD6kxdhUmqre5H52 MEizu CheckExists()
2023/06/09 16:36:39 [TRACE] e5u2QNmD6kxdhUmqre5H52 MEizu CheckSecureLink()
2023/06/09 16:36:39 [TRACE] e5u2QNmD6kxdhUmqre5H52 MEizu CheckCount()
2023/06/09 16:36:39 [TRACE] e5u2QNmD6kxdhUmqre5H52 MEizu CheckExpire()
2023/06/09 16:36:39 [TRACE] e5u2QNmD6kxdhUmqre5H52 MEizu CheckAuth()
2023/06/09 16:36:39 [TRACE] e5u2QNmD6kxdhUmqre5H52 MEizu ServeLink()
2023/06/09 16:36:39 [TRACE] e5u2QNmD6kxdhUmqre5H52 MEizu Redirect()
2023/06/09 16:36:39 [TRACE] e5u2QNmD6kxdhUmqre5H52 MEizu GET 리다이렉트
2023/06/09 16:36:39 [TRACE] e5u2QNmD6kxdhUmqre5H52 /MEizu 컨텍스트저장 UKey:'MEizu'
2023/06/09 16:36:40 [TRACE] 3ugdWB5s9zdde8uhTRUxuT /link/get 컨텍스트저장 UKey:''
2023/06/09 16:37:02 [TRACE] jsoi8AXb0oRa7ZywVZJ3LQ ----------------------------------------------------
2023/06/09 16:37:02 [TRACE] jsoi8AXb0oRa7ZywVZJ3LQ /AudWc 요청토큰: c73af2b2-7071-4e4d-ab33-da6a9613d1f8
2023/06/09 16:37:02 [TRACE] jsoi8AXb0oRa7ZywVZJ3LQ 2024-06-07 00:00:00 +0700 +07
2023/06/09 16:37:02 [TRACE] jsoi8AXb0oRa7ZywVZJ3LQ ub.urlybud.aqua.castis.io 라이선스 정상
2023/06/09 16:37:02 [TRACE] jsoi8AXb0oRa7ZywVZJ3LQ AudWc CheckExists()
2023/06/09 16:37:02 [TRACE] jsoi8AXb0oRa7ZywVZJ3LQ AudWc CheckSecureLink()
2023/06/09 16:37:02 [TRACE] jsoi8AXb0oRa7ZywVZJ3LQ AudWc CheckCount()
2023/06/09 16:37:02 [TRACE] jsoi8AXb0oRa7ZywVZJ3LQ AudWc CheckExpire()
2023/06/09 16:37:02 [TRACE] jsoi8AXb0oRa7ZywVZJ3LQ AudWc CheckAuth()
2023/06/09 16:37:02 [TRACE] jsoi8AXb0oRa7ZywVZJ3LQ AudWc ServeLink()
2023/06/09 16:37:02 [TRACE] jsoi8AXb0oRa7ZywVZJ3LQ AudWc Redirect()
2023/06/09 16:37:02 [TRACE] jsoi8AXb0oRa7ZywVZJ3LQ AudWc GET 리다이렉트
2023/06/09 16:37:02 [TRACE] jsoi8AXb0oRa7ZywVZJ3LQ /AudWc 컨텍스트저장 UKey:'AudWc'
2023/06/09 16:37:03 [TRACE] gGo3tJLY8r9bKV7tlj6m3A /link/get 컨텍스트저장 UKey:''
2023/06/09 16:37:04 [TRACE] 2jZiFC37N1qg2dQ44VF3lr /link/get 컨텍스트저장 UKey:''
2023/06/09 16:37:09 [TRACE] 1y4HrUOiXrEHcADQshgqH /link/get 컨텍스트저장 UKey:''
2023/06/09 16:38:53 [TRACE] h39Fc28CONjHsBklVA5wv /link/get 컨텍스트저장 UKey:''
2023/06/09 16:39:00 [TRACE] jT7ABRuhtTzcACbuMGVG8L /link/get 컨텍스트저장 UKey:''
2023/06/09 16:39:36 [TRACE] 8UVy0UnXI2olSOi2NzYO6j /link/get 컨텍스트저장 UKey:''
2023/06/09 16:40:16 [TRACE] jkEuiO1wAhX6PYxf5Q3jaF /link/get 컨텍스트저장 UKey:''
2023/06/09 16:40:19 [TRACE] 42m0TV2JRO38kXEoTKUjm8 /link/get 컨텍스트저장 UKey:''
2023/06/09 16:40:29 [TRACE] 5WHqWgudiY7eglJiRRs0Ud /link/get 컨텍스트저장 UKey:''
2023/06/09 16:41:32 [TRACE] ZaseRI3VSh1dzNKxfi93b /link/get 컨텍스트저장 UKey:''
2023/06/09 16:41:41 [TRACE] 9sDUaBhvRQrahYnPr7DEYZ /link/get 컨텍스트저장 UKey:''
2023/06/09 16:41:44 [TRACE] 7pG62bx27pJ2Yqte5P2kvU /link/get 컨텍스트저장 UKey:''
2023/06/09 16:41:51 [TRACE] 52t1jbkY47I7PY6xPr5Cig /link/get 컨텍스트저장 UKey:''
2023/06/09 16:41:53 [TRACE] hqBZsYjsFXAdiaj83XFajq /link/get 컨텍스트저장 UKey:''
2023/06/09 16:41:55 [TRACE] 38mLrZh8w2zcJSvYIZSqyO /link/get 컨텍스트저장 UKey:''
2023/06/09 16:41:55 [TRACE] 3QUYRuGZIiv1NPqpZWvuqZ /link/get 컨텍스트저장 UKey:''
2023/06/09 16:41:56 [TRACE] fFWHbkAC4VhevMb3RIhZNc /link/get 컨텍스트저장 UKey:''
2023/06/09 16:41:57 [TRACE] 2VsZUDYrnCCd5hiCtVunkI /link/get 컨텍스트저장 UKey:''
2023/06/09 16:41:58 [TRACE] 4apYGDR64Dd2kM6SBXHzho /link/get 컨텍스트저장 UKey:''
2023/06/09 16:42:00 [TRACE] k7RfES70vWUlgQxXFL4Cle /link/get 컨텍스트저장 UKey:''
2023/06/09 16:42:02 [TRACE] auL4H8msB1d6KbPVjXnaZ7 /link/get 컨텍스트저장 UKey:''
2023/06/09 16:42:03 [TRACE] glUGmLmiR2J8bjiedoTrd3 /link/get 컨텍스트저장 UKey:''
2023/06/09 16:42:04 [TRACE] lNw45KLBMN69DTeYYZVD0l /link/get 컨텍스트저장 UKey:''
2023/06/09 16:42:05 [TRACE] eudKnaIqahT33SPdcPlh80 /link/get 컨텍스트저장 UKey:''
2023/06/09 16:42:06 [TRACE] c1z1lwh7GLSkNi3JEI5yoq /link/get 컨텍스트저장 UKey:''
2023/06/09 16:42:08 [TRACE] jHo2B1l3O8SlVm0g8d495e /link/get 컨텍스트저장 UKey:''
2023/06/09 16:42:09 [TRACE] cT6ar82QQEk3WV2CwfNzD6 /link/get 컨텍스트저장 UKey:''
2023/06/09 16:42:10 [TRACE] guYS3qjXEzFbQCb6RECRbd /link/get 컨텍스트저장 UKey:''
2023/06/09 16:42:11 [TRACE] fCiTaqUNbmahPFfUUbUkA2 /link/get 컨텍스트저장 UKey:''
2023/06/09 16:42:13 [TRACE] jPeEatT0xGn3VEZd95oqaA /link/get 컨텍스트저장 UKey:''
2023/06/09 16:42:14 [TRACE] g5gCHGnI7Rpeipx1gLGVaD /link/get 컨텍스트저장 UKey:''
2023/06/09 16:42:15 [TRACE] 64rJGdH63tg6qUL255qPof /link/get 컨텍스트저장 UKey:''
2023/06/09 16:42:16 [TRACE] iczgrX1sNeX8ARt0zjlFnb /link/get 컨텍스트저장 UKey:''
2023/06/09 16:42:17 [TRACE] 4rlajEzMn4t6ooeTKIMdNA /link/get 컨텍스트저장 UKey:''
2023/06/09 16:44:54 [TRACE] kUftf1DjB87hVShff3abKW /link/get 컨텍스트저장 UKey:''
2023/06/09 16:45:00 [TRACE] 8Pie9RJaFg7cFB2FXtAMLF /link/get 컨텍스트저장 UKey:''
2023/06/09 16:45:03 [TRACE] dGfBmrEv5vO1Ee1ojTyTDl /link/get 컨텍스트저장 UKey:''
2023/06/09 16:45:09 [TRACE] 2tgQY1Em61Ekhf5PNxwdjw /link/get 컨텍스트저장 UKey:''
2023/06/09 16:49:36 [TRACE] hFxb1kjDOBlbePUFX1SkMh /link/get 컨텍스트저장 UKey:''
2023/06/09 16:52:34 [TRACE] 6cKCzf52KHw2Cn30rPfDA9 ----------------------------------------------------
2023/06/09 16:52:34 [TRACE] 6cKCzf52KHw2Cn30rPfDA9 /MEizu 요청토큰: bfe164d8-ef19-4adf-8adb-ce7e697fd598
2023/06/09 16:52:34 [TRACE] 6cKCzf52KHw2Cn30rPfDA9 2024-06-07 00:00:00 +0700 +07
2023/06/09 16:52:34 [TRACE] 6cKCzf52KHw2Cn30rPfDA9 ub.urlybud.aqua.castis.io 라이선스 정상
2023/06/09 16:52:34 [TRACE] 6cKCzf52KHw2Cn30rPfDA9 MEizu CheckExists()
2023/06/09 16:52:34 [TRACE] 6cKCzf52KHw2Cn30rPfDA9 MEizu CheckSecureLink()
2023/06/09 16:52:34 [TRACE] 6cKCzf52KHw2Cn30rPfDA9 MEizu CheckCount()
2023/06/09 16:52:34 [TRACE] 6cKCzf52KHw2Cn30rPfDA9 MEizu CheckExpire()
2023/06/09 16:52:34 [TRACE] 6cKCzf52KHw2Cn30rPfDA9 MEizu CheckAuth()
2023/06/09 16:52:34 [TRACE] 6cKCzf52KHw2Cn30rPfDA9 MEizu ServeLink()
2023/06/09 16:52:34 [TRACE] 6cKCzf52KHw2Cn30rPfDA9 MEizu Redirect()
2023/06/09 16:52:34 [TRACE] 6cKCzf52KHw2Cn30rPfDA9 MEizu GET 리다이렉트
2023/06/09 16:52:34 [TRACE] 6cKCzf52KHw2Cn30rPfDA9 /MEizu 컨텍스트저장 UKey:'MEizu'
2023/06/09 16:52:35 [TRACE] 96sZzH34aMslkbWp6vQO4D /link/get 컨텍스트저장 UKey:''
2023/06/09 16:54:23 [TRACE] 1AQSotOJiKw4V20mH6Rsda /link/get 컨텍스트저장 UKey:''
2023/06/09 16:56:55 [TRACE] 7VKJtzAO7F5hQX2iriyCNx /link/get 컨텍스트저장 UKey:''
2023/06/09 16:58:20 [TRACE] btODuBEBVZ0lhaO6zGrKGM ----------------------------------------------------
2023/06/09 16:58:20 [TRACE] btODuBEBVZ0lhaO6zGrKGM /MEizu 요청토큰: bfe164d8-ef19-4adf-8adb-ce7e697fd598
2023/06/09 16:58:20 [TRACE] btODuBEBVZ0lhaO6zGrKGM 2024-06-07 00:00:00 +0700 +07
2023/06/09 16:58:20 [TRACE] btODuBEBVZ0lhaO6zGrKGM ub.urlybud.aqua.castis.io 라이선스 정상
2023/06/09 16:58:20 [TRACE] btODuBEBVZ0lhaO6zGrKGM MEizu CheckExists()
2023/06/09 16:58:20 [TRACE] btODuBEBVZ0lhaO6zGrKGM MEizu CheckSecureLink()
2023/06/09 16:58:20 [TRACE] btODuBEBVZ0lhaO6zGrKGM MEizu CheckCount()
2023/06/09 16:58:20 [TRACE] btODuBEBVZ0lhaO6zGrKGM MEizu CheckExpire()
2023/06/09 16:58:20 [TRACE] btODuBEBVZ0lhaO6zGrKGM MEizu CheckAuth()
2023/06/09 16:58:20 [TRACE] btODuBEBVZ0lhaO6zGrKGM MEizu ServeLink()
2023/06/09 16:58:20 [TRACE] btODuBEBVZ0lhaO6zGrKGM MEizu Redirect()
2023/06/09 16:58:20 [TRACE] btODuBEBVZ0lhaO6zGrKGM MEizu GET 리다이렉트
2023/06/09 16:58:20 [TRACE] btODuBEBVZ0lhaO6zGrKGM /MEizu 컨텍스트저장 UKey:'MEizu'
2023/06/09 16:58:20 [TRACE] ggx7CDAFsbibXZUTxv6etS /link/get 컨텍스트저장 UKey:''
2023/06/09 16:58:44 [TRACE] 9hggpDULdZ5gNmIikqMxf ----------------------------------------------------
2023/06/09 16:58:44 [TRACE] 9hggpDULdZ5gNmIikqMxf /MEizu 요청토큰: bfe164d8-ef19-4adf-8adb-ce7e697fd598
2023/06/09 16:58:44 [TRACE] 9hggpDULdZ5gNmIikqMxf 2024-06-07 00:00:00 +0700 +07
2023/06/09 16:58:44 [TRACE] 9hggpDULdZ5gNmIikqMxf ub.urlybud.aqua.castis.io 라이선스 정상
2023/06/09 16:58:44 [TRACE] 9hggpDULdZ5gNmIikqMxf MEizu CheckExists()
2023/06/09 16:58:44 [TRACE] 9hggpDULdZ5gNmIikqMxf MEizu CheckSecureLink()
2023/06/09 16:58:44 [TRACE] 9hggpDULdZ5gNmIikqMxf MEizu CheckCount()
2023/06/09 16:58:44 [TRACE] 9hggpDULdZ5gNmIikqMxf MEizu CheckExpire()
2023/06/09 16:58:44 [TRACE] 9hggpDULdZ5gNmIikqMxf MEizu CheckAuth()
2023/06/09 16:58:44 [TRACE] 9hggpDULdZ5gNmIikqMxf MEizu ServeLink()
2023/06/09 16:58:44 [TRACE] 9hggpDULdZ5gNmIikqMxf MEizu Redirect()
2023/06/09 16:58:44 [TRACE] 9hggpDULdZ5gNmIikqMxf MEizu GET 리다이렉트
2023/06/09 16:58:44 [TRACE] 9hggpDULdZ5gNmIikqMxf /MEizu 컨텍스트저장 UKey:'MEizu'
2023/06/09 16:58:44 [TRACE] fWUXfVj6vWZ97Pf2I3MvUt /link/get 컨텍스트저장 UKey:''
2023/06/09 16:59:30 [TRACE] 2eeTuFGibSf1PirkmZlsKo ----------------------------------------------------
2023/06/09 16:59:30 [TRACE] 2eeTuFGibSf1PirkmZlsKo /MEizu 요청토큰: bfe164d8-ef19-4adf-8adb-ce7e697fd598
2023/06/09 16:59:30 [TRACE] 2eeTuFGibSf1PirkmZlsKo 2024-06-07 00:00:00 +0700 +07
2023/06/09 16:59:30 [TRACE] 2eeTuFGibSf1PirkmZlsKo ub.urlybud.aqua.castis.io 라이선스 정상
2023/06/09 16:59:30 [TRACE] 2eeTuFGibSf1PirkmZlsKo MEizu CheckExists()
2023/06/09 16:59:30 [TRACE] 2eeTuFGibSf1PirkmZlsKo MEizu CheckSecureLink()
2023/06/09 16:59:30 [TRACE] 2eeTuFGibSf1PirkmZlsKo MEizu CheckCount()
2023/06/09 16:59:30 [TRACE] 2eeTuFGibSf1PirkmZlsKo MEizu CheckExpire()
2023/06/09 16:59:30 [TRACE] 2eeTuFGibSf1PirkmZlsKo MEizu CheckAuth()
2023/06/09 16:59:30 [TRACE] 2eeTuFGibSf1PirkmZlsKo MEizu ServeLink()
2023/06/09 16:59:30 [TRACE] 2eeTuFGibSf1PirkmZlsKo MEizu Redirect()
2023/06/09 16:59:30 [TRACE] 2eeTuFGibSf1PirkmZlsKo MEizu GET 리다이렉트
2023/06/09 16:59:30 [TRACE] 2eeTuFGibSf1PirkmZlsKo /MEizu 컨텍스트저장 UKey:'MEizu'
2023/06/09 16:59:30 [TRACE] Nos4IRoX5fjPxn6tN3BQc /link/get 컨텍스트저장 UKey:''
2023/06/09 17:03:04 [TRACE] l9cvu4hmtz3ly7lWgOz27C /link/get 컨텍스트저장 UKey:''
2023/06/09 17:12:10 [TRACE] BI0AapqKhNjAUfBFxeAPs ----------------------------------------------------
2023/06/09 17:12:10 [TRACE] BI0AapqKhNjAUfBFxeAPs /MEizu 요청토큰: bfe164d8-ef19-4adf-8adb-ce7e697fd598
2023/06/09 17:12:10 [TRACE] BI0AapqKhNjAUfBFxeAPs 2024-06-07 00:00:00 +0700 +07
2023/06/09 17:12:10 [TRACE] BI0AapqKhNjAUfBFxeAPs ub.urlybud.aqua.castis.io 라이선스 정상
2023/06/09 17:12:10 [TRACE] BI0AapqKhNjAUfBFxeAPs MEizu CheckExists()
2023/06/09 17:12:10 [TRACE] BI0AapqKhNjAUfBFxeAPs MEizu CheckSecureLink()
2023/06/09 17:12:10 [TRACE] BI0AapqKhNjAUfBFxeAPs MEizu CheckCount()
2023/06/09 17:12:10 [TRACE] BI0AapqKhNjAUfBFxeAPs MEizu CheckExpire()
2023/06/09 17:12:10 [TRACE] BI0AapqKhNjAUfBFxeAPs MEizu CheckAuth()
2023/06/09 17:12:10 [TRACE] BI0AapqKhNjAUfBFxeAPs MEizu ServeLink()
2023/06/09 17:12:10 [TRACE] BI0AapqKhNjAUfBFxeAPs MEizu Redirect()
2023/06/09 17:12:10 [TRACE] BI0AapqKhNjAUfBFxeAPs MEizu GET 리다이렉트
2023/06/09 17:12:10 [TRACE] BI0AapqKhNjAUfBFxeAPs /MEizu 컨텍스트저장 UKey:'MEizu'
2023/06/09 17:12:12 [TRACE] lACWS7JnmSRcWEGbz86u6T /link/get 컨텍스트저장 UKey:''
2023/06/09 17:27:47 [TRACE] dMh0TNdWLTwipCEYpHpWMz /link/get 컨텍스트저장 UKey:''
2023/06/09 17:30:25 [TRACE] 18Gh5nP8GWZfghtdBLDLzA ----------------------------------------------------
2023/06/09 17:30:25 [TRACE] 18Gh5nP8GWZfghtdBLDLzA /MEizu 요청토큰: bfe164d8-ef19-4adf-8adb-ce7e697fd598
2023/06/09 17:30:25 [TRACE] 18Gh5nP8GWZfghtdBLDLzA 2024-06-07 00:00:00 +0700 +07
2023/06/09 17:30:25 [TRACE] 18Gh5nP8GWZfghtdBLDLzA ub.urlybud.aqua.castis.io 라이선스 정상
2023/06/09 17:30:25 [TRACE] 18Gh5nP8GWZfghtdBLDLzA MEizu CheckExists()
2023/06/09 17:30:25 [TRACE] 18Gh5nP8GWZfghtdBLDLzA MEizu CheckSecureLink()
2023/06/09 17:30:25 [TRACE] 18Gh5nP8GWZfghtdBLDLzA MEizu CheckCount()
2023/06/09 17:30:25 [TRACE] 18Gh5nP8GWZfghtdBLDLzA MEizu CheckExpire()
2023/06/09 17:30:25 [TRACE] 18Gh5nP8GWZfghtdBLDLzA MEizu CheckAuth()
2023/06/09 17:30:25 [TRACE] 18Gh5nP8GWZfghtdBLDLzA MEizu ServeLink()
2023/06/09 17:30:25 [TRACE] 18Gh5nP8GWZfghtdBLDLzA MEizu Redirect()
2023/06/09 17:30:25 [TRACE] 18Gh5nP8GWZfghtdBLDLzA MEizu GET 리다이렉트
2023/06/09 17:30:25 [TRACE] 18Gh5nP8GWZfghtdBLDLzA /MEizu 컨텍스트저장 UKey:'MEizu'
2023/06/09 17:30:25 [TRACE] 4GvtewPwJMvgGh6pWnv4Me /link/get 컨텍스트저장 UKey:''
2023/06/09 17:35:22 [TRACE] 2Ur9mX1XFjSjM2N9IJe3dv /link/get 컨텍스트저장 UKey:''
2023/06/09 17:35:57 [TRACE] Y1KMpSGGe1gjjOavpMcyX /link/get 컨텍스트저장 UKey:''
2023/06/09 17:36:05 [TRACE] kZUZV2NsIkwdcF3hB69QwW /link/get 컨텍스트저장 UKey:''
2023/06/09 17:56:03 [TRACE] grFvwQ8zFfY1g09eaEJYAg ----------------------------------------------------
2023/06/09 17:56:03 [TRACE] grFvwQ8zFfY1g09eaEJYAg /MEizu 요청토큰: bfe164d8-ef19-4adf-8adb-ce7e697fd598
2023/06/09 17:56:03 [TRACE] grFvwQ8zFfY1g09eaEJYAg 2024-06-07 00:00:00 +0700 +07
2023/06/09 17:56:03 [TRACE] grFvwQ8zFfY1g09eaEJYAg ub.urlybud.aqua.castis.io 라이선스 정상
2023/06/09 17:56:03 [TRACE] grFvwQ8zFfY1g09eaEJYAg MEizu CheckExists()
2023/06/09 17:56:03 [TRACE] grFvwQ8zFfY1g09eaEJYAg MEizu CheckSecureLink()
2023/06/09 17:56:03 [TRACE] grFvwQ8zFfY1g09eaEJYAg MEizu CheckCount()
2023/06/09 17:56:03 [TRACE] grFvwQ8zFfY1g09eaEJYAg MEizu CheckExpire()
2023/06/09 17:56:03 [TRACE] grFvwQ8zFfY1g09eaEJYAg MEizu CheckAuth()
2023/06/09 17:56:03 [TRACE] grFvwQ8zFfY1g09eaEJYAg MEizu ServeLink()
2023/06/09 17:56:03 [TRACE] grFvwQ8zFfY1g09eaEJYAg MEizu Redirect()
2023/06/09 17:56:03 [TRACE] grFvwQ8zFfY1g09eaEJYAg MEizu GET 리다이렉트
2023/06/09 17:56:03 [TRACE] grFvwQ8zFfY1g09eaEJYAg /MEizu 컨텍스트저장 UKey:'MEizu'
2023/06/09 17:56:07 [TRACE] aAxrTxe4nwZISj4iLVm90 /link/get 컨텍스트저장 UKey:''
2023/06/09 17:57:22 [TRACE] aFZ8ekKBpf38Vgvdm2pfgp ----------------------------------------------------
2023/06/09 17:57:22 [TRACE] aFZ8ekKBpf38Vgvdm2pfgp /MEizu 요청토큰: bfe164d8-ef19-4adf-8adb-ce7e697fd598
2023/06/09 17:57:22 [TRACE] aFZ8ekKBpf38Vgvdm2pfgp 2024-06-07 00:00:00 +0700 +07
2023/06/09 17:57:22 [TRACE] aFZ8ekKBpf38Vgvdm2pfgp ub.urlybud.aqua.castis.io 라이선스 정상
2023/06/09 17:57:22 [TRACE] aFZ8ekKBpf38Vgvdm2pfgp MEizu CheckExists()
2023/06/09 17:57:22 [TRACE] aFZ8ekKBpf38Vgvdm2pfgp MEizu CheckSecureLink()
2023/06/09 17:57:22 [TRACE] aFZ8ekKBpf38Vgvdm2pfgp MEizu CheckCount()
2023/06/09 17:57:22 [TRACE] aFZ8ekKBpf38Vgvdm2pfgp MEizu CheckExpire()
2023/06/09 17:57:22 [TRACE] aFZ8ekKBpf38Vgvdm2pfgp MEizu CheckAuth()
2023/06/09 17:57:22 [TRACE] aFZ8ekKBpf38Vgvdm2pfgp MEizu ServeLink()
2023/06/09 17:57:22 [TRACE] aFZ8ekKBpf38Vgvdm2pfgp MEizu Redirect()
2023/06/09 17:57:22 [TRACE] aFZ8ekKBpf38Vgvdm2pfgp MEizu GET 리다이렉트
2023/06/09 17:57:22 [TRACE] aFZ8ekKBpf38Vgvdm2pfgp /MEizu 컨텍스트저장 UKey:'MEizu'
2023/06/09 17:57:23 [TRACE] fLsgVyu4RXFjyWgWX2kSiD /link/get 컨텍스트저장 UKey:''
2023/06/09 17:57:23 [TRACE] 8FIfrbeYEI81Iexnq7eXPu /link/get 컨텍스트저장 UKey:''
2023/06/09 17:59:25 [TRACE] 72wkmAvW0QUeEuCTz1jq1t ----------------------------------------------------
2023/06/09 17:59:25 [TRACE] 72wkmAvW0QUeEuCTz1jq1t /MEizu 요청토큰: bfe164d8-ef19-4adf-8adb-ce7e697fd598
2023/06/09 17:59:25 [TRACE] 72wkmAvW0QUeEuCTz1jq1t 2024-06-07 00:00:00 +0700 +07
2023/06/09 17:59:25 [TRACE] 72wkmAvW0QUeEuCTz1jq1t ub.urlybud.aqua.castis.io 라이선스 정상
2023/06/09 17:59:25 [TRACE] 72wkmAvW0QUeEuCTz1jq1t MEizu CheckExists()
2023/06/09 17:59:25 [TRACE] 72wkmAvW0QUeEuCTz1jq1t MEizu CheckSecureLink()
2023/06/09 17:59:25 [TRACE] 72wkmAvW0QUeEuCTz1jq1t MEizu CheckCount()
2023/06/09 17:59:25 [TRACE] 72wkmAvW0QUeEuCTz1jq1t MEizu CheckExpire()
2023/06/09 17:59:25 [TRACE] 72wkmAvW0QUeEuCTz1jq1t MEizu CheckAuth()
2023/06/09 17:59:25 [TRACE] 72wkmAvW0QUeEuCTz1jq1t MEizu ServeLink()
2023/06/09 17:59:25 [TRACE] 72wkmAvW0QUeEuCTz1jq1t MEizu Redirect()
2023/06/09 17:59:25 [TRACE] 72wkmAvW0QUeEuCTz1jq1t MEizu GET 리다이렉트
2023/06/09 17:59:25 [TRACE] 72wkmAvW0QUeEuCTz1jq1t /MEizu 컨텍스트저장 UKey:'MEizu'
2023/06/09 17:59:26 [TRACE] 1UM3bPMBn4RlQXOYLyEeOg /link/get 컨텍스트저장 UKey:''
2023/06/09 18:00:54 [TRACE] 44vC7fdMZqojp1RK7RiGNa ----------------------------------------------------
2023/06/09 18:00:54 [TRACE] 44vC7fdMZqojp1RK7RiGNa /MEizu 요청토큰: bfe164d8-ef19-4adf-8adb-ce7e697fd598
2023/06/09 18:00:54 [TRACE] 44vC7fdMZqojp1RK7RiGNa 2024-06-07 00:00:00 +0700 +07
2023/06/09 18:00:54 [TRACE] 44vC7fdMZqojp1RK7RiGNa ub.urlybud.aqua.castis.io 라이선스 정상
2023/06/09 18:00:54 [TRACE] 44vC7fdMZqojp1RK7RiGNa MEizu CheckExists()
2023/06/09 18:00:54 [TRACE] 44vC7fdMZqojp1RK7RiGNa MEizu CheckSecureLink()
2023/06/09 18:00:54 [TRACE] 44vC7fdMZqojp1RK7RiGNa MEizu CheckCount()
2023/06/09 18:00:54 [TRACE] 44vC7fdMZqojp1RK7RiGNa MEizu CheckExpire()
2023/06/09 18:00:54 [TRACE] 44vC7fdMZqojp1RK7RiGNa MEizu CheckAuth()
2023/06/09 18:00:54 [TRACE] 44vC7fdMZqojp1RK7RiGNa MEizu ServeLink()
2023/06/09 18:00:54 [TRACE] 44vC7fdMZqojp1RK7RiGNa MEizu Redirect()
2023/06/09 18:00:54 [TRACE] 44vC7fdMZqojp1RK7RiGNa MEizu GET 리다이렉트
2023/06/09 18:00:54 [TRACE] 44vC7fdMZqojp1RK7RiGNa /MEizu 컨텍스트저장 UKey:'MEizu'
2023/06/09 18:00:54 [TRACE] 8x7TCQJgIIG7sBhoRj1sa8 /link/get 컨텍스트저장 UKey:''
2023/06/09 18:05:43 [TRACE] 2viUqArLO0fjZ0I1D4wOYI ----------------------------------------------------
2023/06/09 18:05:43 [TRACE] 2viUqArLO0fjZ0I1D4wOYI /MEizu 요청토큰: bfe164d8-ef19-4adf-8adb-ce7e697fd598
2023/06/09 18:05:43 [TRACE] 2viUqArLO0fjZ0I1D4wOYI 2024-06-07 00:00:00 +0700 +07
2023/06/09 18:05:43 [TRACE] 2viUqArLO0fjZ0I1D4wOYI ub.urlybud.aqua.castis.io 라이선스 정상
2023/06/09 18:05:43 [TRACE] 2viUqArLO0fjZ0I1D4wOYI MEizu CheckExists()
2023/06/09 18:05:43 [TRACE] 2viUqArLO0fjZ0I1D4wOYI MEizu CheckSecureLink()
2023/06/09 18:05:43 [TRACE] 2viUqArLO0fjZ0I1D4wOYI MEizu CheckCount()
2023/06/09 18:05:43 [TRACE] 2viUqArLO0fjZ0I1D4wOYI MEizu CheckExpire()
2023/06/09 18:05:43 [TRACE] 2viUqArLO0fjZ0I1D4wOYI MEizu CheckAuth()
2023/06/09 18:05:43 [TRACE] 2viUqArLO0fjZ0I1D4wOYI MEizu ServeLink()
2023/06/09 18:05:43 [TRACE] 2viUqArLO0fjZ0I1D4wOYI MEizu Redirect()
2023/06/09 18:05:43 [TRACE] 2viUqArLO0fjZ0I1D4wOYI MEizu GET 리다이렉트
2023/06/09 18:05:43 [TRACE] 2viUqArLO0fjZ0I1D4wOYI /MEizu 컨텍스트저장 UKey:'MEizu'
2023/06/09 18:05:47 [TRACE] 6vqOczXZulffKz17nj3syd /link/get 컨텍스트저장 UKey:''
2023/06/09 18:06:02 [TRACE] 48NckU9haChkJZwjhOqOci /link/get 컨텍스트저장 UKey:''
2023/06/09 18:06:46 [TRACE] 9KrRbPGrbRGfyDZRk6bO2H /link/get 컨텍스트저장 UKey:''
2023/06/09 18:09:17 [TRACE] lI8YveQpD3p9uhk7WrdnTk /link/get 컨텍스트저장 UKey:''
2023/06/09 18:09:20 [TRACE] 8KpISRnA9i23X2GpQ7agyy /link/get 컨텍스트저장 UKey:''
2023/06/09 18:09:22 [TRACE] awywYH8EjrtePVOaxnT3PL /link/get 컨텍스트저장 UKey:''
2023/06/09 18:10:17 [TRACE] e6aexQs7GDF92oncAcD0aW /link/get 컨텍스트저장 UKey:''
2023/06/09 18:18:32 [TRACE] 1fceW6SSW0d5RUHDJBsxWH /link/set 컨텍스트저장 UKey:'rmFts'
2023/06/09 18:19:51 [TRACE] bdLYdX10OOldYqJLKilbJX ----------------------------------------------------
2023/06/09 18:19:51 [TRACE] bdLYdX10OOldYqJLKilbJX /fcAMS 요청토큰: caec1689-70cf-4c6f-8805-be54273b3f01
2023/06/09 18:19:51 [TRACE] bdLYdX10OOldYqJLKilbJX 2024-06-07 00:00:00 +0700 +07
2023/06/09 18:19:51 [TRACE] bdLYdX10OOldYqJLKilbJX ub.urlybud.aqua.castis.io 라이선스 정상
2023/06/09 18:19:51 [TRACE] bdLYdX10OOldYqJLKilbJX fcAMS CheckExists()
2023/06/09 18:19:51 [TRACE] bdLYdX10OOldYqJLKilbJX fcAMS CheckSecureLink()
2023/06/09 18:19:51 [TRACE] bdLYdX10OOldYqJLKilbJX fcAMS CheckCount()
2023/06/09 18:19:51 [TRACE] bdLYdX10OOldYqJLKilbJX fcAMS CheckExpire()
2023/06/09 18:19:51 [TRACE] bdLYdX10OOldYqJLKilbJX fcAMS CheckAuth()
2023/06/09 18:19:51 [TRACE] bdLYdX10OOldYqJLKilbJX fcAMS ServeLink()
2023/06/09 18:19:51 [TRACE] bdLYdX10OOldYqJLKilbJX fcAMS Redirect()
2023/06/09 18:19:51 [TRACE] bdLYdX10OOldYqJLKilbJX fcAMS GET 리다이렉트
2023/06/09 18:19:51 [TRACE] bdLYdX10OOldYqJLKilbJX /fcAMS 컨텍스트저장 UKey:'fcAMS'
2023/06/09 18:20:22 [TRACE] 1eBtpZkj2KL375tzTB3dnh ----------------------------------------------------
2023/06/09 18:20:22 [TRACE] 1eBtpZkj2KL375tzTB3dnh /rmFts 요청토큰: caec1689-70cf-4c6f-8805-be54273b3f01
2023/06/09 18:20:22 [TRACE] 1eBtpZkj2KL375tzTB3dnh 2024-06-07 00:00:00 +0700 +07
2023/06/09 18:20:22 [TRACE] 1eBtpZkj2KL375tzTB3dnh ub.urlybud.aqua.castis.io 라이선스 정상
2023/06/09 18:20:22 [TRACE] 1eBtpZkj2KL375tzTB3dnh rmFts CheckExists()
2023/06/09 18:20:22 [TRACE] 1eBtpZkj2KL375tzTB3dnh rmFts CheckSecureLink()
2023/06/09 18:20:22 [TRACE] 1eBtpZkj2KL375tzTB3dnh rmFts CheckCount()
2023/06/09 18:20:22 [TRACE] 1eBtpZkj2KL375tzTB3dnh rmFts CheckExpire()
2023/06/09 18:20:22 [TRACE] 1eBtpZkj2KL375tzTB3dnh rmFts CheckAuth()
2023/06/09 18:20:22 [TRACE] 1eBtpZkj2KL375tzTB3dnh rmFts ServeLink()
2023/06/09 18:20:22 [TRACE] 1eBtpZkj2KL375tzTB3dnh rmFts Redirect()
2023/06/09 18:20:22 [TRACE] 1eBtpZkj2KL375tzTB3dnh rmFts GET 리다이렉트
2023/06/09 18:20:22 [TRACE] 1eBtpZkj2KL375tzTB3dnh /rmFts 컨텍스트저장 UKey:'rmFts'
2023/06/09 18:20:23 [TRACE] l2n4CZtwrYYfI4C6AQEgBu /link/get 컨텍스트저장 UKey:''
2023/06/09 22:11:36 [TRACE] 2OYeRRYGZzL5czWbtyCZth /link/get 컨텍스트저장 UKey:''
