2023/06/29 11:42:08 [TRACE] foDIY99YY0Ud1fejkTtDS5 ----------------------------------------------------
2023/06/29 11:42:08 [TRACE] foDIY99YY0Ud1fejkTtDS5 /AudWc 토큰생성: 6485a457-e334-4b4e-8413-33b0fa10b09d
2023/06/29 11:42:08 [TRACE] foDIY99YY0Ud1fejkTtDS5 2024-06-07 00:00:00 +0700 +07
2023/06/29 11:42:08 [TRACE] foDIY99YY0Ud1fejkTtDS5 ub.urlybud.aqua.castis.io 라이선스 정상
2023/06/29 11:42:08 [TRACE] foDIY99YY0Ud1fejkTtDS5 AudWc CheckExists()
2023/06/29 11:42:08 [TRACE] foDIY99YY0Ud1fejkTtDS5 AudWc CheckSecureLink()
2023/06/29 11:42:08 [TRACE] foDIY99YY0Ud1fejkTtDS5 AudWc CheckCount()
2023/06/29 11:42:08 [TRACE] foDIY99YY0Ud1fejkTtDS5 AudWc CheckExpire()
2023/06/29 11:42:08 [TRACE] foDIY99YY0Ud1fejkTtDS5 AudWc CheckAuth()
2023/06/29 11:42:08 [TRACE] foDIY99YY0Ud1fejkTtDS5 AudWc ServeLink()
2023/06/29 11:42:08 [TRACE] foDIY99YY0Ud1fejkTtDS5 AudWc Redirect()
2023/06/29 11:42:08 [TRACE] foDIY99YY0Ud1fejkTtDS5 AudWc GET 리다이렉트
2023/06/29 11:42:08 [TRACE] foDIY99YY0Ud1fejkTtDS5 /AudWc 컨텍스트저장 UKey:'AudWc'
2023/06/29 15:19:36 [TRACE] gECH3OLXqKZ6yDoRbMgh3D /link/get 컨텍스트저장 UKey:'lhDsr'
2023/06/29 15:23:58 [TRACE] cmFJJ22gxw2a7tAkZ8VjoH /link/get 컨텍스트저장 UKey:'lhDsr'
2023/06/29 15:25:49 [TRACE] e8bW5QS4M55eBO5Ghutl17 /link/get 컨텍스트저장 UKey:'lhDsr'
2023/06/29 15:26:55 [TRACE] 1BNovztPkV6deXKCbiYOWc /link/get 컨텍스트저장 UKey:'lhDsr'
2023/06/29 16:08:17 [TRACE] fU81JBji6JC48CA5VTiihZ /link/get 컨텍스트저장 UKey:'SJkKI'
2023/06/29 16:08:30 [TRACE] bJiyvCuMSv92uyNsr6kFId /link/get 컨텍스트저장 UKey:'lhDsr'
2023/06/29 16:08:59 [TRACE] 1zovzGn2zZy2RVPdCBeE0L /link/get 컨텍스트저장 UKey:'lhDsr'
2023/06/29 16:09:00 [TRACE] fhF1BmCmk9M4kQnJBHq558 /link/get 컨텍스트저장 UKey:'lhDsr'
