2023/06/10 18:14:23 [TRACE] epphO0kLra9idTaT09rZib /link/set 컨텍스트저장 UKey:'jfX2F'
2023/06/10 18:17:55 [TRACE] 7okU0mG3lNPbAgAWnALdJ0 /link/set 컨텍스트저장 UKey:'IAWqs'
2023/06/10 18:20:44 [TRACE] fM6XjavzqlXkkvKVSj6RnP /link/set 컨텍스트저장 UKey:'kgN6I'
2023/06/10 18:37:14 [TRACE] enRkhJxq22Y52E1OJHDhoR /link/set 컨텍스트저장 UKey:'kgN72'
2023/06/10 18:37:32 [TRACE] bm4dhqe9ASg7FfJBdbW5LD /link/set 컨텍스트저장 UKey:'jfX3T'
2023/06/10 18:38:03 [TRACE] 6MM6um8Ut5egV5OfrvstCA /link/set 컨텍스트저장 UKey:'ztnXW'
2023/06/10 18:40:47 [TRACE] kdtLxLUKaq53OG4qRATCGi /link/set 컨텍스트저장 UKey:'32wav'
2023/06/10 18:44:24 [TRACE] fJhI3TLUkhL8QbLA6OaVXm /link/set 컨텍스트저장 UKey:'XNxls'
2023/06/10 18:44:36 [TRACE] bWohyHacF3j57QJFnNzdpi /link/set 컨텍스트저장 UKey:'RIv1d'
2023/06/10 18:45:28 [TRACE] eBF4gandS3xdNiOoGnPJKW /link/set 컨텍스트저장 UKey:'Gzgp2'
2023/06/10 18:50:15 [TRACE] 7hGujyYek5x1ZoyHcE4yov /link/set 컨텍스트저장 UKey:'zto0L'
2023/06/10 18:56:08 [TRACE] kASwAPiMgklfmy1aBooc7t /link/set 컨텍스트저장 UKey:'PGOWC'
2023/06/10 18:58:46 [TRACE] aaM4KbeKk1D1OHGYVr6rBr /link/set 컨텍스트저장 UKey:'43meo'
2023/06/10 18:59:51 [TRACE] 1ozu3ZBasfi3IEeYanmx1G /link/set 컨텍스트저장 UKey:'SJl96'
2023/06/10 19:01:25 [TRACE] iZvnJlQFnlmfX7vYLDgT6b /link/set 컨텍스트저장 UKey:'xrHVL'
2023/06/10 19:07:35 [TRACE] gqFCU2f7FM6lNvNB0NEaT8 /link/set 컨텍스트저장 UKey:'JBME2'
2023/06/10 19:08:24 [TRACE] 2du7QriibI6l1sMCdgDpEY /link/set 컨텍스트저장 UKey:'21G7k'
2023/06/10 19:08:37 [TRACE] lAqXhZGfo0iihHZAXUjInX /link/set 컨텍스트저장 UKey:'QHF5e'
2023/06/10 19:09:01 [TRACE] ipniLKUMh5C8nAGS2CxDSk /link/set 컨텍스트저장 UKey:'Fyqrr'
2023/06/10 21:01:40 [TRACE] 5ql6vLuSI3755l7XzqNYtk /link/get 컨텍스트저장 UKey:''
