2023/07/03 14:03:34 [TRACE] fBv4V9KRvMilMtYKRDXVG2 /link/get 컨텍스트저장 UKey:'lhDsr'
2023/07/03 14:57:59 [TRACE] fO5mZVjgMpUfqfBeERC8Kl /link/get 컨텍스트저장 UKey:'lhDsr'
2023/07/03 14:58:01 [TRACE] lt5nT239Vkgawfo10ZQfrs /link/get 컨텍스트저장 UKey:'lhDsr'
2023/07/03 15:02:28 [TRACE] 4yhXel2TakM4n7qvDlJAad /link/get 컨텍스트저장 UKey:'lhDsr'
2023/07/03 15:03:12 [TRACE] 5jV3XcPkgPhdAjlww7Ye5x /link/get 컨텍스트저장 UKey:'lhDsr'
2023/07/03 15:11:33 [TRACE] d06XvFlEy5Z2smTKcnoMwx /link/get 컨텍스트저장 UKey:'lhDsr'
2023/07/03 15:12:09 [TRACE] lAnPjOo3Z7T2GdxzPQKE4r /link/get 컨텍스트저장 UKey:'lhDsr'
2023/07/03 15:13:00 [TRACE] 2pNDo8mRnmO98oR7awUFaG /link/get 컨텍스트저장 UKey:'lhDsr'
2023/07/03 15:13:18 [TRACE] aftnxvdOtO69wpmMW25wz9 /link/get 컨텍스트저장 UKey:'lhDsr'
2023/07/03 15:14:20 [TRACE] fwuNY5p3NH494a6psHdLRN /link/get 컨텍스트저장 UKey:'lhDsr'
2023/07/03 15:14:34 [TRACE] dmi1MxC8KR77178wsBhNi4 /link/get 컨텍스트저장 UKey:'lhDsr'
2023/07/03 15:14:46 [TRACE] 3eBM3uB5ctW3KejmQS4qfG /link/get 컨텍스트저장 UKey:'lhDsr'
2023/07/03 15:15:11 [TRACE] 2zs5VGFw2Vbdr4b2bPP3Cv /link/get 컨텍스트저장 UKey:'lhDsr'
2023/07/03 15:15:51 [TRACE] 2BuYD9TVUUXhjv0cixkGg1 /link/get 컨텍스트저장 UKey:'lhDsr'
2023/07/03 15:18:04 [TRACE] 5L2zWH1mM4QbYZVDg65TDz /link/get 컨텍스트저장 UKey:'lhDsr'
2023/07/03 15:18:34 [TRACE] 6M2sJXiZDnblceanhL0ml3 /link/get 컨텍스트저장 UKey:'lhDsr'
2023/07/03 15:19:40 [TRACE] jSsntPGiNzu3UbTGK07Xtk /link/get 컨텍스트저장 UKey:'lhDsr'
2023/07/03 15:19:48 [TRACE] 4vGltMqttSIh17wv9zrn6p /link/get 컨텍스트저장 UKey:'lhDsr'
2023/07/03 15:19:52 [TRACE] bP79lhFM2EA5CZsCyuTjpx /link/get 컨텍스트저장 UKey:'lhDsr'
2023/07/03 15:20:08 [TRACE] aYb1mZAry334JHGMfxBOFi /link/get 컨텍스트저장 UKey:'lhDsr'
2023/07/03 15:21:21 [TRACE] 2j204L2fP5kjdO7bvBtNOC /link/get 컨텍스트저장 UKey:'lhDsr'
2023/07/03 15:21:34 [TRACE] kXTkAQCck0TdxWdTYuaFNA /link/get 컨텍스트저장 UKey:'lhDsr'
2023/07/03 15:21:47 [TRACE] jvEjSNSTf9l6yRo3k76uJf /link/get 컨텍스트저장 UKey:'lhDsr'
2023/07/03 15:21:54 [TRACE] 91iXDdtcOrZgVDLpVoNVsR /link/get 컨텍스트저장 UKey:'lhDsr'
2023/07/03 15:22:10 [TRACE] 1IUJLAxOrwF9H3kDZ9QqHY /link/get 컨텍스트저장 UKey:'lhDsr'
2023/07/03 15:22:14 [TRACE] jlj00pZtSabciYJFtSNfsc /link/get 컨텍스트저장 UKey:'lhDsr'
2023/07/03 15:23:07 [TRACE] aUtCZSWet5oc8ND2QEr2Pq /link/get 컨텍스트저장 UKey:'lhDsr'
2023/07/03 15:23:08 [TRACE] iumimFCIfBc1rvCgRIziMu /link/get 컨텍스트저장 UKey:'lhDsr'
2023/07/03 15:23:16 [TRACE] 9P2j56DSLMHfF71rbPDJmL /link/get 컨텍스트저장 UKey:'lhDsr'
2023/07/03 15:36:02 [TRACE] 8oVV4xGhIwvbfwCJ57XQ3X /link/get 컨텍스트저장 UKey:'lhDsr'
2023/07/03 15:46:04 [TRACE] ihWH0rMiNIMhNEYlljaKBW /link/get 컨텍스트저장 UKey:'lhDsr'
2023/07/03 15:47:25 [TRACE] kypmu0CHg4IgYwEGcj5Itb /link/get 컨텍스트저장 UKey:'lhDsr'
2023/07/03 16:06:52 [TRACE] j0HnAITSfqVdiSRGkNvCiO /link/get 컨텍스트저장 UKey:'lhDsr'
2023/07/03 16:07:08 [TRACE] iNpXnQkIl0PlppVkFb1LGK /link/get 컨텍스트저장 UKey:'lhDsr'
2023/07/03 16:17:12 [TRACE] cAvwkMSJfzs1uMHt4fnQaZ /link/get 컨텍스트저장 UKey:'lhDsr'
2023/07/03 17:10:16 [TRACE] 6lDRh7W2xGea1J93WrlPnM /link/get 컨텍스트저장 UKey:'lhDsr'
2023/07/03 17:16:05 [TRACE] idSfSEahkBCjh04G9SBb2L /link/get 컨텍스트저장 UKey:'lhDsr'
