2023/06/02 11:48:32 [TRACE] hhU10YtXSovb5fnTopGctx /link/set 컨텍스트저장 UKey:''
2023/06/02 11:49:28 [TRACE] dCEU5NPVl4d36gBnDQm8P8 /link/set 컨텍스트저장 UKey:'b9evA'
2023/06/02 11:50:21 [TRACE] 8f0PyxoL9dHhyMWFudJ8zk ----------------------------------------------------
2023/06/02 11:50:21 [TRACE] 8f0PyxoL9dHhyMWFudJ8zk /b9evA 토큰생성: 986f7683-d654-4a52-b8d1-bbbe29a7c424
2023/06/02 11:50:21 [TRACE] 8f0PyxoL9dHhyMWFudJ8zk 2099-12-31 00:00:00 +0700 +07
2023/06/02 11:50:21 [TRACE] 8f0PyxoL9dHhyMWFudJ8zk 192.168.0.125 라이선스 정상
2023/06/02 11:50:21 [TRACE] 8f0PyxoL9dHhyMWFudJ8zk b9evA CheckExists()
2023/06/02 11:50:21 [TRACE] 8f0PyxoL9dHhyMWFudJ8zk b9evA CheckSecureLink()
2023/06/02 11:50:21 [TRACE] 8f0PyxoL9dHhyMWFudJ8zk b9evA CheckCount()
2023/06/02 11:50:21 [TRACE] 8f0PyxoL9dHhyMWFudJ8zk b9evA CheckExpire()
2023/06/02 11:50:21 [TRACE] 8f0PyxoL9dHhyMWFudJ8zk b9evA CheckAuth()
2023/06/02 11:50:21 [TRACE] 8f0PyxoL9dHhyMWFudJ8zk b9evA ServeLink()
2023/06/02 11:50:21 [TRACE] 8f0PyxoL9dHhyMWFudJ8zk b9evA Redirect()
2023/06/02 11:50:21 [TRACE] 8f0PyxoL9dHhyMWFudJ8zk b9evA GET 리다이렉트
2023/06/02 11:50:21 [TRACE] 8f0PyxoL9dHhyMWFudJ8zk /b9evA 컨텍스트저장 UKey:'b9evA'
2023/06/02 14:49:16 [TRACE] 9iaS4gLpjePdQSDNk1Y6nY /link/set 컨텍스트저장 UKey:''
2023/06/02 14:49:55 [TRACE] bIBKOfGavNT2f9lCaiS1nu /link/set 컨텍스트저장 UKey:'kgMVK'
2023/06/02 14:50:28 [TRACE] dw6AC3c1dLA7R1057qHBgi ----------------------------------------------------
2023/06/02 14:50:28 [TRACE] dw6AC3c1dLA7R1057qHBgi /kgMVK 요청토큰: c61a2f67-5495-4525-beb1-f25f6c85dab9
2023/06/02 14:50:28 [TRACE] dw6AC3c1dLA7R1057qHBgi 2099-12-31 00:00:00 +0700 +07
2023/06/02 14:50:28 [TRACE] dw6AC3c1dLA7R1057qHBgi 192.168.0.125 라이선스 정상
2023/06/02 14:50:28 [TRACE] dw6AC3c1dLA7R1057qHBgi kgMVK CheckExists()
2023/06/02 14:50:28 [TRACE] dw6AC3c1dLA7R1057qHBgi kgMVK CheckSecureLink()
2023/06/02 14:50:28 [TRACE] dw6AC3c1dLA7R1057qHBgi kgMVK CheckCount()
2023/06/02 14:50:28 [TRACE] dw6AC3c1dLA7R1057qHBgi kgMVK CheckExpire()
2023/06/02 14:50:28 [TRACE] dw6AC3c1dLA7R1057qHBgi kgMVK CheckAuth()
2023/06/02 14:50:28 [TRACE] dw6AC3c1dLA7R1057qHBgi kgMVK ServeLink()
2023/06/02 14:50:28 [TRACE] dw6AC3c1dLA7R1057qHBgi kgMVK Redirect()
2023/06/02 14:50:28 [TRACE] dw6AC3c1dLA7R1057qHBgi kgMVK GET 리다이렉트
2023/06/02 14:50:28 [TRACE] dw6AC3c1dLA7R1057qHBgi /kgMVK 컨텍스트저장 UKey:'kgMVK'
2023/06/02 16:12:02 [TRACE] iB4FSsLcgJkhsy0nSw7r3x /link/set 컨텍스트저장 UKey:'OFYla'
2023/06/02 16:12:54 [TRACE] 7iV5LAry3EmgTM7izEWuzv /link/set 컨텍스트저장 UKey:'86Inm'
2023/06/02 16:13:52 [TRACE] eYuItUEq60q1fOx8UNYKZ0 ----------------------------------------------------
2023/06/02 16:13:52 [TRACE] eYuItUEq60q1fOx8UNYKZ0 /86Inm 요청토큰: c61a2f67-5495-4525-beb1-f25f6c85dab9
2023/06/02 16:13:52 [TRACE] eYuItUEq60q1fOx8UNYKZ0 2099-12-31 00:00:00 +0700 +07
2023/06/02 16:13:52 [TRACE] eYuItUEq60q1fOx8UNYKZ0 192.168.0.125 라이선스 정상
2023/06/02 16:13:52 [TRACE] eYuItUEq60q1fOx8UNYKZ0 86Inm CheckExists()
2023/06/02 16:13:52 [TRACE] eYuItUEq60q1fOx8UNYKZ0 86Inm CheckSecureLink()
2023/06/02 16:13:52 [TRACE] eYuItUEq60q1fOx8UNYKZ0 86Inm CheckCount()
2023/06/02 16:13:52 [TRACE] eYuItUEq60q1fOx8UNYKZ0 86Inm CheckExpire()
2023/06/02 16:13:52 [TRACE] eYuItUEq60q1fOx8UNYKZ0 86Inm CheckAuth()
2023/06/02 16:13:52 [TRACE] eYuItUEq60q1fOx8UNYKZ0 86Inm ServeLink()
2023/06/02 16:13:52 [TRACE] eYuItUEq60q1fOx8UNYKZ0 86Inm Redirect()
2023/06/02 16:13:52 [TRACE] eYuItUEq60q1fOx8UNYKZ0 86Inm GET 리다이렉트
2023/06/02 16:13:52 [TRACE] eYuItUEq60q1fOx8UNYKZ0 /86Inm 컨텍스트저장 UKey:'86Inm'
