2023/06/06 10:17:30 [TRACE] 2QqV3O1PdTw2wGnHxNKA8F /link/set 컨텍스트저장 UKey:'NF8jQ'
2023/06/06 10:18:08 [TRACE] 5wqojDgZLqEfQXzHyLFPX0 ----------------------------------------------------
2023/06/06 10:18:08 [TRACE] 5wqojDgZLqEfQXzHyLFPX0 /NF8jQ 요청토큰: 986f7683-d654-4a52-b8d1-bbbe29a7c424
2023/06/06 10:18:08 [TRACE] 5wqojDgZLqEfQXzHyLFPX0 2099-12-31 00:00:00 +0700 +07
2023/06/06 10:18:08 [TRACE] 5wqojDgZLqEfQXzHyLFPX0 192.168.0.125 라이선스 정상
2023/06/06 10:18:08 [TRACE] 5wqojDgZLqEfQXzHyLFPX0 NF8jQ CheckExists()
2023/06/06 10:18:08 [TRACE] 5wqojDgZLqEfQXzHyLFPX0 NF8jQ CheckSecureLink()
2023/06/06 10:18:08 [TRACE] 5wqojDgZLqEfQXzHyLFPX0 NF8jQ CheckCount()
2023/06/06 10:18:08 [TRACE] 5wqojDgZLqEfQXzHyLFPX0 NF8jQ CheckExpire()
2023/06/06 10:18:08 [TRACE] 5wqojDgZLqEfQXzHyLFPX0 NF8jQ CheckAuth()
2023/06/06 10:18:08 [TRACE] 5wqojDgZLqEfQXzHyLFPX0 NF8jQ ServeLink()
2023/06/06 10:18:08 [TRACE] 5wqojDgZLqEfQXzHyLFPX0 NF8jQ Redirect()
2023/06/06 10:18:08 [TRACE] 5wqojDgZLqEfQXzHyLFPX0 NF8jQ GET 리다이렉트
2023/06/06 10:18:08 [TRACE] 5wqojDgZLqEfQXzHyLFPX0 /NF8jQ 컨텍스트저장 UKey:'NF8jQ'
2023/06/06 10:29:51 [TRACE] b3LHKfCTl6QicTLb2owjd1 /link/set 컨텍스트저장 UKey:'HA62V'
2023/06/06 10:30:43 [TRACE] 4DBZtykeuwy7yPFTWsQ7vU /link/set 컨텍스트저장 UKey:'ca4zC'
2023/06/06 10:32:30 [TRACE] 7wb1XPn3Dux3xqEvT9pUas /link/get 컨텍스트저장 UKey:''
2023/06/06 10:33:47 [TRACE] hFo7h18vvdx19XVKA2S0bn /link/set 컨텍스트저장 UKey:'ebKFM'
2023/06/06 10:34:59 [TRACE] 4VGu1oqOxTNeCYrDQTgCHS /link/get 컨텍스트저장 UKey:''
2023/06/06 10:35:08 [TRACE] d7H9K6rlFyafZ256myuRHt /link/delbox 컨텍스트저장 UKey:''
2023/06/06 10:36:55 [TRACE] 2fpDwGaLljBdhBtJOUUYN2 /link/del 컨텍스트저장 UKey:''
2023/06/06 10:37:49 [TRACE] 5XdSNJE62qj8u01lQUgIzf /link/set 컨텍스트저장 UKey:'MEik0'
2023/06/06 10:37:56 [TRACE] kXHUGgYV1hVdQxstSKeY1v /link/del 컨텍스트저장 UKey:''
2023/06/06 10:38:51 [TRACE] 9wAxQxrmvAU43hnrPDKoX4 /link/del 컨텍스트저장 UKey:''
2023/06/06 10:39:15 [TRACE] rlUO0IwdSulmbb4PSQnMF /link/del 컨텍스트저장 UKey:''
2023/06/06 10:41:59 [TRACE] 8GtJinbISXjck6elCQ0mAl /link/set 컨텍스트저장 UKey:'xrHBx'
2023/06/06 10:41:59 [TRACE] foNbziSh1BKduUDKGsfIBl /link/get 컨텍스트저장 UKey:''
2023/06/06 10:56:56 [TRACE] 6F5K7hyxbQDkP8xU8uy2iU /link/set 컨텍스트저장 UKey:'LDsiw'
2023/06/06 10:57:05 [TRACE] 20R3eMitpsQ95LHpomimxJ /link/get 컨텍스트저장 UKey:''
2023/06/06 10:59:01 [TRACE] clGJKjRSuaI3gOrlYItZud /link/set 컨텍스트저장 UKey:'97yrr'
2023/06/06 10:59:08 [TRACE] gdq5ysPWrZfardvEiMk711 /link/get 컨텍스트저장 UKey:''
2023/06/06 13:14:17 [TRACE] fRJIw4wrqRsjGf18KJsA1k /link/del 컨텍스트저장 UKey:''
2023/06/06 13:15:49 [TRACE] gCKgmhWfV7nfT6P1XO739h /link/get 컨텍스트저장 UKey:''
2023/06/06 13:15:59 [TRACE] 5STx2LuK9uj8WeVpQhpmVI /link/set 컨텍스트저장 UKey:'pkZeC'
2023/06/06 13:16:06 [TRACE] bVmRMIUbTAFjtERXYU7J96 /link/get 컨텍스트저장 UKey:''
2023/06/06 13:18:05 [TRACE] kHwo7dqeyGDk4uy1W9ER4f /link/set 컨텍스트저장 UKey:'AudMU'
2023/06/06 13:18:21 [TRACE] 1KPyXbOPZnYgQWnzf1Oc2g /link/set 컨텍스트저장 UKey:'njj9e'
2023/06/06 13:18:28 [TRACE] fO3S33BaXiLbpWJtHTnCAo /link/get 컨텍스트저장 UKey:''
2023/06/06 13:18:37 [TRACE] diuBATBm6isbm0jB4Ncs1m /link/del 컨텍스트저장 UKey:''
2023/06/06 13:19:27 [TRACE] 7unuBjqlnZKlMrfw8a7Jnl /link/del 컨텍스트저장 UKey:''
2023/06/06 13:19:33 [TRACE] gueRy9hIATRe2S4GaR22la /link/get 컨텍스트저장 UKey:''
2023/06/06 13:19:37 [TRACE] kHKEirW39gZ6vfF6yTMDH /link/del 컨텍스트저장 UKey:''
2023/06/06 15:00:26 [TRACE] 90G2t7W38hfe4OZFLF848P /link/get 컨텍스트저장 UKey:''
2023/06/06 15:09:01 [TRACE] 35d0ZGcQqQW2sWUUphOzYt /link/get 컨텍스트저장 UKey:''
2023/06/06 15:10:08 [TRACE] 92k40F6EClDgnoEgItLle7 /link/get 컨텍스트저장 UKey:''
2023/06/06 16:03:55 [TRACE] f3UUy2uGEe7glatjeHFgvE /link/get 컨텍스트저장 UKey:''
2023/06/06 16:48:01 [TRACE] dzB4zDfWv4Hk34uSpeS35B /link/get 컨텍스트저장 UKey:''
2023/06/06 16:48:24 [TRACE] dqr5bOVR2nt68163KkeJdX /link/get 컨텍스트저장 UKey:''
2023/06/06 16:48:47 [TRACE] 6o2SH7wGHxlYna90YGFB5 /link/get 컨텍스트저장 UKey:''
2023/06/06 16:49:35 [TRACE] B05LuJj5bG2wG9X1A5Azg /link/get 컨텍스트저장 UKey:''
2023/06/06 16:49:41 [TRACE] 9gzDi4Q9mya6bbK9NAOTYZ /link/get 컨텍스트저장 UKey:''
2023/06/06 16:50:17 [TRACE] cNeiYENpq5n8OSpUFOQTYP /link/get 컨텍스트저장 UKey:''
2023/06/06 16:50:43 [TRACE] 3xKqAVmxDUrimLPRcJQWGd /link/get 컨텍스트저장 UKey:''
2023/06/06 16:50:55 [TRACE] 1SrPLUKyi4b3GhchpMzQd /link/del 컨텍스트저장 UKey:''
2023/06/06 16:54:46 [TRACE] cDX6D82sogt5G3gYdTeyCr /link/get 컨텍스트저장 UKey:''
2023/06/06 16:55:00 [TRACE] imOWdCPlV3r5vW8XaD8qEb /link/get 컨텍스트저장 UKey:''
2023/06/06 16:55:09 [TRACE] l15o9Wg8vko8heU2SYA6nr /link/get 컨텍스트저장 UKey:''
2023/06/06 16:55:55 [TRACE] iJnO4X7p2FPjp9Qu635IDD /link/del 컨텍스트저장 UKey:''
2023/06/06 16:56:27 [TRACE] 2izj3LR84zLd7PFp0K8Xg3 /link/get 컨텍스트저장 UKey:''
2023/06/06 16:58:01 [TRACE] cihXnxJDbi9lEsQkB8SZSj ----------------------------------------------------
2023/06/06 16:58:01 [TRACE] cihXnxJDbi9lEsQkB8SZSj /njj9e 토큰생성: 1285e985-e6e3-48cd-ba5a-1eeff9633a97
2023/06/06 16:58:01 [TRACE] cihXnxJDbi9lEsQkB8SZSj 2099-12-31 00:00:00 +0700 +07
2023/06/06 16:58:01 [TRACE] cihXnxJDbi9lEsQkB8SZSj 192.168.0.125:80 라이선스 정상
2023/06/06 16:58:01 [TRACE] cihXnxJDbi9lEsQkB8SZSj njj9e CheckExists()
2023/06/06 16:58:01 [TRACE] cihXnxJDbi9lEsQkB8SZSj njj9e CheckSecureLink()
2023/06/06 16:58:01 [TRACE] cihXnxJDbi9lEsQkB8SZSj njj9e CheckCount()
2023/06/06 16:58:01 [TRACE] cihXnxJDbi9lEsQkB8SZSj njj9e CheckExpire()
2023/06/06 16:58:01 [TRACE] cihXnxJDbi9lEsQkB8SZSj njj9e CheckAuth()
2023/06/06 16:58:01 [TRACE] cihXnxJDbi9lEsQkB8SZSj njj9e ServeLink()
2023/06/06 16:58:01 [TRACE] cihXnxJDbi9lEsQkB8SZSj njj9e Redirect()
2023/06/06 16:58:01 [TRACE] cihXnxJDbi9lEsQkB8SZSj njj9e GET 리다이렉트
2023/06/06 16:58:01 [TRACE] cihXnxJDbi9lEsQkB8SZSj /njj9e 컨텍스트저장 UKey:'njj9e'
2023/06/06 16:58:28 [TRACE] c4Kyolb0HMJatBouyeCiet ----------------------------------------------------
2023/06/06 16:58:28 [TRACE] c4Kyolb0HMJatBouyeCiet /njj9e 토큰생성: 692ff025-f85e-46a7-ab8b-c321c2c5ced6
2023/06/06 16:58:28 [TRACE] c4Kyolb0HMJatBouyeCiet 2099-12-31 00:00:00 +0700 +07
2023/06/06 16:58:28 [TRACE] c4Kyolb0HMJatBouyeCiet 192.168.0.125 라이선스 정상
2023/06/06 16:58:28 [TRACE] c4Kyolb0HMJatBouyeCiet njj9e CheckExists()
2023/06/06 16:58:28 [TRACE] c4Kyolb0HMJatBouyeCiet njj9e CheckSecureLink()
2023/06/06 16:58:28 [TRACE] c4Kyolb0HMJatBouyeCiet njj9e CheckCount()
2023/06/06 16:58:28 [TRACE] c4Kyolb0HMJatBouyeCiet njj9e CheckExpire()
2023/06/06 16:58:28 [TRACE] c4Kyolb0HMJatBouyeCiet njj9e CheckAuth()
2023/06/06 16:58:28 [TRACE] c4Kyolb0HMJatBouyeCiet njj9e ServeLink()
2023/06/06 16:58:28 [TRACE] c4Kyolb0HMJatBouyeCiet njj9e Redirect()
2023/06/06 16:58:28 [TRACE] c4Kyolb0HMJatBouyeCiet njj9e GET 리다이렉트
2023/06/06 16:58:28 [TRACE] c4Kyolb0HMJatBouyeCiet /njj9e 컨텍스트저장 UKey:'njj9e'
2023/06/06 16:58:58 [TRACE] iuwACoFk11kayYqzlWlSqC /link/get 컨텍스트저장 UKey:''
2023/06/06 16:59:27 [TRACE] 5WNjXsTOIfo2rKILgT9ydb /link/get 컨텍스트저장 UKey:''
2023/06/06 16:59:51 [TRACE] 1cDZeZcOh7L5p1gSrf71OQ /link/get 컨텍스트저장 UKey:''
2023/06/06 17:05:18 [TRACE] 2y3CMwSJidPdCw7fzNNmjb /link/get 컨텍스트저장 UKey:''
2023/06/06 17:06:19 [TRACE] 2tTg6bWfan5kshLy5I6nSF /link/get 컨텍스트저장 UKey:''
2023/06/06 17:10:55 [TRACE] dcXOrdkSnFS11e7NkrPJDi /link/get 컨텍스트저장 UKey:''
2023/06/06 17:11:45 [TRACE] dUziRUeKBiK7WgeeDVGOzO /link/get 컨텍스트저장 UKey:''
2023/06/06 17:12:08 [TRACE] jhv39GsiRjLhTwRnPdM7tu /link/get 컨텍스트저장 UKey:''
2023/06/06 17:14:05 [TRACE] 3o4BQLwkijy6eKe2NM7llY /link/get 컨텍스트저장 UKey:''
2023/06/06 17:17:44 [TRACE] e5lqVAo836N7nTU5KTwmV0 /link/get 컨텍스트저장 UKey:''
2023/06/06 17:22:09 [TRACE] 7WHiKtdn8rUiQU4pZTOqnP /link/get 컨텍스트저장 UKey:''
2023/06/06 17:22:20 [TRACE] qdauVYRNuu95UI1uiblhH /link/get 컨텍스트저장 UKey:''
2023/06/06 17:23:31 [TRACE] ickRRRxXya0cJSWgTu9896 /link/get 컨텍스트저장 UKey:''
2023/06/06 17:26:10 [TRACE] fPzLGGSFAdf9w0YErrsf1y /link/get 컨텍스트저장 UKey:''
2023/06/06 17:30:59 [TRACE] 4P892RotPvl2nJPEWeHg6m /link/del 컨텍스트저장 UKey:''
2023/06/06 17:31:00 [TRACE] jV33jpD6ISoj5P0AWzFyVk /link/del 컨텍스트저장 UKey:''
2023/06/06 17:31:01 [TRACE] lgWWxDMxQsr69RYSyYhFBF /link/del 컨텍스트저장 UKey:''
2023/06/06 17:32:29 [TRACE] eLO2vWmXO0i5DMjebakmgj /link/del 컨텍스트저장 UKey:''
2023/06/06 17:32:57 [TRACE] uMkxMxWOpS3R3Orwn17yZ /link/del 컨텍스트저장 UKey:''
2023/06/06 17:33:14 [TRACE] j1W948tCmCqk5eUnFaxB4U /link/del 컨텍스트저장 UKey:''
2023/06/06 17:33:50 [TRACE] 46fHgBOsafKQKPXKX3IiW /link/del 컨텍스트저장 UKey:''
2023/06/06 17:34:02 [TRACE] jhCBBAGChLMlAgGQFM0Gvh /link/del 컨텍스트저장 UKey:''
2023/06/06 17:34:41 [TRACE] 6PBbWljdmPygzxm7aFqhUu /link/get 컨텍스트저장 UKey:''
2023/06/06 17:38:02 [TRACE] jdJvWfpIJJYkFoeJVzdjBp /link/del 컨텍스트저장 UKey:''
2023/06/06 17:41:35 [TRACE] 2bQRPRwvibqgsXAYDqAgQI /link/del 컨텍스트저장 UKey:''
2023/06/06 17:41:35 [TRACE] 4WfSXMz9F0zkUqQqpkqvon /link/del 컨텍스트저장 UKey:''
2023/06/06 17:41:35 [TRACE] aDlTke9riSK3gVdF97kfG4 /link/del 컨텍스트저장 UKey:''
2023/06/06 17:41:58 [TRACE] kk1q2L8SbaRg1wRnkost7y /link/del 컨텍스트저장 UKey:''
2023/06/06 17:41:58 [TRACE] h34jgdd4fFecvtPAzUIPLp /link/del 컨텍스트저장 UKey:''
2023/06/06 17:42:00 [TRACE] l6bovtYXGAC7Wxv2OsNIh /link/del 컨텍스트저장 UKey:''
2023/06/06 17:42:13 [TRACE] ephqX1bbztvAZy02SLYr4 /link/del 컨텍스트저장 UKey:''
2023/06/06 17:42:13 [TRACE] bBDoz1la1bD4eJIyY5zPVD /link/del 컨텍스트저장 UKey:''
2023/06/06 17:42:13 [TRACE] n68D2Z0QXejVoWUAngxi0 /link/del 컨텍스트저장 UKey:''
2023/06/06 17:42:22 [TRACE] 806eq9pyiHl1fxm4uXRSMU /link/del 컨텍스트저장 UKey:''
2023/06/06 17:42:22 [TRACE] 9s31pPxpR5dxz0KNPmXyB /link/del 컨텍스트저장 UKey:''
2023/06/06 17:42:22 [TRACE] 31hz1lBp3Qul1M0igdvTv9 /link/del 컨텍스트저장 UKey:''
2023/06/06 17:46:05 [TRACE] kx7tDnEVQbd8p5MFs8tVn3 /link/del 컨텍스트저장 UKey:''
2023/06/06 17:46:05 [TRACE] gYpTZ5IEGyVekylfhZl5lM /link/del 컨텍스트저장 UKey:''
2023/06/06 17:46:05 [TRACE] fuXNf046ryt8NpFIthAB3f /link/del 컨텍스트저장 UKey:''
2023/06/06 18:13:21 [TRACE] cDAgkcRMXarWZdlMbU1RO /link/del 컨텍스트저장 UKey:''
2023/06/06 18:13:21 [TRACE] eh37CztLSj09AaJ11hzE8 /link/del 컨텍스트저장 UKey:''
2023/06/06 18:13:21 [TRACE] blCkkbv7Blua1FvTGN324V /link/del 컨텍스트저장 UKey:''
2023/06/06 18:14:06 [TRACE] igBRuq0qpZM2nK1WNqvgHI /link/del 컨텍스트저장 UKey:''
2023/06/06 18:14:06 [TRACE] 99W4QXUJkKMXSWL4mZZFj /link/del 컨텍스트저장 UKey:''
2023/06/06 18:14:07 [TRACE] gn29JQkLHAilawDhWJFkf /link/del 컨텍스트저장 UKey:''
2023/06/06 18:15:03 [TRACE] 70NTfzie4yq76NP69dcRAJ /link/del 컨텍스트저장 UKey:''
2023/06/06 18:15:03 [TRACE] gGmSasdTeTy7zoKarbmtvH /link/del 컨텍스트저장 UKey:''
2023/06/06 18:15:03 [TRACE] kW27GnKePwujE0eds8HxAN /link/del 컨텍스트저장 UKey:''
2023/06/06 18:16:37 [TRACE] 87ORGW629QQ72fIANjKhns /link/del 컨텍스트저장 UKey:''
2023/06/06 18:17:17 [TRACE] e330mVoNttrkeNftVzaILb /link/del 컨텍스트저장 UKey:''
2023/06/06 19:03:02 [TRACE] UXmuf2i8Vz64fSZAfEi48 /link/del 컨텍스트저장 UKey:''
2023/06/06 19:03:03 [TRACE] bQt37ZXzfbC7XNlMgfMi1v /link/del 컨텍스트저장 UKey:''
2023/06/06 19:03:05 [TRACE] 81ul6iWNd603Hq1Un3AKph /link/del 컨텍스트저장 UKey:''
2023/06/06 19:03:48 [TRACE] 1LwVgIYfDPvg1NDx8dAObK /link/del 컨텍스트저장 UKey:''
2023/06/06 19:03:49 [TRACE] f8rbxxpL1W6lDTHgXV9Er3 /link/del 컨텍스트저장 UKey:''
2023/06/06 19:03:49 [TRACE] 5F5SZS2NE8F1fYlwf1lbqu /link/del 컨텍스트저장 UKey:''
2023/06/06 19:03:57 [TRACE] e3rIjJO1leiiowio3EaZvQ /link/del 컨텍스트저장 UKey:''
2023/06/06 19:04:01 [TRACE] CTsYkxspR09H34h7wLNql /link/del 컨텍스트저장 UKey:''
2023/06/06 19:04:04 [TRACE] gsuSQJFiOmZfViPLtqMB8T /link/del 컨텍스트저장 UKey:''
2023/06/06 19:05:01 [TRACE] 8laiOy4sfkYaoMwEGcj0KQ /link/del 컨텍스트저장 UKey:''
2023/06/06 19:05:39 [TRACE] 3VdgxuXSWRnW3OyQORSim /link/del 컨텍스트저장 UKey:''
2023/06/06 19:06:38 [TRACE] j5vqNiUyutI4qSKNyScMXh /link/del 컨텍스트저장 UKey:''
2023/06/06 19:06:39 [TRACE] 5bCFAvEyp5alzjz3YOj090 /link/del 컨텍스트저장 UKey:''
2023/06/06 19:06:39 [TRACE] cJN1oES3IfPbgHhZnmozC5 /link/del 컨텍스트저장 UKey:''
2023/06/06 19:06:50 [TRACE] 7cSnBxL297neGcFmLVP0iz /link/del 컨텍스트저장 UKey:''
2023/06/06 19:06:50 [TRACE] gv0ggIIpnch3dQN5SBtK8i /link/del 컨텍스트저장 UKey:''
2023/06/06 19:06:51 [TRACE] l0ahn9ADS877YJa8825h2S /link/del 컨텍스트저장 UKey:''
2023/06/06 19:19:33 [TRACE] aaVnvFFO9ajeLupluRxUAa /link/del 컨텍스트저장 UKey:''
2023/06/06 19:19:33 [TRACE] b4JW9uEIp93tXeLVaxqur /link/del 컨텍스트저장 UKey:''
2023/06/06 19:19:33 [TRACE] 8gYFXLvcYfnjuLdmG2EQiF /link/del 컨텍스트저장 UKey:''
2023/06/06 19:19:35 [TRACE] sb9YB6FiWj8PwGfk003EI /link/del 컨텍스트저장 UKey:''
2023/06/06 19:19:35 [TRACE] hi4FsvAgVjZioURcEHKC15 /link/del 컨텍스트저장 UKey:''
2023/06/06 19:19:35 [TRACE] a8Fl7ovF49Ja5I6Lo8uzcR /link/del 컨텍스트저장 UKey:''
2023/06/06 19:19:36 [TRACE] b4xcER1dFcN4WNMbWb4sRa /link/del 컨텍스트저장 UKey:''
2023/06/06 19:19:36 [TRACE] bp0oZ9LfR70775YDuDRyCr /link/del 컨텍스트저장 UKey:''
2023/06/06 19:19:36 [TRACE] aiHE8cCMZvZa9eadIYWi73 /link/del 컨텍스트저장 UKey:''
2023/06/06 19:24:14 [TRACE] hu50D4K551k1cvtNlVuQx9 /link/del 컨텍스트저장 UKey:''
2023/06/06 19:24:14 [TRACE] jnYnFQDRvDc3nlBg3uLDKo /link/del 컨텍스트저장 UKey:''
2023/06/06 19:24:14 [TRACE] jAIrGSi613B79frdOhoWae /link/del 컨텍스트저장 UKey:''
2023/06/06 19:24:14 [TRACE] baxAOotNTF470ua1hDShTz /link/del 컨텍스트저장 UKey:''
2023/06/06 19:24:14 [TRACE] lFCE7V13bbZ7aH3t91lYeS /link/del 컨텍스트저장 UKey:''
2023/06/06 19:24:14 [TRACE] 59w8k5auUPQllI8LkHlt28 /link/del 컨텍스트저장 UKey:''
2023/06/06 19:24:14 [TRACE] 9gNQtmRpZBFbUiawTJL7Ou /link/del 컨텍스트저장 UKey:''
2023/06/06 19:24:14 [TRACE] kvdEHfyahjA2Nhasj9Ldwo /link/del 컨텍스트저장 UKey:''
2023/06/06 19:24:14 [TRACE] gUy9WIU1cIAgqL5XFaw0bM /link/del 컨텍스트저장 UKey:''
2023/06/06 19:25:57 [TRACE] eIc5PmkccpO2gDNmo08RcU /link/del 컨텍스트저장 UKey:''
2023/06/06 19:25:57 [TRACE] 2tGal36XPql3SeBSbXHYSy /link/del 컨텍스트저장 UKey:''
2023/06/06 19:25:57 [TRACE] 1vzCDCv94uCCEU5GVf7Sc /link/del 컨텍스트저장 UKey:''
2023/06/06 19:25:58 [TRACE] cEsjQOWbwEX1Ejx5Rr8f9K /link/del 컨텍스트저장 UKey:''
2023/06/06 19:25:58 [TRACE] 23n7mbiCVWShIJbCdPVYmy /link/del 컨텍스트저장 UKey:''
2023/06/06 19:25:58 [TRACE] 6e7PBvH2nWi4Hztcx70UpL /link/del 컨텍스트저장 UKey:''
2023/06/06 19:25:58 [TRACE] 3Yl7icQadWn1vBBUr8u7wf /link/del 컨텍스트저장 UKey:''
2023/06/06 19:25:58 [TRACE] 8mnlwGk7Q8bb9Wb3PimqQh /link/del 컨텍스트저장 UKey:''
2023/06/06 19:25:58 [TRACE] cSCbMHRjOJKi1TV9lzw0xJ /link/del 컨텍스트저장 UKey:''
2023/06/06 19:26:56 [TRACE] 2IqIwe97U2C5gDPzqS6D5h /link/del 컨텍스트저장 UKey:''
2023/06/06 19:26:56 [TRACE] dX0zZrSpCAwa1ybz3JTEO2 /link/del 컨텍스트저장 UKey:''
2023/06/06 19:26:56 [TRACE] hubaV4GKFr3hgk1lqVqIsC /link/del 컨텍스트저장 UKey:''
2023/06/06 19:26:56 [TRACE] 814z0eVIQjI6aa11Pp6PWs /link/del 컨텍스트저장 UKey:''
2023/06/06 19:26:56 [TRACE] 64Fn7zVlYI2brE1b0BQYmo /link/del 컨텍스트저장 UKey:''
2023/06/06 19:26:56 [TRACE] 1cijJ4BioZB7KqLDSIVMVi /link/del 컨텍스트저장 UKey:''
2023/06/06 19:26:56 [TRACE] 1UEbZzg9zZV2q4gbXPCkGJ /link/del 컨텍스트저장 UKey:''
2023/06/06 19:26:56 [TRACE] 4TgFpazcYX43GfFcwyoVyx /link/del 컨텍스트저장 UKey:''
2023/06/06 19:26:56 [TRACE] 5tGNYMyljAuaKMc0uH7ato /link/del 컨텍스트저장 UKey:''
2023/06/06 19:27:02 [TRACE] jAlQg4lQyS6kgQUKJh4XcI /link/del 컨텍스트저장 UKey:''
2023/06/06 19:27:02 [TRACE] b2JSedW7e9qj4lP89lZDPs /link/del 컨텍스트저장 UKey:''
2023/06/06 19:27:02 [TRACE] g5SL4pJQpyS6b45R8GHPu5 /link/del 컨텍스트저장 UKey:''
2023/06/06 19:27:02 [TRACE] brIsIgiPScQi6by0CGHs3Z /link/del 컨텍스트저장 UKey:''
2023/06/06 19:27:02 [TRACE] hKlvNzGF5suimGF45le81Y /link/del 컨텍스트저장 UKey:''
2023/06/06 19:27:02 [TRACE] 5dd6xLesiUjcGKZOu7164X /link/del 컨텍스트저장 UKey:''
2023/06/06 19:27:02 [TRACE] 3MmOysjU8V875UXAryM3rr /link/del 컨텍스트저장 UKey:''
2023/06/06 19:27:02 [TRACE] 4MM82pNsEq04NRdI5UEGgl /link/del 컨텍스트저장 UKey:''
2023/06/06 19:27:02 [TRACE] f8ndxnXJR7g1b3RhuXsqOy /link/del 컨텍스트저장 UKey:''
2023/06/06 19:27:04 [TRACE] 4WdTNtuGXkc2nOnOOHzhqF /link/del 컨텍스트저장 UKey:''
2023/06/06 19:27:04 [TRACE] 7EkcJhOcRcojJIvmllRXvK /link/del 컨텍스트저장 UKey:''
2023/06/06 19:27:04 [TRACE] dYrP7HzdyNC55UYqIEzk17 /link/del 컨텍스트저장 UKey:''
2023/06/06 19:27:04 [TRACE] izi253SZ6Ib9nyU52tITOH /link/del 컨텍스트저장 UKey:''
2023/06/06 19:27:04 [TRACE] 53Mutdyz5xdd3HoCWaVtfl /link/del 컨텍스트저장 UKey:''
2023/06/06 19:27:04 [TRACE] c6EUcs2FEwJfRv4nmGLVfH /link/del 컨텍스트저장 UKey:''
2023/06/06 19:27:04 [TRACE] 91rhlzxoWbg3OXb3cFpSeV /link/del 컨텍스트저장 UKey:''
2023/06/06 19:27:04 [TRACE] 9n8TkYhgM0Z58OPKv9SwY /link/del 컨텍스트저장 UKey:''
2023/06/06 19:27:04 [TRACE] fPt9Hfl3UWjgyyJEnGDySv /link/del 컨텍스트저장 UKey:''
2023/06/06 19:27:06 [TRACE] 5s7WwE9hyKT9ooxm5Yjg18 /link/del 컨텍스트저장 UKey:''
2023/06/06 19:27:06 [TRACE] 3m4XGBb1t9gdd8FDxoVdCJ /link/del 컨텍스트저장 UKey:''
2023/06/06 19:27:06 [TRACE] 2RbdqxJOQfIjrmliv0IpAR /link/del 컨텍스트저장 UKey:''
2023/06/06 19:27:06 [TRACE] gzFdq8GjvO6gJetFC8TbRr /link/del 컨텍스트저장 UKey:''
2023/06/06 19:27:06 [TRACE] 6sQaAw4608wlinS10u4hTB /link/del 컨텍스트저장 UKey:''
2023/06/06 19:27:06 [TRACE] g3hNZKxGqO0b0yiv8T4UwD /link/del 컨텍스트저장 UKey:''
2023/06/06 19:27:06 [TRACE] e7qsKhrnOyMdRUT5OzTwhL /link/del 컨텍스트저장 UKey:''
2023/06/06 19:27:06 [TRACE] aGZZwrP1veU9bPx24Crgu6 /link/del 컨텍스트저장 UKey:''
2023/06/06 19:27:06 [TRACE] jQI0rKjstlumkbvKZsi5R /link/del 컨텍스트저장 UKey:''
2023/06/06 19:27:07 [TRACE] cWruw3RqA6qlJzWfsEfRxY /link/del 컨텍스트저장 UKey:''
2023/06/06 19:27:07 [TRACE] e7Nnrh3OfGzd6lc3RZiwLz /link/del 컨텍스트저장 UKey:''
2023/06/06 19:27:07 [TRACE] ctCZsEP33CtiJTtf6ijVII /link/del 컨텍스트저장 UKey:''
2023/06/06 19:27:08 [TRACE] 3yCS5Lzn2PelcR6lNPUlYK /link/del 컨텍스트저장 UKey:''
2023/06/06 19:27:08 [TRACE] 8QIRktDby6254t6Q52QqVl /link/del 컨텍스트저장 UKey:''
2023/06/06 19:27:08 [TRACE] 5h5BI7ECeQaeOFKxBKWi3i /link/del 컨텍스트저장 UKey:''
2023/06/06 19:27:08 [TRACE] 8AxlQXgixmqAs4zR4WC8m /link/del 컨텍스트저장 UKey:''
2023/06/06 19:27:08 [TRACE] dmigXYjA1Ie51WVPKfwKjQ /link/del 컨텍스트저장 UKey:''
2023/06/06 19:27:08 [TRACE] fUFV8ekaV7gl44GAjK5qkN /link/del 컨텍스트저장 UKey:''
2023/06/06 19:27:10 [TRACE] 2Ao5IMTBXwp8SudUyX51Sm /link/del 컨텍스트저장 UKey:''
2023/06/06 19:27:10 [TRACE] h5k7HbKYUPscywzAK1RZff /link/del 컨텍스트저장 UKey:''
2023/06/06 19:27:10 [TRACE] aazphxnPl3flvKjZkWbDkH /link/del 컨텍스트저장 UKey:''
2023/06/06 19:27:10 [TRACE] bWR8FLPXCrpkQH2HFxmmQb /link/del 컨텍스트저장 UKey:''
2023/06/06 19:27:10 [TRACE] 7kZrSv7ejgP4MZbO2Od8en /link/del 컨텍스트저장 UKey:''
2023/06/06 19:27:10 [TRACE] hNFIydbuy4zlxRYBS1ah78 /link/del 컨텍스트저장 UKey:''
2023/06/06 19:27:10 [TRACE] ddx3Mm1rzB4ikoMrqbcwdY /link/del 컨텍스트저장 UKey:''
2023/06/06 19:27:10 [TRACE] l3QIZyMB1t7gAgvc3lmyJ /link/del 컨텍스트저장 UKey:''
2023/06/06 19:27:10 [TRACE] ahgtXRW05In4vs6k0tYEFR /link/del 컨텍스트저장 UKey:''
2023/06/06 19:27:11 [TRACE] ap8DZM38grJ1mNLjGbv1U1 /link/del 컨텍스트저장 UKey:''
2023/06/06 19:27:11 [TRACE] a2q3EoTPBnKiKUZHINh3Lu /link/del 컨텍스트저장 UKey:''
2023/06/06 19:27:11 [TRACE] 8ItUnfKDJ3OllZOuZDmLOc /link/del 컨텍스트저장 UKey:''
2023/06/06 19:27:11 [TRACE] gZUKw1Gucix5tyuFtzUBgQ /link/del 컨텍스트저장 UKey:''
2023/06/06 19:27:11 [TRACE] 3hWJ9LhBNqR4EKve4s0ptX /link/del 컨텍스트저장 UKey:''
2023/06/06 19:27:11 [TRACE] e4g2WKzKwaI8wAtRRwhden /link/del 컨텍스트저장 UKey:''
2023/06/06 19:27:11 [TRACE] iypo8ccDHUc3cdj7eqWpUp /link/del 컨텍스트저장 UKey:''
2023/06/06 19:27:11 [TRACE] gF8KD6wWuPGhCKqRXdBip5 /link/del 컨텍스트저장 UKey:''
2023/06/06 19:27:11 [TRACE] 5u0QROHq0krlClGPxhO3L6 /link/del 컨텍스트저장 UKey:''
2023/06/06 19:27:12 [TRACE] aTsWRVbWxsR8RmBp3Gu30r /link/del 컨텍스트저장 UKey:''
2023/06/06 19:27:12 [TRACE] 9VL6x06m0UW8ReSt4SLyrD /link/del 컨텍스트저장 UKey:''
2023/06/06 19:27:12 [TRACE] rw8MUkL3hrbjN9tg3VmDR /link/del 컨텍스트저장 UKey:''
2023/06/06 19:27:12 [TRACE] ehjgP9tgIIw2ugMRzhvlPf /link/del 컨텍스트저장 UKey:''
2023/06/06 19:27:12 [TRACE] fokfvYoKTM2iEP4u6CKxOq /link/del 컨텍스트저장 UKey:''
2023/06/06 19:27:12 [TRACE] 79KJhnxFD916BetbSIfjgO /link/del 컨텍스트저장 UKey:''
2023/06/06 19:27:12 [TRACE] jFDcaktKgwl2uxRC3jtZU3 /link/del 컨텍스트저장 UKey:''
2023/06/06 19:27:12 [TRACE] 611TEEcXNgvjRqFj3ubue9 /link/del 컨텍스트저장 UKey:''
2023/06/06 19:27:12 [TRACE] gs0Eqz7WwYp7LzZirfwm12 /link/del 컨텍스트저장 UKey:''
2023/06/06 19:27:16 [TRACE] 1N4aZBbJ9owknvoX4OfYw2 /link/del 컨텍스트저장 UKey:''
2023/06/06 19:27:16 [TRACE] c5pITjuqWU61pkHvTTsy8f /link/del 컨텍스트저장 UKey:''
2023/06/06 19:27:16 [TRACE] 2cGDtCnlGMe3PL0JVs8ESx /link/del 컨텍스트저장 UKey:''
2023/06/06 19:27:17 [TRACE] f5AnX5k6Y4KiSpFT9Z8wOf /link/del 컨텍스트저장 UKey:''
2023/06/06 19:27:17 [TRACE] jidWGVxroF1irCcCaaCj8Z /link/del 컨텍스트저장 UKey:''
2023/06/06 19:27:17 [TRACE] aliCX5NLXD4k8kbEE7Mxdi /link/del 컨텍스트저장 UKey:''
2023/06/06 19:27:17 [TRACE] k9XOOgpCpaNWaVCej3VuY /link/del 컨텍스트저장 UKey:''
2023/06/06 19:27:17 [TRACE] 1Vw11RAQjnR9zO7hLjoqEp /link/del 컨텍스트저장 UKey:''
2023/06/06 19:27:17 [TRACE] 9FIJUwVLE6ogGFvJylK2Vl /link/del 컨텍스트저장 UKey:''
2023/06/06 19:27:17 [TRACE] 73JXkduh10CfsvX5BDJHQu /link/del 컨텍스트저장 UKey:''
2023/06/06 19:27:17 [TRACE] kjVQKZckowFgNjaRuJ4L7B /link/del 컨텍스트저장 UKey:''
2023/06/06 19:27:17 [TRACE] 6cNhGzS2QTHe1NbgwouOMW /link/del 컨텍스트저장 UKey:''
2023/06/06 19:27:18 [TRACE] lCGFKLslhBrcWIttyfgYfy /link/del 컨텍스트저장 UKey:''
2023/06/06 19:27:18 [TRACE] isZq7s2MADVejoX7dfiiVX /link/del 컨텍스트저장 UKey:''
2023/06/06 19:27:18 [TRACE] kMVHxBC4krr3jQXpU8rb4u /link/del 컨텍스트저장 UKey:''
2023/06/06 19:27:18 [TRACE] dzTPod0xHpD3kU4fJ5t6Nd /link/del 컨텍스트저장 UKey:''
2023/06/06 19:27:18 [TRACE] jOTZEPK1AI27mKsJwbYSMj /link/del 컨텍스트저장 UKey:''
2023/06/06 19:27:18 [TRACE] ckf9yDNYKFRg0Sh53GMFmm /link/del 컨텍스트저장 UKey:''
2023/06/06 19:27:18 [TRACE] 2rD80Ov4qD69nfY2I4HiUN /link/del 컨텍스트저장 UKey:''
2023/06/06 19:27:18 [TRACE] 4yztmxNkWRcexFMWRY5nZm /link/del 컨텍스트저장 UKey:''
2023/06/06 19:27:18 [TRACE] 2GQO4wCkrxCfHKHOXG4KXf /link/del 컨텍스트저장 UKey:''
2023/06/06 19:27:18 [TRACE] 9CJ7ZIaxvNIY2cMfSnokA /link/del 컨텍스트저장 UKey:''
2023/06/06 19:27:18 [TRACE] 5ciLJqxXLnFaXsDtDKoUNA /link/del 컨텍스트저장 UKey:''
2023/06/06 19:27:18 [TRACE] b8xXe1Nemux5btUPAsKXdm /link/del 컨텍스트저장 UKey:''
2023/06/06 19:27:18 [TRACE] 3A1TGfPGJ7qaGCldvTEeDn /link/del 컨텍스트저장 UKey:''
2023/06/06 19:27:18 [TRACE] hQEhnjYpf2bl30Q46eeMBa /link/del 컨텍스트저장 UKey:''
2023/06/06 19:27:18 [TRACE] 5tUetYTud1kbR4WTQVUHHs /link/del 컨텍스트저장 UKey:''
2023/06/06 19:27:18 [TRACE] d6Tkc8om53Hay2mA1lD62e /link/del 컨텍스트저장 UKey:''
2023/06/06 19:27:18 [TRACE] 6B1er6HMmYCg7JI544JJcE /link/del 컨텍스트저장 UKey:''
2023/06/06 19:27:18 [TRACE] hre1UrA6k3CakRJ3TReZzr /link/del 컨텍스트저장 UKey:''
2023/06/06 19:27:18 [TRACE] 1va7gJD1TLmk9R5LgWrHWG /link/del 컨텍스트저장 UKey:''
2023/06/06 19:27:18 [TRACE] 5dOwgr5QjrF7qOPGG5ePPQ /link/del 컨텍스트저장 UKey:''
2023/06/06 19:27:18 [TRACE] eoHy32HGcJ5MgD6lzjhLM /link/del 컨텍스트저장 UKey:''
2023/06/06 19:27:18 [TRACE] h2z2aegyVmwiDnzfsp04V3 /link/del 컨텍스트저장 UKey:''
2023/06/06 19:27:18 [TRACE] 6hT5OFAwR7c7euvqfintUJ /link/del 컨텍스트저장 UKey:''
2023/06/06 19:27:18 [TRACE] bI70undvPeLibU5VOrZ98n /link/del 컨텍스트저장 UKey:''
2023/06/06 19:27:18 [TRACE] 9jrPBjXJTt5FMsYlDRz7K /link/del 컨텍스트저장 UKey:''
2023/06/06 19:27:18 [TRACE] aCyIMZW2PaF6mbaDLVVPWh /link/del 컨텍스트저장 UKey:''
2023/06/06 19:27:18 [TRACE] aym4wK7y0Km6zobK7TmuZu /link/del 컨텍스트저장 UKey:''
2023/06/06 19:27:18 [TRACE] gdwuLFqfajTdaIBIgQTHNM /link/del 컨텍스트저장 UKey:''
2023/06/06 19:27:18 [TRACE] 28fzeQZYxXdjknizaEM5c5 /link/del 컨텍스트저장 UKey:''
2023/06/06 19:27:18 [TRACE] 6O1w5Vy6g3x4PHAtfxUcoj /link/del 컨텍스트저장 UKey:''
2023/06/06 19:27:19 [TRACE] 24fZzNXHZkTD8ogYshUEv /link/del 컨텍스트저장 UKey:''
2023/06/06 19:27:19 [TRACE] 4MOccZROkpxfXBYYcgUF6A /link/del 컨텍스트저장 UKey:''
2023/06/06 19:27:19 [TRACE] b86OcQKWHMmhKzTJcP4NhP /link/del 컨텍스트저장 UKey:''
2023/06/06 19:27:19 [TRACE] eQmdf596rxR5nYeKTVBpdJ /link/del 컨텍스트저장 UKey:''
2023/06/06 19:27:19 [TRACE] iy7HbxvSn2w2WQvRElQcc8 /link/del 컨텍스트저장 UKey:''
2023/06/06 19:27:19 [TRACE] iAcWvsiDCeQ3H8scOqBtK8 /link/del 컨텍스트저장 UKey:''
2023/06/06 19:27:19 [TRACE] aczb4wrAwek7jtc2NjWdz4 /link/del 컨텍스트저장 UKey:''
2023/06/06 19:27:19 [TRACE] 9Xz5yvblB1A4XisIFJ7zMP /link/del 컨텍스트저장 UKey:''
2023/06/06 19:27:19 [TRACE] fcJInTgbLPf80t5UOXdpvO /link/del 컨텍스트저장 UKey:''
2023/06/06 19:27:19 [TRACE] e65lKPONc7bPs3Gpbg5cZ /link/del 컨텍스트저장 UKey:''
2023/06/06 19:27:19 [TRACE] iyZLSGWBdYohEVQo1FW7qv /link/del 컨텍스트저장 UKey:''
2023/06/06 19:27:19 [TRACE] fRWukRxpZaPfAD7FUx1bkO /link/del 컨텍스트저장 UKey:''
2023/06/06 19:27:19 [TRACE] lfdS17EgHjmaGfWA2uEjAk /link/del 컨텍스트저장 UKey:''
2023/06/06 19:27:19 [TRACE] dQ1Dt4EwiDs9p5jwX80yu2 /link/del 컨텍스트저장 UKey:''
2023/06/06 19:27:19 [TRACE] 5t5KFAYaXV9kHSZ984L3Pf /link/del 컨텍스트저장 UKey:''
2023/06/06 19:27:19 [TRACE] jXtz9TGtdJKdg3jslwPgwX /link/del 컨텍스트저장 UKey:''
2023/06/06 19:27:19 [TRACE] 70BoPVxyqI9e2DxUciPul7 /link/del 컨텍스트저장 UKey:''
2023/06/06 19:27:19 [TRACE] 4ZeSAY7C68SakEuWtfbj9y /link/del 컨텍스트저장 UKey:''
2023/06/06 19:27:19 [TRACE] 2dj60c8bED0aEQcBWFeM2l /link/del 컨텍스트저장 UKey:''
2023/06/06 19:27:19 [TRACE] caT6S5T2vl94bJDXMKcHJk /link/del 컨텍스트저장 UKey:''
2023/06/06 19:27:19 [TRACE] aGhBhZGWLvbidD1y0eRLnO /link/del 컨텍스트저장 UKey:''
2023/06/06 19:27:19 [TRACE] 7Gw1Fjk0IjEdY2d1TsutuU /link/del 컨텍스트저장 UKey:''
2023/06/06 19:27:19 [TRACE] 9VS5GIxeHiX68G36VigLqh /link/del 컨텍스트저장 UKey:''
2023/06/06 19:27:19 [TRACE] fwH7BZIqHdfdkSsx1utwev /link/del 컨텍스트저장 UKey:''
2023/06/06 19:27:20 [TRACE] gzuHgJGoHE4cIcB2y3TUKu /link/del 컨텍스트저장 UKey:''
2023/06/06 19:27:20 [TRACE] 18o7erlEfjs8EqCkKgZlAd /link/del 컨텍스트저장 UKey:''
2023/06/06 19:27:20 [TRACE] bCy3naNBPPi84tNJIvtcd /link/del 컨텍스트저장 UKey:''
2023/06/06 19:27:20 [TRACE] coKHvWQ5phCf50nUlHXFxC /link/del 컨텍스트저장 UKey:''
2023/06/06 19:27:20 [TRACE] 7ThIiRmd0fCIgZaK6LrIv /link/del 컨텍스트저장 UKey:''
2023/06/06 19:27:20 [TRACE] 9kSPtpjWri4bIWRkpEAEZ0 /link/del 컨텍스트저장 UKey:''
2023/06/06 19:27:20 [TRACE] 6MYXF4IAcSBkzXEPaEx619 /link/del 컨텍스트저장 UKey:''
2023/06/06 19:27:20 [TRACE] 1MltTTmuih43OvpHa5vUnZ /link/del 컨텍스트저장 UKey:''
2023/06/06 19:27:20 [TRACE] 1fZoifV0W8U5BscvYduWF3 /link/del 컨텍스트저장 UKey:''
2023/06/06 19:27:20 [TRACE] 9UAPzxQi4Xl9HhqHbj8wTB /link/del 컨텍스트저장 UKey:''
2023/06/06 19:27:20 [TRACE] d1RL1ugUxcP5iKawozrAp4 /link/del 컨텍스트저장 UKey:''
2023/06/06 19:27:20 [TRACE] 2DMdJFUtaBDdLCGAnqb4ed /link/del 컨텍스트저장 UKey:''
2023/06/06 19:27:20 [TRACE] 3XV8DdIPWgycgkVo2knlCI /link/del 컨텍스트저장 UKey:''
2023/06/06 19:27:20 [TRACE] abaH93EMwf43HuffRG1yeM /link/del 컨텍스트저장 UKey:''
2023/06/06 19:27:20 [TRACE] ibipIig3izF52gm9c4aV7x /link/del 컨텍스트저장 UKey:''
2023/06/06 19:27:20 [TRACE] iW3dc76J9yWhGej4eVFgUo /link/del 컨텍스트저장 UKey:''
2023/06/06 19:27:20 [TRACE] hEmPChdHlz8b8BiY3lr2F2 /link/del 컨텍스트저장 UKey:''
2023/06/06 19:27:20 [TRACE] 3LgBMiM241G19QV6tuihZL /link/del 컨텍스트저장 UKey:''
2023/06/06 19:27:20 [TRACE] lhX3fgOa1es7EEpnnq5bBK /link/del 컨텍스트저장 UKey:''
2023/06/06 19:27:20 [TRACE] 5ZbkMtuGLP3dG3k6MnBgWn /link/del 컨텍스트저장 UKey:''
2023/06/06 19:27:20 [TRACE] 8EVkDFn85vzfgvGBUr2FXF /link/del 컨텍스트저장 UKey:''
2023/06/06 19:27:20 [TRACE] jKBYbx5Bc45btQSk5gUVBB /link/del 컨텍스트저장 UKey:''
2023/06/06 19:27:20 [TRACE] bGPbYbptARP15DVO1tApge /link/del 컨텍스트저장 UKey:''
2023/06/06 19:27:20 [TRACE] 77NMyywm9yBa4JNyWKR2La /link/del 컨텍스트저장 UKey:''
2023/06/06 19:27:20 [TRACE] 65rmnuoh8CPgRQVrejzTVB /link/del 컨텍스트저장 UKey:''
2023/06/06 19:27:20 [TRACE] aqqiyQwwPRyg69BnS1jLRN /link/del 컨텍스트저장 UKey:''
2023/06/06 19:27:20 [TRACE] 3J78vKQQIG7pGDzRmOGrW /link/del 컨텍스트저장 UKey:''
2023/06/06 19:27:20 [TRACE] foihYms4k9A6xJPHno0nKU /link/del 컨텍스트저장 UKey:''
2023/06/06 19:27:20 [TRACE] 2gAdtZUYCN8fhVWUsWwjo /link/del 컨텍스트저장 UKey:''
2023/06/06 19:27:20 [TRACE] cSh6BshDIr2gnrVAnXaJeH /link/del 컨텍스트저장 UKey:''
2023/06/06 19:27:20 [TRACE] aMBSyzII1Fs8cKdqgbptLW /link/del 컨텍스트저장 UKey:''
2023/06/06 19:27:20 [TRACE] 1AKeGuDa9pNed1C00n7Avu /link/del 컨텍스트저장 UKey:''
2023/06/06 19:27:20 [TRACE] bDCG76nNVrzlnfHYnJuS9Z /link/del 컨텍스트저장 UKey:''
2023/06/06 19:27:21 [TRACE] l2YegARC33Mi4Wt6cUdthC /link/del 컨텍스트저장 UKey:''
2023/06/06 19:27:21 [TRACE] 3y8Iw0k5SU074D0zR1CXOu /link/del 컨텍스트저장 UKey:''
2023/06/06 19:27:21 [TRACE] jsdGy1tjqyS22yGpu7ZzEL /link/del 컨텍스트저장 UKey:''
2023/06/06 19:27:21 [TRACE] baUZYEnbvE4cFum7gQ5Jdz /link/del 컨텍스트저장 UKey:''
2023/06/06 19:27:21 [TRACE] dq9imVCtX4cbvpzihzKJEy /link/del 컨텍스트저장 UKey:''
2023/06/06 19:27:21 [TRACE] hUjLmwFHAoC9p8ohqHbPQm /link/del 컨텍스트저장 UKey:''
2023/06/06 19:27:21 [TRACE] km1BcP5tUukkH1HqPFCuVE /link/del 컨텍스트저장 UKey:''
2023/06/06 19:27:21 [TRACE] 1BO4cB1udDZjaMvpW2VD1w /link/del 컨텍스트저장 UKey:''
2023/06/06 19:27:21 [TRACE] gBJqneF7ZNNihY7Rwz1dWN /link/del 컨텍스트저장 UKey:''
2023/06/06 19:27:21 [TRACE] 2hnE2Ntau8f36mS5gaxf50 /link/del 컨텍스트저장 UKey:''
2023/06/06 19:27:21 [TRACE] iHB3dp21Fnr34v1BcDCwp1 /link/del 컨텍스트저장 UKey:''
2023/06/06 19:27:21 [TRACE] icKF1mN31bPl70tdiGPtuR /link/del 컨텍스트저장 UKey:''
2023/06/06 19:27:21 [TRACE] lNTmZ2k2j572NhVNQ2IQzE /link/del 컨텍스트저장 UKey:''
2023/06/06 19:27:21 [TRACE] 2E2T71bzYg86fB6dZEKBw6 /link/del 컨텍스트저장 UKey:''
2023/06/06 19:27:21 [TRACE] 5w4wDOf2B64jUmkdLc689G /link/del 컨텍스트저장 UKey:''
2023/06/06 19:27:21 [TRACE] iHSv17lLRhskrC3XJGJeTa /link/del 컨텍스트저장 UKey:''
2023/06/06 19:27:21 [TRACE] 4m9EufpBfN7aEVIqsiRUkZ /link/del 컨텍스트저장 UKey:''
2023/06/06 19:27:21 [TRACE] 1jWDWFdV7dz9ElCvfjdlac /link/del 컨텍스트저장 UKey:''
2023/06/06 19:27:21 [TRACE] cYJDdFijXdqkH3qylx4M0D /link/del 컨텍스트저장 UKey:''
2023/06/06 19:27:21 [TRACE] 1LPdalp7KdhlkH09ZZCx1L /link/del 컨텍스트저장 UKey:''
2023/06/06 19:27:21 [TRACE] keQQr2JktT784fINGOVnX6 /link/del 컨텍스트저장 UKey:''
2023/06/06 19:27:21 [TRACE] iynzsrc8Cu31OjTx7mh80B /link/del 컨텍스트저장 UKey:''
2023/06/06 19:27:21 [TRACE] hQZ1TKWCSEk5fT9Lt0XVfE /link/del 컨텍스트저장 UKey:''
2023/06/06 19:27:21 [TRACE] bFLDHIvicr3OkAVG5Lml0 /link/del 컨텍스트저장 UKey:''
2023/06/06 19:27:21 [TRACE] ijlCm2aB6edWxFF28BqKN /link/del 컨텍스트저장 UKey:''
2023/06/06 19:27:21 [TRACE] dQKo2wp0s68RaC4TE7heu /link/del 컨텍스트저장 UKey:''
2023/06/06 19:27:21 [TRACE] C9maf95LOFf49V51cAQ7g /link/del 컨텍스트저장 UKey:''
2023/06/06 19:27:21 [TRACE] 97GgcKIHwwvjmktfq7OpOZ /link/del 컨텍스트저장 UKey:''
2023/06/06 19:27:21 [TRACE] 9t6AA2s7SBW9VOnTekdH7c /link/del 컨텍스트저장 UKey:''
2023/06/06 19:27:21 [TRACE] loUh6p7oPJCbAbmwkzToku /link/del 컨텍스트저장 UKey:''
2023/06/06 19:27:21 [TRACE] g7NJlrINHl3bb5bobkPrFd /link/del 컨텍스트저장 UKey:''
2023/06/06 19:27:21 [TRACE] 7moaP3oEnZIg8SxPJ4pgYn /link/del 컨텍스트저장 UKey:''
2023/06/06 19:27:21 [TRACE] k3DIcGjd6d9lCPdKOkdcU0 /link/del 컨텍스트저장 UKey:''
2023/06/06 19:27:22 [TRACE] 4jExgkZiIpbbpWsYdXAbkn /link/del 컨텍스트저장 UKey:''
2023/06/06 19:27:22 [TRACE] jO6aHtgqA9W9KofuAkOUK6 /link/del 컨텍스트저장 UKey:''
2023/06/06 19:27:22 [TRACE] kerGakW9RDShqw6RqkriVI /link/del 컨텍스트저장 UKey:''
2023/06/06 19:27:22 [TRACE] erETZ6aYDSHfP3TXm6Ut6u /link/del 컨텍스트저장 UKey:''
2023/06/06 19:27:22 [TRACE] IaboULijLg4PoKCNovOYv /link/del 컨텍스트저장 UKey:''
2023/06/06 19:27:22 [TRACE] 1oKkt1J0oP55ULAVIgYV53 /link/del 컨텍스트저장 UKey:''
2023/06/06 19:27:22 [TRACE] h7NFjzCpwgG8MXkZvltcDj /link/del 컨텍스트저장 UKey:''
2023/06/06 19:27:22 [TRACE] bteAu6aZ3IS4EqKQ6WBtj1 /link/del 컨텍스트저장 UKey:''
2023/06/06 19:27:22 [TRACE] lzNUeZutPq31vMwER6ubsQ /link/del 컨텍스트저장 UKey:''
2023/06/06 19:27:22 [TRACE] EYA2tWzPI098XsyuqO6K6 /link/del 컨텍스트저장 UKey:''
2023/06/06 19:27:22 [TRACE] 7WgrRloyoCf2LONi0tQXPL /link/del 컨텍스트저장 UKey:''
2023/06/06 19:27:22 [TRACE] dAZFh5HW1QVkdI9tipSxq6 /link/del 컨텍스트저장 UKey:''
2023/06/06 19:27:22 [TRACE] cTEN7eHpim6cKMAP5RbDNj /link/del 컨텍스트저장 UKey:''
2023/06/06 19:27:22 [TRACE] 8It1Q1FLxAg4JFQWNGbAw8 /link/del 컨텍스트저장 UKey:''
2023/06/06 19:27:22 [TRACE] azaOhS2Nz3xb1rMDku9oFV /link/del 컨텍스트저장 UKey:''
2023/06/06 19:27:22 [TRACE] 4gmdLHdjXUR9DmglfMezy0 /link/del 컨텍스트저장 UKey:''
2023/06/06 19:27:22 [TRACE] glp1bBp9mRK5ltFPCKbxOL /link/del 컨텍스트저장 UKey:''
2023/06/06 19:27:22 [TRACE] 7xleFqBu0rpdvy2ubvxO5T /link/del 컨텍스트저장 UKey:''
2023/06/06 19:27:22 [TRACE] 2UxusbhRz9BgXfSZDrPccp /link/del 컨텍스트저장 UKey:''
2023/06/06 19:27:22 [TRACE] eI7NnSAgaF6hjR2PRX0mTc /link/del 컨텍스트저장 UKey:''
2023/06/06 19:27:22 [TRACE] 1F3bfsQceXA9Db29YOipfm /link/del 컨텍스트저장 UKey:''
2023/06/06 19:27:22 [TRACE] kAj7eD5FpuB90fLfr6Ni3z /link/del 컨텍스트저장 UKey:''
2023/06/06 19:27:22 [TRACE] 8LqoO0TLlbhvOqBZULkYf /link/del 컨텍스트저장 UKey:''
2023/06/06 19:27:22 [TRACE] lhc28ZDTJkZ6cZxzXkrtGg /link/del 컨텍스트저장 UKey:''
2023/06/06 19:27:23 [TRACE] gSb5bdQp0MCkVcgFgNweYG /link/del 컨텍스트저장 UKey:''
2023/06/06 19:27:23 [TRACE] i68duZfpi4ujuj81C55eWu /link/del 컨텍스트저장 UKey:''
2023/06/06 19:27:23 [TRACE] eg3Ihl8rhGgke1aLM5IiJP /link/del 컨텍스트저장 UKey:''
2023/06/06 19:27:23 [TRACE] 5PECLoZmQ0u8WBcFc0XJJL /link/del 컨텍스트저장 UKey:''
2023/06/06 19:27:23 [TRACE] julQC7oDr7V9VZxoNVNnt9 /link/del 컨텍스트저장 UKey:''
2023/06/06 19:27:23 [TRACE] 4sFicAXqwWIixySL9IKxcJ /link/del 컨텍스트저장 UKey:''
2023/06/06 19:27:23 [TRACE] 40WVENxPPMjgVNpYlfeQU1 /link/del 컨텍스트저장 UKey:''
2023/06/06 19:27:23 [TRACE] gmqHo3seQ2Y7O1eQgwSFJQ /link/del 컨텍스트저장 UKey:''
2023/06/06 19:27:23 [TRACE] dybHizNW5OBkt6ioQa9CNG /link/del 컨텍스트저장 UKey:''
2023/06/06 19:27:23 [TRACE] 6ibU1j5FxluiVXT6BtmrHZ /link/del 컨텍스트저장 UKey:''
2023/06/06 19:27:23 [TRACE] jytguR5OilN4kmkWagaTCN /link/del 컨텍스트저장 UKey:''
2023/06/06 19:27:23 [TRACE] euFgLA1Y6Z5lrJC6xTVcx2 /link/del 컨텍스트저장 UKey:''
2023/06/06 19:27:23 [TRACE] 46rvxkaIpa0faPoJtiMijC /link/del 컨텍스트저장 UKey:''
2023/06/06 19:27:23 [TRACE] gIdtZGIHS7Lkg21Ap9KU5i /link/del 컨텍스트저장 UKey:''
2023/06/06 19:27:23 [TRACE] 2lIrE9isJSG4FeBKDn3om2 /link/del 컨텍스트저장 UKey:''
2023/06/06 19:27:23 [TRACE] 8vyVrVePun95CZqK5ooc8j /link/del 컨텍스트저장 UKey:''
2023/06/06 19:27:23 [TRACE] hcE5Fco5djjll0dOtQWbpB /link/del 컨텍스트저장 UKey:''
2023/06/06 19:27:23 [TRACE] hztmKWJbELR5zPXsogz2sD /link/del 컨텍스트저장 UKey:''
2023/06/06 19:27:23 [TRACE] cXeBXQmnn1wlwq0RKKD4OU /link/del 컨텍스트저장 UKey:''
2023/06/06 19:27:23 [TRACE] d9KDPoINQWg2VrqsLBQd2O /link/del 컨텍스트저장 UKey:''
2023/06/06 19:27:23 [TRACE] fRLZo4M0n0R6Y5EyhvUzlG /link/del 컨텍스트저장 UKey:''
2023/06/06 19:27:23 [TRACE] 3gcWhwe3FHR77kAlJqhxeP /link/del 컨텍스트저장 UKey:''
2023/06/06 19:27:23 [TRACE] 779Pf70op0l41IwqAPBufQ /link/del 컨텍스트저장 UKey:''
2023/06/06 19:27:24 [TRACE] iFbFS36eGcP352Rlfnhf7m /link/del 컨텍스트저장 UKey:''
2023/06/06 19:27:24 [TRACE] 8ODsUthWrvN9nEGq6Gr3e4 /link/del 컨텍스트저장 UKey:''
2023/06/06 19:27:24 [TRACE] a3gVdP33xnb9KUjuJIP13v /link/del 컨텍스트저장 UKey:''
2023/06/06 19:27:24 [TRACE] 8Vx2WK6nAaX9oJeL7m6RoQ /link/del 컨텍스트저장 UKey:''
2023/06/06 19:27:24 [TRACE] c2pq9qNMGI24S5uZu9ygqI /link/del 컨텍스트저장 UKey:''
2023/06/06 19:27:24 [TRACE] aUBte1FbnEZ23DR5qyjJ4K /link/del 컨텍스트저장 UKey:''
2023/06/06 19:27:24 [TRACE] 1WqKQqN6kpWli8ugX8GRYT /link/del 컨텍스트저장 UKey:''
2023/06/06 19:27:24 [TRACE] gR2uw5VsGe6sAg2kzQjNZ /link/del 컨텍스트저장 UKey:''
2023/06/06 19:27:24 [TRACE] 8yyjXdV6U4y5r44pz07STl /link/del 컨텍스트저장 UKey:''
2023/06/06 19:27:24 [TRACE] P79gKUPkxDjHxotiJSmm9 /link/del 컨텍스트저장 UKey:''
2023/06/06 19:27:24 [TRACE] 5lSPnzAvCuI5wRMSaUrZRq /link/del 컨텍스트저장 UKey:''
2023/06/06 19:27:24 [TRACE] cB0I3aJKiqKbtdpQkqSXfo /link/del 컨텍스트저장 UKey:''
2023/06/06 19:27:24 [TRACE] loy1WXiL4M9juAHHiYDqjT /link/del 컨텍스트저장 UKey:''
2023/06/06 19:27:24 [TRACE] 5nnAjbypgLfeIRVk6fP2aw /link/del 컨텍스트저장 UKey:''
2023/06/06 19:27:24 [TRACE] j9DEv2zIjqF8c8dHibEnZu /link/del 컨텍스트저장 UKey:''
2023/06/06 19:27:24 [TRACE] dr8t2hKJzTUhefgb45bNmD /link/del 컨텍스트저장 UKey:''
2023/06/06 19:27:24 [TRACE] 5F5gDgV0mnucXUCXERD4NB /link/del 컨텍스트저장 UKey:''
2023/06/06 19:27:24 [TRACE] kMCKgVAWZ0hgihQcso36tw /link/del 컨텍스트저장 UKey:''
2023/06/06 19:27:24 [TRACE] iv63qiuNJxnfF15flGZMfA /link/del 컨텍스트저장 UKey:''
2023/06/06 19:27:24 [TRACE] 7jfOfvnS2uhfciNJme5iNl /link/del 컨텍스트저장 UKey:''
2023/06/06 19:27:24 [TRACE] 8cyo34ezEHhjndW2hWOMxC /link/del 컨텍스트저장 UKey:''
2023/06/06 19:27:24 [TRACE] lLYViA86atA9J65lG6G3Jh /link/del 컨텍스트저장 UKey:''
2023/06/06 19:27:24 [TRACE] kgHvUcZ6dInjr713FIRMrd /link/del 컨텍스트저장 UKey:''
2023/06/06 19:27:24 [TRACE] 1FMyKF6fItH8XZhmTizLvp /link/del 컨텍스트저장 UKey:''
2023/06/06 19:27:24 [TRACE] bUyRSSkR4rThyaZej5aneU /link/del 컨텍스트저장 UKey:''
2023/06/06 19:27:25 [TRACE] etOu3sL2iDb2cSWsTXJk49 /link/del 컨텍스트저장 UKey:''
2023/06/06 19:27:25 [TRACE] 3r8S0aeR2lIjsFQ0r0YU7u /link/del 컨텍스트저장 UKey:''
2023/06/06 19:27:25 [TRACE] 6BQEdMWshHG4EHD287kmoR /link/del 컨텍스트저장 UKey:''
2023/06/06 19:27:25 [TRACE] 94kCnsbvQjhr4R4hajrFj /link/del 컨텍스트저장 UKey:''
2023/06/06 19:27:25 [TRACE] h49HD93eEoG7zEcWoV0rOf /link/del 컨텍스트저장 UKey:''
2023/06/06 19:27:25 [TRACE] jwmsVRHyhQY9WNV0Suu1vz /link/del 컨텍스트저장 UKey:''
2023/06/06 19:27:25 [TRACE] d9cWGiBYu6D8cuiRrDWqIH /link/del 컨텍스트저장 UKey:''
2023/06/06 19:27:25 [TRACE] 4QYRMTvUDCM3sfXMhovtGz /link/del 컨텍스트저장 UKey:''
2023/06/06 19:27:25 [TRACE] ahDdcQwxSt58wUfmsaJTpU /link/del 컨텍스트저장 UKey:''
2023/06/06 19:27:25 [TRACE] 7RHfKlh1qV5dByV9yJxRct /link/del 컨텍스트저장 UKey:''
2023/06/06 19:27:25 [TRACE] 73zmwUbCyGYkcH6o3mbVA5 /link/del 컨텍스트저장 UKey:''
2023/06/06 19:27:25 [TRACE] 32TICxoKicYjXW2oqDMFhU /link/del 컨텍스트저장 UKey:''
2023/06/06 19:27:25 [TRACE] 6FNwiAFmAZHc7SOf8tx9eq /link/del 컨텍스트저장 UKey:''
2023/06/06 19:27:25 [TRACE] g3iZMxswYS23f18tT3eiHI /link/del 컨텍스트저장 UKey:''
2023/06/06 19:27:25 [TRACE] 8i9rzayrnzOff7Oq04Hg2H /link/del 컨텍스트저장 UKey:''
2023/06/06 19:27:25 [TRACE] ajsexXfEcoa9yWkO7iduD8 /link/del 컨텍스트저장 UKey:''
2023/06/06 19:27:25 [TRACE] 4ZJqeSUWhuBeNmghC3UF36 /link/del 컨텍스트저장 UKey:''
2023/06/06 19:27:25 [TRACE] 2eBcJ7kRMPDaPjAYJqtgcr /link/del 컨텍스트저장 UKey:''
2023/06/06 19:27:25 [TRACE] 3qrYOb3VZxxk63rWJR3xwf /link/del 컨텍스트저장 UKey:''
2023/06/06 19:27:25 [TRACE] eJEoiiBPwH1jH3JzAjCd6y /link/del 컨텍스트저장 UKey:''
2023/06/06 19:27:25 [TRACE] drSalQmV0uugcINIl72nrS /link/del 컨텍스트저장 UKey:''
2023/06/06 19:27:25 [TRACE] cTmf1F65UAdcfVUTmCobXX /link/del 컨텍스트저장 UKey:''
2023/06/06 19:27:25 [TRACE] 9LpScR8q0xahAcJAptciZ4 /link/del 컨텍스트저장 UKey:''
2023/06/06 19:27:25 [TRACE] Zs4IG7xVNzkbiphiJh7QY /link/del 컨텍스트저장 UKey:''
2023/06/06 19:27:25 [TRACE] cU5MONmq8FHdxM4xJM2nKX /link/del 컨텍스트저장 UKey:''
2023/06/06 19:27:25 [TRACE] 8BEkhD1tqY0SZfcWh3v6m /link/del 컨텍스트저장 UKey:''
2023/06/06 19:27:25 [TRACE] jtlTWiHDj8yly8ulPBlXxl /link/del 컨텍스트저장 UKey:''
2023/06/06 19:27:25 [TRACE] 71v1p9wvjx5jPl6KmDXqSz /link/del 컨텍스트저장 UKey:''
2023/06/06 19:27:25 [TRACE] 3OlVhHuZTty8hYDzL7BErQ /link/del 컨텍스트저장 UKey:''
2023/06/06 19:27:25 [TRACE] fqLrMJQm0ptiNt7HxGzH9T /link/del 컨텍스트저장 UKey:''
2023/06/06 19:27:25 [TRACE] 5j8efDHOfpwamLYZLe1INk /link/del 컨텍스트저장 UKey:''
2023/06/06 19:27:25 [TRACE] 7WGTaq7ICJQb94wRhMTqXW /link/del 컨텍스트저장 UKey:''
2023/06/06 19:27:25 [TRACE] 3UR36wTDyfc1Juy2hatIg5 /link/del 컨텍스트저장 UKey:''
2023/06/06 19:27:26 [TRACE] 1m3D1LnIofo2HxECf8Hf6S /link/del 컨텍스트저장 UKey:''
2023/06/06 19:27:26 [TRACE] twV4grEoLUhyZUg6Cv6xy /link/del 컨텍스트저장 UKey:''
2023/06/06 19:27:26 [TRACE] 22js9VipD6RazTEpXqGy7k /link/del 컨텍스트저장 UKey:''
2023/06/06 19:27:26 [TRACE] 6aGA1qWUKvH6gOm5ocoiy8 /link/del 컨텍스트저장 UKey:''
2023/06/06 19:27:26 [TRACE] hGlbIooOzwtkGc0ijG6OYz /link/del 컨텍스트저장 UKey:''
2023/06/06 19:27:26 [TRACE] 13Josx3WyEskmDSpXhPwDr /link/del 컨텍스트저장 UKey:''
2023/06/06 19:27:26 [TRACE] hD6sDaWwiqiax9mySeBwVE /link/del 컨텍스트저장 UKey:''
2023/06/06 19:27:26 [TRACE] ir2GDAFVAw339H2Q6G0afO /link/del 컨텍스트저장 UKey:''
2023/06/06 19:27:26 [TRACE] lWvLTzkHVLH1UvAcLZOTI /link/del 컨텍스트저장 UKey:''
2023/06/06 19:27:26 [TRACE] 6wp3sN6KBiJ2uzavryqjTa /link/del 컨텍스트저장 UKey:''
2023/06/06 19:27:26 [TRACE] bCeFywF5HiPkCx9QppPdk8 /link/del 컨텍스트저장 UKey:''
2023/06/06 19:27:26 [TRACE] bxYy2boyS79b9y6PgkUx5T /link/del 컨텍스트저장 UKey:''
2023/06/06 19:27:26 [TRACE] ieBIHqVuJgJ7SaLXLEAu62 /link/del 컨텍스트저장 UKey:''
2023/06/06 19:27:26 [TRACE] 8RynzWxE4JJb4urjtqJvy6 /link/del 컨텍스트저장 UKey:''
2023/06/06 19:27:26 [TRACE] bXboaEtZyRF7uzhaRs1aYu /link/del 컨텍스트저장 UKey:''
2023/06/06 19:27:26 [TRACE] bxSOZdybo0m27VekAtPB4z /link/del 컨텍스트저장 UKey:''
2023/06/06 19:27:26 [TRACE] 2Vgyf0ORzmNhlknmHUE7y9 /link/del 컨텍스트저장 UKey:''
2023/06/06 19:27:26 [TRACE] iAZVTRgc8eM5jBnu6wgBZV /link/del 컨텍스트저장 UKey:''
2023/06/06 19:27:26 [TRACE] lrgIhmqOjynj0VmC9ThrFt /link/del 컨텍스트저장 UKey:''
2023/06/06 19:27:26 [TRACE] 4ITNll8UxKQewP5S5wB7Zt /link/del 컨텍스트저장 UKey:''
2023/06/06 19:27:26 [TRACE] 9i8OafssWd75cbTq223PyM /link/del 컨텍스트저장 UKey:''
2023/06/06 19:27:27 [TRACE] 4YI48rXu1yGa5rdmaZkBv8 /link/del 컨텍스트저장 UKey:''
2023/06/06 19:27:27 [TRACE] 2PNcUacxBv56oYUEqW3qw6 /link/del 컨텍스트저장 UKey:''
2023/06/06 19:27:27 [TRACE] iuXElhmswuB7NvFIXCYtVV /link/del 컨텍스트저장 UKey:''
2023/06/06 19:27:27 [TRACE] 3wdf3xh6C8kcJ4UOmxn5JS /link/del 컨텍스트저장 UKey:''
2023/06/06 19:27:27 [TRACE] bEIAAG1HTKXlUFM9VEqQWp /link/del 컨텍스트저장 UKey:''
2023/06/06 19:27:27 [TRACE] 1PBAdj4vfatgXSzo8PGBml /link/del 컨텍스트저장 UKey:''
2023/06/06 19:27:27 [TRACE] bh7ltdA6UYqfXvFDlY0Q0s /link/del 컨텍스트저장 UKey:''
2023/06/06 19:27:27 [TRACE] 2qh6ibp6KhPj3ICcdTC4Ft /link/del 컨텍스트저장 UKey:''
2023/06/06 19:27:27 [TRACE] 3opBgCXV1kFbauD4A5qLru /link/del 컨텍스트저장 UKey:''
2023/06/06 19:27:27 [TRACE] 5iXGhERigbX5eILvaznc6 /link/del 컨텍스트저장 UKey:''
2023/06/06 19:27:27 [TRACE] eVmVZK7FU0P4JFZBcbDK5 /link/del 컨텍스트저장 UKey:''
2023/06/06 19:27:27 [TRACE] eORtD3UmwrUbsIlgCqYvPS /link/del 컨텍스트저장 UKey:''
2023/06/06 19:27:27 [TRACE] 1TgeZy5t2SL8s2hwkALWyR /link/del 컨텍스트저장 UKey:''
2023/06/06 19:27:27 [TRACE] gt3qdrWJTnV2uNBrzJvcxy /link/del 컨텍스트저장 UKey:''
2023/06/06 19:27:27 [TRACE] hqyh6BphKwE3jq8XLkkhd7 /link/del 컨텍스트저장 UKey:''
2023/06/06 19:27:27 [TRACE] 5GgsrnmjZfXeIudgbiyD2c /link/del 컨텍스트저장 UKey:''
2023/06/06 19:27:27 [TRACE] jtSv0hTaAWkbJ0LJkCoWjH /link/del 컨텍스트저장 UKey:''
2023/06/06 19:27:27 [TRACE] bxi9Wmdwtut7i0CIGAHMF1 /link/del 컨텍스트저장 UKey:''
2023/06/06 19:27:27 [TRACE] 61E6ip7wNVMa9ktC1liDGl /link/del 컨텍스트저장 UKey:''
2023/06/06 19:27:27 [TRACE] iOOJfINPUpxkAXKRCJnGli /link/del 컨텍스트저장 UKey:''
2023/06/06 19:27:27 [TRACE] 18U93jAMzhHksQI8v2WTrJ /link/del 컨텍스트저장 UKey:''
2023/06/06 19:27:27 [TRACE] atLIG4dwkmTcjdJjZITFw0 /link/del 컨텍스트저장 UKey:''
2023/06/06 19:27:27 [TRACE] hJYNo0Vz6kueXxwYCbvSTi /link/del 컨텍스트저장 UKey:''
2023/06/06 19:27:27 [TRACE] 3gsI3kfSbSUkb4q1OVxI6q /link/del 컨텍스트저장 UKey:''
2023/06/06 19:27:27 [TRACE] iv6Q2XpC9Q1dTwWzYqi3RT /link/del 컨텍스트저장 UKey:''
2023/06/06 19:27:27 [TRACE] cKqHMgn15rzbSsNXzQ40kP /link/del 컨텍스트저장 UKey:''
2023/06/06 19:27:27 [TRACE] g9gjm3IGmVbc92ClR72hOG /link/del 컨텍스트저장 UKey:''
2023/06/06 19:27:27 [TRACE] 4LYjveRY8RMjZD65CB810G /link/del 컨텍스트저장 UKey:''
2023/06/06 19:27:27 [TRACE] ciLYcouS0YO1lMYcfo1ZrQ /link/del 컨텍스트저장 UKey:''
2023/06/06 19:27:27 [TRACE] bxZn0QZ3AtggWb5XSKKB6I /link/del 컨텍스트저장 UKey:''
2023/06/06 19:27:27 [TRACE] d4lNIENjvvw40I9Fe0wh65 /link/del 컨텍스트저장 UKey:''
2023/06/06 19:27:27 [TRACE] y3mk3ZAbw1gMgkRu1P7wg /link/del 컨텍스트저장 UKey:''
2023/06/06 19:27:27 [TRACE] egMnV2vRGzzbOoWRNP73vq /link/del 컨텍스트저장 UKey:''
2023/06/06 19:27:28 [TRACE] gxVKysVoco9aXqvPCRgVdZ /link/del 컨텍스트저장 UKey:''
2023/06/06 19:27:28 [TRACE] l1bWdBNt8xFWT8vvPsVH0 /link/del 컨텍스트저장 UKey:''
2023/06/06 19:27:28 [TRACE] 56tjV4LlkdZ8yVKkS4USAT /link/del 컨텍스트저장 UKey:''
2023/06/06 19:27:28 [TRACE] 29RDVyOHXOfbHb6mn63EMW /link/del 컨텍스트저장 UKey:''
2023/06/06 19:27:28 [TRACE] hjEfy5MMYsU92LW8qw4BJP /link/del 컨텍스트저장 UKey:''
2023/06/06 19:27:28 [TRACE] 9CpR6bVsRKWiZJIdgeUTbp /link/del 컨텍스트저장 UKey:''
2023/06/06 19:27:28 [TRACE] 3FkoU1HhEl43KuSzNHuXOI /link/del 컨텍스트저장 UKey:''
2023/06/06 19:27:28 [TRACE] jI0gjFaojBm6plLZgJLTob /link/del 컨텍스트저장 UKey:''
2023/06/06 19:27:28 [TRACE] hCKY6uPLGfs56xBOzn0Tsa /link/del 컨텍스트저장 UKey:''
2023/06/06 19:27:28 [TRACE] aKpeV5QGiJf2yPUTaoyNrG /link/del 컨텍스트저장 UKey:''
2023/06/06 19:27:28 [TRACE] jjiHtjXxU0X70AVwXPF326 /link/del 컨텍스트저장 UKey:''
2023/06/06 19:27:28 [TRACE] 9wlPVriIS9I84dzluPWiWG /link/del 컨텍스트저장 UKey:''
2023/06/06 19:27:28 [TRACE] 9fvVkTPfXtWJ6iXZMhgN /link/del 컨텍스트저장 UKey:''
2023/06/06 19:27:28 [TRACE] 9BVq6Md8rIJj88BwWMAfLn /link/del 컨텍스트저장 UKey:''
2023/06/06 19:27:28 [TRACE] 1vfEopvN7s46YHpL4m6euw /link/del 컨텍스트저장 UKey:''
2023/06/06 19:27:28 [TRACE] bZKNGh54iVz5aXhbxmmzm9 /link/del 컨텍스트저장 UKey:''
2023/06/06 19:27:28 [TRACE] 5qrcTOpAK6nd148O7rabmP /link/del 컨텍스트저장 UKey:''
2023/06/06 19:27:28 [TRACE] 90170g9cyu0gsUzWqbMCMe /link/del 컨텍스트저장 UKey:''
2023/06/06 19:27:28 [TRACE] bW67PM57MCtfoV0FRkuGGD /link/del 컨텍스트저장 UKey:''
2023/06/06 19:27:28 [TRACE] gPPXRTjdLWqiKbsziT3Qdt /link/del 컨텍스트저장 UKey:''
2023/06/06 19:27:28 [TRACE] hMgNSMT9ro2gACZDpshWB5 /link/del 컨텍스트저장 UKey:''
2023/06/06 19:27:28 [TRACE] gKxzuv7aqud2Uj0aSjK2pu /link/del 컨텍스트저장 UKey:''
2023/06/06 19:27:28 [TRACE] bPavsRAz3HEkC2Qst8CEVV /link/del 컨텍스트저장 UKey:''
2023/06/06 19:27:28 [TRACE] awG3Dh7ieVo6GMFHPeSQNq /link/del 컨텍스트저장 UKey:''
2023/06/06 19:27:28 [TRACE] klcmGryzBZahNv0SQ57caW /link/del 컨텍스트저장 UKey:''
2023/06/06 19:27:28 [TRACE] 3jDYwbQlWdVbpgvjtrk05h /link/del 컨텍스트저장 UKey:''
2023/06/06 19:27:28 [TRACE] 1kWTR1jUJZV5Hm69WOWin2 /link/del 컨텍스트저장 UKey:''
2023/06/06 19:27:28 [TRACE] ga5rrprkBb2JdMFxd6y07 /link/del 컨텍스트저장 UKey:''
2023/06/06 19:27:28 [TRACE] h1QFxuzsDT3gB3biN6rmnO /link/del 컨텍스트저장 UKey:''
2023/06/06 19:27:28 [TRACE] f9qarMcktfYhyAxntECKaL /link/del 컨텍스트저장 UKey:''
2023/06/06 19:27:29 [TRACE] 1GleTk722gG5ksC8zODxbW /link/del 컨텍스트저장 UKey:''
2023/06/06 19:27:29 [TRACE] fuyBFl4IEO8l1ffMOe7WO5 /link/del 컨텍스트저장 UKey:''
2023/06/06 19:27:29 [TRACE] a6EEVp0Y04B4tr5hSdvcWm /link/del 컨텍스트저장 UKey:''
2023/06/06 19:27:29 [TRACE] fh5bYfPluGHanMtT9VShfa /link/del 컨텍스트저장 UKey:''
2023/06/06 19:27:29 [TRACE] fevrs7P4WWUbITlS9lG309 /link/del 컨텍스트저장 UKey:''
2023/06/06 19:27:29 [TRACE] 4taZP6ICxFMd7faT7Xh7P5 /link/del 컨텍스트저장 UKey:''
2023/06/06 19:27:29 [TRACE] 35j1nrNXlDg3dAJusTG4So /link/del 컨텍스트저장 UKey:''
2023/06/06 19:27:29 [TRACE] dbx7mN9fIJP7MQMd86gIWR /link/del 컨텍스트저장 UKey:''
2023/06/06 19:27:29 [TRACE] bdffgjv7I1Nby1col00aZy /link/del 컨텍스트저장 UKey:''
2023/06/06 19:27:29 [TRACE] 68zjnXpu7O4gLHXqToYQCl /link/del 컨텍스트저장 UKey:''
2023/06/06 19:27:29 [TRACE] 4l2QdqiBswXcb8ncognirq /link/del 컨텍스트저장 UKey:''
2023/06/06 19:27:29 [TRACE] kA7wCxGCrLtjwm6dglB8Bj /link/del 컨텍스트저장 UKey:''
2023/06/06 19:27:29 [TRACE] l1hOR5xXmUo4wGBUHzvLSG /link/del 컨텍스트저장 UKey:''
2023/06/06 19:27:29 [TRACE] dVpFst3zzdC1mA5E9zVjkD /link/del 컨텍스트저장 UKey:''
2023/06/06 19:27:29 [TRACE] 99uauTBzhXBaU6zz4pf5hZ /link/del 컨텍스트저장 UKey:''
2023/06/06 19:27:29 [TRACE] fIVrfjDSjv199QyrjWqj1q /link/del 컨텍스트저장 UKey:''
2023/06/06 19:27:29 [TRACE] KFSspCTCbUhX7ABVXovpk /link/del 컨텍스트저장 UKey:''
2023/06/06 19:27:29 [TRACE] aYsK04Cq37o9KLKmqILiCG /link/del 컨텍스트저장 UKey:''
2023/06/06 19:27:29 [TRACE] 6R0Ssauy17QnsauSL09Qw /link/del 컨텍스트저장 UKey:''
2023/06/06 19:27:29 [TRACE] c0mEeZJ8lKUhlZpjhwF7hX /link/del 컨텍스트저장 UKey:''
2023/06/06 19:27:29 [TRACE] ctyafKpN3bnf5H9iEPZdGO /link/del 컨텍스트저장 UKey:''
2023/06/06 19:27:29 [TRACE] aFS8gkWxvqIkAETZGbACYt /link/del 컨텍스트저장 UKey:''
2023/06/06 19:27:29 [TRACE] 4BeIAFlW8ck1ReuhUvXF6l /link/del 컨텍스트저장 UKey:''
2023/06/06 19:27:29 [TRACE] 5D7xqyngfle6QrITNTrOBH /link/del 컨텍스트저장 UKey:''
2023/06/06 19:27:29 [TRACE] fK9mWjPuxj56Rs78PjrYKa /link/del 컨텍스트저장 UKey:''
2023/06/06 19:27:29 [TRACE] 7ivvwcjrBPu29JDS7YW6Zh /link/del 컨텍스트저장 UKey:''
2023/06/06 19:27:29 [TRACE] jRbNqfJBNIC2AV7V0WdpvH /link/del 컨텍스트저장 UKey:''
2023/06/06 19:27:29 [TRACE] bDfjMGD1a7Ib40NADnbuQj /link/del 컨텍스트저장 UKey:''
2023/06/06 19:27:29 [TRACE] ljGqym6FvaghJkRF8dCjIb /link/del 컨텍스트저장 UKey:''
2023/06/06 19:27:29 [TRACE] bDLneQLfaMxjDofOZDGct6 /link/del 컨텍스트저장 UKey:''
2023/06/06 19:27:30 [TRACE] 4ONV98viK6y8vEEonz8ET8 /link/del 컨텍스트저장 UKey:''
2023/06/06 19:27:30 [TRACE] 9ivKovqPKlVa3yds6NbVYY /link/del 컨텍스트저장 UKey:''
2023/06/06 19:27:30 [TRACE] 6jVZbGZhdpo2Yq76LMOD1a /link/del 컨텍스트저장 UKey:''
2023/06/06 19:27:30 [TRACE] hxlQnEvNtUd2zd6UySIWc3 /link/del 컨텍스트저장 UKey:''
2023/06/06 19:27:30 [TRACE] 3fShi5V8rzEiIE1m1k6F7M /link/del 컨텍스트저장 UKey:''
2023/06/06 19:27:30 [TRACE] 4L9F5iJUSCS4eLA43SZVkv /link/del 컨텍스트저장 UKey:''
2023/06/06 19:27:30 [TRACE] 9vqPwn3sfAuhd0V3pnh9j2 /link/del 컨텍스트저장 UKey:''
2023/06/06 19:27:30 [TRACE] 8Nc82wNPShNeeRmvbw5His /link/del 컨텍스트저장 UKey:''
2023/06/06 19:27:30 [TRACE] OZT2UUe2HF4AvHUmukKby /link/del 컨텍스트저장 UKey:''
2023/06/06 19:27:30 [TRACE] hIcNbVMGpjd4lWhmWchdQ /link/del 컨텍스트저장 UKey:''
2023/06/06 19:27:30 [TRACE] hCnGmsqRWSviT8WEaC8C64 /link/del 컨텍스트저장 UKey:''
2023/06/06 19:27:30 [TRACE] fQBUZpoX2oC6mn1y9t50vq /link/del 컨텍스트저장 UKey:''
2023/06/06 19:27:30 [TRACE] gerbW7qltubbQPTrCbLwjY /link/del 컨텍스트저장 UKey:''
2023/06/06 19:27:30 [TRACE] 972uv8mv21vcNiwlD68GX7 /link/del 컨텍스트저장 UKey:''
2023/06/06 19:27:30 [TRACE] j6wOm6xehek9styCWDYwvv /link/del 컨텍스트저장 UKey:''
2023/06/06 19:27:30 [TRACE] fXv6TPXkNmQc5EMJG1yEcd /link/del 컨텍스트저장 UKey:''
2023/06/06 19:27:30 [TRACE] ig3ilpwUguheMFGPlzBU5N /link/del 컨텍스트저장 UKey:''
2023/06/06 19:27:30 [TRACE] lqh8mVhXla83TF4M1TGYAH /link/del 컨텍스트저장 UKey:''
2023/06/06 19:27:31 [TRACE] aGvbRXX48Of1FbUG7SCjsS /link/del 컨텍스트저장 UKey:''
2023/06/06 19:27:31 [TRACE] 9NToferbdzggZAvR195W8G /link/del 컨텍스트저장 UKey:''
2023/06/06 19:27:31 [TRACE] jSgFRF8UuIR3oPSaBnzoqM /link/del 컨텍스트저장 UKey:''
2023/06/06 19:27:31 [TRACE] lK0ujRjXBLJ8moxNvrUFAQ /link/del 컨텍스트저장 UKey:''
2023/06/06 19:27:31 [TRACE] dxieeiQELilfuDFzMZNNjB /link/del 컨텍스트저장 UKey:''
2023/06/06 19:27:31 [TRACE] 2dDQJk5RUYCd2S3EKmHL9g /link/del 컨텍스트저장 UKey:''
2023/06/06 19:27:31 [TRACE] 7CirsqDgDN5jdcalm1ZoNP /link/del 컨텍스트저장 UKey:''
2023/06/06 19:27:31 [TRACE] jdRKOGNG2pJ49jaf6Z6O8G /link/del 컨텍스트저장 UKey:''
2023/06/06 19:27:31 [TRACE] 8dghOYhxi45cm9vgIHwgd8 /link/del 컨텍스트저장 UKey:''
2023/06/06 19:27:31 [TRACE] qtRZyPFsGB40sS9Qd4wNc /link/del 컨텍스트저장 UKey:''
2023/06/06 19:27:31 [TRACE] 9qLdtdbCCAhb477Xkbe2mO /link/del 컨텍스트저장 UKey:''
2023/06/06 19:27:31 [TRACE] 8x03UKLFVOffVQ6qetD3sk /link/del 컨텍스트저장 UKey:''
2023/06/06 19:27:31 [TRACE] j4E8jEQs5oHkWSZA5EX990 /link/del 컨텍스트저장 UKey:''
2023/06/06 19:27:31 [TRACE] 1uNvZUNEYUu2yyvFfPNojF /link/del 컨텍스트저장 UKey:''
2023/06/06 19:27:31 [TRACE] ggAJ25XRKiVkt5SsduMV5O /link/del 컨텍스트저장 UKey:''
2023/06/06 19:27:31 [TRACE] yR4forTB3qapezCWRmgJS /link/del 컨텍스트저장 UKey:''
2023/06/06 19:27:31 [TRACE] 140ItoHMOJDbqLlQONigyB /link/del 컨텍스트저장 UKey:''
2023/06/06 19:27:31 [TRACE] eoYKzEIwuUF9M8SWCpnlC /link/del 컨텍스트저장 UKey:''
2023/06/06 19:27:31 [TRACE] E74VPmTAcX2seRA48kkVK /link/del 컨텍스트저장 UKey:''
2023/06/06 19:27:31 [TRACE] f7Jvy2wDIwe5RCRzI2V7M1 /link/del 컨텍스트저장 UKey:''
2023/06/06 19:27:31 [TRACE] 8574ZtYbsfHlDrZbkYqW3k /link/del 컨텍스트저장 UKey:''
2023/06/06 19:27:31 [TRACE] jja81TikVEui9ryMILrSb7 /link/del 컨텍스트저장 UKey:''
2023/06/06 19:27:31 [TRACE] f8qheypvoEl9mj3T0zDplj /link/del 컨텍스트저장 UKey:''
2023/06/06 19:27:31 [TRACE] 5kqdGb7vH9l7Yj5Qf18mhG /link/del 컨텍스트저장 UKey:''
2023/06/06 19:27:32 [TRACE] h5FdJ5ImEcP51ZRBWZC3HN /link/del 컨텍스트저장 UKey:''
2023/06/06 19:27:32 [TRACE] hZnk8hpEytx3J1ij4oibqs /link/del 컨텍스트저장 UKey:''
2023/06/06 19:27:32 [TRACE] lq00EgYA5c6dn3o6YEWipu /link/del 컨텍스트저장 UKey:''
2023/06/06 19:27:32 [TRACE] xBm7gYov1RkhIDUB11Uqn /link/del 컨텍스트저장 UKey:''
2023/06/06 19:27:32 [TRACE] 6NoycyJyR6V10xjcqchbjd /link/del 컨텍스트저장 UKey:''
2023/06/06 19:27:32 [TRACE] 7NptlN3IBep6twpFI7gsIU /link/del 컨텍스트저장 UKey:''
2023/06/06 19:27:32 [TRACE] l9dH0iyPQ4iOn8wQHWhXE /link/del 컨텍스트저장 UKey:''
2023/06/06 19:27:32 [TRACE] 4IetTFIHf2ofIpQcfOziDW /link/del 컨텍스트저장 UKey:''
2023/06/06 19:27:32 [TRACE] c4dmDL157NZfBMmVCoppdv /link/del 컨텍스트저장 UKey:''
2023/06/06 19:27:32 [TRACE] jYvSjEoooVjbqZRLJy0P7G /link/del 컨텍스트저장 UKey:''
2023/06/06 19:27:32 [TRACE] 3uPazdLyvDdir4GPpKE3Dz /link/del 컨텍스트저장 UKey:''
2023/06/06 19:27:32 [TRACE] 6tdzHlw1B89jWpu9FvL6Mk /link/del 컨텍스트저장 UKey:''
2023/06/06 19:27:32 [TRACE] cakH0vvE5wVajjkUi5ium7 /link/del 컨텍스트저장 UKey:''
2023/06/06 19:27:32 [TRACE] gyLzbewQfWX5HXbweOr0Vs /link/del 컨텍스트저장 UKey:''
2023/06/06 19:27:32 [TRACE] fsESS9MoUC49HbB2ebp9vo /link/del 컨텍스트저장 UKey:''
2023/06/06 19:27:32 [TRACE] dzcX8pSui8e4PHyNd6NNgW /link/del 컨텍스트저장 UKey:''
2023/06/06 19:27:32 [TRACE] 7g507gKDb7eiiTJx3gZlJ7 /link/del 컨텍스트저장 UKey:''
2023/06/06 19:27:32 [TRACE] a26YpPbn2vXfTUYqxomutm /link/del 컨텍스트저장 UKey:''
2023/06/06 19:27:32 [TRACE] OH5GbbiZ1xf5LEiupq6gM /link/del 컨텍스트저장 UKey:''
2023/06/06 19:27:32 [TRACE] hnZN2l8FmFT1o8D2YpNJ6m /link/del 컨텍스트저장 UKey:''
2023/06/06 19:27:32 [TRACE] rMEKZAMIg45DqQGMmeG0N /link/del 컨텍스트저장 UKey:''
2023/06/06 19:27:32 [TRACE] hcq91y0byuDhtmjzA7bAs6 /link/del 컨텍스트저장 UKey:''
2023/06/06 19:27:32 [TRACE] fPLjsLNTo2JgfKft9r6Xub /link/del 컨텍스트저장 UKey:''
2023/06/06 19:27:32 [TRACE] aYKP4ssiOYRkCRKx2IkXOv /link/del 컨텍스트저장 UKey:''
2023/06/06 19:27:32 [TRACE] 2vFHKEmKJRw7YntuiJvhok /link/del 컨텍스트저장 UKey:''
2023/06/06 19:27:32 [TRACE] 7XOBMYN4UOcin4OPREoIPG /link/del 컨텍스트저장 UKey:''
2023/06/06 19:27:32 [TRACE] J9crX1VloCg1J8tcrt0PY /link/del 컨텍스트저장 UKey:''
2023/06/06 19:27:32 [TRACE] eUnBr5JbB0B5eKtQTi6J6F /link/del 컨텍스트저장 UKey:''
2023/06/06 19:27:32 [TRACE] ee6ItasJi28eU2kIBJxtZJ /link/del 컨텍스트저장 UKey:''
2023/06/06 19:27:32 [TRACE] 47D5WethOOD1UZyc0PmU8S /link/del 컨텍스트저장 UKey:''
2023/06/06 19:27:32 [TRACE] 4IzENRp7PxViMZuE3XYNce /link/del 컨텍스트저장 UKey:''
2023/06/06 19:27:32 [TRACE] jPJZW7oRkeGitwqS2fA4R7 /link/del 컨텍스트저장 UKey:''
2023/06/06 19:27:32 [TRACE] 4DFklRSRUsD48ESXWt6OR7 /link/del 컨텍스트저장 UKey:''
2023/06/06 19:27:33 [TRACE] gHwuLtWzjhDaUXyS8Laauq /link/del 컨텍스트저장 UKey:''
2023/06/06 19:27:33 [TRACE] 3CbmtWQLPCre7uEsXTMMG9 /link/del 컨텍스트저장 UKey:''
2023/06/06 19:27:33 [TRACE] ap61R3TxqASaQU7HNIxoWo /link/del 컨텍스트저장 UKey:''
2023/06/06 19:27:33 [TRACE] 7yvwFl5OHREgKkZAxsO1J9 /link/del 컨텍스트저장 UKey:''
2023/06/06 19:27:33 [TRACE] i2mgfgXJKDzenQvtcgBgK /link/del 컨텍스트저장 UKey:''
2023/06/06 19:27:33 [TRACE] 8ATdYpLJJFocSgn7SdcsF /link/del 컨텍스트저장 UKey:''
2023/06/06 19:27:33 [TRACE] eBDyx5GmXxAeNsGmTm5MlU /link/del 컨텍스트저장 UKey:''
2023/06/06 19:27:33 [TRACE] 2aszuBFBgrkitSIAM1ZU2M /link/del 컨텍스트저장 UKey:''
2023/06/06 19:27:33 [TRACE] a74YFPFpHj4fL4cune98B2 /link/del 컨텍스트저장 UKey:''
2023/06/06 19:27:33 [TRACE] a8Okm9ro2ZrgQqtu50937j /link/del 컨텍스트저장 UKey:''
2023/06/06 19:27:33 [TRACE] 6xuF1OZibhbXO95x1Qblt /link/del 컨텍스트저장 UKey:''
2023/06/06 19:27:33 [TRACE] gJMtmVygL3Fec7OnpbMk3a /link/del 컨텍스트저장 UKey:''
2023/06/06 19:27:33 [TRACE] lGd6ETJc33k4DMzgm25kk6 /link/del 컨텍스트저장 UKey:''
2023/06/06 19:27:33 [TRACE] gfx6AAU6ApB4i9kTKi6511 /link/del 컨텍스트저장 UKey:''
2023/06/06 19:27:33 [TRACE] kL5eFYhjbwx4ecMSaZMGkY /link/del 컨텍스트저장 UKey:''
2023/06/06 19:27:33 [TRACE] gWx9cuoTJg5ipMOoeVbN3s /link/del 컨텍스트저장 UKey:''
2023/06/06 19:27:33 [TRACE] bQqN6WDNJmg3nwFO3DoiH1 /link/del 컨텍스트저장 UKey:''
2023/06/06 19:27:33 [TRACE] hbjBryHu1i8gzST0Z1ualZ /link/del 컨텍스트저장 UKey:''
2023/06/06 19:27:33 [TRACE] dq6Z8j6QdQWjWBHsusfbLa /link/del 컨텍스트저장 UKey:''
2023/06/06 19:27:33 [TRACE] iRbM9DJKPbLdVVqjwKHrUo /link/del 컨텍스트저장 UKey:''
2023/06/06 19:27:33 [TRACE] 4ulISesuVJDiFkpwxisnMP /link/del 컨텍스트저장 UKey:''
2023/06/06 19:27:33 [TRACE] 51SPmEnjx1y3vLvLsgBoLT /link/del 컨텍스트저장 UKey:''
2023/06/06 19:27:33 [TRACE] dlraT33wl9gc4ZN8diOT8M /link/del 컨텍스트저장 UKey:''
2023/06/06 19:27:33 [TRACE] 85YeijgoJMW7dYtWHN9F4B /link/del 컨텍스트저장 UKey:''
2023/06/06 19:27:33 [TRACE] aFicdQCA5VvjC71yLvrVBy /link/del 컨텍스트저장 UKey:''
2023/06/06 19:27:33 [TRACE] k8U3AgzpccYkUlveYZsAK8 /link/del 컨텍스트저장 UKey:''
2023/06/06 19:27:33 [TRACE] glAaR38MLlB1BnuKQ9qtbt /link/del 컨텍스트저장 UKey:''
2023/06/06 19:27:33 [TRACE] 3Hz7eVjBtP7kmXnqfYgnwf /link/del 컨텍스트저장 UKey:''
2023/06/06 19:27:33 [TRACE] 6xiUBwH5mAyhBS3TThBDfu /link/del 컨텍스트저장 UKey:''
2023/06/06 19:27:33 [TRACE] 11bVckxSpiKWitX1Fs8oy /link/del 컨텍스트저장 UKey:''
2023/06/06 19:27:34 [TRACE] 6UoBaXYaydk6x9VdbvlS5Z /link/del 컨텍스트저장 UKey:''
2023/06/06 19:27:34 [TRACE] 1lBDg7bK2UBDNRokweJlC /link/del 컨텍스트저장 UKey:''
2023/06/06 19:27:34 [TRACE] kCV5eoPRGQD3ViqwJcdb5d /link/del 컨텍스트저장 UKey:''
2023/06/06 19:27:34 [TRACE] dErnBMCNPgXi1lP6sdoTzg /link/del 컨텍스트저장 UKey:''
2023/06/06 19:27:34 [TRACE] brVCJGqOx3ohOaEVcGOERm /link/del 컨텍스트저장 UKey:''
2023/06/06 19:27:34 [TRACE] 21F41nZLwN14LXNOqu79eZ /link/del 컨텍스트저장 UKey:''
2023/06/06 19:27:34 [TRACE] iAj2f7YNroihCPmiPciM8A /link/del 컨텍스트저장 UKey:''
2023/06/06 19:27:34 [TRACE] jXoicg4K3yy2XoUAtZzOby /link/del 컨텍스트저장 UKey:''
2023/06/06 19:27:34 [TRACE] fcOplYZyCkS3fKWOISjck0 /link/del 컨텍스트저장 UKey:''
2023/06/06 19:27:34 [TRACE] s7vE6TjoYn2PrdMgK5ZBE /link/del 컨텍스트저장 UKey:''
2023/06/06 19:27:34 [TRACE] 4DY5a7M5YTfjaox7A04ySJ /link/del 컨텍스트저장 UKey:''
2023/06/06 19:27:34 [TRACE] bOKKWU8nYii2OMaGIZLx5Z /link/del 컨텍스트저장 UKey:''
2023/06/06 19:27:34 [TRACE] 6PUmiQIYhnU8SJAXGzZDVi /link/del 컨텍스트저장 UKey:''
2023/06/06 19:27:34 [TRACE] 2VUsxCw82eBdlJ85oqEHIY /link/del 컨텍스트저장 UKey:''
2023/06/06 19:27:34 [TRACE] jQKjekHdHnI3HW2PsZHEvS /link/del 컨텍스트저장 UKey:''
2023/06/06 19:27:34 [TRACE] 7aHmtO9HITY9TS0T05op4w /link/del 컨텍스트저장 UKey:''
2023/06/06 19:27:34 [TRACE] eFze1CsamReifqCzFSC4K7 /link/del 컨텍스트저장 UKey:''
2023/06/06 19:27:34 [TRACE] lpqWf54uBBViAQSBB9pOgc /link/del 컨텍스트저장 UKey:''
2023/06/06 19:27:34 [TRACE] 1yCKu3XLLAOgeGF9xG3qhZ /link/del 컨텍스트저장 UKey:''
2023/06/06 19:27:34 [TRACE] 2eX0NBUx6o04PzmfezBWAm /link/del 컨텍스트저장 UKey:''
2023/06/06 19:27:34 [TRACE] 25Ujsp0Sti77blAQ0Yp8Zk /link/del 컨텍스트저장 UKey:''
2023/06/06 19:27:34 [TRACE] 7rNzWJPSa6fgO04NA2XmPf /link/del 컨텍스트저장 UKey:''
2023/06/06 19:27:34 [TRACE] aELKGoCGLeqbcXdew1VzZd /link/del 컨텍스트저장 UKey:''
2023/06/06 19:27:34 [TRACE] 4lkFQhIR4pS4lCRp8Bo8Q /link/del 컨텍스트저장 UKey:''
2023/06/06 19:27:34 [TRACE] 92Rg5HbSmMJbGCLTKte2ue /link/del 컨텍스트저장 UKey:''
2023/06/06 19:27:34 [TRACE] 7j1N71TGYKBcCK3e1SF9Rn /link/del 컨텍스트저장 UKey:''
2023/06/06 19:27:34 [TRACE] eHajBKNB9rCkomRZhqBOxZ /link/del 컨텍스트저장 UKey:''
2023/06/06 19:27:34 [TRACE] hHyTT0yoOYIbgaZL8Me1aU /link/del 컨텍스트저장 UKey:''
2023/06/06 19:27:34 [TRACE] iKNHxM71bXlfJJleavQSfR /link/del 컨텍스트저장 UKey:''
2023/06/06 19:27:34 [TRACE] dztDoOTEH9mhupCDPDfc4P /link/del 컨텍스트저장 UKey:''
2023/06/06 19:27:34 [TRACE] fLbxnJuolwiggABDBirUBP /link/del 컨텍스트저장 UKey:''
2023/06/06 19:27:34 [TRACE] 73F167RlnDcgp8UGCG4zAh /link/del 컨텍스트저장 UKey:''
2023/06/06 19:27:34 [TRACE] 7JxJiiKagE4dJgNaSojzdY /link/del 컨텍스트저장 UKey:''
2023/06/06 19:28:13 [TRACE] a4lgvuuhVcAhZ1qeN9eGdW /link/del 컨텍스트저장 UKey:''
2023/06/06 19:28:13 [TRACE] 5dNPERhgZSf4Ln2ZpCwNSX /link/del 컨텍스트저장 UKey:''
2023/06/06 19:28:13 [TRACE] ayKLSj1dec2fiRYGKpMxkC /link/del 컨텍스트저장 UKey:''
2023/06/06 19:28:13 [TRACE] Ox2K1H7dc71u6R2s7C7nd /link/del 컨텍스트저장 UKey:''
2023/06/06 19:28:13 [TRACE] ct5Bhf4gmCM8bZtfz6lROO /link/del 컨텍스트저장 UKey:''
2023/06/06 19:28:13 [TRACE] 8cqP12yZbtjkiHcmHvClcZ /link/del 컨텍스트저장 UKey:''
2023/06/06 19:28:13 [TRACE] uZiqOGXM7nlQyn0vXPn9Q /link/del 컨텍스트저장 UKey:''
2023/06/06 19:28:13 [TRACE] fkoLiTLpzw4b1r3pNTfuQi /link/del 컨텍스트저장 UKey:''
2023/06/06 19:28:13 [TRACE] d3H9QHy72X37ggsjRwepLf /link/del 컨텍스트저장 UKey:''
2023/06/06 19:28:57 [TRACE] l2LfoKgcECU8ajEStrI8t3 /link/del 컨텍스트저장 UKey:''
2023/06/06 19:28:57 [TRACE] 2sxx5pYNZXR92bboAJJuTG /link/del 컨텍스트저장 UKey:''
2023/06/06 19:28:58 [TRACE] kD45J8okeCCawHybnjYVGT /link/del 컨텍스트저장 UKey:''
2023/06/06 19:28:58 [TRACE] bS7n7F79l8b0hWdCquYGH /link/del 컨텍스트저장 UKey:''
2023/06/06 19:28:58 [TRACE] jT1SPnqfzu0d8kMC0meEVT /link/del 컨텍스트저장 UKey:''
2023/06/06 19:28:58 [TRACE] fFMAWA9Pk9OacOww3wnpn7 /link/del 컨텍스트저장 UKey:''
2023/06/06 19:28:59 [TRACE] k4ACH8CkEbh55JD55ibhoN /link/del 컨텍스트저장 UKey:''
2023/06/06 19:28:59 [TRACE] gn8YHQBtWkb5ZiGUOKqxpa /link/del 컨텍스트저장 UKey:''
2023/06/06 19:28:59 [TRACE] 1wQivDC9DFGhysir3vKRa7 /link/del 컨텍스트저장 UKey:''
2023/06/06 19:32:37 [TRACE] 3hUDIta9Ve4gs9sBPRisYv /link/del 컨텍스트저장 UKey:''
2023/06/06 19:32:37 [TRACE] 9GjP0FZx2wDgNEfBTKkUWu /link/del 컨텍스트저장 UKey:''
2023/06/06 19:32:37 [TRACE] 5zO1e8UkY122OtUU4A4wYp /link/del 컨텍스트저장 UKey:''
2023/06/06 19:32:37 [TRACE] 8vbs7EpKyo9hBBN0FTn4S5 /link/del 컨텍스트저장 UKey:''
2023/06/06 19:33:11 [TRACE] ibX8rZbTPEOejr2HZGIfBy /link/del 컨텍스트저장 UKey:''
2023/06/06 19:33:11 [TRACE] horAhxQiNaggjhH4JDpmam /link/del 컨텍스트저장 UKey:''
2023/06/06 19:33:11 [TRACE] 64cppd4lxZs9EOLAfe7a8G /link/del 컨텍스트저장 UKey:''
2023/06/06 19:33:11 [TRACE] h9eyEFQLQCLjQoFGQ0iutq /link/del 컨텍스트저장 UKey:''
2023/06/06 19:33:11 [TRACE] lmW4pP0uQ3MbN6hTzeZpe1 /link/del 컨텍스트저장 UKey:''
2023/06/06 19:33:11 [TRACE] l1eSx7PTFQEp7mQnffRwX /link/del 컨텍스트저장 UKey:''
2023/06/06 19:33:11 [TRACE] ekvaqitjxzffkDVrti9Iw8 /link/del 컨텍스트저장 UKey:''
2023/06/06 19:33:11 [TRACE] 2NgPkQTEQZK3BjUZrhrxUB /link/del 컨텍스트저장 UKey:''
2023/06/06 19:33:11 [TRACE] 8GPuLRcuNSperZIVBhqMQ8 /link/del 컨텍스트저장 UKey:''
2023/06/06 19:33:33 [TRACE] k9BQJlR0vKJdh6FMCqebyH /link/del 컨텍스트저장 UKey:''
2023/06/06 19:33:33 [TRACE] a9iYofvE2RW2yygaCyu4nK /link/del 컨텍스트저장 UKey:''
2023/06/06 19:33:33 [TRACE] 6hhOPmXdPK39ziEuQESaKD /link/del 컨텍스트저장 UKey:''
2023/06/06 19:33:33 [TRACE] 8lqWvBtUPI98wgfVTDWOKl /link/del 컨텍스트저장 UKey:''
2023/06/06 19:33:33 [TRACE] j0rHC4oxi7C7JqEPTio8Kn /link/del 컨텍스트저장 UKey:''
2023/06/06 19:33:33 [TRACE] 6Ai03YXoQ4Z8f19gI6Uf3y /link/del 컨텍스트저장 UKey:''
2023/06/06 19:33:33 [TRACE] 7bQSiQTU7jleXVpTQyx4VW /link/del 컨텍스트저장 UKey:''
2023/06/06 19:33:33 [TRACE] kFgUigUUO97aVS4ddtlL59 /link/del 컨텍스트저장 UKey:''
2023/06/06 19:33:33 [TRACE] 4U2vDLx5T7gkIT9BXmy1zH /link/del 컨텍스트저장 UKey:''
2023/06/06 19:35:28 [TRACE] iYJg0beLjqc2m2HDWT1Ecp /link/del 컨텍스트저장 UKey:''
2023/06/06 19:35:28 [TRACE] lweKasIelDoaZHln8SsyU /link/del 컨텍스트저장 UKey:''
2023/06/06 19:35:28 [TRACE] 4xWU4CFyqzIhTNliEd4Yzr /link/del 컨텍스트저장 UKey:''
2023/06/06 19:35:28 [TRACE] 3KjzgDTtoz167goK6EyS8S /link/del 컨텍스트저장 UKey:''
2023/06/06 19:35:28 [TRACE] dLLoB6Rq2Gz1hDJ1CYOZ4l /link/del 컨텍스트저장 UKey:''
2023/06/06 19:35:28 [TRACE] jI9Ncb1iNzD3un1aoU3bCo /link/del 컨텍스트저장 UKey:''
2023/06/06 19:35:32 [TRACE] ffv3WklThjz65FGlF2BGKO /link/del 컨텍스트저장 UKey:''
2023/06/06 19:35:32 [TRACE] bSvCmYSj2YlkBJKQWTYbKZ /link/del 컨텍스트저장 UKey:''
2023/06/06 19:35:32 [TRACE] 1akRhWry3La2orKKV5pQrx /link/del 컨텍스트저장 UKey:''
2023/06/06 19:35:32 [TRACE] 1a5VjcMdq12eGQ41KqyZeV /link/del 컨텍스트저장 UKey:''
2023/06/06 19:35:32 [TRACE] 8Kb63gkBmzZ1jxPFVWkh5c /link/del 컨텍스트저장 UKey:''
2023/06/06 19:35:32 [TRACE] cr1NA6xvwjikEec8WLM89J /link/del 컨텍스트저장 UKey:''
2023/06/06 19:36:12 [TRACE] aQHaQdGnsZhfO7lHGnM5gP /link/del 컨텍스트저장 UKey:''
2023/06/06 19:36:12 [TRACE] 4BVvAf7q1Q486ODObvoGmu /link/del 컨텍스트저장 UKey:''
2023/06/06 19:36:12 [TRACE] gaHyOorukoT6RNrUUClGdS /link/del 컨텍스트저장 UKey:''
2023/06/06 19:36:13 [TRACE] bBp8VQ7ItfW9bBJc2boFBo /link/del 컨텍스트저장 UKey:''
2023/06/06 19:36:13 [TRACE] aWXkIrMQbT08IQkhaVrCzC /link/del 컨텍스트저장 UKey:''
2023/06/06 19:36:13 [TRACE] 34qgYk7bGh4cWFrtDvoYck /link/del 컨텍스트저장 UKey:''
2023/06/06 19:36:13 [TRACE] 5E1cPTRxURM3mAwosW2Sgn /link/del 컨텍스트저장 UKey:''
2023/06/06 19:36:13 [TRACE] jC6qdoAyzG4dwhiaRy3ezF /link/del 컨텍스트저장 UKey:''
2023/06/06 19:36:13 [TRACE] hH9VZubu1AOb11FGFg5hbU /link/del 컨텍스트저장 UKey:''
2023/06/06 19:36:29 [TRACE] lJbkqC5QiuN5ZmU8M0jHKE /link/del 컨텍스트저장 UKey:''
2023/06/06 19:36:30 [TRACE] 7Sn13f8t015919IPWQfmgx /link/del 컨텍스트저장 UKey:''
2023/06/06 19:36:30 [TRACE] 5gwCMHRSB2Qk9OLMIBaiHi /link/del 컨텍스트저장 UKey:''
2023/06/06 19:38:59 [TRACE] bJXMLaBWac02dLaIvfNPqt /link/del 컨텍스트저장 UKey:''
2023/06/06 19:38:59 [TRACE] eolLrrh8TQG3gnV5FKPTfj /link/del 컨텍스트저장 UKey:''
2023/06/06 19:38:59 [TRACE] hMOkbkzEWfCen0CLds7KCm /link/del 컨텍스트저장 UKey:''
2023/06/06 19:38:59 [TRACE] axOtKN1SwQl7PGqGWdegBq /link/del 컨텍스트저장 UKey:''
2023/06/06 19:38:59 [TRACE] fGPsOkRO9oTfGzPg055z6f /link/del 컨텍스트저장 UKey:''
2023/06/06 19:38:59 [TRACE] iEml6Ais6xOp5e9kgicB /link/del 컨텍스트저장 UKey:''
2023/06/06 19:38:59 [TRACE] 4JGfHHSvzYDldGRIx0rrLm /link/del 컨텍스트저장 UKey:''
2023/06/06 19:38:59 [TRACE] b8hI5AcgXRgbDgw4AU4k1b /link/del 컨텍스트저장 UKey:''
2023/06/06 19:38:59 [TRACE] bngjHWgt9r3zhIFJO2DOO /link/del 컨텍스트저장 UKey:''
2023/06/06 19:41:05 [TRACE] cKf2VBY2p444n9BL40519K /link/del 컨텍스트저장 UKey:''
2023/06/06 19:41:05 [TRACE] 11cQyM7wjdRempsRkSzLyp /link/del 컨텍스트저장 UKey:''
2023/06/06 19:41:05 [TRACE] 81zfLEKZJGJh9vMLwJ5ZLC /link/del 컨텍스트저장 UKey:''
2023/06/06 19:41:05 [TRACE] loqfA0Q9W5f7gzYxX86AcP /link/del 컨텍스트저장 UKey:''
2023/06/06 19:41:05 [TRACE] 8pNcB2JJgjdgK1fVuitHoK /link/del 컨텍스트저장 UKey:''
2023/06/06 19:41:05 [TRACE] lozOeA76kq5ggIbYIRhpy7 /link/del 컨텍스트저장 UKey:''
2023/06/06 19:41:05 [TRACE] jTIwGte2zJfeXexJ7PxB8i /link/del 컨텍스트저장 UKey:''
2023/06/06 19:41:05 [TRACE] 2RwSxm5dbdqfYbL7obGrY1 /link/del 컨텍스트저장 UKey:''
2023/06/06 19:41:05 [TRACE] 35W84NaupPM3u5tMX3lt41 /link/del 컨텍스트저장 UKey:''
2023/06/06 19:41:42 [TRACE] 1zzJvlIvdC0a4H71T0bLq /link/del 컨텍스트저장 UKey:''
2023/06/06 19:41:42 [TRACE] bLMyLvKHPKFgsapt3H3rBi /link/del 컨텍스트저장 UKey:''
2023/06/06 19:41:42 [TRACE] db7hc55sAGr84jCI3760Lz /link/del 컨텍스트저장 UKey:''
2023/06/06 19:41:42 [TRACE] kOA77H6hLjjbQakeuKdjEd /link/del 컨텍스트저장 UKey:''
2023/06/06 19:41:42 [TRACE] dbYh6s9bdKglC7bwTSaLvl /link/del 컨텍스트저장 UKey:''
2023/06/06 19:41:42 [TRACE] 4KCxxkAXR1NCGHPCXqEbx /link/del 컨텍스트저장 UKey:''
2023/06/06 19:41:42 [TRACE] 3Uttt36NwiM5ETVhBj9OlN /link/del 컨텍스트저장 UKey:''
2023/06/06 19:41:42 [TRACE] 88f7GrQfyOacIx9VHvVG7s /link/del 컨텍스트저장 UKey:''
2023/06/06 19:41:42 [TRACE] 795cBMfv13629KZ3i8l8Yu /link/del 컨텍스트저장 UKey:''
2023/06/06 19:41:57 [TRACE] 4eOwXIkD7hngGZUAIIHGrg /link/del 컨텍스트저장 UKey:''
2023/06/06 19:41:57 [TRACE] hckU3l3PMqih5fMjcNpFrJ /link/del 컨텍스트저장 UKey:''
2023/06/06 19:41:58 [TRACE] 2crFBjrUz4ldpOmx778GKd /link/del 컨텍스트저장 UKey:''
2023/06/06 19:41:58 [TRACE] l3drH6UAnk56AcokuYKylo /link/del 컨텍스트저장 UKey:''
2023/06/06 19:41:58 [TRACE] 3rsCYRFcCEPcojnqlWLPa0 /link/del 컨텍스트저장 UKey:''
2023/06/06 19:41:58 [TRACE] 1Td9wrxdiicecrZPhA9JZy /link/del 컨텍스트저장 UKey:''
2023/06/06 19:41:58 [TRACE] dmMdTdbBtNrj2aNWYiUFJQ /link/del 컨텍스트저장 UKey:''
2023/06/06 19:41:58 [TRACE] en2ELOgx9TahmXkWIKnLdN /link/del 컨텍스트저장 UKey:''
2023/06/06 19:41:58 [TRACE] jhURhd2goZlPGQRETGDoV /link/del 컨텍스트저장 UKey:''
2023/06/06 19:43:52 [TRACE] q83d6oSj0Fj7zeHNtOl1i /link/del 컨텍스트저장 UKey:''
2023/06/06 19:43:52 [TRACE] kXBBWwPJ0c5ldvLVgKzHCI /link/del 컨텍스트저장 UKey:''
2023/06/06 19:43:52 [TRACE] 6YFHjZD2bKcb75D5EDWtrs /link/del 컨텍스트저장 UKey:''
2023/06/06 19:43:52 [TRACE] 3dx5gGmIWvb1adEsHE0Ipv /link/del 컨텍스트저장 UKey:''
2023/06/06 19:43:52 [TRACE] aYWy6CR4ZJx7dD4eOUxjtz /link/del 컨텍스트저장 UKey:''
2023/06/06 19:43:52 [TRACE] 5fD81TCDYwRcghhbQR8pnx /link/del 컨텍스트저장 UKey:''
2023/06/06 19:43:52 [TRACE] eoUi7SQnR6k3idL7aDnAvL /link/del 컨텍스트저장 UKey:''
2023/06/06 19:43:52 [TRACE] 2Ir8OslrjhrfTQ3quuRJRo /link/del 컨텍스트저장 UKey:''
2023/06/06 19:43:52 [TRACE] b5kXgCB6f7uaaejjaPCJKy /link/del 컨텍스트저장 UKey:''
2023/06/06 19:43:52 [TRACE] kmlKIY5ICyc8JjMvrzuChO /link/del 컨텍스트저장 UKey:''
2023/06/06 19:43:53 [TRACE] aOESxzcltU6jiQJFuUcfW3 /link/del 컨텍스트저장 UKey:''
2023/06/06 19:43:53 [TRACE] gy9uTJEXYzr9wqvlJ4dk48 /link/del 컨텍스트저장 UKey:''
2023/06/06 19:44:11 [TRACE] dLETiWEWujf5LDWKN98M1m /link/del 컨텍스트저장 UKey:''
2023/06/06 19:44:11 [TRACE] 1aEpvLGEMpsakRcSMRkd00 /link/del 컨텍스트저장 UKey:''
2023/06/06 19:44:13 [TRACE] 525dEXW2BSq6Kqp9MJjghQ /link/del 컨텍스트저장 UKey:''
2023/06/06 19:44:13 [TRACE] 6WWAmyA6GiId4isH49hv0S /link/del 컨텍스트저장 UKey:''
2023/06/06 19:44:13 [TRACE] ePmbTjrLKJbknHqiFcP8Fv /link/del 컨텍스트저장 UKey:''
2023/06/06 19:44:13 [TRACE] UIL4d2d2ll5S9w1x2iVJF /link/del 컨텍스트저장 UKey:''
2023/06/06 19:44:13 [TRACE] 9eoJWDZha3R3KWXOpn73ZZ /link/del 컨텍스트저장 UKey:''
2023/06/06 19:44:13 [TRACE] 3q7EiWqwm0SeBZxKZp2n0p /link/del 컨텍스트저장 UKey:''
2023/06/06 19:44:13 [TRACE] 2CQHbNL1cOg2Ci3XUQQjMs /link/del 컨텍스트저장 UKey:''
2023/06/06 19:44:54 [TRACE] 3VMb4BqbzMdcRS4ocXo5ni /link/del 컨텍스트저장 UKey:''
2023/06/06 19:44:54 [TRACE] 2uB0Bklrvflg7C9mOHKPW5 /link/del 컨텍스트저장 UKey:''
2023/06/06 19:44:55 [TRACE] k2vO44q0u9Th65PaKan4JN /link/del 컨텍스트저장 UKey:''
2023/06/06 19:45:20 [TRACE] cZttaexXwBhAsPnRxiENW /link/del 컨텍스트저장 UKey:''
2023/06/06 19:45:20 [TRACE] jAGtv6zc9mrpCuw9gkFFT /link/del 컨텍스트저장 UKey:''
2023/06/06 19:45:20 [TRACE] aoaXEMyqHKC76E8cZvfLLz /link/del 컨텍스트저장 UKey:''
2023/06/06 19:45:20 [TRACE] 60ttplntyXHgRE3pjNVcuZ /link/del 컨텍스트저장 UKey:''
2023/06/06 19:45:20 [TRACE] cvF4VK3pam1lAu88djSDBF /link/del 컨텍스트저장 UKey:''
2023/06/06 19:45:20 [TRACE] kFQb0t6nqbjaSfhHfGnub2 /link/del 컨텍스트저장 UKey:''
2023/06/06 19:45:20 [TRACE] 2kAetSdUPlt8zGq0UbAL6b /link/del 컨텍스트저장 UKey:''
2023/06/06 19:45:20 [TRACE] 5jofneHuw5gglv7UD0a2v6 /link/del 컨텍스트저장 UKey:''
2023/06/06 19:45:20 [TRACE] gBZpyX27zZdi0mGros74Js /link/del 컨텍스트저장 UKey:''
2023/06/06 19:45:20 [TRACE] 2u9VIVV8IIh7CsJNgqKjmp /link/del 컨텍스트저장 UKey:''
2023/06/06 19:45:20 [TRACE] 4Szn74M9IzJdeTw2ZOunOB /link/del 컨텍스트저장 UKey:''
2023/06/06 19:45:20 [TRACE] 6Mv8015C1bn7yXCSr7AUa /link/del 컨텍스트저장 UKey:''
2023/06/06 19:48:37 [TRACE] 2H68qsIYBhQgv349HauHg8 /link/del 컨텍스트저장 UKey:''
2023/06/06 19:48:37 [TRACE] dlugL6qDAuiEyioqmv4y6 /link/del 컨텍스트저장 UKey:''
2023/06/06 19:48:37 [TRACE] k0YZ1tg78tm8tTcJr4LGhu /link/del 컨텍스트저장 UKey:''
2023/06/06 19:48:38 [TRACE] 60XDZAd79Ujhi8feq4xWb4 /link/del 컨텍스트저장 UKey:''
2023/06/06 19:48:38 [TRACE] 5msysaTYbVOie4bot3t2VC /link/del 컨텍스트저장 UKey:''
2023/06/06 19:48:38 [TRACE] 3GwNtAjNHROfc2nRLxSZwH /link/del 컨텍스트저장 UKey:''
2023/06/06 19:48:38 [TRACE] hL9coGkc2ylda9lmhcSpjS /link/del 컨텍스트저장 UKey:''
2023/06/06 19:48:38 [TRACE] jLyR21APxAo1icWkCyaMnC /link/del 컨텍스트저장 UKey:''
2023/06/06 19:48:38 [TRACE] 9QasuetN8vhkCY5bHY2WO3 /link/del 컨텍스트저장 UKey:''
2023/06/06 19:48:38 [TRACE] 1pdDy8pQyVI23IoYxHoftK /link/del 컨텍스트저장 UKey:''
2023/06/06 19:48:38 [TRACE] 5m8NxHwmvh0gb2CLOezLag /link/del 컨텍스트저장 UKey:''
2023/06/06 19:48:38 [TRACE] hUcTungIkQkgw5qEJbCpRX /link/del 컨텍스트저장 UKey:''
