2023/07/25 10:37:46 [TRACE] 8llWvWHNkV5gmTkHkOY6jB /link/get 컨텍스트저장 UKey:'snzBi'
2023/07/25 10:38:10 [TRACE] kUUMINvRGVCjNXFb7UGH0O /link/get 컨텍스트저장 UKey:'snzBi'
2023/07/25 10:47:26 [TRACE] 5pgG1AppgU4dd97CbQTTab /link/get 컨텍스트저장 UKey:'snzAo'
2023/07/25 10:48:22 [TRACE] eQL4auuqTVed8MZcOiFkH /link/get 컨텍스트저장 UKey:'snzAo'
2023/07/25 10:49:11 [TRACE] lwUzH9mOWSObrMT7Co0syB /link/get 컨텍스트저장 UKey:'snzAo'
2023/07/25 10:51:23 [TRACE] cd8qwf2r2Y17dkciLdsiDr /link/get 컨텍스트저장 UKey:'snzAo'
2023/07/25 10:55:38 [TRACE] fy8iW0FWnLcl1MWRnDqnjh /link/get 컨텍스트저장 UKey:'snzAo'
2023/07/25 11:40:37 [TRACE] gJfSJcebEFC4LfYMJalcb6 /link/get 컨텍스트저장 UKey:'snzAo'
2023/07/25 11:40:51 [TRACE] 3G4t6fmeY848HUZpWstgnY /link/get 컨텍스트저장 UKey:'snzAo'
2023/07/25 11:40:54 [TRACE] aaRJ1AtXp861id0n1vZlu /link/get 컨텍스트저장 UKey:'snzAo'
2023/07/25 11:41:12 [TRACE] iWCcgbdPXaegFX2UXBefD4 /link/get 컨텍스트저장 UKey:'snzAo'
2023/07/25 11:41:12 [TRACE] fn33Tv0uzQe2cKCIykfO9H /link/get 컨텍스트저장 UKey:'snzAo'
2023/07/25 11:41:13 [TRACE] 2QWs6VSMyczdSG5nTDUGNC /link/get 컨텍스트저장 UKey:'snzAo'
2023/07/25 11:41:14 [TRACE] 8K3b1nhWzphhujggR5ong2 /link/get 컨텍스트저장 UKey:'snzAo'
2023/07/25 11:41:14 [TRACE] kXu4No7etp3bo4KaKF0VGF /link/get 컨텍스트저장 UKey:'snzAo'
2023/07/25 11:41:23 [TRACE] 6nCVwEDmA1K83kXX4wasUV /link/get 컨텍스트저장 UKey:'snzAo'
2023/07/25 11:41:54 [TRACE] 6NmPukFqDdZh2jfQvAjiNB /link/get 컨텍스트저장 UKey:'XNFJ2'
2023/07/25 15:22:13 [TRACE] g4yV8akycAp4KDkXYi56m1 /link/get 컨텍스트저장 UKey:'XNFJ2'
2023/07/25 15:39:00 [TRACE] d0gPyHvX4emc2VnDgdfyBH /link/get 컨텍스트저장 UKey:'XNFJ2'
2023/07/25 15:43:39 [TRACE] gyUApIcWmId9Ho94OISMW /link/get 컨텍스트저장 UKey:'XNFJ2'
2023/07/25 16:39:26 [TRACE] l5DZ3itPDbV6gFUAYLKKIS /link/get 컨텍스트저장 UKey:'86JAI'
2023/07/25 16:39:47 [TRACE] jlrpYNlHuYu3XO4O2TdhcY /link/get 컨텍스트저장 UKey:'Bv9iX'
2023/07/25 16:40:03 [TRACE] a5asJfpnWZXlFbU934ioHj /link/get 컨텍스트저장 UKey:'xrMAM'
2023/07/25 16:40:19 [TRACE] bEQLsh7DdoskcidjnrDnUO /link/get 컨텍스트저장 UKey:'IB2IM'
2023/07/25 16:46:22 [TRACE] jBZRSxOSxy3lNCoPXalnPU /link/get 컨텍스트저장 UKey:'xrMAM'
2023/07/25 16:47:42 [TRACE] hz6HoCSGaBo1Mcy1hXdcYV /link/get 컨텍스트저장 UKey:'xrMAM'
2023/07/25 16:48:27 [TRACE] e824JPrk88T2xuMLbATT6 /link/get 컨텍스트저장 UKey:'xrMAM'
2023/07/25 16:50:02 [TRACE] dtPKTSUOE3h3AO3ju2zPqd /link/get 컨텍스트저장 UKey:'xrMAM'
2023/07/25 16:50:48 [TRACE] 95fHgY5XZRo3eF2Sp9A5uU /link/get 컨텍스트저장 UKey:'xrMAM'
2023/07/25 16:55:16 [TRACE] ilZlgzzR5AY5aaKhpWMQuz /link/get 컨텍스트저장 UKey:'IB2IM'
2023/07/25 16:56:38 [TRACE] 3dGPj77iisibnGzaqLUbhx /link/get 컨텍스트저장 UKey:'IB2IM'
2023/07/25 17:03:43 [TRACE] idWmdHtKWFC6BlKvv1crQk /link/get 컨텍스트저장 UKey:'IB2IM'
