2023/07/26 11:17:19 [TRACE] llLBhlZf6ergSY6thCRt3i /link/get 컨텍스트저장 UKey:'IB2IM'
2023/07/26 11:17:56 [TRACE] 2h6a02JgeYkkw2rYSzoE7T /link/get 컨텍스트저장 UKey:'IB2IM'
2023/07/26 11:17:57 [TRACE] e2lzsvx9f2TjOFLl7jOWRv /link/get 컨텍스트저장 UKey:'IB2IM'
2023/07/26 11:17:58 [TRACE] aASloThctqjiAOD7HPrwpq /link/get 컨텍스트저장 UKey:'IB2IM'
2023/07/26 11:17:59 [TRACE] k3JkQgJsIdAcxDUPJeeHnN /link/get 컨텍스트저장 UKey:'IB2IM'
2023/07/26 11:18:01 [TRACE] b4CZNWRyWE1jZPjYc6WqcI /link/get 컨텍스트저장 UKey:'IB2IM'
2023/07/26 11:40:03 [TRACE] iFnx76fjwWHf0p3bKn76Ky /link/get 컨텍스트저장 UKey:'86JAI'
2023/07/26 11:44:37 [TRACE] 4KZN6bS1TTclHeD0jxq3vz /link/get 컨텍스트저장 UKey:'Bv9iX'
2023/07/26 14:06:19 [TRACE] kN7TqZz5Gko9NR1oPNV9bl /link/get 컨텍스트저장 UKey:'okcKc'
2023/07/26 14:25:59 [TRACE] k5D9NH1Cb8Ag9F0JySNXjm /link/get 컨텍스트저장 UKey:'okcKc'
2023/07/26 14:27:52 [TRACE] 7338JTuKAN9esDqPc0vN85 /link/get 컨텍스트저장 UKey:'okcKc'
2023/07/26 15:17:58 [TRACE] 6SwKFQozAhYdsyXnR7mYVG ----------------------------------------------------
2023/07/26 15:17:58 [TRACE] 6SwKFQozAhYdsyXnR7mYVG /rmIPC 요청토큰: 3144bc2b-7897-4e52-97b8-bbd1fa54e126
2023/07/26 15:17:58 [TRACE] 6SwKFQozAhYdsyXnR7mYVG 2024-06-07 00:00:00 +0700 +07
2023/07/26 15:17:58 [TRACE] 6SwKFQozAhYdsyXnR7mYVG ub.urlybud.aqua.castis.io 라이선스 정상
2023/07/26 15:17:58 [TRACE] 6SwKFQozAhYdsyXnR7mYVG rmIPC CheckExists()
2023/07/26 15:17:58 [TRACE] 6SwKFQozAhYdsyXnR7mYVG rmIPC CheckSecureLink()
2023/07/26 15:17:58 [TRACE] 6SwKFQozAhYdsyXnR7mYVG rmIPC CheckCount()
2023/07/26 15:17:58 [TRACE] 6SwKFQozAhYdsyXnR7mYVG rmIPC CheckExpire()
2023/07/26 15:17:58 [TRACE] 6SwKFQozAhYdsyXnR7mYVG rmIPC CheckAuth()
2023/07/26 15:17:58 [TRACE] 6SwKFQozAhYdsyXnR7mYVG rmIPC ServeLink()
2023/07/26 15:17:58 [TRACE] 6SwKFQozAhYdsyXnR7mYVG rmIPC Redirect()
2023/07/26 15:17:58 [TRACE] 6SwKFQozAhYdsyXnR7mYVG rmIPC GET 리다이렉트
2023/07/26 15:17:58 [TRACE] 6SwKFQozAhYdsyXnR7mYVG /rmIPC 컨텍스트저장 UKey:'rmIPC'
2023/07/26 15:18:02 [TRACE] i8edlRaBmRS8F37TMPFn3O /link/get 컨텍스트저장 UKey:'rmIPC'
2023/07/26 16:03:49 [TRACE] 9KHCXNViimJkMe5LwIcS /link/get 컨텍스트저장 UKey:'okcKc'
2023/07/26 17:24:39 [TRACE] jrb03wRbZyikg7U1zdspda /link/get 컨텍스트저장 UKey:'okcKc'
