2023/07/19 09:16:08 [TRACE] k5TWypdlO1O4gjyaCU9cK9 /link/get 컨텍스트저장 UKey:'ysC2y'
2023/07/19 09:49:00 [TRACE] 1wE2lWpFvsI6f8P9dhDE0X /link/set 컨텍스트저장 UKey:'xrMqF'
2023/07/19 09:49:00 [TRACE] jciaAgrw0HBhcSgGXVKysL /link/set 컨텍스트저장 UKey:'pl2Sq'
2023/07/19 09:49:00 [TRACE] dVLgRUa7H4WiKtSwhlDU8w /link/set 컨텍스트저장 UKey:'Auj24'
2023/07/19 09:49:00 [TRACE] e7tFcdMEYQ6ZJcrJT5LvX /link/set 컨텍스트저장 UKey:'rmJhu'
2023/07/19 09:49:00 [TRACE] aAbOIYa0LmO9evQnDUR5Ta /link/set 컨텍스트저장 UKey:'DwPDF'
2023/07/19 09:49:00 [TRACE] QWwQDh6JMneTW9TgnxsqF /link/set 컨텍스트저장 UKey:'ExFQs'
2023/07/19 09:49:00 [TRACE] i4B6CmVdl0ylmtqUd9FKlq /link/set 컨텍스트저장 UKey:'b9g9X'
2023/07/19 09:49:00 [TRACE] 3TbutFR3paj6AoaHNtujxr /link/set 컨텍스트저장 UKey:'LDzf6'
2023/07/19 09:49:00 [TRACE] 4YalsRL0pv1a1ZRNsYy61P /link/set 컨텍스트저장 UKey:'rmJjF'
2023/07/19 09:49:00 [TRACE] 4WEHv78zrqk2GpyR5atyjo /link/set 컨텍스트저장 UKey:'KCJ4o'
2023/07/19 17:17:12 [TRACE] 8x26Wsruv1hbINYjJF1Jvf /link/set 컨텍스트저장 UKey:'Bv9iX'
2023/07/19 17:17:12 [TRACE] 6oKPDZhYaEzctoiDLSp4Zy /link/set 컨텍스트저장 UKey:'okcKc'
2023/07/19 17:17:12 [TRACE] dFeYvIlTPlg28nUjLlOOwd /link/set 컨텍스트저장 UKey:'WMPtU'
2023/07/19 17:17:12 [TRACE] aOC13fEeRa9fRYHITz9wId /link/set 컨텍스트저장 UKey:'IB2IM'
2023/07/19 17:17:12 [TRACE] cDTqytSwvXV52zDx0h7Pxu /link/set 컨텍스트저장 UKey:'86JAs'
2023/07/19 17:17:12 [TRACE] 8idObPrjwnh1tQZ81zb2y /link/set 컨텍스트저장 UKey:'XNFJ2'
2023/07/19 17:17:12 [TRACE] 4b45eCSoT7wlDyoxaZzJ3y /link/set 컨텍스트저장 UKey:'86JAI'
2023/07/19 17:17:12 [TRACE] 5Uy9G3hTuRGahICN8RCn8W /link/set 컨텍스트저장 UKey:'kgPZ6'
2023/07/19 17:17:12 [TRACE] 37mlFdn7Z6h714AB2SKyge /link/set 컨텍스트저장 UKey:'snzAo'
2023/07/19 17:17:12 [TRACE] cDi6RUBkmGn3V8rCJmoDLq /link/set 컨텍스트저장 UKey:'xrMAM'
2023/07/19 17:26:46 [TRACE] 9MmnSOEhkMPjRt7Iijflrz /link/get 컨텍스트저장 UKey:'kgPZ6'
2023/07/19 17:26:47 [TRACE] cQPOnUXeCfGgzBZC6QOnKp /link/get 컨텍스트저장 UKey:'kgPZ6'
