2023/06/14 09:11:38 [TRACE] 6oJRjftFCwm9gVsFjo4OI7 ----------------------------------------------------
2023/06/14 09:11:38 [TRACE] 6oJRjftFCwm9gVsFjo4OI7 /FyqEF 요청토큰: 669bd32c-4eea-44de-82ae-aa25c7cbceb6
2023/06/14 09:11:38 [TRACE] 6oJRjftFCwm9gVsFjo4OI7 2024-06-07 00:00:00 +0700 +07
2023/06/14 09:11:38 [TRACE] 6oJRjftFCwm9gVsFjo4OI7 ub.urlybud.aqua.castis.io 라이선스 정상
2023/06/14 09:11:38 [TRACE] 6oJRjftFCwm9gVsFjo4OI7 FyqEF CheckExists()
2023/06/14 09:11:38 [TRACE] 6oJRjftFCwm9gVsFjo4OI7 FyqEF CheckSecureLink()
2023/06/14 09:11:38 [TRACE] 6oJRjftFCwm9gVsFjo4OI7 FyqEF CheckCount()
2023/06/14 09:11:38 [TRACE] 6oJRjftFCwm9gVsFjo4OI7 FyqEF CheckExpire()
2023/06/14 09:11:38 [TRACE] 6oJRjftFCwm9gVsFjo4OI7 FyqEF CheckAuth()
2023/06/14 09:11:38 [TRACE] 6oJRjftFCwm9gVsFjo4OI7 FyqEF ServeLink()
2023/06/14 09:11:38 [TRACE] 6oJRjftFCwm9gVsFjo4OI7 FyqEF Redirect()
2023/06/14 09:11:38 [TRACE] 6oJRjftFCwm9gVsFjo4OI7 FyqEF GET 리다이렉트
2023/06/14 09:11:38 [TRACE] 6oJRjftFCwm9gVsFjo4OI7 /FyqEF 컨텍스트저장 UKey:'FyqEF'
2023/06/14 09:11:40 [TRACE] fDEynlyONaYN7v6MvObRA /link/get 컨텍스트저장 UKey:''
2023/06/14 09:12:16 [TRACE] f48CoRAWvtnd6C6nJgPEEC /link/get 컨텍스트저장 UKey:''
2023/06/14 09:17:55 [TRACE] bW3Iee0lHYYlHb6fsOWlF3 /link/get 컨텍스트저장 UKey:''
2023/06/14 09:18:15 [TRACE] 1eD2UkrExYu6XJSF4gvI2H /link/get 컨텍스트저장 UKey:''
2023/06/14 09:18:30 [TRACE] kVRpJjQWvCZauFA7YUwqRD /link/get 컨텍스트저장 UKey:''
2023/06/14 09:20:05 [TRACE] hGsy5MMkRWik60cgoTqPv2 /link/get 컨텍스트저장 UKey:''
2023/06/14 09:20:08 [TRACE] f6jiJ7LX8OOdX0YfvioL0B /link/get 컨텍스트저장 UKey:''
2023/06/14 09:20:12 [TRACE] aFwA40W1rhhBmprW7wblV /link/get 컨텍스트저장 UKey:''
2023/06/14 09:20:15 [TRACE] 9XUKNh77OPekjyyEeZ2bBQ /link/get 컨텍스트저장 UKey:''
2023/06/14 09:21:00 [TRACE] 4KgxdTKlD91kxbbFbGDYbX /link/get 컨텍스트저장 UKey:''
2023/06/14 09:21:05 [TRACE] dBncZ6KbQ7QeajfgBz1hWs /link/get 컨텍스트저장 UKey:''
2023/06/14 09:21:44 [TRACE] 9CJJ3lTy7Px4sU4Qx7TVA5 /link/get 컨텍스트저장 UKey:''
2023/06/14 09:21:45 [TRACE] dsgD2Cjsc0C2TN1OxO7pwy /link/get 컨텍스트저장 UKey:''
2023/06/14 09:22:13 [TRACE] 5YUWWfhiuRrknF97lRVYQM /link/get 컨텍스트저장 UKey:''
2023/06/14 09:22:24 [TRACE] gEq62NJGL7JdZmz7DDLvpP /link/get 컨텍스트저장 UKey:''
2023/06/14 09:24:44 [TRACE] 8hnMzT9O0FQd6EypljFUI1 /link/get 컨텍스트저장 UKey:''
2023/06/14 09:24:47 [TRACE] hgsRshv6wQSaqIIbjuWgcm /link/get 컨텍스트저장 UKey:''
2023/06/14 09:24:47 [TRACE] hHSXrancXz7iOfaSHNOlmN /link/get 컨텍스트저장 UKey:''
2023/06/14 09:24:49 [TRACE] 8QBPOZ8NfVecjDbQvJ3Do /link/get 컨텍스트저장 UKey:''
2023/06/14 09:24:49 [TRACE] it0Cfiv5vRt7AyTxXHgRcv /link/get 컨텍스트저장 UKey:''
2023/06/14 09:24:50 [TRACE] cfViwX4aYQ26yOFMsL83AM /link/get 컨텍스트저장 UKey:''
2023/06/14 09:24:50 [TRACE] ccioCpocDgEaFhqhwd55Oo /link/get 컨텍스트저장 UKey:''
2023/06/14 09:24:51 [TRACE] 7pa7X4gXAwOh1ZtvjkoUCj /link/get 컨텍스트저장 UKey:''
2023/06/14 09:24:51 [TRACE] 15tps4K7WUq4nFzxLRrRUh /link/get 컨텍스트저장 UKey:''
2023/06/14 09:24:52 [TRACE] eIceCM3lAKWcCRNXMWdtNH /link/get 컨텍스트저장 UKey:''
2023/06/14 09:24:53 [TRACE] lv1NYwqcT3DkU4YxYmtKFf /link/get 컨텍스트저장 UKey:''
2023/06/14 09:24:53 [TRACE] cjUqyfIbu1t6auHsjUY8oM /link/get 컨텍스트저장 UKey:''
2023/06/14 09:25:38 [TRACE] 33QL9Dj4n7meMi4ELQyijr ----------------------------------------------------
2023/06/14 09:25:38 [TRACE] 33QL9Dj4n7meMi4ELQyijr /Bv4pc 토큰생성: 80892898-d626-4a27-bf4e-83e8625bccf1
2023/06/14 09:25:38 [TRACE] 33QL9Dj4n7meMi4ELQyijr 2024-06-07 00:00:00 +0700 +07
2023/06/14 09:25:38 [TRACE] 33QL9Dj4n7meMi4ELQyijr ub.urlybud.aqua.castis.io 라이선스 정상
2023/06/14 09:25:38 [TRACE] 33QL9Dj4n7meMi4ELQyijr Bv4pc CheckExists()
2023/06/14 09:25:38 [TRACE] 33QL9Dj4n7meMi4ELQyijr Bv4pc CheckSecureLink()
2023/06/14 09:25:38 [TRACE] 33QL9Dj4n7meMi4ELQyijr Bv4pc CheckCount()
2023/06/14 09:25:38 [TRACE] 33QL9Dj4n7meMi4ELQyijr Bv4pc CheckExpire()
2023/06/14 09:25:38 [TRACE] 33QL9Dj4n7meMi4ELQyijr Bv4pc CheckAuth()
2023/06/14 09:25:38 [TRACE] 33QL9Dj4n7meMi4ELQyijr Bv4pc ServeLink()
2023/06/14 09:25:38 [TRACE] 33QL9Dj4n7meMi4ELQyijr Bv4pc Redirect()
2023/06/14 09:25:38 [TRACE] 33QL9Dj4n7meMi4ELQyijr Bv4pc GET 리다이렉트
2023/06/14 09:25:38 [TRACE] 33QL9Dj4n7meMi4ELQyijr /Bv4pc 컨텍스트저장 UKey:'Bv4pc'
2023/06/14 09:25:39 [TRACE] PkSjUFke1BlS5F6tpDHUD /link/get 컨텍스트저장 UKey:''
2023/06/14 09:25:51 [TRACE] aZpwDoB2uVB8XCpclNsgoy /link/get 컨텍스트저장 UKey:''
2023/06/14 09:25:52 [TRACE] 9PMmK4fyAZ8afYjX0y3ms4 ----------------------------------------------------
2023/06/14 09:25:52 [TRACE] 9PMmK4fyAZ8afYjX0y3ms4 /FyqEF 토큰생성: b76ed663-d96e-4c62-958b-11d975ee0859
2023/06/14 09:25:52 [TRACE] 9PMmK4fyAZ8afYjX0y3ms4 2024-06-07 00:00:00 +0700 +07
2023/06/14 09:25:52 [TRACE] 9PMmK4fyAZ8afYjX0y3ms4 ub.urlybud.aqua.castis.io 라이선스 정상
2023/06/14 09:25:52 [TRACE] 9PMmK4fyAZ8afYjX0y3ms4 FyqEF CheckExists()
2023/06/14 09:25:52 [TRACE] 9PMmK4fyAZ8afYjX0y3ms4 FyqEF CheckSecureLink()
2023/06/14 09:25:52 [TRACE] 9PMmK4fyAZ8afYjX0y3ms4 FyqEF CheckCount()
2023/06/14 09:25:52 [TRACE] 9PMmK4fyAZ8afYjX0y3ms4 FyqEF CheckExpire()
2023/06/14 09:25:52 [TRACE] 9PMmK4fyAZ8afYjX0y3ms4 FyqEF CheckAuth()
2023/06/14 09:25:52 [TRACE] 9PMmK4fyAZ8afYjX0y3ms4 FyqEF ServeLink()
2023/06/14 09:25:52 [TRACE] 9PMmK4fyAZ8afYjX0y3ms4 FyqEF Redirect()
2023/06/14 09:25:52 [TRACE] 9PMmK4fyAZ8afYjX0y3ms4 FyqEF GET 리다이렉트
2023/06/14 09:25:52 [TRACE] 9PMmK4fyAZ8afYjX0y3ms4 /FyqEF 컨텍스트저장 UKey:'FyqEF'
2023/06/14 09:25:52 [TRACE] 2mF6qFuEhbxgkWNpexrxJd /link/get 컨텍스트저장 UKey:''
2023/06/14 09:26:08 [TRACE] bdOexWwh1jf1LP0Jk3UHCU /link/get 컨텍스트저장 UKey:''
2023/06/14 09:27:32 [TRACE] fi0FD7asI7e6WpmF69Aqhm /link/get 컨텍스트저장 UKey:''
2023/06/14 09:28:18 [TRACE] k7jFlCdx1sfhGqk6BkIh7I /link/get 컨텍스트저장 UKey:''
2023/06/14 09:28:58 [TRACE] 843qs5LlRUld503dye9SyM /link/get 컨텍스트저장 UKey:''
2023/06/14 09:31:18 [TRACE] jatQA6elPkfWqiWO5I6Xu /link/get 컨텍스트저장 UKey:''
2023/06/14 09:32:35 [TRACE] baUbEuf0gVj9FJm0e3DLpO ----------------------------------------------------
2023/06/14 09:32:35 [TRACE] baUbEuf0gVj9FJm0e3DLpO /OFZe0 요청토큰: 669bd32c-4eea-44de-82ae-aa25c7cbceb6
2023/06/14 09:32:35 [TRACE] baUbEuf0gVj9FJm0e3DLpO 2024-06-07 00:00:00 +0700 +07
2023/06/14 09:32:35 [TRACE] baUbEuf0gVj9FJm0e3DLpO ub.urlybud.aqua.castis.io 라이선스 정상
2023/06/14 09:32:35 [TRACE] baUbEuf0gVj9FJm0e3DLpO OFZe0 CheckExists()
2023/06/14 09:32:35 [TRACE] baUbEuf0gVj9FJm0e3DLpO OFZe0 CheckSecureLink()
2023/06/14 09:32:35 [TRACE] baUbEuf0gVj9FJm0e3DLpO OFZe0 CheckCount()
2023/06/14 09:32:35 [TRACE] baUbEuf0gVj9FJm0e3DLpO OFZe0 CheckExpire()
2023/06/14 09:32:35 [TRACE] baUbEuf0gVj9FJm0e3DLpO OFZe0 CheckAuth()
2023/06/14 09:32:35 [TRACE] baUbEuf0gVj9FJm0e3DLpO OFZe0 ServeLink()
2023/06/14 09:32:35 [TRACE] baUbEuf0gVj9FJm0e3DLpO OFZe0 Redirect()
2023/06/14 09:32:35 [TRACE] baUbEuf0gVj9FJm0e3DLpO OFZe0 GET 리다이렉트
2023/06/14 09:32:35 [TRACE] baUbEuf0gVj9FJm0e3DLpO /OFZe0 컨텍스트저장 UKey:'OFZe0'
2023/06/14 09:32:38 [TRACE] 6f2yIrq5XpT6J2HmJvffl5 /link/get 컨텍스트저장 UKey:''
2023/06/14 09:33:07 [TRACE] J8eOnVDa95OQ15FYu9GD /link/get 컨텍스트저장 UKey:''
2023/06/14 09:36:01 [TRACE] fBh3T8Ku5sF5jx5ccIdAz9 ----------------------------------------------------
2023/06/14 09:36:01 [TRACE] fBh3T8Ku5sF5jx5ccIdAz9 /gdr0Y 요청토큰: 669bd32c-4eea-44de-82ae-aa25c7cbceb6
2023/06/14 09:36:01 [TRACE] fBh3T8Ku5sF5jx5ccIdAz9 2024-06-07 00:00:00 +0700 +07
2023/06/14 09:36:01 [TRACE] fBh3T8Ku5sF5jx5ccIdAz9 ub.urlybud.aqua.castis.io 라이선스 정상
2023/06/14 09:36:01 [TRACE] fBh3T8Ku5sF5jx5ccIdAz9 gdr0Y CheckExists()
2023/06/14 09:36:01 [TRACE] fBh3T8Ku5sF5jx5ccIdAz9 gdr0Y CheckSecureLink()
2023/06/14 09:36:01 [TRACE] fBh3T8Ku5sF5jx5ccIdAz9 gdr0Y CheckCount()
2023/06/14 09:36:01 [TRACE] fBh3T8Ku5sF5jx5ccIdAz9 gdr0Y CheckExpire()
2023/06/14 09:36:01 [TRACE] fBh3T8Ku5sF5jx5ccIdAz9 gdr0Y CheckAuth()
2023/06/14 09:36:01 [TRACE] fBh3T8Ku5sF5jx5ccIdAz9 gdr0Y ServeLink()
2023/06/14 09:36:01 [TRACE] fBh3T8Ku5sF5jx5ccIdAz9 gdr0Y Redirect()
2023/06/14 09:36:01 [TRACE] fBh3T8Ku5sF5jx5ccIdAz9 gdr0Y GET 리다이렉트
2023/06/14 09:36:01 [TRACE] fBh3T8Ku5sF5jx5ccIdAz9 /gdr0Y 컨텍스트저장 UKey:'gdr0Y'
2023/06/14 09:36:02 [TRACE] 2vha9aM4Etw9NdZOy9b7RZ /link/get 컨텍스트저장 UKey:''
2023/06/14 09:36:51 [TRACE] 971v95E0H6N9fsseV2qD4h /link/get 컨텍스트저장 UKey:''
2023/06/14 09:37:07 [TRACE] eWCGmpx4REC187HdKbHD8Q /link/get 컨텍스트저장 UKey:''
2023/06/14 09:37:23 [TRACE] wGU8rvXs0BfN1IXAoWiGU /link/get 컨텍스트저장 UKey:''
2023/06/14 09:50:30 [TRACE] i9sphwqB6lM7VPh9bGS6Y2 /link/get 컨텍스트저장 UKey:''
2023/06/14 09:53:29 [TRACE] b68caNbYaw46FJU2aFzSpJ /link/set 컨텍스트저장 UKey:'fcAYY'
2023/06/14 09:54:36 [TRACE] bHC2JCHLbFYjWsushxx4s8 /link/set 컨텍스트저장 UKey:'1Q45'
2023/06/14 09:59:25 [TRACE] f4JsmgLt3iJjYOROzpSf5a /link/set 컨텍스트저장 UKey:'a8oEY'
2023/06/14 10:07:00 [TRACE] DOy6iv2pxjPxzvLySlEI /link/set 컨텍스트저장 UKey:'IAWUY'
2023/06/14 10:08:11 [TRACE] ipbI9QCZIzxiHWF7VGfZse ----------------------------------------------------
2023/06/14 10:08:11 [TRACE] ipbI9QCZIzxiHWF7VGfZse /Bv4pc 토큰생성: 12b8ba98-89ba-45b2-b0ae-aec7ccbc99c5
2023/06/14 10:08:11 [TRACE] ipbI9QCZIzxiHWF7VGfZse 2024-06-07 00:00:00 +0700 +07
2023/06/14 10:08:11 [TRACE] ipbI9QCZIzxiHWF7VGfZse ub.urlybud.aqua.castis.io 라이선스 정상
2023/06/14 10:08:11 [TRACE] ipbI9QCZIzxiHWF7VGfZse Bv4pc CheckExists()
2023/06/14 10:08:11 [TRACE] ipbI9QCZIzxiHWF7VGfZse Bv4pc CheckSecureLink()
2023/06/14 10:08:11 [TRACE] ipbI9QCZIzxiHWF7VGfZse Bv4pc CheckCount()
2023/06/14 10:08:11 [TRACE] ipbI9QCZIzxiHWF7VGfZse Bv4pc CheckExpire()
2023/06/14 10:08:11 [TRACE] ipbI9QCZIzxiHWF7VGfZse Bv4pc CheckAuth()
2023/06/14 10:08:11 [TRACE] ipbI9QCZIzxiHWF7VGfZse Bv4pc ServeLink()
2023/06/14 10:08:11 [TRACE] ipbI9QCZIzxiHWF7VGfZse Bv4pc Redirect()
2023/06/14 10:08:11 [TRACE] ipbI9QCZIzxiHWF7VGfZse Bv4pc GET 리다이렉트
2023/06/14 10:08:11 [TRACE] ipbI9QCZIzxiHWF7VGfZse /Bv4pc 컨텍스트저장 UKey:'Bv4pc'
2023/06/14 10:08:12 [TRACE] 6p3jrf0G3Df2kTpjAlWGBy /link/get 컨텍스트저장 UKey:''
2023/06/14 10:08:18 [TRACE] aMKJMoboTkldqvuyW7Tt6Z ----------------------------------------------------
2023/06/14 10:08:18 [TRACE] aMKJMoboTkldqvuyW7Tt6Z /Bv4pc 토큰생성: 71617e44-868c-41ef-9a99-43df9035f375
2023/06/14 10:08:18 [TRACE] aMKJMoboTkldqvuyW7Tt6Z 2024-06-07 00:00:00 +0700 +07
2023/06/14 10:08:18 [TRACE] aMKJMoboTkldqvuyW7Tt6Z ub.urlybud.aqua.castis.io 라이선스 정상
2023/06/14 10:08:18 [TRACE] aMKJMoboTkldqvuyW7Tt6Z Bv4pc CheckExists()
2023/06/14 10:08:18 [TRACE] aMKJMoboTkldqvuyW7Tt6Z Bv4pc CheckSecureLink()
2023/06/14 10:08:18 [TRACE] aMKJMoboTkldqvuyW7Tt6Z Bv4pc CheckCount()
2023/06/14 10:08:18 [TRACE] aMKJMoboTkldqvuyW7Tt6Z Bv4pc CheckExpire()
2023/06/14 10:08:18 [TRACE] aMKJMoboTkldqvuyW7Tt6Z Bv4pc CheckAuth()
2023/06/14 10:08:18 [TRACE] aMKJMoboTkldqvuyW7Tt6Z Bv4pc ServeLink()
2023/06/14 10:08:18 [TRACE] aMKJMoboTkldqvuyW7Tt6Z Bv4pc Redirect()
2023/06/14 10:08:18 [TRACE] aMKJMoboTkldqvuyW7Tt6Z Bv4pc GET 리다이렉트
2023/06/14 10:08:18 [TRACE] aMKJMoboTkldqvuyW7Tt6Z /Bv4pc 컨텍스트저장 UKey:'Bv4pc'
2023/06/14 10:08:19 [TRACE] cV1InRExhRQ93u9AJFCNtF /link/get 컨텍스트저장 UKey:''
2023/06/14 10:08:22 [TRACE] 3g3cqXmOWYQdzLUiIICmev ----------------------------------------------------
2023/06/14 10:08:22 [TRACE] 3g3cqXmOWYQdzLUiIICmev /Bv4pc 요청토큰: 71617e44-868c-41ef-9a99-43df9035f375
2023/06/14 10:08:22 [TRACE] 3g3cqXmOWYQdzLUiIICmev 2024-06-07 00:00:00 +0700 +07
2023/06/14 10:08:22 [TRACE] 3g3cqXmOWYQdzLUiIICmev ub.urlybud.aqua.castis.io 라이선스 정상
2023/06/14 10:08:22 [TRACE] 3g3cqXmOWYQdzLUiIICmev Bv4pc CheckExists()
2023/06/14 10:08:22 [TRACE] 3g3cqXmOWYQdzLUiIICmev Bv4pc CheckSecureLink()
2023/06/14 10:08:22 [TRACE] 3g3cqXmOWYQdzLUiIICmev Bv4pc CheckCount()
2023/06/14 10:08:22 [TRACE] 3g3cqXmOWYQdzLUiIICmev Bv4pc CheckExpire()
2023/06/14 10:08:22 [TRACE] 3g3cqXmOWYQdzLUiIICmev Bv4pc CheckAuth()
2023/06/14 10:08:22 [TRACE] 3g3cqXmOWYQdzLUiIICmev Bv4pc ServeLink()
2023/06/14 10:08:22 [TRACE] 3g3cqXmOWYQdzLUiIICmev Bv4pc Redirect()
2023/06/14 10:08:22 [TRACE] 3g3cqXmOWYQdzLUiIICmev Bv4pc GET 리다이렉트
2023/06/14 10:08:22 [TRACE] 3g3cqXmOWYQdzLUiIICmev /Bv4pc 컨텍스트저장 UKey:'Bv4pc'
2023/06/14 10:08:22 [TRACE] C6AksfRYL53uj8u4fFlb /link/get 컨텍스트저장 UKey:''
2023/06/14 10:09:52 [TRACE] 5KYB9rZAsJP45xHonqgVHG /link/set 컨텍스트저장 UKey:'Bv4sM'
2023/06/14 10:10:03 [TRACE] 437MWsD2sJEdiKCRg98fgY /link/set 컨텍스트저장 UKey:'VLROh'
2023/06/14 10:13:15 [TRACE] lVLCVxI6YnDdSGNYz5yxiE ----------------------------------------------------
2023/06/14 10:13:15 [TRACE] lVLCVxI6YnDdSGNYz5yxiE /IAWUY 토큰생성: bd0cdac7-14d2-4136-acb2-f617fd0a3da8
2023/06/14 10:13:15 [TRACE] lVLCVxI6YnDdSGNYz5yxiE 2024-06-07 00:00:00 +0700 +07
2023/06/14 10:13:15 [TRACE] lVLCVxI6YnDdSGNYz5yxiE ub.urlybud.aqua.castis.io 라이선스 정상
2023/06/14 10:13:15 [TRACE] lVLCVxI6YnDdSGNYz5yxiE IAWUY CheckExists()
2023/06/14 10:13:15 [TRACE] lVLCVxI6YnDdSGNYz5yxiE IAWUY CheckSecureLink()
2023/06/14 10:13:15 [TRACE] lVLCVxI6YnDdSGNYz5yxiE IAWUY CheckCount()
2023/06/14 10:13:15 [TRACE] lVLCVxI6YnDdSGNYz5yxiE IAWUY CheckExpire()
2023/06/14 10:13:15 [TRACE] lVLCVxI6YnDdSGNYz5yxiE IAWUY CheckAuth()
2023/06/14 10:13:15 [TRACE] lVLCVxI6YnDdSGNYz5yxiE IAWUY ServeLink()
2023/06/14 10:13:15 [TRACE] lVLCVxI6YnDdSGNYz5yxiE IAWUY Redirect()
2023/06/14 10:13:15 [TRACE] lVLCVxI6YnDdSGNYz5yxiE IAWUY GET 리다이렉트
2023/06/14 10:13:15 [TRACE] lVLCVxI6YnDdSGNYz5yxiE /IAWUY 컨텍스트저장 UKey:'IAWUY'
2023/06/14 10:13:17 [TRACE] 7zkZLZPMQl0h9DYFVHpm0K /link/get 컨텍스트저장 UKey:''
2023/06/14 10:15:21 [TRACE] bqNsHA9OyKQgZwSzYHXxgJ ----------------------------------------------------
2023/06/14 10:15:21 [TRACE] bqNsHA9OyKQgZwSzYHXxgJ /1Q45 토큰생성: cebd7be7-a975-4f1f-bb12-3f4ebbbc696c
2023/06/14 10:15:21 [TRACE] bqNsHA9OyKQgZwSzYHXxgJ 2024-06-07 00:00:00 +0700 +07
2023/06/14 10:15:21 [TRACE] bqNsHA9OyKQgZwSzYHXxgJ ub.urlybud.aqua.castis.io 라이선스 정상
2023/06/14 10:15:21 [TRACE] bqNsHA9OyKQgZwSzYHXxgJ 1Q45 CheckExists()
2023/06/14 10:15:21 [TRACE] bqNsHA9OyKQgZwSzYHXxgJ 1Q45 CheckSecureLink()
2023/06/14 10:15:21 [TRACE] bqNsHA9OyKQgZwSzYHXxgJ 1Q45 CheckCount()
2023/06/14 10:15:21 [TRACE] bqNsHA9OyKQgZwSzYHXxgJ 1Q45 CheckExpire()
2023/06/14 10:15:21 [TRACE] bqNsHA9OyKQgZwSzYHXxgJ 1Q45 CheckAuth()
2023/06/14 10:15:21 [TRACE] bqNsHA9OyKQgZwSzYHXxgJ 1Q45 ServeLink()
2023/06/14 10:15:21 [TRACE] bqNsHA9OyKQgZwSzYHXxgJ 1Q45 Redirect()
2023/06/14 10:15:21 [TRACE] bqNsHA9OyKQgZwSzYHXxgJ 1Q45 GET 리다이렉트
2023/06/14 10:15:21 [TRACE] bqNsHA9OyKQgZwSzYHXxgJ /1Q45 컨텍스트저장 UKey:'1Q45'
2023/06/14 10:15:22 [TRACE] hSCHs3sqLun4703sLf6sos /link/get 컨텍스트저장 UKey:''
2023/06/14 10:24:34 [TRACE] 9Xo2TF9yHrvmyecgSwtLN /link/set 컨텍스트저장 UKey:'MEjdK'
2023/06/14 10:24:46 [TRACE] 1ap7dVlSSxqemGv7wZas1S ----------------------------------------------------
2023/06/14 10:24:46 [TRACE] 1ap7dVlSSxqemGv7wZas1S /MEjdK 토큰생성: 16cf1453-0bcf-432f-9244-33978016aa89
2023/06/14 10:24:46 [TRACE] 1ap7dVlSSxqemGv7wZas1S 2024-06-07 00:00:00 +0700 +07
2023/06/14 10:24:46 [TRACE] 1ap7dVlSSxqemGv7wZas1S ub.urlybud.aqua.castis.io 라이선스 정상
2023/06/14 10:24:46 [TRACE] 1ap7dVlSSxqemGv7wZas1S MEjdK CheckExists()
2023/06/14 10:24:46 [TRACE] 1ap7dVlSSxqemGv7wZas1S MEjdK CheckSecureLink()
2023/06/14 10:24:46 [TRACE] 1ap7dVlSSxqemGv7wZas1S MEjdK CheckCount()
2023/06/14 10:24:46 [TRACE] 1ap7dVlSSxqemGv7wZas1S MEjdK CheckExpire()
2023/06/14 10:24:46 [TRACE] 1ap7dVlSSxqemGv7wZas1S MEjdK CheckAuth()
2023/06/14 10:24:46 [TRACE] 1ap7dVlSSxqemGv7wZas1S MEjdK ServeLink()
2023/06/14 10:24:46 [TRACE] 1ap7dVlSSxqemGv7wZas1S MEjdK Redirect()
2023/06/14 10:24:46 [TRACE] 1ap7dVlSSxqemGv7wZas1S MEjdK GET 리다이렉트
2023/06/14 10:24:46 [TRACE] 1ap7dVlSSxqemGv7wZas1S /MEjdK 컨텍스트저장 UKey:'MEjdK'
2023/06/14 10:24:47 [TRACE] 25FuIzOyicp8xiVkgUZ6hc /link/get 컨텍스트저장 UKey:''
2023/06/14 10:26:31 [TRACE] hu97T1H8R3YfMtR36uPurw /link/set 컨텍스트저장 UKey:'DwKCV'
2023/06/14 10:26:45 [TRACE] 83P1nBzjj1GfBwQoe8wgyk ----------------------------------------------------
2023/06/14 10:26:45 [TRACE] 83P1nBzjj1GfBwQoe8wgyk /DwKCV 토큰생성: 3bd24b10-3bc9-40a2-8d53-67b8a2011319
2023/06/14 10:26:45 [TRACE] 83P1nBzjj1GfBwQoe8wgyk 2024-06-07 00:00:00 +0700 +07
2023/06/14 10:26:45 [TRACE] 83P1nBzjj1GfBwQoe8wgyk ub.urlybud.aqua.castis.io 라이선스 정상
2023/06/14 10:26:45 [TRACE] 83P1nBzjj1GfBwQoe8wgyk DwKCV CheckExists()
2023/06/14 10:26:45 [TRACE] 83P1nBzjj1GfBwQoe8wgyk DwKCV CheckSecureLink()
2023/06/14 10:26:45 [TRACE] 83P1nBzjj1GfBwQoe8wgyk DwKCV CheckCount()
2023/06/14 10:26:45 [TRACE] 83P1nBzjj1GfBwQoe8wgyk DwKCV CheckExpire()
2023/06/14 10:26:45 [TRACE] 83P1nBzjj1GfBwQoe8wgyk DwKCV CheckAuth()
2023/06/14 10:26:45 [TRACE] 83P1nBzjj1GfBwQoe8wgyk DwKCV ServeLink()
2023/06/14 10:26:45 [TRACE] 83P1nBzjj1GfBwQoe8wgyk DwKCV Redirect()
2023/06/14 10:26:45 [TRACE] 83P1nBzjj1GfBwQoe8wgyk DwKCV GET 리다이렉트
2023/06/14 10:26:45 [TRACE] 83P1nBzjj1GfBwQoe8wgyk /DwKCV 컨텍스트저장 UKey:'DwKCV'
2023/06/14 10:26:46 [TRACE] laESaplS22XguQigrrfPIk /link/get 컨텍스트저장 UKey:''
2023/06/14 10:26:54 [TRACE] cHvlVd867rzlREVxjp9xAc ----------------------------------------------------
2023/06/14 10:26:54 [TRACE] cHvlVd867rzlREVxjp9xAc /DwKCV 토큰생성: f30ba3ed-c9f0-45ee-82f6-2fdafe126132
2023/06/14 10:26:54 [TRACE] cHvlVd867rzlREVxjp9xAc 2024-06-07 00:00:00 +0700 +07
2023/06/14 10:26:54 [TRACE] cHvlVd867rzlREVxjp9xAc ub.urlybud.aqua.castis.io 라이선스 정상
2023/06/14 10:26:54 [TRACE] cHvlVd867rzlREVxjp9xAc DwKCV CheckExists()
2023/06/14 10:26:54 [TRACE] cHvlVd867rzlREVxjp9xAc DwKCV CheckSecureLink()
2023/06/14 10:26:54 [TRACE] cHvlVd867rzlREVxjp9xAc DwKCV CheckCount()
2023/06/14 10:26:54 [TRACE] cHvlVd867rzlREVxjp9xAc DwKCV CheckExpire()
2023/06/14 10:26:54 [TRACE] cHvlVd867rzlREVxjp9xAc DwKCV CheckAuth()
2023/06/14 10:26:54 [TRACE] cHvlVd867rzlREVxjp9xAc DwKCV ServeLink()
2023/06/14 10:26:54 [TRACE] cHvlVd867rzlREVxjp9xAc DwKCV Redirect()
2023/06/14 10:26:54 [TRACE] cHvlVd867rzlREVxjp9xAc DwKCV GET 리다이렉트
2023/06/14 10:26:54 [TRACE] cHvlVd867rzlREVxjp9xAc /DwKCV 컨텍스트저장 UKey:'DwKCV'
2023/06/14 10:26:55 [TRACE] ai6PnqMkC0bgvr3O4W8huj /link/get 컨텍스트저장 UKey:''
2023/06/14 10:27:25 [TRACE] 21GYER6VT3qiNbq2fdtRtM /link/set 컨텍스트저장 UKey:'WMHVe'
2023/06/14 10:27:32 [TRACE] 1C49GNcJwTq2EF0kYQ7GOn ----------------------------------------------------
2023/06/14 10:27:32 [TRACE] 1C49GNcJwTq2EF0kYQ7GOn /WMHVe 토큰생성: 8c9c22b7-98a2-4838-99fd-b65dba7faad8
2023/06/14 10:27:32 [TRACE] 1C49GNcJwTq2EF0kYQ7GOn 2024-06-07 00:00:00 +0700 +07
2023/06/14 10:27:32 [TRACE] 1C49GNcJwTq2EF0kYQ7GOn ub.urlybud.aqua.castis.io 라이선스 정상
2023/06/14 10:27:32 [TRACE] 1C49GNcJwTq2EF0kYQ7GOn WMHVe CheckExists()
2023/06/14 10:27:32 [TRACE] 1C49GNcJwTq2EF0kYQ7GOn WMHVe CheckSecureLink()
2023/06/14 10:27:32 [TRACE] 1C49GNcJwTq2EF0kYQ7GOn WMHVe CheckCount()
2023/06/14 10:27:32 [TRACE] 1C49GNcJwTq2EF0kYQ7GOn WMHVe CheckExpire()
2023/06/14 10:27:32 [TRACE] 1C49GNcJwTq2EF0kYQ7GOn WMHVe CheckAuth()
2023/06/14 10:27:32 [TRACE] 1C49GNcJwTq2EF0kYQ7GOn WMHVe ServeLink()
2023/06/14 10:27:32 [TRACE] 1C49GNcJwTq2EF0kYQ7GOn WMHVe Redirect()
2023/06/14 10:27:32 [TRACE] 1C49GNcJwTq2EF0kYQ7GOn WMHVe GET 리다이렉트
2023/06/14 10:27:32 [TRACE] 1C49GNcJwTq2EF0kYQ7GOn /WMHVe 컨텍스트저장 UKey:'WMHVe'
2023/06/14 10:27:33 [TRACE] 1sXzEpkif262QCHqrunTGf /link/get 컨텍스트저장 UKey:''
2023/06/14 10:27:49 [TRACE] jM2AsJxovKp3jGonoRiLPJ ----------------------------------------------------
2023/06/14 10:27:49 [TRACE] jM2AsJxovKp3jGonoRiLPJ /WMHVe 토큰생성: f2eaa46d-abb4-4aa4-b9c8-9636e2306559
2023/06/14 10:27:49 [TRACE] jM2AsJxovKp3jGonoRiLPJ 2024-06-07 00:00:00 +0700 +07
2023/06/14 10:27:49 [TRACE] jM2AsJxovKp3jGonoRiLPJ ub.urlybud.aqua.castis.io 라이선스 정상
2023/06/14 10:27:49 [TRACE] jM2AsJxovKp3jGonoRiLPJ WMHVe CheckExists()
2023/06/14 10:27:49 [TRACE] jM2AsJxovKp3jGonoRiLPJ WMHVe CheckSecureLink()
2023/06/14 10:27:49 [TRACE] jM2AsJxovKp3jGonoRiLPJ WMHVe CheckCount()
2023/06/14 10:27:49 [TRACE] jM2AsJxovKp3jGonoRiLPJ WMHVe CheckExpire()
2023/06/14 10:27:49 [TRACE] jM2AsJxovKp3jGonoRiLPJ WMHVe CheckAuth()
2023/06/14 10:27:49 [TRACE] jM2AsJxovKp3jGonoRiLPJ WMHVe ServeLink()
2023/06/14 10:27:49 [TRACE] jM2AsJxovKp3jGonoRiLPJ WMHVe Redirect()
2023/06/14 10:27:49 [TRACE] jM2AsJxovKp3jGonoRiLPJ WMHVe GET 리다이렉트
2023/06/14 10:27:49 [TRACE] jM2AsJxovKp3jGonoRiLPJ /WMHVe 컨텍스트저장 UKey:'WMHVe'
2023/06/14 10:27:50 [TRACE] AHOBJeDBVh6xDPk97OWY0 /link/get 컨텍스트저장 UKey:''
2023/06/14 10:28:50 [TRACE] ceEerWuhyUfiqATSQggkAO ----------------------------------------------------
2023/06/14 10:28:50 [TRACE] ceEerWuhyUfiqATSQggkAO /WMHVe 요청토큰: 669bd32c-4eea-44de-82ae-aa25c7cbceb6
2023/06/14 10:28:50 [TRACE] ceEerWuhyUfiqATSQggkAO 2024-06-07 00:00:00 +0700 +07
2023/06/14 10:28:50 [TRACE] ceEerWuhyUfiqATSQggkAO ub.urlybud.aqua.castis.io 라이선스 정상
2023/06/14 10:28:50 [TRACE] ceEerWuhyUfiqATSQggkAO WMHVe CheckExists()
2023/06/14 10:28:50 [TRACE] ceEerWuhyUfiqATSQggkAO WMHVe CheckSecureLink()
2023/06/14 10:28:50 [TRACE] ceEerWuhyUfiqATSQggkAO WMHVe CheckCount()
2023/06/14 10:28:50 [TRACE] ceEerWuhyUfiqATSQggkAO WMHVe CheckExpire()
2023/06/14 10:28:50 [TRACE] ceEerWuhyUfiqATSQggkAO WMHVe CheckAuth()
2023/06/14 10:28:50 [TRACE] ceEerWuhyUfiqATSQggkAO WMHVe ServeLink()
2023/06/14 10:28:50 [TRACE] ceEerWuhyUfiqATSQggkAO WMHVe Redirect()
2023/06/14 10:28:50 [TRACE] ceEerWuhyUfiqATSQggkAO WMHVe GET 리다이렉트
2023/06/14 10:28:50 [TRACE] ceEerWuhyUfiqATSQggkAO /WMHVe 컨텍스트저장 UKey:'WMHVe'
2023/06/14 10:28:52 [TRACE] aheDwOAwjt98de24kZ1lrw /link/get 컨텍스트저장 UKey:''
2023/06/14 10:28:55 [TRACE] 3XXOrOfdf8kxaWlNKpAra ----------------------------------------------------
2023/06/14 10:28:55 [TRACE] 3XXOrOfdf8kxaWlNKpAra /DwKCV 토큰생성: 9f505213-c885-4ef9-b9c8-673d3e8ad400
2023/06/14 10:28:55 [TRACE] 3XXOrOfdf8kxaWlNKpAra 2024-06-07 00:00:00 +0700 +07
2023/06/14 10:28:55 [TRACE] 3XXOrOfdf8kxaWlNKpAra ub.urlybud.aqua.castis.io 라이선스 정상
2023/06/14 10:28:55 [TRACE] 3XXOrOfdf8kxaWlNKpAra DwKCV CheckExists()
2023/06/14 10:28:55 [TRACE] 3XXOrOfdf8kxaWlNKpAra DwKCV CheckSecureLink()
2023/06/14 10:28:55 [TRACE] 3XXOrOfdf8kxaWlNKpAra DwKCV CheckCount()
2023/06/14 10:28:55 [TRACE] 3XXOrOfdf8kxaWlNKpAra DwKCV CheckExpire()
2023/06/14 10:28:55 [TRACE] 3XXOrOfdf8kxaWlNKpAra DwKCV CheckAuth()
2023/06/14 10:28:55 [TRACE] 3XXOrOfdf8kxaWlNKpAra DwKCV ServeLink()
2023/06/14 10:28:55 [TRACE] 3XXOrOfdf8kxaWlNKpAra DwKCV Redirect()
2023/06/14 10:28:55 [TRACE] 3XXOrOfdf8kxaWlNKpAra DwKCV GET 리다이렉트
2023/06/14 10:28:55 [TRACE] 3XXOrOfdf8kxaWlNKpAra /DwKCV 컨텍스트저장 UKey:'DwKCV'
2023/06/14 10:28:56 [TRACE] EAp3zZNwh0lVblZXYnfGj /link/get 컨텍스트저장 UKey:''
2023/06/14 10:29:00 [TRACE] kTKuGIwsV5UiveCqrpcr3e /link/get 컨텍스트저장 UKey:''
2023/06/14 10:29:02 [TRACE] 1ix7SwhENfA5t9l70C1vOA ----------------------------------------------------
2023/06/14 10:29:02 [TRACE] 1ix7SwhENfA5t9l70C1vOA /WMHVe 토큰생성: 3229cd35-b53b-479f-9c6a-e7fd1e5122cc
2023/06/14 10:29:02 [TRACE] 1ix7SwhENfA5t9l70C1vOA 2024-06-07 00:00:00 +0700 +07
2023/06/14 10:29:02 [TRACE] 1ix7SwhENfA5t9l70C1vOA ub.urlybud.aqua.castis.io 라이선스 정상
2023/06/14 10:29:02 [TRACE] 1ix7SwhENfA5t9l70C1vOA WMHVe CheckExists()
2023/06/14 10:29:02 [TRACE] 1ix7SwhENfA5t9l70C1vOA WMHVe CheckSecureLink()
2023/06/14 10:29:02 [TRACE] 1ix7SwhENfA5t9l70C1vOA WMHVe CheckCount()
2023/06/14 10:29:02 [TRACE] 1ix7SwhENfA5t9l70C1vOA WMHVe CheckExpire()
2023/06/14 10:29:02 [TRACE] 1ix7SwhENfA5t9l70C1vOA WMHVe CheckAuth()
2023/06/14 10:29:02 [TRACE] 1ix7SwhENfA5t9l70C1vOA WMHVe ServeLink()
2023/06/14 10:29:02 [TRACE] 1ix7SwhENfA5t9l70C1vOA WMHVe Redirect()
2023/06/14 10:29:02 [TRACE] 1ix7SwhENfA5t9l70C1vOA WMHVe GET 리다이렉트
2023/06/14 10:29:02 [TRACE] 1ix7SwhENfA5t9l70C1vOA /WMHVe 컨텍스트저장 UKey:'WMHVe'
2023/06/14 10:29:04 [TRACE] 2sVOJbgvvixcabM4jq8l0l /link/get 컨텍스트저장 UKey:''
2023/06/14 10:29:06 [TRACE] aj7g4vc4zLE9GOCWSPKPWW /link/get 컨텍스트저장 UKey:''
2023/06/14 10:29:33 [TRACE] 1aIrMjFwCZOddBfrcGYpV7 ----------------------------------------------------
2023/06/14 10:29:33 [TRACE] 1aIrMjFwCZOddBfrcGYpV7 /WMHVe 토큰생성: 30d431e7-9cbb-47e4-b8ad-f88cedcf4eaa
2023/06/14 10:29:33 [TRACE] 1aIrMjFwCZOddBfrcGYpV7 2024-06-07 00:00:00 +0700 +07
2023/06/14 10:29:33 [TRACE] 1aIrMjFwCZOddBfrcGYpV7 ub.urlybud.aqua.castis.io 라이선스 정상
2023/06/14 10:29:33 [TRACE] 1aIrMjFwCZOddBfrcGYpV7 WMHVe CheckExists()
2023/06/14 10:29:33 [TRACE] 1aIrMjFwCZOddBfrcGYpV7 WMHVe CheckSecureLink()
2023/06/14 10:29:33 [TRACE] 1aIrMjFwCZOddBfrcGYpV7 WMHVe CheckCount()
2023/06/14 10:29:33 [TRACE] 1aIrMjFwCZOddBfrcGYpV7 WMHVe CheckExpire()
2023/06/14 10:29:33 [TRACE] 1aIrMjFwCZOddBfrcGYpV7 WMHVe CheckAuth()
2023/06/14 10:29:33 [TRACE] 1aIrMjFwCZOddBfrcGYpV7 WMHVe ServeLink()
2023/06/14 10:29:33 [TRACE] 1aIrMjFwCZOddBfrcGYpV7 WMHVe Redirect()
2023/06/14 10:29:33 [TRACE] 1aIrMjFwCZOddBfrcGYpV7 WMHVe GET 리다이렉트
2023/06/14 10:29:33 [TRACE] 1aIrMjFwCZOddBfrcGYpV7 /WMHVe 컨텍스트저장 UKey:'WMHVe'
2023/06/14 10:29:34 [TRACE] 4QIis6bW1yL5P31wfQyuWP /link/get 컨텍스트저장 UKey:''
2023/06/14 10:30:15 [TRACE] eJCVWuOMPgtfhsWmb7AZQl ----------------------------------------------------
2023/06/14 10:30:15 [TRACE] eJCVWuOMPgtfhsWmb7AZQl /WMHVe 요청토큰: dd0a6617-db83-4e6c-a791-535d7b0b9a27
2023/06/14 10:30:15 [TRACE] eJCVWuOMPgtfhsWmb7AZQl 2024-06-07 00:00:00 +0700 +07
2023/06/14 10:30:15 [TRACE] eJCVWuOMPgtfhsWmb7AZQl ub.urlybud.aqua.castis.io 라이선스 정상
2023/06/14 10:30:15 [TRACE] eJCVWuOMPgtfhsWmb7AZQl WMHVe CheckExists()
2023/06/14 10:30:15 [TRACE] eJCVWuOMPgtfhsWmb7AZQl WMHVe CheckSecureLink()
2023/06/14 10:30:15 [TRACE] eJCVWuOMPgtfhsWmb7AZQl WMHVe CheckCount()
2023/06/14 10:30:15 [TRACE] eJCVWuOMPgtfhsWmb7AZQl WMHVe CheckExpire()
2023/06/14 10:30:15 [TRACE] eJCVWuOMPgtfhsWmb7AZQl WMHVe CheckAuth()
2023/06/14 10:30:15 [TRACE] eJCVWuOMPgtfhsWmb7AZQl WMHVe ServeLink()
2023/06/14 10:30:15 [TRACE] eJCVWuOMPgtfhsWmb7AZQl WMHVe Redirect()
2023/06/14 10:30:15 [TRACE] eJCVWuOMPgtfhsWmb7AZQl WMHVe GET 리다이렉트
2023/06/14 10:30:15 [TRACE] eJCVWuOMPgtfhsWmb7AZQl /WMHVe 컨텍스트저장 UKey:'WMHVe'
2023/06/14 10:30:16 [TRACE] 9W1pRlofqelcOZc4rwaOJp /link/get 컨텍스트저장 UKey:''
2023/06/14 10:30:22 [TRACE] gnRvyl4k2nrbADubXUvria /link/get 컨텍스트저장 UKey:''
2023/06/14 10:32:36 [TRACE] bHJa2Hk8NPK18Dw9iMRz7O /link/get 컨텍스트저장 UKey:''
2023/06/14 10:32:51 [TRACE] 2r3FqCDnRfe48LWw0jNJ7f ----------------------------------------------------
2023/06/14 10:32:51 [TRACE] 2r3FqCDnRfe48LWw0jNJ7f /WMHVe 토큰생성: b2105096-8f61-4070-9f3d-9b6cb51b65b7
2023/06/14 10:32:51 [TRACE] 2r3FqCDnRfe48LWw0jNJ7f 2024-06-07 00:00:00 +0700 +07
2023/06/14 10:32:51 [TRACE] 2r3FqCDnRfe48LWw0jNJ7f ub.urlybud.aqua.castis.io 라이선스 정상
2023/06/14 10:32:51 [TRACE] 2r3FqCDnRfe48LWw0jNJ7f WMHVe CheckExists()
2023/06/14 10:32:51 [TRACE] 2r3FqCDnRfe48LWw0jNJ7f WMHVe CheckSecureLink()
2023/06/14 10:32:51 [TRACE] 2r3FqCDnRfe48LWw0jNJ7f WMHVe CheckCount()
2023/06/14 10:32:51 [TRACE] 2r3FqCDnRfe48LWw0jNJ7f WMHVe CheckExpire()
2023/06/14 10:32:51 [TRACE] 2r3FqCDnRfe48LWw0jNJ7f WMHVe CheckAuth()
2023/06/14 10:32:51 [TRACE] 2r3FqCDnRfe48LWw0jNJ7f WMHVe ServeLink()
2023/06/14 10:32:51 [TRACE] 2r3FqCDnRfe48LWw0jNJ7f WMHVe Redirect()
2023/06/14 10:32:51 [TRACE] 2r3FqCDnRfe48LWw0jNJ7f WMHVe GET 리다이렉트
2023/06/14 10:32:51 [TRACE] 2r3FqCDnRfe48LWw0jNJ7f /WMHVe 컨텍스트저장 UKey:'WMHVe'
2023/06/14 10:32:51 [TRACE] itLX1mdBSX3hyrudKE88Jt /link/get 컨텍스트저장 UKey:''
2023/06/14 10:33:01 [TRACE] clkPA7tElcxbI0aq5yl6Uk /link/get 컨텍스트저장 UKey:''
2023/06/14 10:34:10 [TRACE] hZOHMsfhdiGhnSakIetHoR /link/set 컨텍스트저장 UKey:'MEjg4'
2023/06/14 10:34:19 [TRACE] YAj3onZISDjCufFGYWHs0 ----------------------------------------------------
2023/06/14 10:34:19 [TRACE] YAj3onZISDjCufFGYWHs0 /MEjg4 요청토큰: dd0a6617-db83-4e6c-a791-535d7b0b9a27
2023/06/14 10:34:19 [TRACE] YAj3onZISDjCufFGYWHs0 2024-06-07 00:00:00 +0700 +07
2023/06/14 10:34:19 [TRACE] YAj3onZISDjCufFGYWHs0 ub.urlybud.aqua.castis.io 라이선스 정상
2023/06/14 10:34:19 [TRACE] YAj3onZISDjCufFGYWHs0 MEjg4 CheckExists()
2023/06/14 10:34:19 [TRACE] YAj3onZISDjCufFGYWHs0 MEjg4 CheckSecureLink()
2023/06/14 10:34:19 [TRACE] YAj3onZISDjCufFGYWHs0 MEjg4 CheckCount()
2023/06/14 10:34:19 [TRACE] YAj3onZISDjCufFGYWHs0 MEjg4 CheckExpire()
2023/06/14 10:34:19 [TRACE] YAj3onZISDjCufFGYWHs0 MEjg4 CheckAuth()
2023/06/14 10:34:19 [TRACE] YAj3onZISDjCufFGYWHs0 MEjg4 ServeLink()
2023/06/14 10:34:19 [TRACE] YAj3onZISDjCufFGYWHs0 MEjg4 Redirect()
2023/06/14 10:34:19 [TRACE] YAj3onZISDjCufFGYWHs0 MEjg4 GET 리다이렉트
2023/06/14 10:34:19 [TRACE] YAj3onZISDjCufFGYWHs0 /MEjg4 컨텍스트저장 UKey:'MEjg4'
2023/06/14 10:34:20 [TRACE] w9mIHfPjKM5zCvZIphbWX /link/get 컨텍스트저장 UKey:''
2023/06/14 10:35:16 [TRACE] fXGTpXdtMYI55zzMXgTrb2 /link/get 컨텍스트저장 UKey:''
2023/06/14 10:35:53 [TRACE] 9Z4aXJ710nfb0sB6f3gJuy ----------------------------------------------------
2023/06/14 10:35:53 [TRACE] 9Z4aXJ710nfb0sB6f3gJuy /MEjg4 토큰생성: ffc92147-f471-42a3-a2cf-13128845fee6
2023/06/14 10:35:53 [TRACE] 9Z4aXJ710nfb0sB6f3gJuy 2024-06-07 00:00:00 +0700 +07
2023/06/14 10:35:53 [TRACE] 9Z4aXJ710nfb0sB6f3gJuy ub.urlybud.aqua.castis.io 라이선스 정상
2023/06/14 10:35:53 [TRACE] 9Z4aXJ710nfb0sB6f3gJuy MEjg4 CheckExists()
2023/06/14 10:35:53 [TRACE] 9Z4aXJ710nfb0sB6f3gJuy MEjg4 CheckSecureLink()
2023/06/14 10:35:53 [TRACE] 9Z4aXJ710nfb0sB6f3gJuy MEjg4 CheckCount()
2023/06/14 10:35:53 [TRACE] 9Z4aXJ710nfb0sB6f3gJuy MEjg4 CheckExpire()
2023/06/14 10:35:53 [TRACE] 9Z4aXJ710nfb0sB6f3gJuy MEjg4 CheckAuth()
2023/06/14 10:35:53 [TRACE] 9Z4aXJ710nfb0sB6f3gJuy MEjg4 ServeLink()
2023/06/14 10:35:53 [TRACE] 9Z4aXJ710nfb0sB6f3gJuy MEjg4 Redirect()
2023/06/14 10:35:53 [TRACE] 9Z4aXJ710nfb0sB6f3gJuy MEjg4 GET 리다이렉트
2023/06/14 10:35:53 [TRACE] 9Z4aXJ710nfb0sB6f3gJuy /MEjg4 컨텍스트저장 UKey:'MEjg4'
2023/06/14 10:35:55 [TRACE] 4Gk8K8xJJ9Rbtsj3x5ZooX /link/get 컨텍스트저장 UKey:''
2023/06/14 10:35:58 [TRACE] goEgpxgczye93Dt3kCMf6F ----------------------------------------------------
2023/06/14 10:35:58 [TRACE] goEgpxgczye93Dt3kCMf6F /MEjg4 요청토큰: 669bd32c-4eea-44de-82ae-aa25c7cbceb6
2023/06/14 10:35:58 [TRACE] goEgpxgczye93Dt3kCMf6F 2024-06-07 00:00:00 +0700 +07
2023/06/14 10:35:58 [TRACE] goEgpxgczye93Dt3kCMf6F ub.urlybud.aqua.castis.io 라이선스 정상
2023/06/14 10:35:58 [TRACE] goEgpxgczye93Dt3kCMf6F MEjg4 CheckExists()
2023/06/14 10:35:58 [TRACE] goEgpxgczye93Dt3kCMf6F MEjg4 CheckSecureLink()
2023/06/14 10:35:58 [TRACE] goEgpxgczye93Dt3kCMf6F MEjg4 CheckCount()
2023/06/14 10:35:58 [TRACE] goEgpxgczye93Dt3kCMf6F MEjg4 CheckExpire()
2023/06/14 10:35:58 [TRACE] goEgpxgczye93Dt3kCMf6F MEjg4 CheckAuth()
2023/06/14 10:35:58 [TRACE] goEgpxgczye93Dt3kCMf6F MEjg4 ServeLink()
2023/06/14 10:35:58 [TRACE] goEgpxgczye93Dt3kCMf6F MEjg4 Redirect()
2023/06/14 10:35:58 [TRACE] goEgpxgczye93Dt3kCMf6F MEjg4 GET 리다이렉트
2023/06/14 10:35:58 [TRACE] goEgpxgczye93Dt3kCMf6F /MEjg4 컨텍스트저장 UKey:'MEjg4'
2023/06/14 10:35:59 [TRACE] 4S8VaFHwgoUkBix9obPwXe /link/get 컨텍스트저장 UKey:''
2023/06/14 10:36:13 [TRACE] gUccpRMZFxr3WviPPgP3QL /link/get 컨텍스트저장 UKey:''
2023/06/14 10:36:57 [TRACE] gmMCDTfyJo5kGkJWPNl1iH /link/get 컨텍스트저장 UKey:''
2023/06/14 10:44:53 [TRACE] XopUWscDz54BAttOObFI /link/get 컨텍스트저장 UKey:''
2023/06/14 10:46:05 [TRACE] dQIz5J72gS85mTYDxE6kIQ /link/get 컨텍스트저장 UKey:''
2023/06/14 10:46:07 [TRACE] 6r7oNi4tUgk6eq3kjUqNWE /link/get 컨텍스트저장 UKey:''
2023/06/14 10:49:00 [TRACE] cpO9G6iKz1MgVwDx7F9MIi /link/get 컨텍스트저장 UKey:''
2023/06/14 10:52:33 [TRACE] dvLfzgqQqyXirrnuCFcUc ----------------------------------------------------
2023/06/14 10:52:33 [TRACE] dvLfzgqQqyXirrnuCFcUc /MEjg4 요청토큰: dd0a6617-db83-4e6c-a791-535d7b0b9a27
2023/06/14 10:52:33 [TRACE] dvLfzgqQqyXirrnuCFcUc 2024-06-07 00:00:00 +0700 +07
2023/06/14 10:52:33 [TRACE] dvLfzgqQqyXirrnuCFcUc ub.urlybud.aqua.castis.io 라이선스 정상
2023/06/14 10:52:33 [TRACE] dvLfzgqQqyXirrnuCFcUc MEjg4 CheckExists()
2023/06/14 10:52:33 [TRACE] dvLfzgqQqyXirrnuCFcUc MEjg4 CheckSecureLink()
2023/06/14 10:52:33 [TRACE] dvLfzgqQqyXirrnuCFcUc MEjg4 CheckCount()
2023/06/14 10:52:33 [TRACE] dvLfzgqQqyXirrnuCFcUc MEjg4 CheckExpire()
2023/06/14 10:52:33 [TRACE] dvLfzgqQqyXirrnuCFcUc MEjg4 CheckAuth()
2023/06/14 10:52:33 [TRACE] dvLfzgqQqyXirrnuCFcUc MEjg4 ServeLink()
2023/06/14 10:52:33 [TRACE] dvLfzgqQqyXirrnuCFcUc MEjg4 Redirect()
2023/06/14 10:52:33 [TRACE] dvLfzgqQqyXirrnuCFcUc MEjg4 GET 리다이렉트
2023/06/14 10:52:33 [TRACE] dvLfzgqQqyXirrnuCFcUc /MEjg4 컨텍스트저장 UKey:'MEjg4'
2023/06/14 10:52:34 [TRACE] dEifdY2y5U35IVpq2mIwoe /link/get 컨텍스트저장 UKey:''
2023/06/14 10:55:19 [TRACE] kyFRBO4KQJwf2AfeaQZ3KL ----------------------------------------------------
2023/06/14 10:55:19 [TRACE] kyFRBO4KQJwf2AfeaQZ3KL /DwKCV 요청토큰: dd0a6617-db83-4e6c-a791-535d7b0b9a27
2023/06/14 10:55:19 [TRACE] kyFRBO4KQJwf2AfeaQZ3KL 2024-06-07 00:00:00 +0700 +07
2023/06/14 10:55:19 [TRACE] kyFRBO4KQJwf2AfeaQZ3KL ub.urlybud.aqua.castis.io 라이선스 정상
2023/06/14 10:55:19 [TRACE] kyFRBO4KQJwf2AfeaQZ3KL DwKCV CheckExists()
2023/06/14 10:55:19 [TRACE] kyFRBO4KQJwf2AfeaQZ3KL DwKCV CheckSecureLink()
2023/06/14 10:55:19 [TRACE] kyFRBO4KQJwf2AfeaQZ3KL DwKCV CheckCount()
2023/06/14 10:55:19 [TRACE] kyFRBO4KQJwf2AfeaQZ3KL DwKCV CheckExpire()
2023/06/14 10:55:19 [TRACE] kyFRBO4KQJwf2AfeaQZ3KL DwKCV CheckAuth()
2023/06/14 10:55:19 [TRACE] kyFRBO4KQJwf2AfeaQZ3KL DwKCV ServeLink()
2023/06/14 10:55:19 [TRACE] kyFRBO4KQJwf2AfeaQZ3KL DwKCV Redirect()
2023/06/14 10:55:19 [TRACE] kyFRBO4KQJwf2AfeaQZ3KL DwKCV GET 리다이렉트
2023/06/14 10:55:19 [TRACE] kyFRBO4KQJwf2AfeaQZ3KL /DwKCV 컨텍스트저장 UKey:'DwKCV'
2023/06/14 10:55:20 [TRACE] iZko1qgePwV7DMpt5aal1w /link/get 컨텍스트저장 UKey:''
2023/06/14 10:57:11 [TRACE] 9sCS0EGY4qt2Y4mDGnBjhB /link/get 컨텍스트저장 UKey:''
2023/06/14 10:57:12 [TRACE] 5Xj1FffZDkg8k2kgtLX6Q9 /link/set 컨텍스트저장 UKey:'TKbKq'
2023/06/14 10:57:42 [TRACE] 5B03RLU6CXtdbdYr1pmiaB ----------------------------------------------------
2023/06/14 10:57:42 [TRACE] 5B03RLU6CXtdbdYr1pmiaB /TKbKq 요청토큰: 669bd32c-4eea-44de-82ae-aa25c7cbceb6
2023/06/14 10:57:42 [TRACE] 5B03RLU6CXtdbdYr1pmiaB 2024-06-07 00:00:00 +0700 +07
2023/06/14 10:57:42 [TRACE] 5B03RLU6CXtdbdYr1pmiaB ub.urlybud.aqua.castis.io 라이선스 정상
2023/06/14 10:57:42 [TRACE] 5B03RLU6CXtdbdYr1pmiaB TKbKq CheckExists()
2023/06/14 10:57:42 [TRACE] 5B03RLU6CXtdbdYr1pmiaB TKbKq CheckSecureLink()
2023/06/14 10:57:42 [TRACE] 5B03RLU6CXtdbdYr1pmiaB TKbKq CheckCount()
2023/06/14 10:57:42 [TRACE] 5B03RLU6CXtdbdYr1pmiaB TKbKq CheckExpire()
2023/06/14 10:57:42 [TRACE] 5B03RLU6CXtdbdYr1pmiaB TKbKq CheckAuth()
2023/06/14 10:57:42 [TRACE] 5B03RLU6CXtdbdYr1pmiaB TKbKq ServeLink()
2023/06/14 10:57:42 [TRACE] 5B03RLU6CXtdbdYr1pmiaB TKbKq Redirect()
2023/06/14 10:57:42 [TRACE] 5B03RLU6CXtdbdYr1pmiaB TKbKq GET 리다이렉트
2023/06/14 10:57:42 [TRACE] 5B03RLU6CXtdbdYr1pmiaB /TKbKq 컨텍스트저장 UKey:'TKbKq'
2023/06/14 10:57:43 [TRACE] 750qFk7cAD1etWuUARQAnh /link/get 컨텍스트저장 UKey:''
2023/06/14 10:57:44 [TRACE] l1P2YaqYaSwlhlWxIHlz5O ----------------------------------------------------
2023/06/14 10:57:44 [TRACE] l1P2YaqYaSwlhlWxIHlz5O /TKbKq 요청토큰: dd0a6617-db83-4e6c-a791-535d7b0b9a27
2023/06/14 10:57:44 [TRACE] l1P2YaqYaSwlhlWxIHlz5O 2024-06-07 00:00:00 +0700 +07
2023/06/14 10:57:44 [TRACE] l1P2YaqYaSwlhlWxIHlz5O ub.urlybud.aqua.castis.io 라이선스 정상
2023/06/14 10:57:44 [TRACE] l1P2YaqYaSwlhlWxIHlz5O TKbKq CheckExists()
2023/06/14 10:57:44 [TRACE] l1P2YaqYaSwlhlWxIHlz5O TKbKq CheckSecureLink()
2023/06/14 10:57:44 [TRACE] l1P2YaqYaSwlhlWxIHlz5O TKbKq CheckCount()
2023/06/14 10:57:44 [TRACE] l1P2YaqYaSwlhlWxIHlz5O TKbKq CheckExpire()
2023/06/14 10:57:44 [TRACE] l1P2YaqYaSwlhlWxIHlz5O TKbKq CheckAuth()
2023/06/14 10:57:44 [TRACE] l1P2YaqYaSwlhlWxIHlz5O TKbKq ServeLink()
2023/06/14 10:57:44 [TRACE] l1P2YaqYaSwlhlWxIHlz5O TKbKq Redirect()
2023/06/14 10:57:44 [TRACE] l1P2YaqYaSwlhlWxIHlz5O TKbKq GET 리다이렉트
2023/06/14 10:57:44 [TRACE] l1P2YaqYaSwlhlWxIHlz5O /TKbKq 컨텍스트저장 UKey:'TKbKq'
2023/06/14 10:57:45 [TRACE] jetIzMZtekLgWO6xm8R39V /link/get 컨텍스트저장 UKey:''
2023/06/14 11:03:25 [TRACE] iMHFIKpQmFX8UhvLGqo6NP /link/set 컨텍스트저장 UKey:'mitvk'
2023/06/14 11:04:08 [TRACE] dwKFX4bhliW10Uxa2WbHqr ----------------------------------------------------
2023/06/14 11:04:08 [TRACE] dwKFX4bhliW10Uxa2WbHqr /mitvk 요청토큰: dd0a6617-db83-4e6c-a791-535d7b0b9a27
2023/06/14 11:04:08 [TRACE] dwKFX4bhliW10Uxa2WbHqr 2024-06-07 00:00:00 +0700 +07
2023/06/14 11:04:08 [TRACE] dwKFX4bhliW10Uxa2WbHqr ub.urlybud.aqua.castis.io 라이선스 정상
2023/06/14 11:04:08 [TRACE] dwKFX4bhliW10Uxa2WbHqr mitvk CheckExists()
2023/06/14 11:04:08 [TRACE] dwKFX4bhliW10Uxa2WbHqr mitvk CheckSecureLink()
2023/06/14 11:04:08 [TRACE] dwKFX4bhliW10Uxa2WbHqr mitvk CheckCount()
2023/06/14 11:04:08 [TRACE] dwKFX4bhliW10Uxa2WbHqr mitvk CheckExpire()
2023/06/14 11:04:08 [TRACE] dwKFX4bhliW10Uxa2WbHqr mitvk CheckAuth()
2023/06/14 11:04:08 [TRACE] dwKFX4bhliW10Uxa2WbHqr mitvk ServeLink()
2023/06/14 11:04:08 [TRACE] dwKFX4bhliW10Uxa2WbHqr mitvk Redirect()
2023/06/14 11:04:08 [TRACE] dwKFX4bhliW10Uxa2WbHqr mitvk GET 리다이렉트
2023/06/14 11:04:08 [TRACE] dwKFX4bhliW10Uxa2WbHqr /mitvk 컨텍스트저장 UKey:'mitvk'
2023/06/14 11:04:09 [TRACE] gDWgg3kXda3fTbowyxJQt7 /link/get 컨텍스트저장 UKey:''
2023/06/14 11:27:11 [TRACE] 3PLCX2uOyve4YB7I80jHbK ----------------------------------------------------
2023/06/14 11:27:11 [TRACE] 3PLCX2uOyve4YB7I80jHbK /TKbKq 요청토큰: dd0a6617-db83-4e6c-a791-535d7b0b9a27
2023/06/14 11:27:11 [TRACE] 3PLCX2uOyve4YB7I80jHbK 2024-06-07 00:00:00 +0700 +07
2023/06/14 11:27:11 [TRACE] 3PLCX2uOyve4YB7I80jHbK ub.urlybud.aqua.castis.io 라이선스 정상
2023/06/14 11:27:11 [TRACE] 3PLCX2uOyve4YB7I80jHbK TKbKq CheckExists()
2023/06/14 11:27:11 [TRACE] 3PLCX2uOyve4YB7I80jHbK TKbKq CheckSecureLink()
2023/06/14 11:27:11 [TRACE] 3PLCX2uOyve4YB7I80jHbK TKbKq CheckCount()
2023/06/14 11:27:11 [TRACE] 3PLCX2uOyve4YB7I80jHbK TKbKq CheckExpire()
2023/06/14 11:27:11 [TRACE] 3PLCX2uOyve4YB7I80jHbK TKbKq CheckAuth()
2023/06/14 11:27:11 [TRACE] 3PLCX2uOyve4YB7I80jHbK TKbKq ServeLink()
2023/06/14 11:27:11 [TRACE] 3PLCX2uOyve4YB7I80jHbK TKbKq Redirect()
2023/06/14 11:27:11 [TRACE] 3PLCX2uOyve4YB7I80jHbK TKbKq GET 리다이렉트
2023/06/14 11:27:11 [TRACE] 3PLCX2uOyve4YB7I80jHbK /TKbKq 컨텍스트저장 UKey:'TKbKq'
2023/06/14 11:27:12 [TRACE] 6eV2ZTKQ7NOltqK8fqlTnC /link/get 컨텍스트저장 UKey:''
2023/06/14 11:27:56 [TRACE] 94bxDePm3ou2dBseSa07XT ----------------------------------------------------
2023/06/14 11:27:56 [TRACE] 94bxDePm3ou2dBseSa07XT /TKbKq 요청토큰: dd0a6617-db83-4e6c-a791-535d7b0b9a27
2023/06/14 11:27:56 [TRACE] 94bxDePm3ou2dBseSa07XT 2024-06-07 00:00:00 +0700 +07
2023/06/14 11:27:56 [TRACE] 94bxDePm3ou2dBseSa07XT ub.urlybud.aqua.castis.io 라이선스 정상
2023/06/14 11:27:56 [TRACE] 94bxDePm3ou2dBseSa07XT TKbKq CheckExists()
2023/06/14 11:27:56 [TRACE] 94bxDePm3ou2dBseSa07XT TKbKq CheckSecureLink()
2023/06/14 11:27:56 [TRACE] 94bxDePm3ou2dBseSa07XT TKbKq CheckCount()
2023/06/14 11:27:56 [TRACE] 94bxDePm3ou2dBseSa07XT TKbKq CheckExpire()
2023/06/14 11:27:56 [TRACE] 94bxDePm3ou2dBseSa07XT TKbKq CheckAuth()
2023/06/14 11:27:56 [TRACE] 94bxDePm3ou2dBseSa07XT TKbKq ServeLink()
2023/06/14 11:27:56 [TRACE] 94bxDePm3ou2dBseSa07XT TKbKq Redirect()
2023/06/14 11:27:56 [TRACE] 94bxDePm3ou2dBseSa07XT TKbKq GET 리다이렉트
2023/06/14 11:27:56 [TRACE] 94bxDePm3ou2dBseSa07XT /TKbKq 컨텍스트저장 UKey:'TKbKq'
2023/06/14 11:27:57 [TRACE] 1AisF1WIQQ4lpw6l9lAsAc /link/get 컨텍스트저장 UKey:''
2023/06/14 11:28:04 [TRACE] kUd8t4SUr4SjbV9LxbdcFk /link/get 컨텍스트저장 UKey:''
2023/06/14 11:28:10 [TRACE] 7k8ZFwpqFDn7lLD9v6trzX /link/get 컨텍스트저장 UKey:''
2023/06/14 11:29:09 [TRACE] 1LODAotHR5ap44fakLtG4 ----------------------------------------------------
2023/06/14 11:29:09 [TRACE] 1LODAotHR5ap44fakLtG4 /TKbKq 토큰생성: 4151ed20-97de-4ddd-8665-89245120a923
2023/06/14 11:29:09 [TRACE] 1LODAotHR5ap44fakLtG4 2024-06-07 00:00:00 +0700 +07
2023/06/14 11:29:09 [TRACE] 1LODAotHR5ap44fakLtG4 ub.urlybud.aqua.castis.io 라이선스 정상
2023/06/14 11:29:09 [TRACE] 1LODAotHR5ap44fakLtG4 TKbKq CheckExists()
2023/06/14 11:29:09 [TRACE] 1LODAotHR5ap44fakLtG4 TKbKq CheckSecureLink()
2023/06/14 11:29:09 [TRACE] 1LODAotHR5ap44fakLtG4 TKbKq CheckCount()
2023/06/14 11:29:09 [TRACE] 1LODAotHR5ap44fakLtG4 TKbKq CheckExpire()
2023/06/14 11:29:09 [TRACE] 1LODAotHR5ap44fakLtG4 TKbKq CheckAuth()
2023/06/14 11:29:09 [TRACE] 1LODAotHR5ap44fakLtG4 TKbKq ServeLink()
2023/06/14 11:29:09 [TRACE] 1LODAotHR5ap44fakLtG4 TKbKq Redirect()
2023/06/14 11:29:09 [TRACE] 1LODAotHR5ap44fakLtG4 TKbKq GET 리다이렉트
2023/06/14 11:29:09 [TRACE] 1LODAotHR5ap44fakLtG4 /TKbKq 컨텍스트저장 UKey:'TKbKq'
2023/06/14 11:29:10 [TRACE] kyMoEZLhBf1ecJ32hxrApq /link/get 컨텍스트저장 UKey:''
2023/06/14 11:29:19 [TRACE] 8FROOGAv4b8hSJJJNLN3l2 /link/get 컨텍스트저장 UKey:''
2023/06/14 11:29:38 [TRACE] 7avyfB5gRdpbHpTifpSHPE /link/get 컨텍스트저장 UKey:''
2023/06/14 11:30:14 [TRACE] ljLYFU2oXWMjF5oXwFdlox /link/get 컨텍스트저장 UKey:''
2023/06/14 11:30:36 [TRACE] 5ilOQ6Yw3t17e2NuSu8Mo3 ----------------------------------------------------
2023/06/14 11:30:36 [TRACE] 5ilOQ6Yw3t17e2NuSu8Mo3 /TKbKq 요청토큰: 669bd32c-4eea-44de-82ae-aa25c7cbceb6
2023/06/14 11:30:36 [TRACE] 5ilOQ6Yw3t17e2NuSu8Mo3 2024-06-07 00:00:00 +0700 +07
2023/06/14 11:30:36 [TRACE] 5ilOQ6Yw3t17e2NuSu8Mo3 ub.urlybud.aqua.castis.io 라이선스 정상
2023/06/14 11:30:36 [TRACE] 5ilOQ6Yw3t17e2NuSu8Mo3 TKbKq CheckExists()
2023/06/14 11:30:36 [TRACE] 5ilOQ6Yw3t17e2NuSu8Mo3 TKbKq CheckSecureLink()
2023/06/14 11:30:36 [TRACE] 5ilOQ6Yw3t17e2NuSu8Mo3 TKbKq CheckCount()
2023/06/14 11:30:36 [TRACE] 5ilOQ6Yw3t17e2NuSu8Mo3 TKbKq CheckExpire()
2023/06/14 11:30:36 [TRACE] 5ilOQ6Yw3t17e2NuSu8Mo3 TKbKq CheckAuth()
2023/06/14 11:30:36 [TRACE] 5ilOQ6Yw3t17e2NuSu8Mo3 TKbKq ServeLink()
2023/06/14 11:30:36 [TRACE] 5ilOQ6Yw3t17e2NuSu8Mo3 TKbKq Redirect()
2023/06/14 11:30:36 [TRACE] 5ilOQ6Yw3t17e2NuSu8Mo3 TKbKq GET 리다이렉트
2023/06/14 11:30:36 [TRACE] 5ilOQ6Yw3t17e2NuSu8Mo3 /TKbKq 컨텍스트저장 UKey:'TKbKq'
2023/06/14 11:30:37 [TRACE] e6ZPv0k9zfughBSw8cnTcr /link/get 컨텍스트저장 UKey:''
2023/06/14 11:31:05 [TRACE] 1toixY2aQudaZlWygea90v /link/get 컨텍스트저장 UKey:''
2023/06/14 11:31:27 [TRACE] dcSmZTACJGI6EIck40QTVX /link/get 컨텍스트저장 UKey:''
2023/06/14 11:31:36 [TRACE] gHWOSKw1OQF8zIAxAiG7rG /link/get 컨텍스트저장 UKey:''
2023/06/14 11:32:04 [TRACE] gDRWuE3rxEI7B8CgDJzO3D /link/get 컨텍스트저장 UKey:''
2023/06/14 11:34:30 [TRACE] 2hVa2S88bw0gpZIsYb679l /link/get 컨텍스트저장 UKey:''
2023/06/14 11:41:32 [TRACE] 7GqVGuHIUuZcKNPLdvCYDh /link/get 컨텍스트저장 UKey:''
2023/06/14 11:42:13 [TRACE] ew2Bhb35ahRcJyxwdM5YPy /link/get 컨텍스트저장 UKey:''
2023/06/14 11:53:14 [TRACE] kBV0oxZck8Shj0pH3GHE3U ----------------------------------------------------
2023/06/14 11:53:14 [TRACE] kBV0oxZck8Shj0pH3GHE3U /MEjg4 토큰생성: fa7c5271-c248-46b3-bba1-0541e1d6d0c6
2023/06/14 11:53:14 [TRACE] kBV0oxZck8Shj0pH3GHE3U 2024-06-07 00:00:00 +0700 +07
2023/06/14 11:53:14 [TRACE] kBV0oxZck8Shj0pH3GHE3U ub.urlybud.aqua.castis.io 라이선스 정상
2023/06/14 11:53:14 [TRACE] kBV0oxZck8Shj0pH3GHE3U MEjg4 CheckExists()
2023/06/14 11:53:14 [TRACE] kBV0oxZck8Shj0pH3GHE3U MEjg4 CheckSecureLink()
2023/06/14 11:53:14 [TRACE] kBV0oxZck8Shj0pH3GHE3U MEjg4 CheckCount()
2023/06/14 11:53:14 [TRACE] kBV0oxZck8Shj0pH3GHE3U MEjg4 CheckExpire()
2023/06/14 11:53:14 [TRACE] kBV0oxZck8Shj0pH3GHE3U MEjg4 CheckAuth()
2023/06/14 11:53:14 [TRACE] kBV0oxZck8Shj0pH3GHE3U MEjg4 ServeLink()
2023/06/14 11:53:14 [TRACE] kBV0oxZck8Shj0pH3GHE3U MEjg4 Redirect()
2023/06/14 11:53:14 [TRACE] kBV0oxZck8Shj0pH3GHE3U MEjg4 GET 리다이렉트
2023/06/14 11:53:14 [TRACE] kBV0oxZck8Shj0pH3GHE3U /MEjg4 컨텍스트저장 UKey:'MEjg4'
2023/06/14 11:53:23 [TRACE] 5ux9YFjQIZ4btn6LFWfOVz /link/get 컨텍스트저장 UKey:''
2023/06/14 11:53:36 [TRACE] 5Q6EjvtrkNE1SayJMrdG3S /link/get 컨텍스트저장 UKey:''
2023/06/14 11:53:42 [TRACE] 6MaS0n4b59CdTqh88zONZW /link/get 컨텍스트저장 UKey:''
2023/06/14 13:28:07 [TRACE] lnJvJWEs9T3is3CvM8yyRV /link/set 컨텍스트저장 UKey:'daUTm'
2023/06/14 13:28:23 [TRACE] elIW1MFpKwbFoVAWiBm4w ----------------------------------------------------
2023/06/14 13:28:23 [TRACE] elIW1MFpKwbFoVAWiBm4w /daUTm 토큰생성: ad1abee0-80df-4435-a2c2-e3ac8cd6a778
2023/06/14 13:28:23 [TRACE] elIW1MFpKwbFoVAWiBm4w 2024-06-07 00:00:00 +0700 +07
2023/06/14 13:28:23 [TRACE] elIW1MFpKwbFoVAWiBm4w ub.urlybud.aqua.castis.io 라이선스 정상
2023/06/14 13:28:23 [TRACE] elIW1MFpKwbFoVAWiBm4w daUTm CheckExists()
2023/06/14 13:28:23 [TRACE] elIW1MFpKwbFoVAWiBm4w daUTm CheckSecureLink()
2023/06/14 13:28:23 [TRACE] elIW1MFpKwbFoVAWiBm4w daUTm CheckCount()
2023/06/14 13:28:23 [TRACE] elIW1MFpKwbFoVAWiBm4w daUTm CheckExpire()
2023/06/14 13:28:23 [TRACE] elIW1MFpKwbFoVAWiBm4w daUTm CheckAuth()
2023/06/14 13:28:23 [TRACE] elIW1MFpKwbFoVAWiBm4w daUTm ServeLink()
2023/06/14 13:28:23 [TRACE] elIW1MFpKwbFoVAWiBm4w daUTm Redirect()
2023/06/14 13:28:23 [TRACE] elIW1MFpKwbFoVAWiBm4w daUTm GET 리다이렉트
2023/06/14 13:28:23 [TRACE] elIW1MFpKwbFoVAWiBm4w /daUTm 컨텍스트저장 UKey:'daUTm'
2023/06/14 13:28:25 [TRACE] jz8HCyHlefDfsQNYnN8FVg /link/get 컨텍스트저장 UKey:''
2023/06/14 13:29:01 [TRACE] 9KttwTvmjrG2iscPcVwu03 /link/get 컨텍스트저장 UKey:''
2023/06/14 13:29:22 [TRACE] e31RtK9xp5l4nUE1Yo3sRp ----------------------------------------------------
2023/06/14 13:29:22 [TRACE] e31RtK9xp5l4nUE1Yo3sRp /TKbKq 토큰생성: 23c0ab8f-8733-48d8-abb4-11df982b5e65
2023/06/14 13:29:22 [TRACE] e31RtK9xp5l4nUE1Yo3sRp 2024-06-07 00:00:00 +0700 +07
2023/06/14 13:29:22 [TRACE] e31RtK9xp5l4nUE1Yo3sRp ub.urlybud.aqua.castis.io 라이선스 정상
2023/06/14 13:29:22 [TRACE] e31RtK9xp5l4nUE1Yo3sRp TKbKq CheckExists()
2023/06/14 13:29:22 [TRACE] e31RtK9xp5l4nUE1Yo3sRp TKbKq CheckSecureLink()
2023/06/14 13:29:22 [TRACE] e31RtK9xp5l4nUE1Yo3sRp TKbKq CheckCount()
2023/06/14 13:29:22 [TRACE] e31RtK9xp5l4nUE1Yo3sRp TKbKq CheckExpire()
2023/06/14 13:29:22 [TRACE] e31RtK9xp5l4nUE1Yo3sRp TKbKq CheckAuth()
2023/06/14 13:29:22 [TRACE] e31RtK9xp5l4nUE1Yo3sRp TKbKq ServeLink()
2023/06/14 13:29:22 [TRACE] e31RtK9xp5l4nUE1Yo3sRp TKbKq Redirect()
2023/06/14 13:29:22 [TRACE] e31RtK9xp5l4nUE1Yo3sRp TKbKq GET 리다이렉트
2023/06/14 13:29:22 [TRACE] e31RtK9xp5l4nUE1Yo3sRp /TKbKq 컨텍스트저장 UKey:'TKbKq'
2023/06/14 13:29:22 [TRACE] i7BRCdgCUQKlavo2LoFik /link/get 컨텍스트저장 UKey:''
2023/06/14 13:29:28 [TRACE] bTHbnpZdvqK69QrUhzkPFL ----------------------------------------------------
2023/06/14 13:29:28 [TRACE] bTHbnpZdvqK69QrUhzkPFL /daUTm 요청토큰: 23c0ab8f-8733-48d8-abb4-11df982b5e65
2023/06/14 13:29:28 [TRACE] bTHbnpZdvqK69QrUhzkPFL 2024-06-07 00:00:00 +0700 +07
2023/06/14 13:29:28 [TRACE] bTHbnpZdvqK69QrUhzkPFL ub.urlybud.aqua.castis.io 라이선스 정상
2023/06/14 13:29:28 [TRACE] bTHbnpZdvqK69QrUhzkPFL daUTm CheckExists()
2023/06/14 13:29:28 [TRACE] bTHbnpZdvqK69QrUhzkPFL daUTm CheckSecureLink()
2023/06/14 13:29:28 [TRACE] bTHbnpZdvqK69QrUhzkPFL daUTm CheckCount()
2023/06/14 13:29:28 [TRACE] bTHbnpZdvqK69QrUhzkPFL daUTm CheckExpire()
2023/06/14 13:29:28 [TRACE] bTHbnpZdvqK69QrUhzkPFL daUTm CheckAuth()
2023/06/14 13:29:28 [TRACE] bTHbnpZdvqK69QrUhzkPFL daUTm ServeLink()
2023/06/14 13:29:28 [TRACE] bTHbnpZdvqK69QrUhzkPFL daUTm Redirect()
2023/06/14 13:29:28 [TRACE] bTHbnpZdvqK69QrUhzkPFL daUTm GET 리다이렉트
2023/06/14 13:29:28 [TRACE] bTHbnpZdvqK69QrUhzkPFL /daUTm 컨텍스트저장 UKey:'daUTm'
2023/06/14 13:29:28 [TRACE] fyTTOOempgwkOiN2hEzUqy /link/get 컨텍스트저장 UKey:''
2023/06/14 13:29:43 [TRACE] es9CjNzfB8n11jsQ7bCAwn ----------------------------------------------------
2023/06/14 13:29:43 [TRACE] es9CjNzfB8n11jsQ7bCAwn /TKbKq 요청토큰: 23c0ab8f-8733-48d8-abb4-11df982b5e65
2023/06/14 13:29:43 [TRACE] es9CjNzfB8n11jsQ7bCAwn 2024-06-07 00:00:00 +0700 +07
2023/06/14 13:29:43 [TRACE] es9CjNzfB8n11jsQ7bCAwn ub.urlybud.aqua.castis.io 라이선스 정상
2023/06/14 13:29:43 [TRACE] es9CjNzfB8n11jsQ7bCAwn TKbKq CheckExists()
2023/06/14 13:29:43 [TRACE] es9CjNzfB8n11jsQ7bCAwn TKbKq CheckSecureLink()
2023/06/14 13:29:43 [TRACE] es9CjNzfB8n11jsQ7bCAwn TKbKq CheckCount()
2023/06/14 13:29:43 [TRACE] es9CjNzfB8n11jsQ7bCAwn TKbKq CheckExpire()
2023/06/14 13:29:43 [TRACE] es9CjNzfB8n11jsQ7bCAwn TKbKq CheckAuth()
2023/06/14 13:29:43 [TRACE] es9CjNzfB8n11jsQ7bCAwn TKbKq ServeLink()
2023/06/14 13:29:43 [TRACE] es9CjNzfB8n11jsQ7bCAwn TKbKq Redirect()
2023/06/14 13:29:43 [TRACE] es9CjNzfB8n11jsQ7bCAwn TKbKq GET 리다이렉트
2023/06/14 13:29:43 [TRACE] es9CjNzfB8n11jsQ7bCAwn /TKbKq 컨텍스트저장 UKey:'TKbKq'
2023/06/14 13:29:43 [TRACE] f9IpKZXwRIgdGcfKh2TJKG /link/get 컨텍스트저장 UKey:''
2023/06/14 13:30:13 [TRACE] jO6F1Q9IirRjsosQCsOBsW ----------------------------------------------------
2023/06/14 13:30:13 [TRACE] jO6F1Q9IirRjsosQCsOBsW /daUTm 요청토큰: 23c0ab8f-8733-48d8-abb4-11df982b5e65
2023/06/14 13:30:13 [TRACE] jO6F1Q9IirRjsosQCsOBsW 2024-06-07 00:00:00 +0700 +07
2023/06/14 13:30:13 [TRACE] jO6F1Q9IirRjsosQCsOBsW ub.urlybud.aqua.castis.io 라이선스 정상
2023/06/14 13:30:13 [TRACE] jO6F1Q9IirRjsosQCsOBsW daUTm CheckExists()
2023/06/14 13:30:13 [TRACE] jO6F1Q9IirRjsosQCsOBsW daUTm CheckSecureLink()
2023/06/14 13:30:13 [TRACE] jO6F1Q9IirRjsosQCsOBsW daUTm CheckCount()
2023/06/14 13:30:13 [TRACE] jO6F1Q9IirRjsosQCsOBsW daUTm CheckExpire()
2023/06/14 13:30:13 [TRACE] jO6F1Q9IirRjsosQCsOBsW daUTm CheckAuth()
2023/06/14 13:30:13 [TRACE] jO6F1Q9IirRjsosQCsOBsW daUTm ServeLink()
2023/06/14 13:30:13 [TRACE] jO6F1Q9IirRjsosQCsOBsW daUTm Redirect()
2023/06/14 13:30:13 [TRACE] jO6F1Q9IirRjsosQCsOBsW daUTm GET 리다이렉트
2023/06/14 13:30:13 [TRACE] jO6F1Q9IirRjsosQCsOBsW /daUTm 컨텍스트저장 UKey:'daUTm'
2023/06/14 13:30:14 [TRACE] 6mUq7wwI1Ua2EuuaKoZ8An /link/get 컨텍스트저장 UKey:''
2023/06/14 13:30:58 [TRACE] cCHUPJbP4kqglBZR7qudtW /link/get 컨텍스트저장 UKey:''
2023/06/14 13:31:00 [TRACE] bEKB60GYQXtcP5uCA7hYWn /link/get 컨텍스트저장 UKey:''
2023/06/14 13:31:54 [TRACE] lOrJLH1E2cte8p5jgIBHea ----------------------------------------------------
2023/06/14 13:31:54 [TRACE] lOrJLH1E2cte8p5jgIBHea /daUTm 토큰생성: a39d4278-2650-4bf2-a0a9-82820c246d8d
2023/06/14 13:31:54 [TRACE] lOrJLH1E2cte8p5jgIBHea 2024-06-07 00:00:00 +0700 +07
2023/06/14 13:31:54 [TRACE] lOrJLH1E2cte8p5jgIBHea ub.urlybud.aqua.castis.io 라이선스 정상
2023/06/14 13:31:54 [TRACE] lOrJLH1E2cte8p5jgIBHea daUTm CheckExists()
2023/06/14 13:31:54 [TRACE] lOrJLH1E2cte8p5jgIBHea daUTm CheckSecureLink()
2023/06/14 13:31:54 [TRACE] lOrJLH1E2cte8p5jgIBHea daUTm CheckCount()
2023/06/14 13:31:54 [TRACE] lOrJLH1E2cte8p5jgIBHea daUTm CheckExpire()
2023/06/14 13:31:54 [TRACE] lOrJLH1E2cte8p5jgIBHea daUTm CheckAuth()
2023/06/14 13:31:54 [TRACE] lOrJLH1E2cte8p5jgIBHea daUTm ServeLink()
2023/06/14 13:31:54 [TRACE] lOrJLH1E2cte8p5jgIBHea daUTm Redirect()
2023/06/14 13:31:54 [TRACE] lOrJLH1E2cte8p5jgIBHea daUTm GET 리다이렉트
2023/06/14 13:31:54 [TRACE] lOrJLH1E2cte8p5jgIBHea /daUTm 컨텍스트저장 UKey:'daUTm'
2023/06/14 13:31:55 [TRACE] gS8bOttSJOzgUG2k3IR8w3 /link/get 컨텍스트저장 UKey:''
2023/06/14 13:35:50 [TRACE] 64hwWWMkle571f4fYe7sAE /link/set 컨텍스트저장 UKey:'AuetS'
2023/06/14 13:36:05 [TRACE] fM8uAaMqRPYfY6wMxtuSao ----------------------------------------------------
2023/06/14 13:36:05 [TRACE] fM8uAaMqRPYfY6wMxtuSao /AuetS 토큰생성: e9959367-6383-4216-8570-7a4f9ecb7eab
2023/06/14 13:36:05 [TRACE] fM8uAaMqRPYfY6wMxtuSao 2024-06-07 00:00:00 +0700 +07
2023/06/14 13:36:05 [TRACE] fM8uAaMqRPYfY6wMxtuSao ub.urlybud.aqua.castis.io 라이선스 정상
2023/06/14 13:36:05 [TRACE] fM8uAaMqRPYfY6wMxtuSao AuetS CheckExists()
2023/06/14 13:36:05 [TRACE] fM8uAaMqRPYfY6wMxtuSao AuetS CheckSecureLink()
2023/06/14 13:36:05 [TRACE] fM8uAaMqRPYfY6wMxtuSao AuetS CheckCount()
2023/06/14 13:36:05 [TRACE] fM8uAaMqRPYfY6wMxtuSao AuetS CheckExpire()
2023/06/14 13:36:05 [TRACE] fM8uAaMqRPYfY6wMxtuSao AuetS CheckAuth()
2023/06/14 13:36:05 [TRACE] fM8uAaMqRPYfY6wMxtuSao AuetS ServeLink()
2023/06/14 13:36:05 [TRACE] fM8uAaMqRPYfY6wMxtuSao AuetS Redirect()
2023/06/14 13:36:05 [TRACE] fM8uAaMqRPYfY6wMxtuSao AuetS GET 리다이렉트
2023/06/14 13:36:05 [TRACE] fM8uAaMqRPYfY6wMxtuSao /AuetS 컨텍스트저장 UKey:'AuetS'
2023/06/14 13:36:06 [TRACE] lAc3Hok6cwE64xGEG9wYaJ /link/set 컨텍스트저장 UKey:'TKbNY'
2023/06/14 13:36:08 [TRACE] 4tLRudRmW5AlmB8V6xIwfN /link/get 컨텍스트저장 UKey:''
2023/06/14 13:36:14 [TRACE] ceYqTQObsfr74VS0nsKypk /link/set 컨텍스트저장 UKey:'lhDsr'
2023/06/14 13:36:35 [TRACE] 2ECVsr3WxBMbqjsiChvL2g /link/get 컨텍스트저장 UKey:''
2023/06/14 13:36:39 [TRACE] 4PjtMzLHEBu1o5e5jaboT2 /link/get 컨텍스트저장 UKey:''
2023/06/14 13:37:10 [TRACE] dfhSjWQl91C6IqMo4aNRel ----------------------------------------------------
2023/06/14 13:37:10 [TRACE] dfhSjWQl91C6IqMo4aNRel /TKbNY 요청토큰: e9959367-6383-4216-8570-7a4f9ecb7eab
2023/06/14 13:37:10 [TRACE] dfhSjWQl91C6IqMo4aNRel 2024-06-07 00:00:00 +0700 +07
2023/06/14 13:37:10 [TRACE] dfhSjWQl91C6IqMo4aNRel ub.urlybud.aqua.castis.io 라이선스 정상
2023/06/14 13:37:10 [TRACE] dfhSjWQl91C6IqMo4aNRel TKbNY CheckExists()
2023/06/14 13:37:10 [TRACE] dfhSjWQl91C6IqMo4aNRel TKbNY CheckSecureLink()
2023/06/14 13:37:10 [TRACE] dfhSjWQl91C6IqMo4aNRel TKbNY CheckCount()
2023/06/14 13:37:10 [TRACE] dfhSjWQl91C6IqMo4aNRel TKbNY CheckExpire()
2023/06/14 13:37:10 [TRACE] dfhSjWQl91C6IqMo4aNRel TKbNY CheckAuth()
2023/06/14 13:37:10 [TRACE] dfhSjWQl91C6IqMo4aNRel TKbNY ServeLink()
2023/06/14 13:37:10 [TRACE] dfhSjWQl91C6IqMo4aNRel TKbNY Redirect()
2023/06/14 13:37:10 [TRACE] dfhSjWQl91C6IqMo4aNRel TKbNY GET 리다이렉트
2023/06/14 13:37:10 [TRACE] dfhSjWQl91C6IqMo4aNRel /TKbNY 컨텍스트저장 UKey:'TKbNY'
2023/06/14 13:37:10 [TRACE] EZHisNEKOfesnkiGMhsIM /link/get 컨텍스트저장 UKey:''
2023/06/14 13:37:32 [TRACE] lUbBnjborwNjrK1sMmaREt /link/get 컨텍스트저장 UKey:''
2023/06/14 13:38:05 [TRACE] 3XAvlbX5I55jgC4JlsMPBt /link/get 컨텍스트저장 UKey:''
2023/06/14 13:57:26 [TRACE] gkdCD3IkuFcO955OL6MPZ /link/get 컨텍스트저장 UKey:''
2023/06/14 13:59:41 [TRACE] 3eGZuGdgPj2ivGEab2cze2 /link/get 컨텍스트저장 UKey:''
2023/06/14 14:00:27 [TRACE] 10fbDNB4JZkkvbAcEmSejD ----------------------------------------------------
2023/06/14 14:00:27 [TRACE] 10fbDNB4JZkkvbAcEmSejD /lhDsr 요청토큰: 669bd32c-4eea-44de-82ae-aa25c7cbceb6
2023/06/14 14:00:27 [TRACE] 10fbDNB4JZkkvbAcEmSejD 2024-06-07 00:00:00 +0700 +07
2023/06/14 14:00:27 [TRACE] 10fbDNB4JZkkvbAcEmSejD ub.urlybud.aqua.castis.io 라이선스 정상
2023/06/14 14:00:27 [TRACE] 10fbDNB4JZkkvbAcEmSejD lhDsr CheckExists()
2023/06/14 14:00:27 [TRACE] 10fbDNB4JZkkvbAcEmSejD lhDsr CheckSecureLink()
2023/06/14 14:00:27 [TRACE] 10fbDNB4JZkkvbAcEmSejD lhDsr CheckCount()
2023/06/14 14:00:27 [TRACE] 10fbDNB4JZkkvbAcEmSejD lhDsr CheckExpire()
2023/06/14 14:00:27 [TRACE] 10fbDNB4JZkkvbAcEmSejD lhDsr CheckAuth()
2023/06/14 14:00:27 [TRACE] 10fbDNB4JZkkvbAcEmSejD lhDsr ServeLink()
2023/06/14 14:00:27 [TRACE] 10fbDNB4JZkkvbAcEmSejD lhDsr Redirect()
2023/06/14 14:00:27 [TRACE] 10fbDNB4JZkkvbAcEmSejD lhDsr GET 리다이렉트
2023/06/14 14:00:27 [TRACE] 10fbDNB4JZkkvbAcEmSejD /lhDsr 컨텍스트저장 UKey:'lhDsr'
2023/06/14 14:00:28 [TRACE] 3mtE65zG9lXeBadCV2Rz8Y /link/get 컨텍스트저장 UKey:''
2023/06/14 14:38:31 [TRACE] OP0d0pwkbdl4Td5zmkV0b /link/set 컨텍스트저장 UKey:'SJlLq'
2023/06/14 14:38:41 [TRACE] 4Qy78YjIpq6M0ymYeAwnQ //link/get 컨텍스트저장 UKey:''
2023/06/14 14:38:55 [TRACE] bLznDJjqTPP6PKci4fn2Xb /link/get 컨텍스트저장 UKey:''
2023/06/14 14:38:58 [TRACE] 4pSI4bnruYtkBOMOll0EDk /link/list 컨텍스트저장 UKey:''
2023/06/14 14:39:12 [TRACE] 3FWqpZWXBq48b1qEZEyNIL /link/modify 컨텍스트저장 UKey:''
2023/06/14 14:39:18 [TRACE] kuM5VnkWyQH1rfvnJyuo1B /link/claim 컨텍스트저장 UKey:''
2023/06/14 14:39:26 [TRACE] 52I3toLBIgw6zRbzCrkJRZ /link/del 컨텍스트저장 UKey:''
2023/06/14 14:40:29 [TRACE] hJkaGGx7lJ6f1v3asbPMhI /link/list 컨텍스트저장 UKey:''
2023/06/14 14:42:00 [TRACE] 4Mxa0z357xHf9OJAAdHixy /link/set 컨텍스트저장 UKey:'pkZKt'
2023/06/14 14:43:01 [TRACE] fTgmdQUw9SH4ioiYPtNVe2 /link/set 컨텍스트저장 UKey:'fcB3k'
2023/06/14 14:43:25 [TRACE] lJ5qt6iXomV82V08rS1avo /link/set 컨텍스트저장 UKey:'32wd7'
2023/06/14 14:43:51 [TRACE] jdlgxYdp4bd5uqesWNBuUB ----------------------------------------------------
2023/06/14 14:43:51 [TRACE] jdlgxYdp4bd5uqesWNBuUB / 요청토큰: 046c4b95-3690-4fd4-8096-53c309b971a1
2023/06/14 14:43:51 [TRACE] jdlgxYdp4bd5uqesWNBuUB 2024-06-07 00:00:00 +0700 +07
2023/06/14 14:43:51 [TRACE] jdlgxYdp4bd5uqesWNBuUB ub.urlybud.aqua.castis.io 라이선스 정상
2023/06/14 14:43:51 [TRACE] jdlgxYdp4bd5uqesWNBuUB / CheckExists()
2023/06/14 14:43:51 [TRACE] jdlgxYdp4bd5uqesWNBuUB / 링크를 찾을 수 없음
2023/06/14 14:43:51 [TRACE] jdlgxYdp4bd5uqesWNBuUB ExpectedError() Code:B404 Param:[]
2023/06/14 14:43:51 [TRACE] jdlgxYdp4bd5uqesWNBuUB / 컨텍스트저장 UKey:'/'
2023/06/14 14:43:55 [TRACE] 34AZJuAY7JPhCJGDZsk2ws ----------------------------------------------------
2023/06/14 14:43:55 [TRACE] 34AZJuAY7JPhCJGDZsk2ws /__ㅑㅜ래 요청토큰: 046c4b95-3690-4fd4-8096-53c309b971a1
2023/06/14 14:43:55 [TRACE] 34AZJuAY7JPhCJGDZsk2ws 2024-06-07 00:00:00 +0700 +07
2023/06/14 14:43:55 [TRACE] 34AZJuAY7JPhCJGDZsk2ws ub.urlybud.aqua.castis.io 라이선스 정상
2023/06/14 14:43:55 [TRACE] 34AZJuAY7JPhCJGDZsk2ws __ㅑㅜ래 CheckExists()
2023/06/14 14:43:55 [TRACE] 34AZJuAY7JPhCJGDZsk2ws __ㅑㅜ래 링크를 찾을 수 없음
2023/06/14 14:43:55 [TRACE] 34AZJuAY7JPhCJGDZsk2ws ExpectedError() Code:B404 Param:[]
2023/06/14 14:51:53 [TRACE] bjm5HX4s0bdgLgxZjua5tC /link/set 컨텍스트저장 UKey:'TKbTi'
2023/06/14 14:59:22 [TRACE] h7AJpVoZN1ge3RNvW2c0wE ----------------------------------------------------
2023/06/14 14:59:22 [TRACE] h7AJpVoZN1ge3RNvW2c0wE /32wd7 요청토큰: 669bd32c-4eea-44de-82ae-aa25c7cbceb6
2023/06/14 14:59:22 [TRACE] h7AJpVoZN1ge3RNvW2c0wE 2024-06-07 00:00:00 +0700 +07
2023/06/14 14:59:22 [TRACE] h7AJpVoZN1ge3RNvW2c0wE ub.urlybud.aqua.castis.io 라이선스 정상
2023/06/14 14:59:22 [TRACE] h7AJpVoZN1ge3RNvW2c0wE 32wd7 CheckExists()
2023/06/14 14:59:22 [TRACE] h7AJpVoZN1ge3RNvW2c0wE 32wd7 CheckSecureLink()
2023/06/14 14:59:22 [TRACE] h7AJpVoZN1ge3RNvW2c0wE 32wd7 CheckCount()
2023/06/14 14:59:22 [TRACE] h7AJpVoZN1ge3RNvW2c0wE 32wd7 CheckExpire()
2023/06/14 14:59:22 [TRACE] h7AJpVoZN1ge3RNvW2c0wE 32wd7 CheckAuth()
2023/06/14 14:59:22 [TRACE] h7AJpVoZN1ge3RNvW2c0wE 32wd7 ServeLink()
2023/06/14 14:59:22 [TRACE] h7AJpVoZN1ge3RNvW2c0wE 32wd7 Redirect()
2023/06/14 14:59:22 [TRACE] h7AJpVoZN1ge3RNvW2c0wE 32wd7 GET 리다이렉트
2023/06/14 14:59:22 [TRACE] h7AJpVoZN1ge3RNvW2c0wE /32wd7 컨텍스트저장 UKey:'32wd7'
2023/06/14 14:59:23 [TRACE] eBTJTJYa2dZaaEwBGEUNsB /link/get 컨텍스트저장 UKey:''
2023/06/14 15:00:58 [TRACE] ianln3lTRu83ePNXZdCdzn ----------------------------------------------------
2023/06/14 15:00:58 [TRACE] ianln3lTRu83ePNXZdCdzn /32wd7 요청토큰: 669bd32c-4eea-44de-82ae-aa25c7cbceb6
2023/06/14 15:00:58 [TRACE] ianln3lTRu83ePNXZdCdzn 2024-06-07 00:00:00 +0700 +07
2023/06/14 15:00:58 [TRACE] ianln3lTRu83ePNXZdCdzn ub.urlybud.aqua.castis.io 라이선스 정상
2023/06/14 15:00:58 [TRACE] ianln3lTRu83ePNXZdCdzn 32wd7 CheckExists()
2023/06/14 15:00:58 [TRACE] ianln3lTRu83ePNXZdCdzn 32wd7 CheckSecureLink()
2023/06/14 15:00:58 [TRACE] ianln3lTRu83ePNXZdCdzn 32wd7 CheckCount()
2023/06/14 15:00:58 [TRACE] ianln3lTRu83ePNXZdCdzn 32wd7 CheckExpire()
2023/06/14 15:00:58 [TRACE] ianln3lTRu83ePNXZdCdzn 32wd7 CheckAuth()
2023/06/14 15:00:58 [TRACE] ianln3lTRu83ePNXZdCdzn 32wd7 ServeLink()
2023/06/14 15:00:58 [TRACE] ianln3lTRu83ePNXZdCdzn 32wd7 Redirect()
2023/06/14 15:00:58 [TRACE] ianln3lTRu83ePNXZdCdzn 32wd7 GET 리다이렉트
2023/06/14 15:00:58 [TRACE] ianln3lTRu83ePNXZdCdzn /32wd7 컨텍스트저장 UKey:'32wd7'
2023/06/14 15:01:00 [TRACE] 8IxeZzOeWS6e09UHjYNyKW /link/get 컨텍스트저장 UKey:''
2023/06/14 15:01:06 [TRACE] lVZMGdDxrRL3Zfq9h3AYmQ ----------------------------------------------------
2023/06/14 15:01:06 [TRACE] lVZMGdDxrRL3Zfq9h3AYmQ /AuetS 요청토큰: 669bd32c-4eea-44de-82ae-aa25c7cbceb6
2023/06/14 15:01:06 [TRACE] lVZMGdDxrRL3Zfq9h3AYmQ 2024-06-07 00:00:00 +0700 +07
2023/06/14 15:01:06 [TRACE] lVZMGdDxrRL3Zfq9h3AYmQ ub.urlybud.aqua.castis.io 라이선스 정상
2023/06/14 15:01:06 [TRACE] lVZMGdDxrRL3Zfq9h3AYmQ AuetS CheckExists()
2023/06/14 15:01:06 [TRACE] lVZMGdDxrRL3Zfq9h3AYmQ AuetS CheckSecureLink()
2023/06/14 15:01:06 [TRACE] lVZMGdDxrRL3Zfq9h3AYmQ AuetS CheckCount()
2023/06/14 15:01:06 [TRACE] lVZMGdDxrRL3Zfq9h3AYmQ AuetS CheckExpire()
2023/06/14 15:01:06 [TRACE] lVZMGdDxrRL3Zfq9h3AYmQ AuetS CheckAuth()
2023/06/14 15:01:06 [TRACE] lVZMGdDxrRL3Zfq9h3AYmQ AuetS ServeLink()
2023/06/14 15:01:06 [TRACE] lVZMGdDxrRL3Zfq9h3AYmQ AuetS Redirect()
2023/06/14 15:01:06 [TRACE] lVZMGdDxrRL3Zfq9h3AYmQ AuetS GET 리다이렉트
2023/06/14 15:01:06 [TRACE] lVZMGdDxrRL3Zfq9h3AYmQ /AuetS 컨텍스트저장 UKey:'AuetS'
2023/06/14 15:01:07 [TRACE] apAYSO7J9R730qwKjK70VC /link/get 컨텍스트저장 UKey:''
2023/06/14 15:02:05 [TRACE] 7jjtOHwE9hCgTHaprrZJFz /link/set 컨텍스트저장 UKey:'SJlPM'
2023/06/14 15:09:57 Signal: terminated (15)
2023/06/14 15:09:57 App Stopped. :80 main.muxB  
2023/06/14 15:09:57 App Stopped. :2000 main.muxA  
2023/06/14 15:09:57 [INFO] RDB Disconnected
2023/06/14 15:09:57 [INFO] Database Disconnected
2023/06/14 15:09:57 [INFO] Log Closed
2023/06/14 15:10:11 [INFO] Random Seed Initialized
2023/06/14 15:10:11 [INFO] Log Level TRACE
2023/06/14 15:10:11 [INFO] Log Path /root/urlybud/urlybud/log
2023/06/14 15:10:11 [INFO] Process ID 140059
2023/06/14 15:10:11 [INFO] Build Date 2023-05-30_11:08:25
2023/06/14 15:10:11 [INFO] Build Version v1.0.0-27-g961289c
2023/06/14 15:10:11 [INFO] Build Revision 961289c9f6e0edb303a826651b112874aef72fe7
2023/06/14 15:10:11 [INFO] License Info
2023/06/14 15:10:11 [INFO] [31m	2024-06-07 ub.urlybud.aqua.castis.io[0m
2023/06/14 15:10:11 [INFO] [31m	2099-12-31 192.168.0.125[0m
2023/06/14 15:10:11 [INFO] [31m	2123-05-21 localhost[0m
2023/06/14 15:10:11 [INFO] Database Connected
2023/06/14 15:10:11 [INFO] Database Connection Info Hosts:[localhost:27017]
: %!v(MISSING)
2023/06/14 15:10:11 [INFO] Database Connection Info HTTPClient:&{0xed9600 <nil> <nil> 0s}
: %!v(MISSING)
2023/06/14 15:10:11 [INFO] Database Index Created log:RequestTime_1 unique:false:%!v(MISSING) unique:%!v(MISSING)
2023/06/14 15:10:11 [INFO] Database Index Created log:ReqID_1 unique:false:%!v(MISSING) unique:%!v(MISSING)
2023/06/14 15:10:11 [INFO] Database Index Created log:Path_1 unique:false:%!v(MISSING) unique:%!v(MISSING)
2023/06/14 15:10:11 [INFO] Database Index Created log:Dir_1 unique:false:%!v(MISSING) unique:%!v(MISSING)
2023/06/14 15:10:11 [INFO] Database Index Created link:Seq_1 unique:false:%!v(MISSING) unique:%!v(MISSING)
2023/06/14 15:10:11 [INFO] Database Index Created link:Bid_1 unique:false:%!v(MISSING) unique:%!v(MISSING)
2023/06/14 15:10:11 [INFO] Database Index Created link:Cid_1 unique:false:%!v(MISSING) unique:%!v(MISSING)
2023/06/14 15:10:11 [INFO] Database Index Created link:CSeq_1 unique:false:%!v(MISSING) unique:%!v(MISSING)
2023/06/14 15:10:11 [INFO] Database Index Created link:Gid_1 unique:false:%!v(MISSING) unique:%!v(MISSING)
2023/06/14 15:10:11 [INFO] Database Index Created link:Uid_1 unique:false:%!v(MISSING) unique:%!v(MISSING)
2023/06/14 15:10:11 [INFO] Database Index Created link:Idt_1 unique:false:%!v(MISSING) unique:%!v(MISSING)
2023/06/14 15:10:11 [INFO] Database Index Created link:Status_1 unique:false:%!v(MISSING) unique:%!v(MISSING)
2023/06/14 15:10:11 [INFO] Database Index Created link:Parent_1 unique:false:%!v(MISSING) unique:%!v(MISSING)
2023/06/14 15:10:11 [INFO] Database Index Created evtlog:Idt_1 unique:false:%!v(MISSING) unique:%!v(MISSING)
2023/06/14 15:10:11 [INFO] API List
2023/06/14 15:10:11 [INFO] 	/event/list         : event.List
2023/06/14 15:10:11 [INFO] 	/link/claim         : link.Claim
2023/06/14 15:10:11 [INFO] 	/link/get           : link.Get
2023/06/14 15:10:11 [INFO] 	/link/list          : link.List
2023/06/14 15:10:11 [INFO] 	/link/set           : link.Set
2023/06/14 15:10:11 [INFO] 	/link/tumbler/add   : link.TAdd
2023/06/14 15:10:11 [INFO] 	/link/tumbler/set   : link.TSet
2023/06/14 15:10:11 [INFO] Rule List
2023/06/14 15:10:11 [INFO] 	atype               : link.AType
2023/06/14 15:10:11 [INFO] 	max                 : validator.Max
2023/06/14 15:10:11 [INFO] 	min                 : validator.Min
2023/06/14 15:10:11 [INFO] 	url                 : validator.Url
2023/06/14 15:10:11 [INFO] Auth Type List
2023/06/14 15:10:11 [INFO] 	AuthPassword
2023/06/14 15:10:11 [INFO] 	AuthBoxPassword
2023/06/14 15:10:11 App Started. :80 main.muxB  
2023/06/14 15:10:11 App Started. :2000 main.muxA  
2023/06/14 15:11:13 [TRACE] fHsNjU5aYdI9gFPfFAfHy9 클라이언트 map[ClientName:evoucher Idt:1685413263730 _id:c4e0f406-4bb1-4a74-8e46-83fafdda3776]
2023/06/14 15:11:13 [TRACE] fHsNjU5aYdI9gFPfFAfHy9 /link/set 컨텍스트저장 UKey:'@test'
2023/06/14 15:11:29 [TRACE] aUyycDnCvQO2KysiifKOoX /link/get 컨텍스트저장 UKey:''
2023/06/14 15:11:38 [TRACE] g7ryGLSJ7FMcv11riX2x2s /link/list 컨텍스트저장 UKey:''
2023/06/14 15:11:44 [TRACE] 1WoqQTfyLhTeAv7Vhtu5Ub /link/modify 컨텍스트저장 UKey:''
2023/06/14 15:13:47 Signal: terminated (15)
2023/06/14 15:13:47 App Stopped. :80 main.muxB  
2023/06/14 15:13:47 App Stopped. :2000 main.muxA  
2023/06/14 15:13:47 [INFO] RDB Disconnected
2023/06/14 15:13:47 [INFO] Database Disconnected
2023/06/14 15:13:47 [INFO] Log Closed
2023/06/14 15:15:04 [INFO] Random Seed Initialized
2023/06/14 15:15:04 [INFO] Log Level TRACE
2023/06/14 15:15:04 [INFO] Log Path /root/urlybud/urlybud/log
2023/06/14 15:15:04 [INFO] Process ID 140324
2023/06/14 15:15:04 [INFO] Build Date 2023-06-12_15:18:23
2023/06/14 15:15:04 [INFO] Build Version v1.0.0-44-g3b90960
2023/06/14 15:15:04 [INFO] Build Revision 3b90960c9fc0d4a99a1f9ad3b5cea906e0fad206
2023/06/14 15:15:04 [INFO] License Info
2023/06/14 15:15:04 [INFO] [31m	2024-06-07 ub.urlybud.aqua.castis.io[0m
2023/06/14 15:15:04 [INFO] [31m	2099-12-31 192.168.0.125[0m
2023/06/14 15:15:04 [INFO] [31m	2123-05-21 localhost[0m
2023/06/14 15:15:04 [INFO] Database Connected
2023/06/14 15:15:04 [INFO] Database Connection Info Hosts: [localhost:27017]
2023/06/14 15:15:04 [INFO] Database Connection Info ConnectTimeout: 3s
2023/06/14 15:15:04 [INFO] Database Connection Info SocketTimeout: 4s
2023/06/14 15:15:04 [INFO] Database Connection Info ServerSelectionTimeout: 5s
2023/06/14 15:15:04 [INFO] Database Index Created log:RequestTime_1 unique:false
2023/06/14 15:15:04 [INFO] Database Index Created log:ReqID_1 unique:false
2023/06/14 15:15:04 [INFO] Database Index Created log:Path_1 unique:false
2023/06/14 15:15:04 [INFO] Database Index Created log:Dir_1 unique:false
2023/06/14 15:15:04 [INFO] Database Index Created link:Seq_1 unique:false
2023/06/14 15:15:04 [INFO] Database Index Created link:Bid_1 unique:false
2023/06/14 15:15:04 [INFO] Database Index Created link:Cid_1 unique:false
2023/06/14 15:15:04 [INFO] Database Index Created link:CSeq_1 unique:false
2023/06/14 15:15:04 [INFO] Database Index Created link:Gid_1 unique:false
2023/06/14 15:15:04 [INFO] Database Index Created link:Uid_1 unique:false
2023/06/14 15:15:04 [INFO] Database Index Created link:Idt_1 unique:false
2023/06/14 15:15:04 [INFO] Database Index Created link:Status_1 unique:false
2023/06/14 15:15:04 [INFO] Database Index Created link:Parent_1 unique:false
2023/06/14 15:15:04 [INFO] Database Index Created evtlog:Idt_1 unique:false
2023/06/14 15:15:04 [INFO] API List
2023/06/14 15:15:04 [INFO] 	/evtlog/list        : event.List
2023/06/14 15:15:04 [INFO] 	/link/claim         : link.Claim
2023/06/14 15:15:04 [INFO] 	/link/del           : link.Del
2023/06/14 15:15:04 [INFO] 	/link/get           : link.Get
2023/06/14 15:15:04 [INFO] 	/link/list          : link.List
2023/06/14 15:15:04 [INFO] 	/link/modify        : link.Modify
2023/06/14 15:15:04 [INFO] 	/link/set           : link.Set
2023/06/14 15:15:04 [INFO] 	/link/tumbler/add   : link.TAdd
2023/06/14 15:15:04 [INFO] 	/link/tumbler/msg   : link.TMsg
2023/06/14 15:15:04 [INFO] 	/link/tumbler/set   : link.TSet
2023/06/14 15:15:04 [INFO] 	/logs/list          : logs.List
2023/06/14 15:15:04 [INFO] Rule List
2023/06/14 15:15:04 [INFO] 	atype               : link.AType
2023/06/14 15:15:04 [INFO] 	max                 : validator.Max
2023/06/14 15:15:04 [INFO] 	min                 : validator.Min
2023/06/14 15:15:04 [INFO] 	url                 : validator.Url
2023/06/14 15:15:04 [INFO] Auth Type List
2023/06/14 15:15:04 [INFO] 	AuthBoxPassword
2023/06/14 15:15:04 [INFO] 	AuthPassword
2023/06/14 15:15:04 App Started. :2000 main.muxA  
2023/06/14 15:15:04 App Started. :80 main.muxB  
2023/06/14 15:15:28 [TRACE] elWd6HlP7UpcX3H8hGKZxr /link/del 컨텍스트저장 UKey:'@test'
2023/06/14 15:15:32 [TRACE] jh0diBwkASejWZB206VCX2 /link/set 컨텍스트저장 UKey:'@test'
2023/06/14 15:15:48 [TRACE] 40F1bXM5J6bhGN0eW1HV4h /link/get 컨텍스트저장 UKey:'@test'
2023/06/14 15:15:53 [TRACE] 2WCsqZd1k4OkFeZtFG7kDz /link/list 컨텍스트저장 UKey:'%!s(<nil>)'
2023/06/14 15:15:57 [TRACE] hS4y3gL2nyM6XrEIsoeRad /link/modify 컨텍스트저장 UKey:'@test'
2023/06/14 15:16:03 [TRACE] cbUp79AF1mpaXt2QTFZOeh /link/claim 컨텍스트저장 UKey:'@테스트1234'
2023/06/14 15:16:10 [TRACE] eYs9qSMxpERjRRFlJ9fX0l /link/del 컨텍스트저장 UKey:'@test'
2023/06/14 15:16:17 [TRACE] bKJew9rGXJq6lYho9jUFJi /evtlog/list 컨텍스트저장 UKey:'ok8VG'
2023/06/14 15:16:23 [TRACE] 8NL8lScMo3y66l88s6kyWR /logs/list 컨텍스트저장 UKey:'%!s(<nil>)'
2023/06/14 15:17:11 [TRACE] gV8W9JUPPGscXUz40ivCCX /link/tumbler/set 컨텍스트저장 UKey:'@테스트1234'
2023/06/14 15:17:15 [TRACE] 79g7DZwoOpBb2Cv5jgPB0z /link/tumbler/add 컨텍스트저장 UKey:'UL22c'
2023/06/14 15:17:20 [TRACE] 7DIQqA5pd82f8iF1yvLAxv /link/tumbler/msg 컨텍스트저장 UKey:'MEjte'
2023/06/14 15:33:37 [TRACE] 9EEpMM6z043jkj5QKdtRgU ----------------------------------------------------
2023/06/14 15:33:37 [TRACE] 9EEpMM6z043jkj5QKdtRgU /TKbTi 토큰생성: 70c7f0b2-dab7-4614-81b4-50c87d1a6d00
2023/06/14 15:33:37 [TRACE] 9EEpMM6z043jkj5QKdtRgU 2024-06-07 00:00:00 +0700 +07
2023/06/14 15:33:37 [TRACE] 9EEpMM6z043jkj5QKdtRgU ub.urlybud.aqua.castis.io 라이선스 정상
2023/06/14 15:33:37 [TRACE] 9EEpMM6z043jkj5QKdtRgU TKbTi CheckExists()
2023/06/14 15:33:37 [TRACE] 9EEpMM6z043jkj5QKdtRgU TKbTi CheckSecureLink()
2023/06/14 15:33:37 [TRACE] 9EEpMM6z043jkj5QKdtRgU TKbTi CheckCount()
2023/06/14 15:33:37 [TRACE] 9EEpMM6z043jkj5QKdtRgU TKbTi CheckExpire()
2023/06/14 15:33:37 [TRACE] 9EEpMM6z043jkj5QKdtRgU TKbTi CheckAuth()
2023/06/14 15:33:37 [TRACE] 9EEpMM6z043jkj5QKdtRgU TKbTi ServeLink()
2023/06/14 15:33:37 [TRACE] 9EEpMM6z043jkj5QKdtRgU TKbTi Redirect()
2023/06/14 15:33:37 [TRACE] 9EEpMM6z043jkj5QKdtRgU TKbTi GET 리다이렉트
2023/06/14 15:33:37 [TRACE] 9EEpMM6z043jkj5QKdtRgU /TKbTi 컨텍스트저장 UKey:'TKbTi'
2023/06/14 15:33:40 [TRACE] H30KxVzBkO2UYFMRg9tTd /link/get 컨텍스트저장 UKey:'TKbTi'
2023/06/14 15:37:12 [TRACE] dTSp9cqL5BKg0hQHuL7jye /link/get 컨텍스트저장 UKey:'TKbTi'
2023/06/14 15:37:33 [TRACE] hQZM4hzaeHx5087YPs7ceY /link/get 컨텍스트저장 UKey:'TKbTi'
2023/06/14 15:39:51 [TRACE] kFsBF7Esz0IgpvSfotj5pE ----------------------------------------------------
2023/06/14 15:39:51 [TRACE] kFsBF7Esz0IgpvSfotj5pE /TKbTi 요청토큰: 70c7f0b2-dab7-4614-81b4-50c87d1a6d00
2023/06/14 15:39:51 [TRACE] kFsBF7Esz0IgpvSfotj5pE 2024-06-07 00:00:00 +0700 +07
2023/06/14 15:39:51 [TRACE] kFsBF7Esz0IgpvSfotj5pE ub.urlybud.aqua.castis.io 라이선스 정상
2023/06/14 15:39:51 [TRACE] kFsBF7Esz0IgpvSfotj5pE TKbTi CheckExists()
2023/06/14 15:39:51 [TRACE] kFsBF7Esz0IgpvSfotj5pE TKbTi CheckSecureLink()
2023/06/14 15:39:51 [TRACE] kFsBF7Esz0IgpvSfotj5pE TKbTi CheckCount()
2023/06/14 15:39:51 [TRACE] kFsBF7Esz0IgpvSfotj5pE TKbTi CheckExpire()
2023/06/14 15:39:51 [TRACE] kFsBF7Esz0IgpvSfotj5pE TKbTi CheckAuth()
2023/06/14 15:39:51 [TRACE] kFsBF7Esz0IgpvSfotj5pE TKbTi ServeLink()
2023/06/14 15:39:51 [TRACE] kFsBF7Esz0IgpvSfotj5pE TKbTi Redirect()
2023/06/14 15:39:51 [TRACE] kFsBF7Esz0IgpvSfotj5pE TKbTi GET 리다이렉트
2023/06/14 15:39:51 [TRACE] kFsBF7Esz0IgpvSfotj5pE /TKbTi 컨텍스트저장 UKey:'TKbTi'
2023/06/14 15:39:53 [TRACE] gyUk44FZD2H3cE4MbzBoEL /link/get 컨텍스트저장 UKey:'TKbTi'
2023/06/14 15:40:36 [TRACE] 818o8helOtYl4IEabEBcZq ----------------------------------------------------
2023/06/14 15:40:36 [TRACE] 818o8helOtYl4IEabEBcZq /TKbTi 요청토큰: 70c7f0b2-dab7-4614-81b4-50c87d1a6d00
2023/06/14 15:40:36 [TRACE] 818o8helOtYl4IEabEBcZq 2024-06-07 00:00:00 +0700 +07
2023/06/14 15:40:36 [TRACE] 818o8helOtYl4IEabEBcZq ub.urlybud.aqua.castis.io 라이선스 정상
2023/06/14 15:40:36 [TRACE] 818o8helOtYl4IEabEBcZq TKbTi CheckExists()
2023/06/14 15:40:36 [TRACE] 818o8helOtYl4IEabEBcZq TKbTi CheckSecureLink()
2023/06/14 15:40:36 [TRACE] 818o8helOtYl4IEabEBcZq TKbTi CheckCount()
2023/06/14 15:40:36 [TRACE] 818o8helOtYl4IEabEBcZq TKbTi CheckExpire()
2023/06/14 15:40:36 [TRACE] 818o8helOtYl4IEabEBcZq TKbTi CheckAuth()
2023/06/14 15:40:36 [TRACE] 818o8helOtYl4IEabEBcZq TKbTi ServeLink()
2023/06/14 15:40:36 [TRACE] 818o8helOtYl4IEabEBcZq TKbTi Redirect()
2023/06/14 15:40:36 [TRACE] 818o8helOtYl4IEabEBcZq TKbTi GET 리다이렉트
2023/06/14 15:40:36 [TRACE] 818o8helOtYl4IEabEBcZq /TKbTi 컨텍스트저장 UKey:'TKbTi'
2023/06/14 15:40:38 [TRACE] lbvHCVlm5oj4ONGNu5XQMR /link/get 컨텍스트저장 UKey:'TKbTi'
2023/06/14 15:44:37 [TRACE] 8cJzkGZsYG22oocw7oF9tL /link/get 컨텍스트저장 UKey:'TKbTi'
2023/06/14 15:44:50 [TRACE] vsNh39CTq5aS7c0Ms6XnK /link/get 컨텍스트저장 UKey:'TKbTi'
2023/06/14 15:45:17 [TRACE] 1QuwmaIorHCj7dSUz58IJu /link/get 컨텍스트저장 UKey:'TKbTi'
2023/06/14 15:46:27 [TRACE] 1fjYH4e5pgafIDIann31LN ----------------------------------------------------
2023/06/14 15:46:27 [TRACE] 1fjYH4e5pgafIDIann31LN /AuetS 토큰생성: 62028568-ee8a-4871-95b4-59eca1b26e20
2023/06/14 15:46:27 [TRACE] 1fjYH4e5pgafIDIann31LN 2024-06-07 00:00:00 +0700 +07
2023/06/14 15:46:27 [TRACE] 1fjYH4e5pgafIDIann31LN ub.urlybud.aqua.castis.io 라이선스 정상
2023/06/14 15:46:27 [TRACE] 1fjYH4e5pgafIDIann31LN AuetS CheckExists()
2023/06/14 15:46:27 [TRACE] 1fjYH4e5pgafIDIann31LN AuetS CheckSecureLink()
2023/06/14 15:46:27 [TRACE] 1fjYH4e5pgafIDIann31LN AuetS CheckCount()
2023/06/14 15:46:27 [TRACE] 1fjYH4e5pgafIDIann31LN AuetS CheckExpire()
2023/06/14 15:46:27 [TRACE] 1fjYH4e5pgafIDIann31LN AuetS CheckAuth()
2023/06/14 15:46:27 [TRACE] 1fjYH4e5pgafIDIann31LN AuetS ServeLink()
2023/06/14 15:46:27 [TRACE] 1fjYH4e5pgafIDIann31LN AuetS Redirect()
2023/06/14 15:46:27 [TRACE] 1fjYH4e5pgafIDIann31LN AuetS GET 리다이렉트
2023/06/14 15:46:27 [TRACE] 1fjYH4e5pgafIDIann31LN /AuetS 컨텍스트저장 UKey:'AuetS'
2023/06/14 15:46:28 [TRACE] 3qPhcjzN4tCaqCNmdYyYYZ /link/get 컨텍스트저장 UKey:'AuetS'
2023/06/14 15:47:10 [TRACE] eR53Nlb8qR26YLnMg2c7Dz ----------------------------------------------------
2023/06/14 15:47:10 [TRACE] eR53Nlb8qR26YLnMg2c7Dz /TKbNY 요청토큰: 62028568-ee8a-4871-95b4-59eca1b26e20
2023/06/14 15:47:10 [TRACE] eR53Nlb8qR26YLnMg2c7Dz 2024-06-07 00:00:00 +0700 +07
2023/06/14 15:47:10 [TRACE] eR53Nlb8qR26YLnMg2c7Dz ub.urlybud.aqua.castis.io 라이선스 정상
2023/06/14 15:47:10 [TRACE] eR53Nlb8qR26YLnMg2c7Dz TKbNY CheckExists()
2023/06/14 15:47:10 [TRACE] eR53Nlb8qR26YLnMg2c7Dz TKbNY CheckSecureLink()
2023/06/14 15:47:10 [TRACE] eR53Nlb8qR26YLnMg2c7Dz TKbNY CheckCount()
2023/06/14 15:47:10 [TRACE] eR53Nlb8qR26YLnMg2c7Dz TKbNY CheckExpire()
2023/06/14 15:47:10 [TRACE] eR53Nlb8qR26YLnMg2c7Dz TKbNY CheckAuth()
2023/06/14 15:47:10 [TRACE] eR53Nlb8qR26YLnMg2c7Dz TKbNY ServeLink()
2023/06/14 15:47:10 [TRACE] eR53Nlb8qR26YLnMg2c7Dz TKbNY Redirect()
2023/06/14 15:47:10 [TRACE] eR53Nlb8qR26YLnMg2c7Dz TKbNY GET 리다이렉트
2023/06/14 15:47:10 [TRACE] eR53Nlb8qR26YLnMg2c7Dz /TKbNY 컨텍스트저장 UKey:'TKbNY'
2023/06/14 15:47:10 [TRACE] ksPwYcLqXfKiV5RQKZo8b9 /link/get 컨텍스트저장 UKey:'TKbNY'
2023/06/14 15:48:17 [TRACE] kZRUxE0Onp8eWAnFQXCYX /link/get 컨텍스트저장 UKey:'TKbTi'
2023/06/14 15:56:10 [TRACE] iuw5TKyt0te9SeipnaROEl /link/get 컨텍스트저장 UKey:'daUTm'
2023/06/14 16:03:48 [TRACE] 86zm70x0eshf2a0crPHKir /link/get 컨텍스트저장 UKey:'FyqEF'
2023/06/14 16:19:34 [TRACE] 8fdSyZlf2GihxIzfbBWoUZ /link/set 컨텍스트저장 UKey:'LDtpv'
2023/06/14 16:20:42 [TRACE] cEfe16jag14idf1hfVgxXA /link/set 컨텍스트저장 UKey:'xrIp2'
2023/06/14 16:21:27 [TRACE] et3lMzmW8gndc4qiaYMYW0 /link/set 컨텍스트저장 UKey:'AueDa'
2023/06/14 16:25:40 [TRACE] juxLbRXDaob6abz3z4yia4 ----------------------------------------------------
2023/06/14 16:25:40 [TRACE] juxLbRXDaob6abz3z4yia4 /AueDa 요청토큰: 70c7f0b2-dab7-4614-81b4-50c87d1a6d00
2023/06/14 16:25:40 [TRACE] juxLbRXDaob6abz3z4yia4 2024-06-07 00:00:00 +0700 +07
2023/06/14 16:25:40 [TRACE] juxLbRXDaob6abz3z4yia4 ub.urlybud.aqua.castis.io 라이선스 정상
2023/06/14 16:25:40 [TRACE] juxLbRXDaob6abz3z4yia4 AueDa CheckExists()
2023/06/14 16:25:40 [TRACE] juxLbRXDaob6abz3z4yia4 AueDa CheckSecureLink()
2023/06/14 16:25:40 [TRACE] juxLbRXDaob6abz3z4yia4 AueDa CheckCount()
2023/06/14 16:25:40 [TRACE] juxLbRXDaob6abz3z4yia4 AueDa CheckExpire()
2023/06/14 16:25:40 [TRACE] juxLbRXDaob6abz3z4yia4 AueDa CheckAuth()
2023/06/14 16:25:40 [TRACE] juxLbRXDaob6abz3z4yia4 AueDa ServeLink()
2023/06/14 16:25:40 [TRACE] juxLbRXDaob6abz3z4yia4 AueDa Redirect()
2023/06/14 16:25:40 [TRACE] juxLbRXDaob6abz3z4yia4 AueDa GET 리다이렉트
2023/06/14 16:25:40 [TRACE] juxLbRXDaob6abz3z4yia4 /AueDa 컨텍스트저장 UKey:'AueDa'
2023/06/14 16:25:44 [TRACE] SomEvvoFMpeGI5G448rkL /link/get 컨텍스트저장 UKey:'AueDa'
2023/06/14 16:38:46 [TRACE] g4bxfr7ySTHkyP8yGwcS5G ----------------------------------------------------
2023/06/14 16:38:46 [TRACE] g4bxfr7ySTHkyP8yGwcS5G /xrIp2 요청토큰: 70c7f0b2-dab7-4614-81b4-50c87d1a6d00
2023/06/14 16:38:46 [TRACE] g4bxfr7ySTHkyP8yGwcS5G 2024-06-07 00:00:00 +0700 +07
2023/06/14 16:38:46 [TRACE] g4bxfr7ySTHkyP8yGwcS5G ub.urlybud.aqua.castis.io 라이선스 정상
2023/06/14 16:38:46 [TRACE] g4bxfr7ySTHkyP8yGwcS5G xrIp2 CheckExists()
2023/06/14 16:38:46 [TRACE] g4bxfr7ySTHkyP8yGwcS5G xrIp2 CheckSecureLink()
2023/06/14 16:38:46 [TRACE] g4bxfr7ySTHkyP8yGwcS5G xrIp2 CheckCount()
2023/06/14 16:38:46 [TRACE] g4bxfr7ySTHkyP8yGwcS5G xrIp2 CheckExpire()
2023/06/14 16:38:46 [TRACE] g4bxfr7ySTHkyP8yGwcS5G xrIp2 CheckAuth()
2023/06/14 16:38:46 [TRACE] g4bxfr7ySTHkyP8yGwcS5G xrIp2 ServeLink()
2023/06/14 16:38:46 [TRACE] g4bxfr7ySTHkyP8yGwcS5G xrIp2 Redirect()
2023/06/14 16:38:46 [TRACE] g4bxfr7ySTHkyP8yGwcS5G xrIp2 GET 리다이렉트
2023/06/14 16:38:46 [TRACE] g4bxfr7ySTHkyP8yGwcS5G /xrIp2 컨텍스트저장 UKey:'xrIp2'
2023/06/14 16:38:49 [TRACE] fh8W1xxuBFQfgFPJvmbAiY /link/get 컨텍스트저장 UKey:'xrIp2'
2023/06/14 16:40:22 [TRACE] bnM8Rujqjv3iO9q4OZW670 ----------------------------------------------------
2023/06/14 16:40:22 [TRACE] bnM8Rujqjv3iO9q4OZW670 /xrIp2 요청토큰: 70c7f0b2-dab7-4614-81b4-50c87d1a6d00
2023/06/14 16:40:22 [TRACE] bnM8Rujqjv3iO9q4OZW670 2024-06-07 00:00:00 +0700 +07
2023/06/14 16:40:22 [TRACE] bnM8Rujqjv3iO9q4OZW670 ub.urlybud.aqua.castis.io 라이선스 정상
2023/06/14 16:40:22 [TRACE] bnM8Rujqjv3iO9q4OZW670 xrIp2 CheckExists()
2023/06/14 16:40:22 [TRACE] bnM8Rujqjv3iO9q4OZW670 xrIp2 CheckSecureLink()
2023/06/14 16:40:22 [TRACE] bnM8Rujqjv3iO9q4OZW670 xrIp2 CheckCount()
2023/06/14 16:40:22 [TRACE] bnM8Rujqjv3iO9q4OZW670 xrIp2 CheckExpire()
2023/06/14 16:40:22 [TRACE] bnM8Rujqjv3iO9q4OZW670 xrIp2 CheckAuth()
2023/06/14 16:40:22 [TRACE] bnM8Rujqjv3iO9q4OZW670 xrIp2 ServeLink()
2023/06/14 16:40:22 [TRACE] bnM8Rujqjv3iO9q4OZW670 xrIp2 Redirect()
2023/06/14 16:40:22 [TRACE] bnM8Rujqjv3iO9q4OZW670 xrIp2 GET 리다이렉트
2023/06/14 16:40:22 [TRACE] bnM8Rujqjv3iO9q4OZW670 /xrIp2 컨텍스트저장 UKey:'xrIp2'
2023/06/14 16:40:27 [TRACE] eudi44WewFX9SFYzOFIIlL /link/get 컨텍스트저장 UKey:'xrIp2'
2023/06/14 16:40:40 [TRACE] 8wQNEhhbZgK6VoQurOnLG9 ----------------------------------------------------
2023/06/14 16:40:40 [TRACE] 8wQNEhhbZgK6VoQurOnLG9 /xrIp2 요청토큰: 70c7f0b2-dab7-4614-81b4-50c87d1a6d00
2023/06/14 16:40:40 [TRACE] 8wQNEhhbZgK6VoQurOnLG9 2024-06-07 00:00:00 +0700 +07
2023/06/14 16:40:40 [TRACE] 8wQNEhhbZgK6VoQurOnLG9 ub.urlybud.aqua.castis.io 라이선스 정상
2023/06/14 16:40:40 [TRACE] 8wQNEhhbZgK6VoQurOnLG9 xrIp2 CheckExists()
2023/06/14 16:40:40 [TRACE] 8wQNEhhbZgK6VoQurOnLG9 xrIp2 CheckSecureLink()
2023/06/14 16:40:40 [TRACE] 8wQNEhhbZgK6VoQurOnLG9 xrIp2 CheckCount()
2023/06/14 16:40:40 [TRACE] 8wQNEhhbZgK6VoQurOnLG9 xrIp2 CheckExpire()
2023/06/14 16:40:40 [TRACE] 8wQNEhhbZgK6VoQurOnLG9 xrIp2 CheckAuth()
2023/06/14 16:40:40 [TRACE] 8wQNEhhbZgK6VoQurOnLG9 xrIp2 ServeLink()
2023/06/14 16:40:40 [TRACE] 8wQNEhhbZgK6VoQurOnLG9 xrIp2 Redirect()
2023/06/14 16:40:40 [TRACE] 8wQNEhhbZgK6VoQurOnLG9 xrIp2 GET 리다이렉트
2023/06/14 16:40:40 [TRACE] 8wQNEhhbZgK6VoQurOnLG9 /xrIp2 컨텍스트저장 UKey:'xrIp2'
2023/06/14 16:40:42 [TRACE] dcer5zP5p3n6XuUG1mqCsx /link/get 컨텍스트저장 UKey:'xrIp2'
2023/06/14 16:40:48 [TRACE] fNBf6uuv0Tw4bXoJ1vE8oR ----------------------------------------------------
2023/06/14 16:40:48 [TRACE] fNBf6uuv0Tw4bXoJ1vE8oR /LDtpv 토큰생성: 2567b34e-276b-4e84-bde7-89be15f433fc
2023/06/14 16:40:48 [TRACE] fNBf6uuv0Tw4bXoJ1vE8oR 2024-06-07 00:00:00 +0700 +07
2023/06/14 16:40:48 [TRACE] fNBf6uuv0Tw4bXoJ1vE8oR ub.urlybud.aqua.castis.io 라이선스 정상
2023/06/14 16:40:48 [TRACE] fNBf6uuv0Tw4bXoJ1vE8oR LDtpv CheckExists()
2023/06/14 16:40:48 [TRACE] fNBf6uuv0Tw4bXoJ1vE8oR LDtpv CheckSecureLink()
2023/06/14 16:40:48 [TRACE] fNBf6uuv0Tw4bXoJ1vE8oR LDtpv CheckCount()
2023/06/14 16:40:48 [TRACE] fNBf6uuv0Tw4bXoJ1vE8oR LDtpv CheckExpire()
2023/06/14 16:40:48 [TRACE] fNBf6uuv0Tw4bXoJ1vE8oR LDtpv CheckAuth()
2023/06/14 16:40:48 [TRACE] fNBf6uuv0Tw4bXoJ1vE8oR LDtpv ServeLink()
2023/06/14 16:40:48 [TRACE] fNBf6uuv0Tw4bXoJ1vE8oR LDtpv Redirect()
2023/06/14 16:40:48 [TRACE] fNBf6uuv0Tw4bXoJ1vE8oR LDtpv GET 리다이렉트
2023/06/14 16:40:48 [TRACE] fNBf6uuv0Tw4bXoJ1vE8oR /LDtpv 컨텍스트저장 UKey:'LDtpv'
2023/06/14 16:40:58 [TRACE] 5ULQtuN8Hca6dMuGPFSQDi /link/get 컨텍스트저장 UKey:'LDtpv'
2023/06/14 16:42:57 [TRACE] e2Jq3XMWZrNgR3WwGEHy0L /link/get 컨텍스트저장 UKey:'LDtpv'
2023/06/14 17:58:29 [TRACE] 29Zrl7CAHAn3NZBzm3fBDB /link/get 컨텍스트저장 UKey:'gdr0Y'
