2023/07/06 09:07:20 [TRACE] aEflfXOFPMzkwcG4CUDBMW /link/get 컨텍스트저장 UKey:'vq4d0'
2023/07/06 09:11:39 [TRACE] ddgTKkrK5IWlXrmAT9KsWL /link/set 컨텍스트저장 UKey:'ebLV0'
2023/07/06 09:12:12 [TRACE] i32xDFGLJFcjMO6in7aWXq /link/set 컨텍스트저장 UKey:'daVMI'
2023/07/06 09:12:52 [TRACE] 6wMAghNv1o0asKvjp3ohVH /link/get 컨텍스트저장 UKey:'daVMI'
2023/07/06 09:13:37 [TRACE] aji14MXDZTx8aQCEuh1bZp /link/del 컨텍스트저장 UKey:'daVMI'
2023/07/06 09:13:39 [TRACE] jXKCK7bkLKlhdJpqNoFnNY /link/get 컨텍스트저장 UKey:'daVMI'
2023/07/06 09:18:50 [TRACE] 7msM0qqMIBIl1YJMemHa8p /link/set 컨텍스트저장 UKey:'JBQbX'
2023/07/06 09:21:11 [TRACE] gdaOgsYx5xC4OQ3Bts8pWe /link/set 컨텍스트저장 UKey:'IB048'
2023/07/06 09:22:38 [TRACE] jF1rQygZcsP2gqmT91Fu8o /link/set 컨텍스트저장 UKey:'HA9Wh'
2023/07/06 09:29:39 [TRACE] iiMGwHjkJFi1CmrE1VqyOP /link/set 컨텍스트저장 UKey:'jfYD2'
2023/07/06 09:31:43 [TRACE] gTaARDnp0DLbK4xSEkCY4i /link/set 컨텍스트저장 UKey:'GzjP4'
2023/07/06 09:32:50 [TRACE] 7qCltSYDwX78lclBRY8s6I /link/set 컨텍스트저장 UKey:'75SYi'
2023/07/06 09:34:17 [TRACE] 4u6R6g5to3W8zShe9L6e1z /link/set 컨텍스트저장 UKey:'b9fwV'
2023/07/06 09:36:19 [TRACE] 6A62lyirKW31uxHoPdmPSK /link/set 컨텍스트저장 UKey:'43myA'
2023/07/06 09:44:08 [TRACE] bO2ISsiZrZf7ECdRbaigUG /link/set 컨텍스트저장 UKey:'a8poC'
2023/07/06 09:46:29 [TRACE] kvFC3RjNT00bxSKuIzkpTT /link/set 컨텍스트저장 UKey:'b9fxs'
2023/07/06 09:47:05 [TRACE] eyaoaQqOtUMfmXjhQMtMmb /link/set 컨텍스트저장 UKey:'MEmJi'
2023/07/06 09:53:07 [TRACE] 6aTp7VtBrNLlo0OwLU0RKq /link/get 컨텍스트저장 UKey:'vq4d0'
2023/07/06 09:54:59 [TRACE] 1ykGQXnV42Hf3b35571qUv /link/get 컨텍스트저장 UKey:'vq4d0'
2023/07/06 09:56:37 [TRACE] 6IFebabhvT816q7qLRiCn6 /link/set 컨텍스트저장 UKey:'86J7G'
2023/07/06 09:59:00 [TRACE] 4HKorBHgLEDhNrutElIO1A /link/get 컨텍스트저장 UKey:'vq4d0'
2023/07/06 09:59:32 [TRACE] keqsWUW1rCRlqxpiCyeOfx /link/get 컨텍스트저장 UKey:'vq4d0'
2023/07/06 10:00:49 [TRACE] ezGm04dQeqllhhGzod1rtf /link/set 컨텍스트저장 UKey:'YOsry'
2023/07/06 10:02:00 [TRACE] kY6n8GPFgh21pAHadvG0u /link/get 컨텍스트저장 UKey:'vq4d0'
2023/07/06 10:04:33 [TRACE] dZBHtAUfBsr4IXzlcfSWvp /link/get 컨텍스트저장 UKey:'vq4d0'
2023/07/06 10:06:06 [TRACE] 1OiPP1s3MSe36LDvvYwPUt /link/get 컨텍스트저장 UKey:'vq4d0'
2023/07/06 10:06:29 [TRACE] bk0I4l73dmU1xgAx6sU28D /link/get 컨텍스트저장 UKey:'vq4d0'
2023/07/06 10:10:47 [TRACE] fTSmVOpRmWu3FKyUCOiCju /link/get 컨텍스트저장 UKey:'vq4d0'
2023/07/06 10:11:53 [TRACE] jJzqePag9JqEjMfPxvbBG /link/set 컨텍스트저장 UKey:'YOssw'
2023/07/06 13:43:34 [TRACE] 5X1BMf7366DlHZRRixl0HO /link/get 컨텍스트저장 UKey:'vq4d0'
2023/07/06 14:16:21 [TRACE] 5Dogv3fL0SMiqPUtRX9dfe /link/get 컨텍스트저장 UKey:'YOssw'
2023/07/06 14:19:49 [TRACE] 5SJdi6LU2QN2aKt3tjtcb8 /link/get 컨텍스트저장 UKey:'YOssw'
2023/07/06 14:20:40 [TRACE] ho3NiCjxS7o7ZHCZ83ztMD /link/get 컨텍스트저장 UKey:'YOssw'
2023/07/06 14:22:41 [TRACE] 1wvmAHLLKFmjjyJCvh23Ub /link/get 컨텍스트저장 UKey:'YOssw'
2023/07/06 14:23:12 [TRACE] 9QwnXli24KAikfDldZgZ7V /link/get 컨텍스트저장 UKey:'YOssw'
2023/07/06 14:23:43 [TRACE] 393Nu40Thi33fuxXY1yWyY /link/set 컨텍스트저장 UKey:'upeeK'
2023/07/06 14:23:56 [TRACE] dlBhg7pXMsGaPrjqRQg2UN /link/get 컨텍스트저장 UKey:'YOssw'
2023/07/06 14:25:37 [TRACE] 6RmrlA1pcG22FrhfZf0E8V /link/get 컨텍스트저장 UKey:'YOssw'
2023/07/06 14:26:46 [TRACE] 7VNaldHuzIfb2jlRKyEimY /link/set 컨텍스트저장 UKey:'upefe'
2023/07/06 14:26:46 [TRACE] 8Fw3T3M3mJVffZlNvtlKds /link/set 컨텍스트저장 UKey:'SJpEG'
2023/07/06 14:26:46 [TRACE] bD78eLrtZJWbzvLdya5vw8 /link/set 컨텍스트저장 UKey:'43mze'
2023/07/06 14:26:46 [TRACE] cvnuE7XYxEIlWxi0mynedb /link/set 컨텍스트저장 UKey:'OG378'
2023/07/06 14:26:46 [TRACE] 2yYigE3tbt71XOIG9IuyB8 /link/set 컨텍스트저장 UKey:'rmHQE'
2023/07/06 14:26:46 [TRACE] iWJsyeGmYsXiZTBGgTc2wi /link/set 컨텍스트저장 UKey:'heiqx'
2023/07/06 14:26:46 [TRACE] 8iAITcFl34IbJeVgpmxDhG /link/set 컨텍스트저장 UKey:'ca5Is'
2023/07/06 14:26:46 [TRACE] 3e3FQWRwCkAaQ5Wr0ovUzp /link/set 컨텍스트저장 UKey:'QHJs8'
2023/07/06 14:26:46 [TRACE] 7gNnPUqHIhZg4mvMDJYl7M /link/set 컨텍스트저장 UKey:'pl1AA'
2023/07/06 14:26:46 [TRACE] 2ckmJ9Rpr1EeRgXUx6TECJ /link/set 컨텍스트저장 UKey:'32wqL'
2023/07/06 14:26:46 [TRACE] 4wrkLlFZd6zjfyoI7cC9OX /link/set 컨텍스트저장 UKey:'xrKKS'
2023/07/06 14:26:46 [TRACE] 9hM3iCWfJwbd9D5SnUV9XG /link/set 컨텍스트저장 UKey:'OG3dA'
2023/07/06 14:26:46 [TRACE] cU6LKVlhVQNgqzOudXVYYd /link/set 컨텍스트저장 UKey:'wqUCY'
2023/07/06 14:26:46 [TRACE] gORbUSpVusa65agsowhpBs /link/set 컨텍스트저장 UKey:'a8prQ'
2023/07/06 14:26:46 [TRACE] d46LQjIZew764MFfYnRvDL /link/set 컨텍스트저장 UKey:'HAaf0'
2023/07/06 14:26:46 [TRACE] 22O4Fkh9bCA1Jul35Kh7kD /link/set 컨텍스트저장 UKey:'xrKNx'
2023/07/06 14:26:46 [TRACE] lf04Ui8u0UFlmOaBkBw2za /link/set 컨텍스트저장 UKey:'sny4U'
2023/07/06 14:26:46 [TRACE] bzOP5GW048ebH6jWdDIh8z /link/set 컨텍스트저장 UKey:'upens'
2023/07/06 14:26:46 [TRACE] 56RQLVnj6Wk6LUB3vdk187 /link/set 컨텍스트저장 UKey:'ztr7g'
2023/07/06 14:26:46 [TRACE] ddUco5ZBWhh82qjUnXtSS7 /link/set 컨텍스트저장 UKey:'if8Ds'
2023/07/06 14:27:26 [TRACE] iYxRfDGMDknjqKRE6A17am /link/get 컨텍스트저장 UKey:'YOssw'
2023/07/06 14:28:48 [TRACE] 7NYV9sX4Ehfh8yp3QhIWeF /link/set 컨텍스트저장 UKey:'WMMvC'
2023/07/06 14:28:48 [TRACE] 8Rdc1H0bMINfgbssYLU1QS /link/set 컨텍스트저장 UKey:'wqUHC'
2023/07/06 14:28:48 [TRACE] 8ExpLg7o83bieQkTVf7FjG /link/set 컨텍스트저장 UKey:'MEn4c'
2023/07/06 14:28:48 [TRACE] jgB2LdAMwba1P4kzyeRpZC /link/set 컨텍스트저장 UKey:'NFde7'
2023/07/06 14:28:49 [TRACE] 1etrmnwo27t7OEsMWDbPZ9 /link/set 컨텍스트저장 UKey:'QHJGo'
2023/07/06 14:28:49 [TRACE] 2FPKQhQpdcTi38up8VSj4D /link/set 컨텍스트저장 UKey:'if8Fc'
2023/07/06 14:28:49 [TRACE] 3AK9uDnlwmna1fAlRRmDsK /link/set 컨텍스트저장 UKey:'pl1HQ'
2023/07/06 14:28:49 [TRACE] 8GAA9xeDJNqiUOIWlRaHRO /link/set 컨텍스트저장 UKey:'43mAQ'
2023/07/06 14:28:49 [TRACE] fJPO6IWeLu37I1y3vuAPKx /link/set 컨텍스트저장 UKey:'75T2A'
2023/07/06 14:28:49 [TRACE] 9AwLElMtR9Y7oNMDBJcfx7 /link/set 컨텍스트저장 UKey:'97zlb'
2023/07/06 14:28:49 [TRACE] 78tmveUZOsD2Mtd70Ra1l5 /link/set 컨텍스트저장 UKey:'86Jc4'
2023/07/06 14:28:49 [TRACE] crrj6Gp3B6TjmVJ6anXaDb /link/set 컨텍스트저장 UKey:'TKge5'
2023/07/06 14:28:49 [TRACE] NRJcPzwoWk9L7nyfLDDBN /link/set 컨텍스트저장 UKey:'xrKWA'
2023/07/06 14:28:49 [TRACE] 1D5qNEfy70y4rnFwvbjm5e /link/set 컨텍스트저장 UKey:'43mBe'
2023/07/06 14:28:49 [TRACE] dbwSszhf17t2KgeWoJyQnm /link/set 컨텍스트저장 UKey:'fcCfQ'
2023/07/06 14:28:49 [TRACE] 2BUDXJFctNdvfcyU1bdrZ /link/set 컨텍스트저장 UKey:'PGTGh'
2023/07/06 14:28:49 [TRACE] 548JYRLch37m1jh1cwlP2 /link/set 컨텍스트저장 UKey:'652U8'
2023/07/06 14:28:49 [TRACE] f0gKKCPeUjMlVSC4azxzxe /link/set 컨텍스트저장 UKey:'JBQNH'
2023/07/06 14:28:49 [TRACE] hOZyL6fzoiCkyITeMPI5Qr /link/set 컨텍스트저장 UKey:'xrKZM'
2023/07/06 14:28:49 [TRACE] egPO4uYTWVHg3b7NyYO6gn /link/set 컨텍스트저장 UKey:'LDx7X'
2023/07/06 14:29:13 [TRACE] 7lzRShAWw8ogXp1onTU8q5 /link/set 컨텍스트저장 UKey:'TKgm4'
2023/07/06 14:29:13 [TRACE] g2xGeFoRXoKe1Qvx7e2rZt /link/set 컨텍스트저장 UKey:'if8JQ'
2023/07/06 14:29:13 [TRACE] lIKLYRKK0H32VDYyBYLqhu /link/set 컨텍스트저장 UKey:'ysBbm'
2023/07/06 14:29:13 [TRACE] 6C7cYJD4Eiqd2s82S3qRcB /link/set 컨텍스트저장 UKey:'QHJWk'
2023/07/06 14:29:13 [TRACE] 4qmvjbADoAa1VvfagSeFgb /link/set 컨텍스트저장 UKey:'ztrlW'
2023/07/06 14:29:13 [TRACE] hqRamKvOPB51cNMhIp3gQ0 /link/set 컨텍스트저장 UKey:'mivn0'
2023/07/06 14:29:13 [TRACE] lgSnB5jE0va4fDyHRQwTbX /link/set 컨텍스트저장 UKey:'SJqhS'
2023/07/06 14:29:13 [TRACE] bd2SUEieqnfjK0sjgk7AtG /link/set 컨텍스트저장 UKey:'JBQUX'
2023/07/06 14:29:13 [TRACE] kmpVhJDWrfgiooaPxs7LYm /link/set 컨텍스트저장 UKey:'if8LS'
2023/07/06 14:29:13 [TRACE] eeOIQk4yAT5bVCAaZxoNJK /link/set 컨텍스트저장 UKey:'32wsH'
2023/07/06 14:29:13 [TRACE] giyQBmpRezPhmqnPpZhbb8 /link/set 컨텍스트저장 UKey:'1Q9A'
2023/07/06 14:29:13 [TRACE] 5Yv5tujhgHC9oEJJkO3ait /link/set 컨텍스트저장 UKey:'JBQXR'
2023/07/06 14:29:13 [TRACE] jdWn61X7D8ZaGfDPnqAqHq /link/set 컨텍스트저장 UKey:'xrL7e'
2023/07/06 14:29:13 [TRACE] 8TokGKSTmkdkG8MUASHnJ /link/set 컨텍스트저장 UKey:'43mCw'
2023/07/06 14:29:13 [TRACE] 2qJy8XrUTsWhJT9dTq6ftW /link/set 컨텍스트저장 UKey:'SJqoQ'
2023/07/06 14:29:14 [TRACE] fxht7eILy1biqyGbsrP8W0 /link/set 컨텍스트저장 UKey:'WMN2m'
2023/07/06 14:29:14 [TRACE] dZK7TilWdRj1jRPFHrpRP5 /link/set 컨텍스트저장 UKey:'54cMo'
2023/07/06 14:29:14 [TRACE] 4WZ0rlnfFHKfs1IP12d8N4 /link/set 컨텍스트저장 UKey:'rmIdJ'
2023/07/06 14:29:14 [TRACE] a956VCWNC16aB2LuXIhVAd /link/set 컨텍스트저장 UKey:'RIAiC'
2023/07/06 14:29:14 [TRACE] 3yrO9in553E13E03MAsNte /link/set 컨텍스트저장 UKey:'Bv7NR'
2023/07/06 14:29:31 [TRACE] 1QxK80H8qFXepVrBQh8GRb /link/get 컨텍스트저장 UKey:'YOssw'
2023/07/06 14:31:55 [TRACE] av5cKVl8TKehtkCHjMy8gT /link/get 컨텍스트저장 UKey:'YOssw'
2023/07/06 14:32:03 [TRACE] b18vv52WhnNee1X6gNoAu1 /link/get 컨텍스트저장 UKey:'YOssw'
2023/07/06 14:33:12 [TRACE] dMwosvOqpvU9Oy1YCVNi2s /link/get 컨텍스트저장 UKey:'YOssw'
2023/07/06 14:34:25 [TRACE] gWa6sloW0Og73EG9NPNXcf /link/get 컨텍스트저장 UKey:'YOssw'
2023/07/06 14:36:19 [TRACE] 103uUnxZ15UfZ1hVNUlaGy /link/get 컨텍스트저장 UKey:'YOssw'
2023/07/06 14:37:25 [TRACE] k1B84Mwrueu49iihRVaeBf /link/set 컨텍스트저장 UKey:'wqV1K'
2023/07/06 14:37:25 [TRACE] j7FnAQpmOBJ60Rl3kLhiJU /link/set 컨텍스트저장 UKey:'gdsw8'
2023/07/06 14:37:25 [TRACE] 9Ivv1m5Ia4J4TEpNCOa2rM /link/set 컨텍스트저장 UKey:'43mD6'
2023/07/06 14:37:25 [TRACE] 3NOWaj5mBpB4PS7PsfWfRC /link/set 컨텍스트저장 UKey:'TKgGt'
2023/07/06 14:37:25 [TRACE] bwMuDXPCraO4jjHj7T3cSk /link/set 컨텍스트저장 UKey:'okbNm'
2023/07/06 14:37:25 [TRACE] j2YDvkISNqyeD9AEdbr00l /link/set 컨텍스트저장 UKey:'HAaOn'
2023/07/06 14:37:25 [TRACE] clsNYM0epl4auCSZ1LqrrR /link/set 컨텍스트저장 UKey:'okbO8'
2023/07/06 14:37:25 [TRACE] cIVDWk1iD6QebJ9Ss51pUC /link/set 컨텍스트저장 UKey:'b9fKp'
2023/07/06 14:37:25 [TRACE] 3cKnJrtZWGMk1OcxeLn1si /link/set 컨텍스트저장 UKey:'NFdNG'
2023/07/06 14:37:25 [TRACE] 4e4xStD322ihdd0DN6Xv7f /link/set 컨텍스트저장 UKey:'ztrA3'
2023/07/06 14:39:24 [TRACE] 3y000hrsbRObPlI5XtmZCP /link/get 컨텍스트저장 UKey:'YOssw'
2023/07/06 14:41:31 [TRACE] baPWusYbEkgjf90zwYo1OT /link/get 컨텍스트저장 UKey:'YOssw'
2023/07/06 14:41:44 [TRACE] 9db7RZjQl0e914RjAyxSMt /link/set 컨텍스트저장 UKey:'54cNw'
2023/07/06 14:41:44 [TRACE] gfwgHjOOm4RaxewuPZ96lN /link/set 컨텍스트저장 UKey:'1Q9V'
2023/07/06 14:41:44 [TRACE] 5jOhlO9tftb5wPYHlzH63U /link/set 컨텍스트저장 UKey:'OG40M'
2023/07/06 14:41:44 [TRACE] ixELO3itaXl3H3Q8slW8aj /link/set 컨텍스트저장 UKey:'VLX9f'
2023/07/06 14:41:44 [TRACE] 3azQKe9ThJ02xQNVq4ta9G /link/set 컨텍스트저장 UKey:'CvY6M'
2023/07/06 14:41:44 [TRACE] dCTXii3qI9p5RgzSAl4r9L /link/set 컨텍스트저장 UKey:'Bv7Xp'
2023/07/06 14:41:44 [TRACE] 6ZuGMcde0Vk3ocxFuhh9hv /link/set 컨텍스트저장 UKey:'kgPe0'
2023/07/06 14:41:44 [TRACE] 1rxmrRkEdPf16knK0nAZOd /link/set 컨텍스트저장 UKey:'YOtGY'
2023/07/06 14:41:44 [TRACE] 7nUG6dXpSfF5LFOKZ0Yq1L /link/set 컨텍스트저장 UKey:'rmImS'
2023/07/06 14:41:44 [TRACE] 4d85ebcaYq0cB2c2vdwlxC /link/set 컨텍스트저장 UKey:'daW6D'
2023/07/06 14:42:50 [TRACE] flAHKslmpIs9HkdEagxgzo /link/get 컨텍스트저장 UKey:'YOssw'
2023/07/06 14:43:26 [TRACE] dWjz4QD3iNGl2HBucl4oJ3 /link/get 컨텍스트저장 UKey:'YOssw'
2023/07/06 14:45:18 [TRACE] 9JLrX5oWhuzagfhEkMaLEh /link/get 컨텍스트저장 UKey:'YOssw'
2023/07/06 14:46:54 [TRACE] fMKG12DCs8X81KcXPmS2sc /link/get 컨텍스트저장 UKey:'YOssw'
2023/07/06 14:48:34 [TRACE] 1tav2oQ8gZWf2Y6CksbFz0 /link/get 컨텍스트저장 UKey:'YOssw'
2023/07/06 14:48:55 [TRACE] ltU5cTnmovziP34eu0OGKz /link/get 컨텍스트저장 UKey:'YOssw'
2023/07/06 14:48:57 [TRACE] iZMN3KSqyElgq5u180hauW /link/get 컨텍스트저장 UKey:'YOssw'
2023/07/06 14:51:24 [TRACE] 1Z4by5Q6MZ7lgIbNX98xAZ /link/get 컨텍스트저장 UKey:'YOssw'
2023/07/06 14:53:44 [TRACE] 3SHCQKqIRrL8e1VJLVJFkv /link/get 컨텍스트저장 UKey:'YOssw'
2023/07/06 14:57:09 [TRACE] iUqNMhAdRPJ6h99TVjl4uW /link/get 컨텍스트저장 UKey:'YOssw'
2023/07/06 14:57:28 [TRACE] 1CtNHaUOqmV72fIAjQRgm0 /link/get 컨텍스트저장 UKey:'YOssw'
2023/07/06 14:57:51 [TRACE] 3BhkUkZDUuQbY3sfwGNFAZ /link/get 컨텍스트저장 UKey:'Bv7Xp'
2023/07/06 15:01:57 [TRACE] 8zqsveyzYGQ8srGPTCbnUv /link/get 컨텍스트저장 UKey:'YOssw'
2023/07/06 15:02:23 [TRACE] 8xccDGxuuGMju4e2jPuAod /link/get 컨텍스트저장 UKey:'YOssw'
2023/07/06 15:04:16 [TRACE] 2ovj9BpJcvJ5GDznjrN4si /link/get 컨텍스트저장 UKey:'YOssw'
2023/07/06 15:07:25 [TRACE] cvp6v5S9PhF544IBTBDCZt /link/get 컨텍스트저장 UKey:'YOssw'
2023/07/06 15:13:42 [TRACE] adQfzmpyuXGiO1xhTgBA5m /link/get 컨텍스트저장 UKey:'CvY6M'
2023/07/06 15:35:36 [TRACE] 4koPdEz5WY62AHcbzcRzXH /link/get 컨텍스트저장 UKey:'kgPe0'
2023/07/06 15:35:56 [TRACE] f3GYFsrNsFWj7x2HUWkT14 /link/set 컨텍스트저장 UKey:'32wuc'
2023/07/06 15:37:31 [TRACE] aB5IshanOrH37cs60S2ffM /link/get 컨텍스트저장 UKey:'32wuc'
2023/07/06 15:38:28 [TRACE] 5wxRFZGFCGYhNkUUJnIQPS /link/get 컨텍스트저장 UKey:'32wuc'
2023/07/06 15:38:41 [TRACE] d09mzDcZtQE5Yco1Ch8tkr /link/get 컨텍스트저장 UKey:'32wuc'
2023/07/06 15:38:42 [TRACE] 36zZNeNIlMobU7exByvjsc /link/get 컨텍스트저장 UKey:'32wuc'
2023/07/06 15:39:26 [TRACE] i2qtfKHf9Pu4J7NLTqBtOU /link/get 컨텍스트저장 UKey:'32wuc'
2023/07/06 15:41:18 [TRACE] izdXTZrwN8i2x8KqYg1eRE /link/get 컨텍스트저장 UKey:'32wuc'
2023/07/06 16:50:10 [TRACE] fMOhfn5O4FEbu2sRnP8Q5X /link/get 컨텍스트저장 UKey:'32wuc'
2023/07/06 16:50:21 [TRACE] 3GPIZJ3eesOzXmxLLj1xR /link/get 컨텍스트저장 UKey:'32wuc'
2023/07/06 16:54:40 [TRACE] 9VUszRDTcxh9xNGByVGzqr /link/get 컨텍스트저장 UKey:'32wuc'
2023/07/06 16:54:47 [TRACE] dynnck488rRdLfgwB2Fsuf /link/get 컨텍스트저장 UKey:'32wuc'
