2023/06/15 09:05:53 [TRACE] juRAhfgJRAc1PfYKeiUU4s /link/get 컨텍스트저장 UKey:'AueDa'
2023/06/15 09:09:18 [TRACE] hbzqVvlNoiv6k1sJZ6nyVP /link/get 컨텍스트저장 UKey:'AueDa'
2023/06/15 09:09:30 [TRACE] 1pCPMclauPv82q5Ob3naFD /link/get 컨텍스트저장 UKey:'AueDa'
2023/06/15 09:09:33 [TRACE] kkXLjwic98B5YEgBzslVJq /link/get 컨텍스트저장 UKey:'AueDa'
2023/06/15 09:09:36 [TRACE] 1PsjPk4H2mTcJfIv6sSUIB /link/get 컨텍스트저장 UKey:'AueDa'
2023/06/15 09:33:36 [TRACE] htDLSZ3Gi0XbfghhAEXPv9 /link/get 컨텍스트저장 UKey:'AueDa'
2023/06/15 09:34:46 [TRACE] a13cdpI0rp5dg8yK8GA0hN /link/get 컨텍스트저장 UKey:'AueDa'
2023/06/15 09:35:35 [TRACE] 3GzOmvD5LRciQxDn3jrmqs /link/get 컨텍스트저장 UKey:'AueDa'
2023/06/15 09:35:37 [TRACE] fyBDZ53hZfog1vPYl4BUTX /link/get 컨텍스트저장 UKey:'AueDa'
2023/06/15 09:35:46 [TRACE] 9N2lfMUvisnNo7oIVQpNF /link/get 컨텍스트저장 UKey:'AueDa'
2023/06/15 09:36:04 [TRACE] eEU4DsPEIZ35nDMDvRM7WJ /link/get 컨텍스트저장 UKey:'AueDa'
2023/06/15 09:36:06 [TRACE] a2uRLOtKhaJ2BdOXJGDEjy /link/get 컨텍스트저장 UKey:'AueDa'
2023/06/15 09:36:25 [TRACE] 8GudWl62Ywo2NNl5D9pOx5 /link/get 컨텍스트저장 UKey:'AueDa'
2023/06/15 09:42:28 [TRACE] cAbwo1zGCyYf7H6fZa0YNd /link/get 컨텍스트저장 UKey:'AueDa'
2023/06/15 10:11:30 [TRACE] a8FIcnHPQP5lmWRIz1LdrQ /link/get 컨텍스트저장 UKey:'AueDa'
2023/06/15 10:15:21 [TRACE] dz1cG5B5CANaMpQ07kw0F /link/get 컨텍스트저장 UKey:'AueDa'
2023/06/15 10:20:20 [TRACE] 24dILVuGM0iglC2UqIVg72 /link/get 컨텍스트저장 UKey:'AueDa'
2023/06/15 10:21:31 [TRACE] 8hHO4uYgsIB836TKjMdEGf /link/get 컨텍스트저장 UKey:'AueDa'
2023/06/15 10:31:25 [TRACE] fZ8vXeyuC0G515G5wJrTVO /link/get 컨텍스트저장 UKey:'null'
2023/06/15 10:31:26 [TRACE] 6Ntqt2wuwhpMn3pCPT0I5 /link/get 컨텍스트저장 UKey:'null'
2023/06/15 10:31:27 [TRACE] j0XNnXklmhfg5uJT3IOgDc /link/get 컨텍스트저장 UKey:'AueDa'
2023/06/15 10:31:27 [TRACE] fdKnp0KGqQK7rqjlXKwWiO /link/get 컨텍스트저장 UKey:'AueDa'
2023/06/15 10:31:27 [TRACE] jONkj6wtVE5896DMAzfnZy /link/get 컨텍스트저장 UKey:'AueDa'
2023/06/15 10:31:28 [TRACE] 37esN5o51jZiDYYQeQjhLf /link/get 컨텍스트저장 UKey:'AueDa'
2023/06/15 10:31:33 [TRACE] 80dPe8rdmDm3iOMRylba9z /link/get 컨텍스트저장 UKey:'AueDa'
2023/06/15 11:32:45 [TRACE] 92zBDam1Th7k5J2KF4YiiO /link/get 컨텍스트저장 UKey:'AueDa'
2023/06/15 11:33:06 [TRACE] 887AyJfBhtFi1q0huuHKPt /link/get 컨텍스트저장 UKey:'AueDa'
2023/06/15 11:33:16 [TRACE] fQM5dCl6cpz5Sa0JSEuJl3 /link/get 컨텍스트저장 UKey:'AueDa'
2023/06/15 11:33:49 [TRACE] 6kMtjXtsc2n6gWuigQNHyr /link/get 컨텍스트저장 UKey:'AueDa'
2023/06/15 11:35:05 [TRACE] gR1rt5nCuivfihL3gznBP9 /link/get 컨텍스트저장 UKey:'AueDa'
2023/06/15 11:39:25 [TRACE] gItxMlHUEeDAEAkfaSAkT /link/get 컨텍스트저장 UKey:'AueDa'
2023/06/15 11:39:28 [TRACE] eW5P3buiEMZ5YFIQGflcNT /link/get 컨텍스트저장 UKey:'AueDa'
2023/06/15 11:48:15 [TRACE] 6jBBgMUWIa73nN3Fo1aI00 /link/get 컨텍스트저장 UKey:'AueDa'
2023/06/15 11:48:39 [TRACE] k5DvMYlUnHC2RbKYDbSEgY /link/get 컨텍스트저장 UKey:'AueDa'
2023/06/15 11:48:43 [TRACE] fUX233XVaWq7F1kBCbNfTB /link/get 컨텍스트저장 UKey:'AueDa'
2023/06/15 11:48:49 [TRACE] cCXkBE235n6jCDHj4bLep2 /link/get 컨텍스트저장 UKey:'AueDa'
2023/06/15 11:48:55 [TRACE] 2mgpagNr9HLeeMGKLw83r1 /link/get 컨텍스트저장 UKey:'AueDa'
2023/06/15 11:49:03 [TRACE] goSsxia9acP3rURA7WYLzu /link/get 컨텍스트저장 UKey:'AueDa'
2023/06/15 13:42:35 [TRACE] l006DC8QTiM4n3m1VYx62p /link/get 컨텍스트저장 UKey:'AueDa'
2023/06/15 13:44:43 [TRACE] hDsAKk8nIzt9kKywBfAXg0 /link/get 컨텍스트저장 UKey:'AueDa'
2023/06/15 13:51:32 [TRACE] 4MQ4tyIM90G9fK6AUXvesr /link/get 컨텍스트저장 UKey:'AueDa'
2023/06/15 13:52:41 [TRACE] gUxLLRUCH8qjhjnGdlrytu /link/get 컨텍스트저장 UKey:'AueDa'
2023/06/15 13:53:07 [TRACE] 5UlQlm4BDW8hFVL8BGMgzy /link/get 컨텍스트저장 UKey:'AueDa'
2023/06/15 13:53:13 [TRACE] kX6DPDjvTK05Na82qsbyje /link/get 컨텍스트저장 UKey:'AueDa'
2023/06/15 13:57:47 [TRACE] gnbj3kVnxZdlyXivhhURRo /link/get 컨텍스트저장 UKey:'AueDa'
2023/06/15 13:58:22 [TRACE] cdsyoWajyKmgCzydAghttZ /link/get 컨텍스트저장 UKey:'AueDa'
2023/06/15 13:58:38 [TRACE] eVSn4GPug7HkJ316039zQh /link/get 컨텍스트저장 UKey:'AueDa'
2023/06/15 13:58:54 [TRACE] 5mGq0lYn9dUe0JNWzUz2iw /link/get 컨텍스트저장 UKey:'AueDa'
2023/06/15 13:58:58 [TRACE] 8eZQveNRUAhhtTW8gVggPf /link/get 컨텍스트저장 UKey:'AueDa'
2023/06/15 13:59:29 [TRACE] cFJgrP3t30u7aUusIhLDsQ /link/get 컨텍스트저장 UKey:'AueDa'
2023/06/15 14:00:02 [TRACE] 5ZhVXJ7byNHeTylhderOLE /link/get 컨텍스트저장 UKey:'AueDa'
2023/06/15 14:00:05 [TRACE] bXJjTvHtsiR8O3FrKzYDcq /link/get 컨텍스트저장 UKey:'AueDa'
2023/06/15 14:00:07 [TRACE] eSBZf6X2jk8hjU1EaJYW4P /link/get 컨텍스트저장 UKey:'AueDa'
2023/06/15 14:00:11 [TRACE] hSsS4Eaj5AZgUWPMYj6OM0 /link/get 컨텍스트저장 UKey:'AueDa'
2023/06/15 14:00:53 [TRACE] 4CyiQHA78fUhnDyFRXC4Y3 /link/get 컨텍스트저장 UKey:'AueDa'
2023/06/15 14:00:57 [TRACE] 4fNTF40qtLqinJAElyzFQG /link/get 컨텍스트저장 UKey:'AueDa'
2023/06/15 14:01:10 [TRACE] fp6sdHIxXx8bPp2qXx7n3Q /link/get 컨텍스트저장 UKey:'AueDa'
2023/06/15 14:01:33 [TRACE] 1fq9To4rHlsg5mUcNWokQE /link/get 컨텍스트저장 UKey:'AueDa'
2023/06/15 14:02:15 [TRACE] 3xBITrRpkVNhtPzA305nFc /link/get 컨텍스트저장 UKey:'AueDa'
2023/06/15 14:04:48 [TRACE] 2DwIxYoRL07iNEyrfrbtsc /link/get 컨텍스트저장 UKey:'AueDa'
2023/06/15 14:05:53 [TRACE] 6kIyCd4hcp8c66cKVnLLw9 /link/get 컨텍스트저장 UKey:'AueDa'
2023/06/15 14:05:56 [TRACE] fsGeSsQgcwxfsX21Q5Kz8H /link/get 컨텍스트저장 UKey:'AueDa'
2023/06/15 14:06:25 [TRACE] 1xiyWjomlyMc2JKYLmHI0C /link/get 컨텍스트저장 UKey:'AueDa'
2023/06/15 14:08:04 [TRACE] kWTpB7hgKZ8bgS2zh75Wa /link/get 컨텍스트저장 UKey:'AueDa'
2023/06/15 14:08:14 [TRACE] jBw60YVT302lpe1DBU89go /link/get 컨텍스트저장 UKey:'AueDa'
2023/06/15 14:08:34 [TRACE] 5fUHM9bAbDJ4gbl2jwi5NX /link/get 컨텍스트저장 UKey:'AueDa'
2023/06/15 14:11:26 [TRACE] dDMR6b08IM7knzDg29acXe /link/get 컨텍스트저장 UKey:'AueDa'
2023/06/15 15:17:48 [TRACE] bu1BKBHW0pU83F6vy7Qb2Z /link/get 컨텍스트저장 UKey:'TKbKq'
2023/06/15 15:18:01 [TRACE] apqEbljbI607pmuwArH4Zt /link/get 컨텍스트저장 UKey:'TKbKq'
2023/06/15 15:24:32 [TRACE] k03havfLaDd8VKRXrnDZWN /link/get 컨텍스트저장 UKey:'daUTm'
2023/06/15 15:26:23 [TRACE] lX6inUuqbRMdA1EG3zd6RV /link/get 컨텍스트저장 UKey:'daUTm'
2023/06/15 15:26:58 [TRACE] 9jh2RLJP0eh43jabB1Vx6Y /link/get 컨텍스트저장 UKey:'daUTm'
2023/06/15 15:37:07 [TRACE] e3yMZR6Zsnelpmr5wHjtVG /link/get 컨텍스트저장 UKey:'daUTm'
2023/06/15 15:41:51 [TRACE] cqIJxlwdZ1g5arbeSajFYQ /link/get 컨텍스트저장 UKey:'AuetS'
2023/06/15 15:45:10 [TRACE] 6umLByjFiXsiBqBtbpbhbN /link/get 컨텍스트저장 UKey:'AuetS'
2023/06/15 16:04:56 [TRACE] ebhiCExYGfceNIElxFKQ0 /link/get 컨텍스트저장 UKey:'TKbNY'
2023/06/15 16:06:00 [TRACE] fVCBH8IWfox8MyMWtHy73S /link/set 컨텍스트저장 UKey:'97yEW'
2023/06/15 16:06:48 [TRACE] 4n2RhyUQOBigwfgEJKN9av /link/get 컨텍스트저장 UKey:'TKbNY'
2023/06/15 16:07:29 [TRACE] eFfbW1plb2H40oW4jptYSz /link/set 컨텍스트저장 UKey:'CvUNs'
2023/06/15 16:07:35 [TRACE] bLu9g2OnHFSd1ZNJVBRAkU /link/get 컨텍스트저장 UKey:'TKbNY'
2023/06/15 16:08:50 [TRACE] 44d2gekaWYBiKdbDQ2BDp5 /link/get 컨텍스트저장 UKey:'TKbNY'
2023/06/15 16:08:58 [TRACE] 2kLD7SJWGFh1IaXzDhLbGE /link/get 컨텍스트저장 UKey:'TKbNY'
2023/06/15 16:09:51 [TRACE] cqLNkV7JzYK9wuUXSryntQ /link/get 컨텍스트저장 UKey:'TKbNY'
2023/06/15 16:10:13 [TRACE] 4nKRQcCZ4GC2WY8sK1icaY /link/get 컨텍스트저장 UKey:'xrIp2'
2023/06/15 16:17:48 [TRACE] CPfmlDkNRGjOB89Y6qaOF /link/get 컨텍스트저장 UKey:'TKbTi'
2023/06/15 16:20:54 [TRACE] hmXyDdMMKCwdXGvpmYKmAX /link/get 컨텍스트저장 UKey:'TKbTi'
2023/06/15 16:31:13 [TRACE] b0H7L2DhBHEctiLq0FXqgF /link/get 컨텍스트저장 UKey:'TKbTi'
2023/06/15 16:36:00 [TRACE] hUIqthW7JNjaBQjAWceNFw /link/get 컨텍스트저장 UKey:'TKbTi'
2023/06/15 16:41:52 [TRACE] a1MWr2an8I5atsx1pTGtv3 /link/get 컨텍스트저장 UKey:'TKbTi'
2023/06/15 16:46:22 [TRACE] hKQvVS2985DjWCAj4bjdtW /link/get 컨텍스트저장 UKey:'TKbTi'
2023/06/15 17:30:45 [TRACE] luKVnaMt8oFl3DgUNhwSfE /link/get 컨텍스트저장 UKey:'AueDa'
2023/06/15 18:00:24 [TRACE] AfegSMqtps2mw3ywiV6Fh /link/get 컨텍스트저장 UKey:'njj9e'
2023/06/15 18:00:36 [TRACE] dCtIEA1l0pQ6UwRSq2uezz /link/del 컨텍스트저장 UKey:'njj9e'
2023/06/15 18:00:42 [TRACE] rD0Wuy6JpF6b3WU7lDCKR /link/set 컨텍스트저장 UKey:'tom8Q'
2023/06/15 18:00:49 [TRACE] fBd34zcrjEL37TAriDeEWy /link/get 컨텍스트저장 UKey:'tom8Q'
2023/06/15 18:00:54 [TRACE] cXUMursUBGgfa0zGJqXSNx /link/del 컨텍스트저장 UKey:'tom8Q'
2023/06/15 18:00:56 [TRACE] arGQDLJchGp8MbT5mcoQuG /link/get 컨텍스트저장 UKey:'tom8Q'
2023/06/15 18:02:23 [TRACE] 60LMCce6J7TfQwDqCJtv2n /link/set 컨텍스트저장 UKey:'97yFn'
2023/06/15 18:02:29 [TRACE] hZOja06iKLgaBDQgDyzjD6 /link/get 컨텍스트저장 UKey:'97yFn'
2023/06/15 18:02:45 [TRACE] l88CQwVxU5JaGxO6Dqi4x9 /link/del 컨텍스트저장 UKey:'97yFn'
2023/06/15 18:02:48 [TRACE] emxPTfa0awekTHU0UDZMwR /link/get 컨텍스트저장 UKey:'97yFn'
2023/06/15 18:02:57 [TRACE] 5Y38IGSVXfH1WOaz99sqcF /link/set 컨텍스트저장 UKey:'Gzh7K'
2023/06/15 18:03:05 [TRACE] 2qhM15JZ9Rq8aaz3usi2dF /link/get 컨텍스트저장 UKey:'Gzh7K'
2023/06/15 18:03:10 [TRACE] 65uM7xWszz1TwfJN2s2RB /link/get 컨텍스트저장 UKey:'Gzh7K'
2023/06/15 18:03:14 [TRACE] fY7NwTsBwPQ7uuVLjeWauQ /link/get 컨텍스트저장 UKey:'Gzh7K'
2023/06/15 18:03:15 [TRACE] gmA86D5wvqv4K0C7I2veT1 /link/get 컨텍스트저장 UKey:'Gzh7K'
2023/06/15 18:03:15 [TRACE] kiOvhW8zbRT1aiy2mtucDr /link/get 컨텍스트저장 UKey:'Gzh7K'
2023/06/15 18:03:26 [TRACE] dtG3BpZOE1b6SJYrNFTsb6 /link/get 컨텍스트저장 UKey:'Gzh7K'
2023/06/15 18:04:03 [TRACE] j9xW5RJbpY3ghy4EguhJ6m ----------------------------------------------------
2023/06/15 18:04:03 [TRACE] j9xW5RJbpY3ghy4EguhJ6m /Gzh7K 요청토큰: 986f7683-d654-4a52-b8d1-bbbe29a7c424
2023/06/15 18:04:03 [TRACE] j9xW5RJbpY3ghy4EguhJ6m 2099-12-31 00:00:00 +0700 +07
2023/06/15 18:04:03 [TRACE] j9xW5RJbpY3ghy4EguhJ6m 192.168.0.125 라이선스 정상
2023/06/15 18:04:03 [TRACE] j9xW5RJbpY3ghy4EguhJ6m Gzh7K CheckExists()
2023/06/15 18:04:03 [TRACE] j9xW5RJbpY3ghy4EguhJ6m Gzh7K CheckSecureLink()
2023/06/15 18:04:03 [TRACE] j9xW5RJbpY3ghy4EguhJ6m Gzh7K CheckCount()
2023/06/15 18:04:03 [TRACE] j9xW5RJbpY3ghy4EguhJ6m Gzh7K CheckExpire()
2023/06/15 18:04:03 [TRACE] j9xW5RJbpY3ghy4EguhJ6m Gzh7K 유효기한 초과
2023/06/15 18:04:03 [TRACE] j9xW5RJbpY3ghy4EguhJ6m ExpectedError() Code:B242 Param:[]
2023/06/15 18:04:03 [TRACE] j9xW5RJbpY3ghy4EguhJ6m /Gzh7K 컨텍스트저장 UKey:'Gzh7K'
2023/06/15 18:04:09 [TRACE] 1EkmHsv81jCbSH6Q1H2Ny8 /link/get 컨텍스트저장 UKey:'Gzh7K'
2023/06/15 18:04:10 [TRACE] ac6B17aYUPr8i1h4u52n67 /link/get 컨텍스트저장 UKey:'Gzh7K'
2023/06/15 18:04:11 [TRACE] 9x4sYq31y3qcvtvLtU4OfD /link/get 컨텍스트저장 UKey:'Gzh7K'
2023/06/15 18:04:15 [TRACE] jXAHrl7EvRFlLXx23CyzRN ----------------------------------------------------
2023/06/15 18:04:15 [TRACE] jXAHrl7EvRFlLXx23CyzRN /Gzh7K 요청토큰: 986f7683-d654-4a52-b8d1-bbbe29a7c424
2023/06/15 18:04:15 [TRACE] jXAHrl7EvRFlLXx23CyzRN 2099-12-31 00:00:00 +0700 +07
2023/06/15 18:04:15 [TRACE] jXAHrl7EvRFlLXx23CyzRN 192.168.0.125 라이선스 정상
2023/06/15 18:04:15 [TRACE] jXAHrl7EvRFlLXx23CyzRN Gzh7K CheckExists()
2023/06/15 18:04:15 [TRACE] jXAHrl7EvRFlLXx23CyzRN Gzh7K CheckSecureLink()
2023/06/15 18:04:15 [TRACE] jXAHrl7EvRFlLXx23CyzRN Gzh7K CheckCount()
2023/06/15 18:04:15 [TRACE] jXAHrl7EvRFlLXx23CyzRN Gzh7K CheckExpire()
2023/06/15 18:04:15 [TRACE] jXAHrl7EvRFlLXx23CyzRN Gzh7K 유효기한 초과
2023/06/15 18:04:15 [TRACE] jXAHrl7EvRFlLXx23CyzRN ExpectedError() Code:B242 Param:[]
2023/06/15 18:04:15 [TRACE] jXAHrl7EvRFlLXx23CyzRN /Gzh7K 컨텍스트저장 UKey:'Gzh7K'
2023/06/15 18:04:28 [TRACE] 7BWAjIJLZpb109dAXsX5gv /link/set 컨텍스트저장 UKey:'MEjAc'
2023/06/15 18:04:33 [TRACE] bVbQYi5urYM4di2WtWUX2m ----------------------------------------------------
2023/06/15 18:04:33 [TRACE] bVbQYi5urYM4di2WtWUX2m /MEjAc 요청토큰: 986f7683-d654-4a52-b8d1-bbbe29a7c424
2023/06/15 18:04:33 [TRACE] bVbQYi5urYM4di2WtWUX2m 2099-12-31 00:00:00 +0700 +07
2023/06/15 18:04:33 [TRACE] bVbQYi5urYM4di2WtWUX2m 192.168.0.125 라이선스 정상
2023/06/15 18:04:33 [TRACE] bVbQYi5urYM4di2WtWUX2m MEjAc CheckExists()
2023/06/15 18:04:33 [TRACE] bVbQYi5urYM4di2WtWUX2m MEjAc CheckSecureLink()
2023/06/15 18:04:33 [TRACE] bVbQYi5urYM4di2WtWUX2m MEjAc CheckCount()
2023/06/15 18:04:33 [TRACE] bVbQYi5urYM4di2WtWUX2m MEjAc CheckExpire()
2023/06/15 18:04:33 [TRACE] bVbQYi5urYM4di2WtWUX2m MEjAc 유효기한 초과
2023/06/15 18:04:33 [TRACE] bVbQYi5urYM4di2WtWUX2m ExpectedError() Code:B242 Param:[]
2023/06/15 18:04:33 [TRACE] bVbQYi5urYM4di2WtWUX2m /MEjAc 컨텍스트저장 UKey:'MEjAc'
2023/06/15 18:04:41 [TRACE] b2LgEAEfeOB7XaWXpvdcMV ----------------------------------------------------
2023/06/15 18:04:41 [TRACE] b2LgEAEfeOB7XaWXpvdcMV /MEjAc 요청토큰: 986f7683-d654-4a52-b8d1-bbbe29a7c424
2023/06/15 18:04:41 [TRACE] b2LgEAEfeOB7XaWXpvdcMV 2099-12-31 00:00:00 +0700 +07
2023/06/15 18:04:41 [TRACE] b2LgEAEfeOB7XaWXpvdcMV 192.168.0.125 라이선스 정상
2023/06/15 18:04:41 [TRACE] b2LgEAEfeOB7XaWXpvdcMV MEjAc CheckExists()
2023/06/15 18:04:41 [TRACE] b2LgEAEfeOB7XaWXpvdcMV MEjAc CheckSecureLink()
2023/06/15 18:04:41 [TRACE] b2LgEAEfeOB7XaWXpvdcMV MEjAc CheckCount()
2023/06/15 18:04:41 [TRACE] b2LgEAEfeOB7XaWXpvdcMV MEjAc CheckExpire()
2023/06/15 18:04:41 [TRACE] b2LgEAEfeOB7XaWXpvdcMV MEjAc 유효기한 초과
2023/06/15 18:04:41 [TRACE] b2LgEAEfeOB7XaWXpvdcMV ExpectedError() Code:B242 Param:[]
2023/06/15 18:04:41 [TRACE] b2LgEAEfeOB7XaWXpvdcMV /MEjAc 컨텍스트저장 UKey:'MEjAc'
2023/06/15 18:05:44 [TRACE] ghwHnFJldcKhSU4PwGBi0E ----------------------------------------------------
2023/06/15 18:05:44 [TRACE] ghwHnFJldcKhSU4PwGBi0E /fcAMS 요청토큰: caec1689-70cf-4c6f-8805-be54273b3f01
2023/06/15 18:05:44 [TRACE] ghwHnFJldcKhSU4PwGBi0E 2024-06-07 00:00:00 +0700 +07
2023/06/15 18:05:44 [TRACE] ghwHnFJldcKhSU4PwGBi0E ub.urlybud.aqua.castis.io 라이선스 정상
2023/06/15 18:05:44 [TRACE] ghwHnFJldcKhSU4PwGBi0E fcAMS CheckExists()
2023/06/15 18:05:44 [TRACE] ghwHnFJldcKhSU4PwGBi0E fcAMS CheckSecureLink()
2023/06/15 18:05:44 [TRACE] ghwHnFJldcKhSU4PwGBi0E fcAMS CheckCount()
2023/06/15 18:05:44 [TRACE] ghwHnFJldcKhSU4PwGBi0E fcAMS CheckExpire()
2023/06/15 18:05:44 [TRACE] ghwHnFJldcKhSU4PwGBi0E fcAMS CheckAuth()
2023/06/15 18:05:44 [TRACE] ghwHnFJldcKhSU4PwGBi0E fcAMS ServeLink()
2023/06/15 18:05:44 [TRACE] ghwHnFJldcKhSU4PwGBi0E fcAMS Redirect()
2023/06/15 18:05:44 [TRACE] ghwHnFJldcKhSU4PwGBi0E fcAMS GET 리다이렉트
2023/06/15 18:05:44 [TRACE] ghwHnFJldcKhSU4PwGBi0E /fcAMS 컨텍스트저장 UKey:'fcAMS'
2023/06/15 18:05:58 [TRACE] 6aCTKGzFOdk3O46IewO8el ----------------------------------------------------
2023/06/15 18:05:58 [TRACE] 6aCTKGzFOdk3O46IewO8el /MEjAc 요청토큰: 92645c60-3a7a-42f6-9c5b-9f4286f1035e
2023/06/15 18:05:58 [TRACE] 6aCTKGzFOdk3O46IewO8el 2024-06-07 00:00:00 +0700 +07
2023/06/15 18:05:58 [TRACE] 6aCTKGzFOdk3O46IewO8el ub.urlybud.aqua.castis.io 라이선스 정상
2023/06/15 18:05:58 [TRACE] 6aCTKGzFOdk3O46IewO8el MEjAc CheckExists()
2023/06/15 18:05:58 [TRACE] 6aCTKGzFOdk3O46IewO8el MEjAc CheckSecureLink()
2023/06/15 18:05:58 [TRACE] 6aCTKGzFOdk3O46IewO8el MEjAc CheckCount()
2023/06/15 18:05:58 [TRACE] 6aCTKGzFOdk3O46IewO8el MEjAc CheckExpire()
2023/06/15 18:05:58 [TRACE] 6aCTKGzFOdk3O46IewO8el MEjAc 유효기한 초과
2023/06/15 18:05:58 [TRACE] 6aCTKGzFOdk3O46IewO8el ExpectedError() Code:B242 Param:[]
2023/06/15 18:05:58 [TRACE] 6aCTKGzFOdk3O46IewO8el /MEjAc 컨텍스트저장 UKey:'MEjAc'
2023/06/15 18:06:07 [TRACE] d6lBvWHfpLb7HEEzmTCkGi /link/get 컨텍스트저장 UKey:'Gzh7K'
2023/06/15 18:06:22 [TRACE] knMXBWTvVJD1sVF311Lw22 /link/set 컨텍스트저장 UKey:'Fyr4s'
2023/06/15 18:06:27 [TRACE] 4Ge33SnhZvKimCZMFs3pje /link/get 컨텍스트저장 UKey:'Fyr4s'
2023/06/15 18:06:46 [TRACE] lozEOkSRcwVjBygAiWsyVv ----------------------------------------------------
2023/06/15 18:06:46 [TRACE] lozEOkSRcwVjBygAiWsyVv /Fyr4s 요청토큰: caec1689-70cf-4c6f-8805-be54273b3f01
2023/06/15 18:06:46 [TRACE] lozEOkSRcwVjBygAiWsyVv 2024-06-07 00:00:00 +0700 +07
2023/06/15 18:06:46 [TRACE] lozEOkSRcwVjBygAiWsyVv ub.urlybud.aqua.castis.io 라이선스 정상
2023/06/15 18:06:46 [TRACE] lozEOkSRcwVjBygAiWsyVv Fyr4s CheckExists()
2023/06/15 18:06:46 [TRACE] lozEOkSRcwVjBygAiWsyVv Fyr4s CheckSecureLink()
2023/06/15 18:06:46 [TRACE] lozEOkSRcwVjBygAiWsyVv Fyr4s CheckCount()
2023/06/15 18:06:46 [TRACE] lozEOkSRcwVjBygAiWsyVv Fyr4s CheckExpire()
2023/06/15 18:06:46 [TRACE] lozEOkSRcwVjBygAiWsyVv Fyr4s 유효기한 초과
2023/06/15 18:06:46 [TRACE] lozEOkSRcwVjBygAiWsyVv ExpectedError() Code:B242 Param:[]
2023/06/15 18:06:46 [TRACE] lozEOkSRcwVjBygAiWsyVv /Fyr4s 컨텍스트저장 UKey:'Fyr4s'
2023/06/15 18:07:20 [TRACE] c93JobL6WIl2FBxsLA6lf8 /link/set 컨텍스트저장 UKey:'TKc8n'
2023/06/15 18:07:28 [TRACE] 6WFV6L4VsOx8yLzVHR3ASk ----------------------------------------------------
2023/06/15 18:07:28 [TRACE] 6WFV6L4VsOx8yLzVHR3ASk /TKc8n 요청토큰: caec1689-70cf-4c6f-8805-be54273b3f01
2023/06/15 18:07:28 [TRACE] 6WFV6L4VsOx8yLzVHR3ASk 2024-06-07 00:00:00 +0700 +07
2023/06/15 18:07:28 [TRACE] 6WFV6L4VsOx8yLzVHR3ASk ub.urlybud.aqua.castis.io 라이선스 정상
2023/06/15 18:07:28 [TRACE] 6WFV6L4VsOx8yLzVHR3ASk TKc8n CheckExists()
2023/06/15 18:07:28 [TRACE] 6WFV6L4VsOx8yLzVHR3ASk TKc8n CheckSecureLink()
2023/06/15 18:07:28 [TRACE] 6WFV6L4VsOx8yLzVHR3ASk TKc8n CheckCount()
2023/06/15 18:07:28 [TRACE] 6WFV6L4VsOx8yLzVHR3ASk TKc8n CheckExpire()
2023/06/15 18:07:28 [TRACE] 6WFV6L4VsOx8yLzVHR3ASk TKc8n CheckAuth()
2023/06/15 18:07:28 [TRACE] 6WFV6L4VsOx8yLzVHR3ASk TKc8n ServeLink()
2023/06/15 18:07:28 [TRACE] 6WFV6L4VsOx8yLzVHR3ASk TKc8n Redirect()
2023/06/15 18:07:28 [TRACE] 6WFV6L4VsOx8yLzVHR3ASk TKc8n GET 리다이렉트
2023/06/15 18:07:28 [TRACE] 6WFV6L4VsOx8yLzVHR3ASk /TKc8n 컨텍스트저장 UKey:'TKc8n'
2023/06/15 18:08:06 [TRACE] lPGvTeaJaxkknUSreg9vxa /link/set 컨텍스트저장 UKey:'tombE'
2023/06/15 18:08:18 [TRACE] 8O1JQkoyiFB5dF1S30dwvd ----------------------------------------------------
2023/06/15 18:08:18 [TRACE] 8O1JQkoyiFB5dF1S30dwvd /tombE 요청토큰: caec1689-70cf-4c6f-8805-be54273b3f01
2023/06/15 18:08:18 [TRACE] 8O1JQkoyiFB5dF1S30dwvd 2024-06-07 00:00:00 +0700 +07
2023/06/15 18:08:18 [TRACE] 8O1JQkoyiFB5dF1S30dwvd ub.urlybud.aqua.castis.io 라이선스 정상
2023/06/15 18:08:18 [TRACE] 8O1JQkoyiFB5dF1S30dwvd tombE CheckExists()
2023/06/15 18:08:18 [TRACE] 8O1JQkoyiFB5dF1S30dwvd tombE CheckSecureLink()
2023/06/15 18:08:18 [TRACE] 8O1JQkoyiFB5dF1S30dwvd tombE CheckCount()
2023/06/15 18:08:18 [TRACE] 8O1JQkoyiFB5dF1S30dwvd tombE CheckExpire()
2023/06/15 18:08:18 [TRACE] 8O1JQkoyiFB5dF1S30dwvd tombE 유효기한 초과
2023/06/15 18:08:18 [TRACE] 8O1JQkoyiFB5dF1S30dwvd ExpectedError() Code:B242 Param:[]
2023/06/15 18:08:18 [TRACE] 8O1JQkoyiFB5dF1S30dwvd /tombE 컨텍스트저장 UKey:'tombE'
2023/06/15 18:08:43 [TRACE] e7EYUFlYx6jYUQTX2BaFg /link/set 컨텍스트저장 UKey:'HA7fP'
2023/06/15 18:08:49 [TRACE] d3BMIDcVeEu1oKhAVuE9hf ----------------------------------------------------
2023/06/15 18:08:49 [TRACE] d3BMIDcVeEu1oKhAVuE9hf /HA7fP 요청토큰: caec1689-70cf-4c6f-8805-be54273b3f01
2023/06/15 18:08:49 [TRACE] d3BMIDcVeEu1oKhAVuE9hf 2024-06-07 00:00:00 +0700 +07
2023/06/15 18:08:49 [TRACE] d3BMIDcVeEu1oKhAVuE9hf ub.urlybud.aqua.castis.io 라이선스 정상
2023/06/15 18:08:49 [TRACE] d3BMIDcVeEu1oKhAVuE9hf HA7fP CheckExists()
2023/06/15 18:08:49 [TRACE] d3BMIDcVeEu1oKhAVuE9hf HA7fP CheckSecureLink()
2023/06/15 18:08:49 [TRACE] d3BMIDcVeEu1oKhAVuE9hf HA7fP CheckCount()
2023/06/15 18:08:49 [TRACE] d3BMIDcVeEu1oKhAVuE9hf HA7fP CheckExpire()
2023/06/15 18:08:49 [TRACE] d3BMIDcVeEu1oKhAVuE9hf HA7fP CheckAuth()
2023/06/15 18:08:49 [TRACE] d3BMIDcVeEu1oKhAVuE9hf HA7fP ServeLink()
2023/06/15 18:08:49 [TRACE] d3BMIDcVeEu1oKhAVuE9hf HA7fP Redirect()
2023/06/15 18:08:49 [TRACE] d3BMIDcVeEu1oKhAVuE9hf HA7fP GET 리다이렉트
2023/06/15 18:08:49 [TRACE] d3BMIDcVeEu1oKhAVuE9hf /HA7fP 컨텍스트저장 UKey:'HA7fP'
2023/06/15 18:09:23 [TRACE] gsCDCddbX0S2o63OUR4HK3 /link/set 컨텍스트저장 UKey:'ExB2o'
2023/06/15 18:09:33 [TRACE] 6BSa3MqkP9ilxHRGFNsY5U ----------------------------------------------------
2023/06/15 18:09:33 [TRACE] 6BSa3MqkP9ilxHRGFNsY5U /ExB2o 요청토큰: caec1689-70cf-4c6f-8805-be54273b3f01
2023/06/15 18:09:33 [TRACE] 6BSa3MqkP9ilxHRGFNsY5U 2024-06-07 00:00:00 +0700 +07
2023/06/15 18:09:33 [TRACE] 6BSa3MqkP9ilxHRGFNsY5U ub.urlybud.aqua.castis.io 라이선스 정상
2023/06/15 18:09:33 [TRACE] 6BSa3MqkP9ilxHRGFNsY5U ExB2o CheckExists()
2023/06/15 18:09:33 [TRACE] 6BSa3MqkP9ilxHRGFNsY5U ExB2o CheckSecureLink()
2023/06/15 18:09:33 [TRACE] 6BSa3MqkP9ilxHRGFNsY5U ExB2o CheckCount()
2023/06/15 18:09:33 [TRACE] 6BSa3MqkP9ilxHRGFNsY5U ExB2o CheckExpire()
2023/06/15 18:09:33 [TRACE] 6BSa3MqkP9ilxHRGFNsY5U ExB2o CheckAuth()
2023/06/15 18:09:33 [TRACE] 6BSa3MqkP9ilxHRGFNsY5U ExB2o ServeLink()
2023/06/15 18:09:33 [TRACE] 6BSa3MqkP9ilxHRGFNsY5U ExB2o Redirect()
2023/06/15 18:09:33 [TRACE] 6BSa3MqkP9ilxHRGFNsY5U ExB2o GET 리다이렉트
2023/06/15 18:09:33 [TRACE] 6BSa3MqkP9ilxHRGFNsY5U /ExB2o 컨텍스트저장 UKey:'ExB2o'
2023/06/15 18:09:59 [TRACE] hP6AtBxWTdU5gmg9sA34qY /link/get 컨텍스트저장 UKey:'ExB2o'
2023/06/15 18:10:44 [TRACE] k7LmDjKQuJsfAvRxEfN01A ----------------------------------------------------
2023/06/15 18:10:44 [TRACE] k7LmDjKQuJsfAvRxEfN01A /ExB2o 요청토큰: caec1689-70cf-4c6f-8805-be54273b3f01
2023/06/15 18:10:44 [TRACE] k7LmDjKQuJsfAvRxEfN01A 2024-06-07 00:00:00 +0700 +07
2023/06/15 18:10:44 [TRACE] k7LmDjKQuJsfAvRxEfN01A ub.urlybud.aqua.castis.io 라이선스 정상
2023/06/15 18:10:44 [TRACE] k7LmDjKQuJsfAvRxEfN01A ExB2o CheckExists()
2023/06/15 18:10:44 [TRACE] k7LmDjKQuJsfAvRxEfN01A ExB2o CheckSecureLink()
2023/06/15 18:10:44 [TRACE] k7LmDjKQuJsfAvRxEfN01A ExB2o CheckCount()
2023/06/15 18:10:44 [TRACE] k7LmDjKQuJsfAvRxEfN01A ExB2o CheckExpire()
2023/06/15 18:10:44 [TRACE] k7LmDjKQuJsfAvRxEfN01A ExB2o CheckAuth()
2023/06/15 18:10:44 [TRACE] k7LmDjKQuJsfAvRxEfN01A ExB2o ServeLink()
2023/06/15 18:10:44 [TRACE] k7LmDjKQuJsfAvRxEfN01A ExB2o Redirect()
2023/06/15 18:10:44 [TRACE] k7LmDjKQuJsfAvRxEfN01A ExB2o GET 리다이렉트
2023/06/15 18:10:44 [TRACE] k7LmDjKQuJsfAvRxEfN01A /ExB2o 컨텍스트저장 UKey:'ExB2o'
2023/06/15 18:11:12 [TRACE] 63UqaApTn6SdNjPM8rWYoF ----------------------------------------------------
2023/06/15 18:11:12 [TRACE] 63UqaApTn6SdNjPM8rWYoF /ExB2o 요청토큰: caec1689-70cf-4c6f-8805-be54273b3f01
2023/06/15 18:11:12 [TRACE] 63UqaApTn6SdNjPM8rWYoF 2024-06-07 00:00:00 +0700 +07
2023/06/15 18:11:12 [TRACE] 63UqaApTn6SdNjPM8rWYoF ub.urlybud.aqua.castis.io 라이선스 정상
2023/06/15 18:11:12 [TRACE] 63UqaApTn6SdNjPM8rWYoF ExB2o CheckExists()
2023/06/15 18:11:12 [TRACE] 63UqaApTn6SdNjPM8rWYoF ExB2o CheckSecureLink()
2023/06/15 18:11:12 [TRACE] 63UqaApTn6SdNjPM8rWYoF ExB2o CheckCount()
2023/06/15 18:11:12 [TRACE] 63UqaApTn6SdNjPM8rWYoF ExB2o CheckExpire()
2023/06/15 18:11:12 [TRACE] 63UqaApTn6SdNjPM8rWYoF ExB2o 유효기한 초과
2023/06/15 18:11:12 [TRACE] 63UqaApTn6SdNjPM8rWYoF ExpectedError() Code:B242 Param:[]
2023/06/15 18:11:12 [TRACE] 63UqaApTn6SdNjPM8rWYoF /ExB2o 컨텍스트저장 UKey:'ExB2o'
2023/06/15 18:11:26 [TRACE] exNTKEdx1Ie2NBKbB62TnJ /link/get 컨텍스트저장 UKey:'ExB2o'
2023/06/15 18:11:47 [TRACE] r2IlF2jacccEqyLw3Dsxb /link/del 컨텍스트저장 UKey:'ExB2o'
2023/06/15 18:11:51 [TRACE] 4yndLx80yqFhkSTsomJVpL /link/get 컨텍스트저장 UKey:'ExB2o'
