2023/06/27 10:30:17 [TRACE] kaZ3GVOPRKZgR8TGG1CMuc /link/set 컨텍스트저장 UKey:'wqTHG'
2023/06/27 10:30:17 [TRACE] 36LoHtRjVwk1nBJ7jfHBza /link/set 컨텍스트저장 UKey:'652Ha'
2023/06/27 10:35:58 [TRACE] aOFRVFI396Md7JZB6ieWvK /link/get 컨텍스트저장 UKey:'wqTHG'
2023/06/27 10:36:08 [TRACE] lU9HdpPRjSiLICsVZJ6E9 /link/set 컨텍스트저장 UKey:'75SOt'
2023/06/27 12:18:37 [TRACE] jOycerLYVYRLczAmY9vO9 ----------------------------------------------------
2023/06/27 12:18:37 [TRACE] jOycerLYVYRLczAmY9vO9 /LDtpv 요청토큰: 2567b34e-276b-4e84-bde7-89be15f433fc
2023/06/27 12:18:37 [TRACE] jOycerLYVYRLczAmY9vO9 2024-06-07 00:00:00 +0700 +07
2023/06/27 12:18:37 [TRACE] jOycerLYVYRLczAmY9vO9 ub.urlybud.aqua.castis.io 라이선스 정상
2023/06/27 12:18:37 [TRACE] jOycerLYVYRLczAmY9vO9 LDtpv CheckExists()
2023/06/27 12:18:37 [TRACE] jOycerLYVYRLczAmY9vO9 LDtpv CheckSecureLink()
2023/06/27 12:18:37 [TRACE] jOycerLYVYRLczAmY9vO9 LDtpv CheckCount()
2023/06/27 12:18:37 [TRACE] jOycerLYVYRLczAmY9vO9 LDtpv CheckExpire()
2023/06/27 12:18:37 [TRACE] jOycerLYVYRLczAmY9vO9 LDtpv CheckAuth()
2023/06/27 12:18:37 [TRACE] jOycerLYVYRLczAmY9vO9 LDtpv ServeLink()
2023/06/27 12:18:37 [TRACE] jOycerLYVYRLczAmY9vO9 LDtpv Redirect()
2023/06/27 12:18:37 [TRACE] jOycerLYVYRLczAmY9vO9 LDtpv GET 리다이렉트
2023/06/27 12:18:37 [TRACE] jOycerLYVYRLczAmY9vO9 /LDtpv 컨텍스트저장 UKey:'LDtpv'
2023/06/27 12:18:41 [TRACE] kjPKmvAhBjp7LtegSav6zI /link/get 컨텍스트저장 UKey:'LDtpv'
2023/06/27 12:19:12 [TRACE] 9cf7c83ZXwb1wfKqlgP4AX ----------------------------------------------------
2023/06/27 12:19:12 [TRACE] 9cf7c83ZXwb1wfKqlgP4AX /AueDa 요청토큰: 2567b34e-276b-4e84-bde7-89be15f433fc
2023/06/27 12:19:12 [TRACE] 9cf7c83ZXwb1wfKqlgP4AX 2024-06-07 00:00:00 +0700 +07
2023/06/27 12:19:12 [TRACE] 9cf7c83ZXwb1wfKqlgP4AX ub.urlybud.aqua.castis.io 라이선스 정상
2023/06/27 12:19:12 [TRACE] 9cf7c83ZXwb1wfKqlgP4AX AueDa CheckExists()
2023/06/27 12:19:12 [TRACE] 9cf7c83ZXwb1wfKqlgP4AX AueDa CheckSecureLink()
2023/06/27 12:19:12 [TRACE] 9cf7c83ZXwb1wfKqlgP4AX AueDa CheckCount()
2023/06/27 12:19:12 [TRACE] 9cf7c83ZXwb1wfKqlgP4AX AueDa CheckExpire()
2023/06/27 12:19:12 [TRACE] 9cf7c83ZXwb1wfKqlgP4AX AueDa CheckAuth()
2023/06/27 12:19:12 [TRACE] 9cf7c83ZXwb1wfKqlgP4AX AueDa ServeLink()
2023/06/27 12:19:12 [TRACE] 9cf7c83ZXwb1wfKqlgP4AX AueDa Redirect()
2023/06/27 12:19:12 [TRACE] 9cf7c83ZXwb1wfKqlgP4AX AueDa GET 리다이렉트
2023/06/27 12:19:12 [TRACE] 9cf7c83ZXwb1wfKqlgP4AX /AueDa 컨텍스트저장 UKey:'AueDa'
2023/06/27 12:19:13 [TRACE] fcLh4RovWLtXbe5ZCbjsU ----------------------------------------------------
2023/06/27 12:19:13 [TRACE] fcLh4RovWLtXbe5ZCbjsU /LDtpv 토큰생성: b44c6031-fdb2-4f7d-8e03-f836218b0208
2023/06/27 12:19:13 [TRACE] fcLh4RovWLtXbe5ZCbjsU 2024-06-07 00:00:00 +0700 +07
2023/06/27 12:19:13 [TRACE] fcLh4RovWLtXbe5ZCbjsU ub.urlybud.aqua.castis.io 라이선스 정상
2023/06/27 12:19:13 [TRACE] fcLh4RovWLtXbe5ZCbjsU LDtpv CheckExists()
2023/06/27 12:19:13 [TRACE] fcLh4RovWLtXbe5ZCbjsU LDtpv CheckSecureLink()
2023/06/27 12:19:13 [TRACE] fcLh4RovWLtXbe5ZCbjsU LDtpv CheckCount()
2023/06/27 12:19:13 [TRACE] fcLh4RovWLtXbe5ZCbjsU LDtpv CheckExpire()
2023/06/27 12:19:13 [TRACE] fcLh4RovWLtXbe5ZCbjsU LDtpv CheckAuth()
2023/06/27 12:19:13 [TRACE] fcLh4RovWLtXbe5ZCbjsU LDtpv ServeLink()
2023/06/27 12:19:13 [TRACE] fcLh4RovWLtXbe5ZCbjsU LDtpv Redirect()
2023/06/27 12:19:13 [TRACE] fcLh4RovWLtXbe5ZCbjsU LDtpv GET 리다이렉트
2023/06/27 12:19:13 [TRACE] fcLh4RovWLtXbe5ZCbjsU /LDtpv 컨텍스트저장 UKey:'LDtpv'
2023/06/27 12:19:15 [TRACE] k9BaLAo4wQAa8cegZgdwlf /link/get 컨텍스트저장 UKey:'AueDa'
2023/06/27 12:19:19 [TRACE] gOGuf2Mt9UFgG5jbABdNRg ----------------------------------------------------
2023/06/27 12:19:19 [TRACE] gOGuf2Mt9UFgG5jbABdNRg /xrIp2 요청토큰: 2567b34e-276b-4e84-bde7-89be15f433fc
2023/06/27 12:19:19 [TRACE] gOGuf2Mt9UFgG5jbABdNRg 2024-06-07 00:00:00 +0700 +07
2023/06/27 12:19:19 [TRACE] gOGuf2Mt9UFgG5jbABdNRg ub.urlybud.aqua.castis.io 라이선스 정상
2023/06/27 12:19:19 [TRACE] gOGuf2Mt9UFgG5jbABdNRg xrIp2 CheckExists()
2023/06/27 12:19:19 [TRACE] gOGuf2Mt9UFgG5jbABdNRg xrIp2 CheckSecureLink()
2023/06/27 12:19:19 [TRACE] gOGuf2Mt9UFgG5jbABdNRg xrIp2 CheckCount()
2023/06/27 12:19:19 [TRACE] gOGuf2Mt9UFgG5jbABdNRg xrIp2 CheckExpire()
2023/06/27 12:19:19 [TRACE] gOGuf2Mt9UFgG5jbABdNRg xrIp2 CheckAuth()
2023/06/27 12:19:19 [TRACE] gOGuf2Mt9UFgG5jbABdNRg xrIp2 ServeLink()
2023/06/27 12:19:19 [TRACE] gOGuf2Mt9UFgG5jbABdNRg xrIp2 Redirect()
2023/06/27 12:19:19 [TRACE] gOGuf2Mt9UFgG5jbABdNRg xrIp2 GET 리다이렉트
2023/06/27 12:19:19 [TRACE] gOGuf2Mt9UFgG5jbABdNRg /xrIp2 컨텍스트저장 UKey:'xrIp2'
2023/06/27 12:19:22 [TRACE] fzPrSI5NP0e7wD67YN1gzZ /link/get 컨텍스트저장 UKey:'xrIp2'
2023/06/27 12:19:23 [TRACE] ldqAwYt0hJ29zpinxYPBVZ /link/get 컨텍스트저장 UKey:'LDtpv'
2023/06/27 12:19:31 [TRACE] g5MQ41vh78R7F7UtVmcBf0 /link/get 컨텍스트저장 UKey:'LDtpv'
2023/06/27 13:53:54 [TRACE] 4a20TU9pkIbchu32ZTizfq /link/set 컨텍스트저장 UKey:'43msU'
2023/06/27 13:53:54 [TRACE] cvs3lj7tNawpPxffB5bOw /link/set 컨텍스트저장 UKey:'vq3Cv'
2023/06/27 13:57:07 [TRACE] aAsNwnT7PdO744OESW3Jdr /link/get 컨텍스트저장 UKey:'vq3Cv'
2023/06/27 13:57:16 [TRACE] 6yNIBYShqiPbPZMR7WPdy3 /link/set 컨텍스트저장 UKey:'daVwm'
2023/06/27 14:03:59 [TRACE] 80uWEBFaWtB88SbIFLhqiI /link/set 컨텍스트저장 UKey:'IAZa4'
2023/06/27 14:04:28 [TRACE] 4n3Fu1pNrCHhri31UMVVVG /link/set 컨텍스트저장 UKey:'Bv6lK'
2023/06/27 14:20:33 [TRACE] 7cIL6rgmMK8e2avkzmfKJl /link/set 컨텍스트저장 UKey:'daVwZ'
2023/06/27 14:28:13 [TRACE] 4LXzO0Ph15a82Rdtpmm4rB /link/set 컨텍스트저장 UKey:'a8pbe'
2023/06/27 14:30:45 [TRACE] 7kq8fsGyl8FjPnZJ3sBb5K /link/set 컨텍스트저장 UKey:'XNAYZ'
2023/06/27 14:31:20 [TRACE] dtnfs0m5ha5433dgCGUiwF /link/set 컨텍스트저장 UKey:'vq3G0'
2023/06/27 14:36:02 [TRACE] f9OM3F9SjtdN5HKhrfcQS /link/set 컨텍스트저장 UKey:'TKexp'
2023/06/27 14:36:44 [TRACE] idkE0MU2hCWhwf7xXDsDEU /link/set 컨텍스트저장 UKey:'ysA3a'
2023/06/27 14:46:54 [TRACE] 6pdoE2GV7DRbY7F2zhvI7O /link/set 컨텍스트저장 UKey:'ztqb7'
2023/06/27 14:47:47 [TRACE] ltpJ3a3ENJrdgqRC4sBRQ4 /link/set 컨텍스트저장 UKey:'NFbRy'
2023/06/27 14:48:25 [TRACE] 8c1f5MJHG7AgT7lpHfAawI /link/set 컨텍스트저장 UKey:'gdrUY'
2023/06/27 14:50:09 [TRACE] 8SQYhNIo51CjHxisQ2GwqW /link/set 컨텍스트저장 UKey:'XNB5E'
2023/06/27 14:53:06 [TRACE] bNckl0x29QGg0o7w8AMGld /link/set 컨텍스트저장 UKey:'fcBO1'
2023/06/27 14:54:16 [TRACE] eUq1VrCx2st99RTtLpjgy5 /link/set 컨텍스트저장 UKey:'86IXS'
2023/06/27 14:54:57 [TRACE] 4FQms4IV0F3avj0QRSjSU9 ----------------------------------------------------
2023/06/27 14:54:57 [TRACE] 4FQms4IV0F3avj0QRSjSU9 /LDtpv 요청토큰: b44c6031-fdb2-4f7d-8e03-f836218b0208
2023/06/27 14:54:57 [TRACE] 4FQms4IV0F3avj0QRSjSU9 2024-06-07 00:00:00 +0700 +07
2023/06/27 14:54:57 [TRACE] 4FQms4IV0F3avj0QRSjSU9 ub.urlybud.aqua.castis.io 라이선스 정상
2023/06/27 14:54:57 [TRACE] 4FQms4IV0F3avj0QRSjSU9 LDtpv CheckExists()
2023/06/27 14:54:57 [TRACE] 4FQms4IV0F3avj0QRSjSU9 LDtpv CheckSecureLink()
2023/06/27 14:54:57 [TRACE] 4FQms4IV0F3avj0QRSjSU9 LDtpv CheckCount()
2023/06/27 14:54:57 [TRACE] 4FQms4IV0F3avj0QRSjSU9 LDtpv CheckExpire()
2023/06/27 14:54:57 [TRACE] 4FQms4IV0F3avj0QRSjSU9 LDtpv CheckAuth()
2023/06/27 14:54:57 [TRACE] 4FQms4IV0F3avj0QRSjSU9 LDtpv ServeLink()
2023/06/27 14:54:57 [TRACE] 4FQms4IV0F3avj0QRSjSU9 LDtpv Redirect()
2023/06/27 14:54:57 [TRACE] 4FQms4IV0F3avj0QRSjSU9 LDtpv GET 리다이렉트
2023/06/27 14:54:57 [TRACE] 4FQms4IV0F3avj0QRSjSU9 /LDtpv 컨텍스트저장 UKey:'LDtpv'
2023/06/27 14:54:58 [TRACE] bTwlG2irCoA5S2Rou5rusB /link/get 컨텍스트저장 UKey:'LDtpv'
2023/06/27 15:05:32 [TRACE] j7KDFxnlmhqf6kgTxU035M /link/set 컨텍스트저장 UKey:'652J0'
2023/06/27 15:05:32 [TRACE] i4PWZJND7aJkvkQ7klH2QS /link/set 컨텍스트저장 UKey:'IAZkI'
2023/06/27 15:06:44 [TRACE] loBCwxLwzQ8j0fOxfk0HKq /link/get 컨텍스트저장 UKey:'IAZkI'
2023/06/27 15:06:51 [TRACE] h2YiyxbNQZn4A4uOFgH2Kb /link/set 컨텍스트저장 UKey:'LDvI1'
2023/06/27 15:12:27 [TRACE] ejrsJ0cEKfjbhhvtuWr3dF /link/set 컨텍스트저장 UKey:'updEs'
2023/06/27 15:19:39 [TRACE] 4SXuS37Erlv9tpXdjn42q0 /link/set 컨텍스트저장 UKey:'xrK1D'
2023/06/27 15:19:39 [TRACE] aTTUEsud1B13dMclq9Gvrr /link/set 컨텍스트저장 UKey:'ebLI8'
2023/06/27 15:21:15 [TRACE] iRGP8plyf5Bf5gjLyL3nB8 /link/get 컨텍스트저장 UKey:'ebLI8'
2023/06/27 15:21:23 [TRACE] 2Q8A4VwvtY8kMlNFVesfB5 /link/set 컨텍스트저장 UKey:'ebLIm'
2023/06/27 15:22:34 [TRACE] 2a4gpuGtv4A2gB03NEymyx /link/get 컨텍스트저장 UKey:'ebLIm'
2023/06/27 15:26:58 [TRACE] cx9QtLsIVDIaMj1CZ97J3a /link/get 컨텍스트저장 UKey:'ebLIm'
2023/06/27 15:28:45 [TRACE] aVmiIX50BjpkF910gkuHWY /link/get 컨텍스트저장 UKey:'ebLIm'
2023/06/27 16:36:13 [TRACE] hDPkg1nrNj05eO6jn9BlHS /link/set 컨텍스트저장 UKey:'HA9hm'
2023/06/27 16:36:13 [TRACE] iDGNw6bmKuLjPDsfvcLKp8 /link/set 컨텍스트저장 UKey:'652JM'
2023/06/27 16:39:02 [TRACE] khj0yzcgzYgdmjgQtI1hzZ /link/get 컨텍스트저장 UKey:'652JM'
2023/06/27 16:41:38 [TRACE] 8O9toSYIqi4lSBGbCiTf6d /link/get 컨텍스트저장 UKey:'652JM'
2023/06/27 16:41:59 [TRACE] iONJ6amBU6efDHE5WtMUFK /link/set 컨텍스트저장 UKey:'SJoEQ'
2023/06/27 16:46:55 [TRACE] fEZDzqSvL3V6vdx4XkMXmg /link/get 컨텍스트저장 UKey:'HA9hm'
2023/06/27 16:47:00 [TRACE] j72VeKegje57OVcTIzur3J /link/get 컨텍스트저장 UKey:'HA9hm'
2023/06/27 16:47:41 [TRACE] c4w8vsfQUfkcBgi9WSTeKE /link/set 컨텍스트저장 UKey:'ebLJg'
2023/06/27 16:47:41 [TRACE] hy7Kns1GfxN1i2uEHfkAcI /link/set 컨텍스트저장 UKey:'qlRdC'
2023/06/27 16:49:06 [TRACE] aHXvVIBpGLXdC3tiQxRxVS /link/get 컨텍스트저장 UKey:'qlRdC'
2023/06/27 16:49:19 [TRACE] k8PwSaxKlDU1e4FnVLKFXF /link/set 컨텍스트저장 UKey:'UL4WQ'
2023/06/27 16:50:44 [TRACE] kG6EMDw9T7od8FRJSP6gzz /link/get 컨텍스트저장 UKey:'UL4WQ'
