2023/07/11 06:26:37 [TRACE] h0dViN7qCjLfFugShEntf9 /link/set 컨텍스트저장 UKey:'PGUVB'
2023/07/11 06:28:31 [TRACE] 7rKIxqhbVK16bbMbPt6H2r /link/set 컨텍스트저장 UKey:'Bv8ue'
2023/07/11 06:29:34 [TRACE] 9GTVnKxjQTo7a1DFkA3VTT /link/set 컨텍스트저장 UKey:'ExF1u'
2023/07/11 06:32:22 [TRACE] cs4EDmQL5kUaJjf16wlryZ /link/set 컨텍스트저장 UKey:'qlSzu'
2023/07/11 06:34:33 [TRACE] l4rooHx3pHeeV4EOba6SRk /link/set 컨텍스트저장 UKey:'YOuza'
2023/07/11 06:43:53 [TRACE] cuKTjSokXF62vpMc3toR6F /link/set 컨텍스트저장 UKey:'32wwO'
2023/07/11 06:44:19 [TRACE] fIlYmwc1VnChD2rMYPEvte /link/set 컨텍스트저장 UKey:'fcCEh'
2023/07/11 08:23:47 [TRACE] kYBDV5FErmLgewrJipVp71 /link/set 컨텍스트저장 UKey:'mivTi'
2023/07/11 08:24:27 [TRACE] eIn36uPUYRd6s8NVW7qXJD /link/set 컨텍스트저장 UKey:'YOuD2'
2023/07/11 08:25:59 [TRACE] kzPHZLarNH7tyQJqlYDZE /link/set 컨텍스트저장 UKey:'QHLe0'
2023/07/11 09:02:49 [TRACE] 7mTszIzqMZZ33zzETXj41M /link/set 컨텍스트저장 UKey:'ysC2y'
2023/07/11 09:03:12 [TRACE] jx8Ir78wLLa7p0AvMCEaK3 ----------------------------------------------------
2023/07/11 09:03:12 [TRACE] jx8Ir78wLLa7p0AvMCEaK3 /ysC2y 요청토큰: 4baa3c73-9bfe-4bec-8b70-db3b68f0ded9
2023/07/11 09:03:12 [TRACE] jx8Ir78wLLa7p0AvMCEaK3 2024-06-07 00:00:00 +0700 +07
2023/07/11 09:03:12 [TRACE] jx8Ir78wLLa7p0AvMCEaK3 ub.urlybud.aqua.castis.io 라이선스 정상
2023/07/11 09:03:12 [TRACE] jx8Ir78wLLa7p0AvMCEaK3 ysC2y CheckExists()
2023/07/11 09:03:12 [TRACE] jx8Ir78wLLa7p0AvMCEaK3 ysC2y CheckSecureLink()
2023/07/11 09:03:12 [TRACE] jx8Ir78wLLa7p0AvMCEaK3 ysC2y CheckCount()
2023/07/11 09:03:12 [TRACE] jx8Ir78wLLa7p0AvMCEaK3 ysC2y CheckExpire()
2023/07/11 09:03:12 [TRACE] jx8Ir78wLLa7p0AvMCEaK3 ysC2y CheckAuth()
2023/07/11 09:03:12 [TRACE] jx8Ir78wLLa7p0AvMCEaK3 ysC2y ServeLink()
2023/07/11 09:03:12 [TRACE] jx8Ir78wLLa7p0AvMCEaK3 ysC2y Redirect()
2023/07/11 09:03:12 [TRACE] jx8Ir78wLLa7p0AvMCEaK3 ysC2y GET 리다이렉트
2023/07/11 09:03:12 [TRACE] jx8Ir78wLLa7p0AvMCEaK3 /ysC2y 컨텍스트저장 UKey:'ysC2y'
2023/07/11 09:03:12 [TRACE] ESi91ay7FJb2ac3HXWb8e /link/get 컨텍스트저장 UKey:'ysC2y'
2023/07/11 09:04:59 [TRACE] cmSq2ujk4NOefkHMz2N2mB ----------------------------------------------------
2023/07/11 09:04:59 [TRACE] cmSq2ujk4NOefkHMz2N2mB /ysC2y 토큰생성: fb7a45b1-97f2-405d-a5c2-cab7d2e7fdf6
2023/07/11 09:04:59 [TRACE] cmSq2ujk4NOefkHMz2N2mB 2024-06-07 00:00:00 +0700 +07
2023/07/11 09:04:59 [TRACE] cmSq2ujk4NOefkHMz2N2mB ub.urlybud.aqua.castis.io 라이선스 정상
2023/07/11 09:04:59 [TRACE] cmSq2ujk4NOefkHMz2N2mB ysC2y CheckExists()
2023/07/11 09:04:59 [TRACE] cmSq2ujk4NOefkHMz2N2mB ysC2y CheckSecureLink()
2023/07/11 09:04:59 [TRACE] cmSq2ujk4NOefkHMz2N2mB ysC2y CheckCount()
2023/07/11 09:04:59 [TRACE] cmSq2ujk4NOefkHMz2N2mB ysC2y CheckExpire()
2023/07/11 09:04:59 [TRACE] cmSq2ujk4NOefkHMz2N2mB ysC2y CheckAuth()
2023/07/11 09:04:59 [TRACE] cmSq2ujk4NOefkHMz2N2mB ysC2y ServeLink()
2023/07/11 09:04:59 [TRACE] cmSq2ujk4NOefkHMz2N2mB ysC2y Redirect()
2023/07/11 09:04:59 [TRACE] cmSq2ujk4NOefkHMz2N2mB ysC2y GET 리다이렉트
2023/07/11 09:04:59 [TRACE] cmSq2ujk4NOefkHMz2N2mB /ysC2y 컨텍스트저장 UKey:'ysC2y'
2023/07/11 09:05:02 [TRACE] 6Tc3ZaXYDbXaTkHK284kBs /link/get 컨텍스트저장 UKey:'ysC2y'
2023/07/11 09:05:08 [TRACE] izH5T0fog5ZaT6ztjaZOOf ----------------------------------------------------
2023/07/11 09:05:08 [TRACE] izH5T0fog5ZaT6ztjaZOOf /ysC2y 요청토큰: fb7a45b1-97f2-405d-a5c2-cab7d2e7fdf6
2023/07/11 09:05:08 [TRACE] izH5T0fog5ZaT6ztjaZOOf 2024-06-07 00:00:00 +0700 +07
2023/07/11 09:05:08 [TRACE] izH5T0fog5ZaT6ztjaZOOf ub.urlybud.aqua.castis.io 라이선스 정상
2023/07/11 09:05:08 [TRACE] izH5T0fog5ZaT6ztjaZOOf ysC2y CheckExists()
2023/07/11 09:05:08 [TRACE] izH5T0fog5ZaT6ztjaZOOf ysC2y CheckSecureLink()
2023/07/11 09:05:08 [TRACE] izH5T0fog5ZaT6ztjaZOOf ysC2y CheckCount()
2023/07/11 09:05:08 [TRACE] izH5T0fog5ZaT6ztjaZOOf ysC2y CheckExpire()
2023/07/11 09:05:08 [TRACE] izH5T0fog5ZaT6ztjaZOOf ysC2y CheckAuth()
2023/07/11 09:05:08 [TRACE] izH5T0fog5ZaT6ztjaZOOf ysC2y ServeLink()
2023/07/11 09:05:08 [TRACE] izH5T0fog5ZaT6ztjaZOOf ysC2y Redirect()
2023/07/11 09:05:08 [TRACE] izH5T0fog5ZaT6ztjaZOOf ysC2y GET 리다이렉트
2023/07/11 09:05:08 [TRACE] izH5T0fog5ZaT6ztjaZOOf /ysC2y 컨텍스트저장 UKey:'ysC2y'
2023/07/11 09:05:08 [TRACE] jvdtyLiHPJU6zZfx0fV26j /link/get 컨텍스트저장 UKey:'ysC2y'
2023/07/11 09:05:10 [TRACE] 2RA2G7MJy1NgL724Qw5odx ----------------------------------------------------
2023/07/11 09:05:10 [TRACE] 2RA2G7MJy1NgL724Qw5odx /ysC2y 요청토큰: fb7a45b1-97f2-405d-a5c2-cab7d2e7fdf6
2023/07/11 09:05:10 [TRACE] 2RA2G7MJy1NgL724Qw5odx 2024-06-07 00:00:00 +0700 +07
2023/07/11 09:05:10 [TRACE] 2RA2G7MJy1NgL724Qw5odx ub.urlybud.aqua.castis.io 라이선스 정상
2023/07/11 09:05:10 [TRACE] 2RA2G7MJy1NgL724Qw5odx ysC2y CheckExists()
2023/07/11 09:05:10 [TRACE] 2RA2G7MJy1NgL724Qw5odx ysC2y CheckSecureLink()
2023/07/11 09:05:10 [TRACE] 2RA2G7MJy1NgL724Qw5odx ysC2y CheckCount()
2023/07/11 09:05:10 [TRACE] 2RA2G7MJy1NgL724Qw5odx ysC2y CheckExpire()
2023/07/11 09:05:10 [TRACE] 2RA2G7MJy1NgL724Qw5odx ysC2y CheckAuth()
2023/07/11 09:05:10 [TRACE] 2RA2G7MJy1NgL724Qw5odx ysC2y ServeLink()
2023/07/11 09:05:10 [TRACE] 2RA2G7MJy1NgL724Qw5odx ysC2y Redirect()
2023/07/11 09:05:10 [TRACE] 2RA2G7MJy1NgL724Qw5odx ysC2y GET 리다이렉트
2023/07/11 09:05:10 [TRACE] 2RA2G7MJy1NgL724Qw5odx /ysC2y 컨텍스트저장 UKey:'ysC2y'
2023/07/11 09:05:10 [TRACE] h16qbZvuWdaqqVEIUlBZd /link/get 컨텍스트저장 UKey:'ysC2y'
2023/07/11 09:05:12 [TRACE] gMmvzQLktWehvy8Ez0KMEK ----------------------------------------------------
2023/07/11 09:05:12 [TRACE] gMmvzQLktWehvy8Ez0KMEK /ysC2y 요청토큰: fb7a45b1-97f2-405d-a5c2-cab7d2e7fdf6
2023/07/11 09:05:12 [TRACE] gMmvzQLktWehvy8Ez0KMEK 2024-06-07 00:00:00 +0700 +07
2023/07/11 09:05:12 [TRACE] gMmvzQLktWehvy8Ez0KMEK ub.urlybud.aqua.castis.io 라이선스 정상
2023/07/11 09:05:12 [TRACE] gMmvzQLktWehvy8Ez0KMEK ysC2y CheckExists()
2023/07/11 09:05:12 [TRACE] gMmvzQLktWehvy8Ez0KMEK ysC2y CheckSecureLink()
2023/07/11 09:05:12 [TRACE] gMmvzQLktWehvy8Ez0KMEK ysC2y CheckCount()
2023/07/11 09:05:12 [TRACE] gMmvzQLktWehvy8Ez0KMEK ysC2y CheckExpire()
2023/07/11 09:05:12 [TRACE] gMmvzQLktWehvy8Ez0KMEK ysC2y CheckAuth()
2023/07/11 09:05:12 [TRACE] gMmvzQLktWehvy8Ez0KMEK ysC2y ServeLink()
2023/07/11 09:05:12 [TRACE] gMmvzQLktWehvy8Ez0KMEK ysC2y Redirect()
2023/07/11 09:05:12 [TRACE] gMmvzQLktWehvy8Ez0KMEK ysC2y GET 리다이렉트
2023/07/11 09:05:12 [TRACE] gMmvzQLktWehvy8Ez0KMEK /ysC2y 컨텍스트저장 UKey:'ysC2y'
2023/07/11 09:05:12 [TRACE] 5xzSNZvYVmYeeODaAejz4h /link/get 컨텍스트저장 UKey:'ysC2y'
2023/07/11 09:05:13 [TRACE] 8yUOprVwDiF7uvfpdGm5oK ----------------------------------------------------
2023/07/11 09:05:13 [TRACE] 8yUOprVwDiF7uvfpdGm5oK /ysC2y 요청토큰: fb7a45b1-97f2-405d-a5c2-cab7d2e7fdf6
2023/07/11 09:05:13 [TRACE] 8yUOprVwDiF7uvfpdGm5oK 2024-06-07 00:00:00 +0700 +07
2023/07/11 09:05:13 [TRACE] 8yUOprVwDiF7uvfpdGm5oK ub.urlybud.aqua.castis.io 라이선스 정상
2023/07/11 09:05:13 [TRACE] 8yUOprVwDiF7uvfpdGm5oK ysC2y CheckExists()
2023/07/11 09:05:13 [TRACE] 8yUOprVwDiF7uvfpdGm5oK ysC2y CheckSecureLink()
2023/07/11 09:05:13 [TRACE] 8yUOprVwDiF7uvfpdGm5oK ysC2y CheckCount()
2023/07/11 09:05:13 [TRACE] 8yUOprVwDiF7uvfpdGm5oK ysC2y CheckExpire()
2023/07/11 09:05:13 [TRACE] 8yUOprVwDiF7uvfpdGm5oK ysC2y CheckAuth()
2023/07/11 09:05:13 [TRACE] 8yUOprVwDiF7uvfpdGm5oK ysC2y ServeLink()
2023/07/11 09:05:13 [TRACE] 8yUOprVwDiF7uvfpdGm5oK ysC2y Redirect()
2023/07/11 09:05:13 [TRACE] 8yUOprVwDiF7uvfpdGm5oK ysC2y GET 리다이렉트
2023/07/11 09:05:13 [TRACE] 8yUOprVwDiF7uvfpdGm5oK /ysC2y 컨텍스트저장 UKey:'ysC2y'
2023/07/11 09:05:13 [TRACE] 2q8T3yMoFfSbYm9BgQhmQl /link/get 컨텍스트저장 UKey:'ysC2y'
2023/07/11 09:06:23 [TRACE] 8gL1ht3tABB8t1xJXV6sc2 ----------------------------------------------------
2023/07/11 09:06:23 [TRACE] 8gL1ht3tABB8t1xJXV6sc2 /ysC2y 토큰생성: 82b89c63-9e1f-432d-852f-e8c6c478480f
2023/07/11 09:06:23 [TRACE] 8gL1ht3tABB8t1xJXV6sc2 2024-06-07 00:00:00 +0700 +07
2023/07/11 09:06:23 [TRACE] 8gL1ht3tABB8t1xJXV6sc2 ub.urlybud.aqua.castis.io 라이선스 정상
2023/07/11 09:06:23 [TRACE] 8gL1ht3tABB8t1xJXV6sc2 ysC2y CheckExists()
2023/07/11 09:06:23 [TRACE] 8gL1ht3tABB8t1xJXV6sc2 ysC2y CheckSecureLink()
2023/07/11 09:06:23 [TRACE] 8gL1ht3tABB8t1xJXV6sc2 ysC2y CheckCount()
2023/07/11 09:06:23 [TRACE] 8gL1ht3tABB8t1xJXV6sc2 ysC2y CheckExpire()
2023/07/11 09:06:23 [TRACE] 8gL1ht3tABB8t1xJXV6sc2 ysC2y CheckAuth()
2023/07/11 09:06:23 [TRACE] 8gL1ht3tABB8t1xJXV6sc2 ysC2y ServeLink()
2023/07/11 09:06:23 [TRACE] 8gL1ht3tABB8t1xJXV6sc2 ysC2y Redirect()
2023/07/11 09:06:23 [TRACE] 8gL1ht3tABB8t1xJXV6sc2 ysC2y GET 리다이렉트
2023/07/11 09:06:23 [TRACE] 8gL1ht3tABB8t1xJXV6sc2 /ysC2y 컨텍스트저장 UKey:'ysC2y'
2023/07/11 09:06:34 [TRACE] 7qmhcKt6SMV99sRGF3S8fV /link/get 컨텍스트저장 UKey:'ysC2y'
2023/07/11 09:11:57 [TRACE] UoscDIFV6sjCrOcAHJp3T /link/set 컨텍스트저장 UKey:'if9cA'
2023/07/11 09:26:31 [TRACE] ieeIVC34rzB9FQv1oNFGdR /link/set 컨텍스트저장 UKey:'75Tfl'
2023/07/11 09:26:37 [TRACE] iWkotczWJMn3MnWpgxtEn1 /link/set 컨텍스트저장 UKey:'Bv8Bo'
2023/07/11 09:26:57 [TRACE] 9Zz1j0gMD9GalsrC4uPqzs ----------------------------------------------------
2023/07/11 09:26:57 [TRACE] 9Zz1j0gMD9GalsrC4uPqzs /Bv8Bo 요청토큰: 4baa3c73-9bfe-4bec-8b70-db3b68f0ded9
2023/07/11 09:26:57 [TRACE] 9Zz1j0gMD9GalsrC4uPqzs 2024-06-07 00:00:00 +0700 +07
2023/07/11 09:26:57 [TRACE] 9Zz1j0gMD9GalsrC4uPqzs ub.urlybud.aqua.castis.io 라이선스 정상
2023/07/11 09:26:57 [TRACE] 9Zz1j0gMD9GalsrC4uPqzs Bv8Bo CheckExists()
2023/07/11 09:26:57 [TRACE] 9Zz1j0gMD9GalsrC4uPqzs Bv8Bo CheckSecureLink()
2023/07/11 09:26:57 [TRACE] 9Zz1j0gMD9GalsrC4uPqzs Bv8Bo CheckCount()
2023/07/11 09:26:57 [TRACE] 9Zz1j0gMD9GalsrC4uPqzs Bv8Bo CheckExpire()
2023/07/11 09:26:57 [TRACE] 9Zz1j0gMD9GalsrC4uPqzs Bv8Bo CheckAuth()
2023/07/11 09:26:57 [TRACE] 9Zz1j0gMD9GalsrC4uPqzs Bv8Bo ServeLink()
2023/07/11 09:26:57 [TRACE] 9Zz1j0gMD9GalsrC4uPqzs Bv8Bo Redirect()
2023/07/11 09:26:57 [TRACE] 9Zz1j0gMD9GalsrC4uPqzs Bv8Bo GET 리다이렉트
2023/07/11 09:26:57 [TRACE] 9Zz1j0gMD9GalsrC4uPqzs /Bv8Bo 컨텍스트저장 UKey:'Bv8Bo'
2023/07/11 09:26:58 [TRACE] cyi94hQSe7i4eUcVxO9R52 /link/get 컨텍스트저장 UKey:'Bv8Bo'
2023/07/11 10:35:17 [TRACE] aY6OCd28Nnz8m4nWY7Yxw0 /link/set 컨텍스트저장 UKey:'32wxf'
2023/07/11 10:52:05 [TRACE] 422KLEJwjZo3nA1WLc6WT9 /link/set 컨텍스트저장 UKey:'rmIPC'
2023/07/11 10:53:12 [TRACE] fJmVs2hiLwMk7kfYxfPrmo ----------------------------------------------------
2023/07/11 10:53:12 [TRACE] fJmVs2hiLwMk7kfYxfPrmo /rmIPC 토큰생성: 93dfddcd-e808-44ba-814a-1d14c780f373
2023/07/11 10:53:12 [TRACE] fJmVs2hiLwMk7kfYxfPrmo 2024-06-07 00:00:00 +0700 +07
2023/07/11 10:53:12 [TRACE] fJmVs2hiLwMk7kfYxfPrmo ub.urlybud.aqua.castis.io 라이선스 정상
2023/07/11 10:53:12 [TRACE] fJmVs2hiLwMk7kfYxfPrmo rmIPC CheckExists()
2023/07/11 10:53:12 [TRACE] fJmVs2hiLwMk7kfYxfPrmo rmIPC CheckSecureLink()
2023/07/11 10:53:12 [TRACE] fJmVs2hiLwMk7kfYxfPrmo rmIPC CheckCount()
2023/07/11 10:53:12 [TRACE] fJmVs2hiLwMk7kfYxfPrmo rmIPC CheckExpire()
2023/07/11 10:53:12 [TRACE] fJmVs2hiLwMk7kfYxfPrmo rmIPC CheckAuth()
2023/07/11 10:53:12 [TRACE] fJmVs2hiLwMk7kfYxfPrmo rmIPC ServeLink()
2023/07/11 10:53:12 [TRACE] fJmVs2hiLwMk7kfYxfPrmo rmIPC Redirect()
2023/07/11 10:53:12 [TRACE] fJmVs2hiLwMk7kfYxfPrmo rmIPC GET 리다이렉트
2023/07/11 10:53:12 [TRACE] fJmVs2hiLwMk7kfYxfPrmo /rmIPC 컨텍스트저장 UKey:'rmIPC'
2023/07/11 10:53:15 [TRACE] j5VW062SCIoiFkkeTX7yDr ----------------------------------------------------
2023/07/11 10:53:15 [TRACE] j5VW062SCIoiFkkeTX7yDr /rmIPC 토큰생성: 3144bc2b-7897-4e52-97b8-bbd1fa54e126
2023/07/11 10:53:15 [TRACE] j5VW062SCIoiFkkeTX7yDr 2024-06-07 00:00:00 +0700 +07
2023/07/11 10:53:15 [TRACE] j5VW062SCIoiFkkeTX7yDr ub.urlybud.aqua.castis.io 라이선스 정상
2023/07/11 10:53:15 [TRACE] j5VW062SCIoiFkkeTX7yDr rmIPC CheckExists()
2023/07/11 10:53:15 [TRACE] j5VW062SCIoiFkkeTX7yDr rmIPC CheckSecureLink()
2023/07/11 10:53:15 [TRACE] j5VW062SCIoiFkkeTX7yDr rmIPC CheckCount()
2023/07/11 10:53:15 [TRACE] j5VW062SCIoiFkkeTX7yDr rmIPC CheckExpire()
2023/07/11 10:53:15 [TRACE] j5VW062SCIoiFkkeTX7yDr rmIPC CheckAuth()
2023/07/11 10:53:15 [TRACE] j5VW062SCIoiFkkeTX7yDr rmIPC ServeLink()
2023/07/11 10:53:15 [TRACE] j5VW062SCIoiFkkeTX7yDr rmIPC Redirect()
2023/07/11 10:53:15 [TRACE] j5VW062SCIoiFkkeTX7yDr rmIPC GET 리다이렉트
2023/07/11 10:53:15 [TRACE] j5VW062SCIoiFkkeTX7yDr /rmIPC 컨텍스트저장 UKey:'rmIPC'
2023/07/11 10:53:16 [TRACE] kBAqaMYmPMkeEPBxIBsKJd /link/get 컨텍스트저장 UKey:'rmIPC'
2023/07/11 10:53:17 [TRACE] eKNXBhNtdRI2PFxhNduE9u /link/get 컨텍스트저장 UKey:'rmIPC'
2023/07/11 10:54:19 [TRACE] dyKbroRBuXH5UpMBtli0Xk /link/get 컨텍스트저장 UKey:'rmIPC'
2023/07/11 10:56:31 [TRACE] jequYSv7e0w2IplSZ3y8Je /link/get 컨텍스트저장 UKey:'rmIPC'
2023/07/11 10:56:39 [TRACE] c6ulvlmJZ4p4iehGL1629o ----------------------------------------------------
2023/07/11 10:56:39 [TRACE] c6ulvlmJZ4p4iehGL1629o /32wvv 토큰생성: 7b7c2d17-270e-4e11-877b-f564b39aa8bf
2023/07/11 10:56:39 [TRACE] c6ulvlmJZ4p4iehGL1629o 2024-06-07 00:00:00 +0700 +07
2023/07/11 10:56:39 [TRACE] c6ulvlmJZ4p4iehGL1629o ub.urlybud.aqua.castis.io 라이선스 정상
2023/07/11 10:56:39 [TRACE] c6ulvlmJZ4p4iehGL1629o 32wvv CheckExists()
2023/07/11 10:56:39 [TRACE] c6ulvlmJZ4p4iehGL1629o 32wvv CheckSecureLink()
2023/07/11 10:56:39 [TRACE] c6ulvlmJZ4p4iehGL1629o 32wvv CheckCount()
2023/07/11 10:56:39 [TRACE] c6ulvlmJZ4p4iehGL1629o 32wvv CheckExpire()
2023/07/11 10:56:39 [TRACE] c6ulvlmJZ4p4iehGL1629o 32wvv CheckAuth()
2023/07/11 10:56:39 [TRACE] c6ulvlmJZ4p4iehGL1629o 32wvv ServeLink()
2023/07/11 10:56:39 [TRACE] c6ulvlmJZ4p4iehGL1629o 32wvv Redirect()
2023/07/11 10:56:39 [TRACE] c6ulvlmJZ4p4iehGL1629o 32wvv GET 리다이렉트
2023/07/11 10:56:39 [TRACE] c6ulvlmJZ4p4iehGL1629o /32wvv 컨텍스트저장 UKey:'32wvv'
2023/07/11 10:56:39 [TRACE] bM6iruHanzifYN2hTOQqf9 /link/get 컨텍스트저장 UKey:'32wvv'
2023/07/11 10:56:45 [TRACE] jvjpIQVFCq7jyAnmswysA0 ----------------------------------------------------
2023/07/11 10:56:45 [TRACE] jvjpIQVFCq7jyAnmswysA0 /ysC2y 요청토큰: 7b7c2d17-270e-4e11-877b-f564b39aa8bf
2023/07/11 10:56:45 [TRACE] jvjpIQVFCq7jyAnmswysA0 2024-06-07 00:00:00 +0700 +07
2023/07/11 10:56:45 [TRACE] jvjpIQVFCq7jyAnmswysA0 ub.urlybud.aqua.castis.io 라이선스 정상
2023/07/11 10:56:45 [TRACE] jvjpIQVFCq7jyAnmswysA0 ysC2y CheckExists()
2023/07/11 10:56:45 [TRACE] jvjpIQVFCq7jyAnmswysA0 ysC2y CheckSecureLink()
2023/07/11 10:56:45 [TRACE] jvjpIQVFCq7jyAnmswysA0 ysC2y CheckCount()
2023/07/11 10:56:45 [TRACE] jvjpIQVFCq7jyAnmswysA0 ysC2y CheckExpire()
2023/07/11 10:56:45 [TRACE] jvjpIQVFCq7jyAnmswysA0 ysC2y CheckAuth()
2023/07/11 10:56:45 [TRACE] jvjpIQVFCq7jyAnmswysA0 ysC2y ServeLink()
2023/07/11 10:56:45 [TRACE] jvjpIQVFCq7jyAnmswysA0 ysC2y Redirect()
2023/07/11 10:56:45 [TRACE] jvjpIQVFCq7jyAnmswysA0 ysC2y GET 리다이렉트
2023/07/11 10:56:45 [TRACE] jvjpIQVFCq7jyAnmswysA0 /ysC2y 컨텍스트저장 UKey:'ysC2y'
2023/07/11 10:56:45 [TRACE] 8bUQpx847tofhlg9D9jE7E /link/get 컨텍스트저장 UKey:'ysC2y'
2023/07/11 10:58:48 [TRACE] 7HBb0YQxBmLjiICT8YSAV2 ----------------------------------------------------
2023/07/11 10:58:48 [TRACE] 7HBb0YQxBmLjiICT8YSAV2 /rmIPC 요청토큰: 93dfddcd-e808-44ba-814a-1d14c780f373
2023/07/11 10:58:48 [TRACE] 7HBb0YQxBmLjiICT8YSAV2 2024-06-07 00:00:00 +0700 +07
2023/07/11 10:58:48 [TRACE] 7HBb0YQxBmLjiICT8YSAV2 ub.urlybud.aqua.castis.io 라이선스 정상
2023/07/11 10:58:48 [TRACE] 7HBb0YQxBmLjiICT8YSAV2 rmIPC CheckExists()
2023/07/11 10:58:48 [TRACE] 7HBb0YQxBmLjiICT8YSAV2 rmIPC CheckSecureLink()
2023/07/11 10:58:48 [TRACE] 7HBb0YQxBmLjiICT8YSAV2 rmIPC CheckCount()
2023/07/11 10:58:48 [TRACE] 7HBb0YQxBmLjiICT8YSAV2 rmIPC CheckExpire()
2023/07/11 10:58:48 [TRACE] 7HBb0YQxBmLjiICT8YSAV2 rmIPC CheckAuth()
2023/07/11 10:58:48 [TRACE] 7HBb0YQxBmLjiICT8YSAV2 rmIPC ServeLink()
2023/07/11 10:58:48 [TRACE] 7HBb0YQxBmLjiICT8YSAV2 rmIPC Redirect()
2023/07/11 10:58:48 [TRACE] 7HBb0YQxBmLjiICT8YSAV2 rmIPC GET 리다이렉트
2023/07/11 10:58:48 [TRACE] 7HBb0YQxBmLjiICT8YSAV2 /rmIPC 컨텍스트저장 UKey:'rmIPC'
2023/07/11 10:58:48 [TRACE] c9OetTSmsGPhZLRhUfPGSz /link/get 컨텍스트저장 UKey:'rmIPC'
2023/07/11 10:58:56 [TRACE] 4hOMsDr76jK8oSyUvoIS7S /link/get 컨텍스트저장 UKey:'rmIPC'
2023/07/11 11:01:32 [TRACE] 7xHpKQHrwVif2oXUwkgGLq /link/get 컨텍스트저장 UKey:'rmIPC'
2023/07/11 11:01:36 [TRACE] clh0vBdASAu3BGIdCJsxXp ----------------------------------------------------
2023/07/11 11:01:36 [TRACE] clh0vBdASAu3BGIdCJsxXp /Bv8Bo 토큰생성: e7620941-868d-4606-888f-a31d41158947
2023/07/11 11:01:36 [TRACE] clh0vBdASAu3BGIdCJsxXp 2024-06-07 00:00:00 +0700 +07
2023/07/11 11:01:36 [TRACE] clh0vBdASAu3BGIdCJsxXp ub.urlybud.aqua.castis.io 라이선스 정상
2023/07/11 11:01:36 [TRACE] clh0vBdASAu3BGIdCJsxXp Bv8Bo CheckExists()
2023/07/11 11:01:36 [TRACE] clh0vBdASAu3BGIdCJsxXp Bv8Bo CheckSecureLink()
2023/07/11 11:01:36 [TRACE] clh0vBdASAu3BGIdCJsxXp Bv8Bo CheckCount()
2023/07/11 11:01:36 [TRACE] clh0vBdASAu3BGIdCJsxXp Bv8Bo CheckExpire()
2023/07/11 11:01:36 [TRACE] clh0vBdASAu3BGIdCJsxXp Bv8Bo CheckAuth()
2023/07/11 11:01:36 [TRACE] clh0vBdASAu3BGIdCJsxXp Bv8Bo ServeLink()
2023/07/11 11:01:36 [TRACE] clh0vBdASAu3BGIdCJsxXp Bv8Bo Redirect()
2023/07/11 11:01:36 [TRACE] clh0vBdASAu3BGIdCJsxXp Bv8Bo GET 리다이렉트
2023/07/11 11:01:36 [TRACE] clh0vBdASAu3BGIdCJsxXp /Bv8Bo 컨텍스트저장 UKey:'Bv8Bo'
2023/07/11 11:01:36 [TRACE] 4HaIGal5enOj6ywfaGsK5S /link/get 컨텍스트저장 UKey:'Bv8Bo'
2023/07/11 11:01:49 [TRACE] i9zxtOUTOr71oyLKrWHW83 ----------------------------------------------------
2023/07/11 11:01:49 [TRACE] i9zxtOUTOr71oyLKrWHW83 /rmIPC 요청토큰: e7620941-868d-4606-888f-a31d41158947
2023/07/11 11:01:49 [TRACE] i9zxtOUTOr71oyLKrWHW83 2024-06-07 00:00:00 +0700 +07
2023/07/11 11:01:49 [TRACE] i9zxtOUTOr71oyLKrWHW83 ub.urlybud.aqua.castis.io 라이선스 정상
2023/07/11 11:01:49 [TRACE] i9zxtOUTOr71oyLKrWHW83 rmIPC CheckExists()
2023/07/11 11:01:49 [TRACE] i9zxtOUTOr71oyLKrWHW83 rmIPC CheckSecureLink()
2023/07/11 11:01:49 [TRACE] i9zxtOUTOr71oyLKrWHW83 rmIPC CheckCount()
2023/07/11 11:01:49 [TRACE] i9zxtOUTOr71oyLKrWHW83 rmIPC CheckExpire()
2023/07/11 11:01:49 [TRACE] i9zxtOUTOr71oyLKrWHW83 rmIPC CheckAuth()
2023/07/11 11:01:49 [TRACE] i9zxtOUTOr71oyLKrWHW83 rmIPC ServeLink()
2023/07/11 11:01:49 [TRACE] i9zxtOUTOr71oyLKrWHW83 rmIPC Redirect()
2023/07/11 11:01:49 [TRACE] i9zxtOUTOr71oyLKrWHW83 rmIPC GET 리다이렉트
2023/07/11 11:01:49 [TRACE] i9zxtOUTOr71oyLKrWHW83 /rmIPC 컨텍스트저장 UKey:'rmIPC'
2023/07/11 11:01:49 [TRACE] 9E9Q2MviQZtbQoYzJABssK /link/get 컨텍스트저장 UKey:'rmIPC'
2023/07/11 11:01:53 [TRACE] WLSSUYanIK3IhBjZ7p34V /link/get 컨텍스트저장 UKey:'rmIPC'
2023/07/11 11:01:58 [TRACE] k4JUUxeaVwj2Cgu57Vu2xq /link/get 컨텍스트저장 UKey:'rmIPC'
2023/07/11 11:02:43 [TRACE] 8KcVhrvG8ZXhHdy3vRZH9B /link/get 컨텍스트저장 UKey:'rmIPC'
2023/07/11 11:02:45 [TRACE] j1ZfBAYAawPfajCNKF4og1 /link/get 컨텍스트저장 UKey:'rmIPC'
2023/07/11 11:02:51 [TRACE] cbviaObjtDZlMYqsUTvq1P /link/get 컨텍스트저장 UKey:'rmIPC'
2023/07/11 11:02:51 [TRACE] bcjFJDhCRkikLt1U5euBnI /link/get 컨텍스트저장 UKey:'rmIPC'
2023/07/11 11:02:52 [TRACE] bNZ1SIitTc7gwwvqI5C8hp /link/get 컨텍스트저장 UKey:'rmIPC'
2023/07/11 11:02:53 [TRACE] 6p4RvWNk26V9MUL63rFjhv /link/get 컨텍스트저장 UKey:'rmIPC'
2023/07/11 11:02:53 [TRACE] 6YpyIG6sIMOfZHzSioZesB /link/get 컨텍스트저장 UKey:'rmIPC'
2023/07/11 11:02:54 [TRACE] 1l95nWI7cBYaAMFxHVHHvv /link/get 컨텍스트저장 UKey:'rmIPC'
2023/07/11 11:02:54 [TRACE] 2bihJYyCptjbwDeFnSp7JG /link/get 컨텍스트저장 UKey:'rmIPC'
2023/07/11 11:02:54 [TRACE] lpf9CySBYIPj2P5jhGHpnT /link/get 컨텍스트저장 UKey:'rmIPC'
2023/07/11 11:02:54 [TRACE] jAZnoAnpis44HRwWohTFim /link/get 컨텍스트저장 UKey:'rmIPC'
2023/07/11 11:02:54 [TRACE] LgvyOZNZay537SVGqhvBw /link/get 컨텍스트저장 UKey:'rmIPC'
2023/07/11 11:02:55 [TRACE] br1LTbevuGYekokwIfA3YR /link/get 컨텍스트저장 UKey:'rmIPC'
2023/07/11 11:02:55 [TRACE] hHONY90SCMY64BbMIlkWCA /link/get 컨텍스트저장 UKey:'rmIPC'
2023/07/11 11:02:55 [TRACE] f1om04evCC33FRSqLnu8Bg /link/get 컨텍스트저장 UKey:'rmIPC'
2023/07/11 11:02:55 [TRACE] aJnYDjA2yTr7e2cq0I9DZh /link/get 컨텍스트저장 UKey:'rmIPC'
2023/07/11 11:02:56 [TRACE] 1ZxpaVtPVkk4OXhhOHuhNT /link/get 컨텍스트저장 UKey:'rmIPC'
2023/07/11 11:02:56 [TRACE] 3awEA8hFHAe6Psbtu82Vqm /link/get 컨텍스트저장 UKey:'rmIPC'
2023/07/11 11:02:56 [TRACE] j5bbJgr4NSbl4Zss2Qzait /link/get 컨텍스트저장 UKey:'rmIPC'
2023/07/11 11:02:56 [TRACE] 82yEM6gcQFC5W7ZoisUHbB /link/get 컨텍스트저장 UKey:'rmIPC'
2023/07/11 11:02:56 [TRACE] dCvjlyHUF4DkSeFtvpH8YR /link/get 컨텍스트저장 UKey:'rmIPC'
2023/07/11 11:02:57 [TRACE] ghT1BuIquhZiLcgT2ixzha /link/get 컨텍스트저장 UKey:'rmIPC'
2023/07/11 11:02:58 [TRACE] iEpiWoTCCCNc8z4DT28Khn /link/get 컨텍스트저장 UKey:'rmIPC'
2023/07/11 11:02:58 [TRACE] 3P0iAVDMQrT6TJD579hySv /link/get 컨텍스트저장 UKey:'rmIPC'
2023/07/11 11:02:58 [TRACE] eL9x5TCwIZVhpNP5y1ipr3 /link/get 컨텍스트저장 UKey:'rmIPC'
2023/07/11 11:03:00 [TRACE] bjtSS8k9KGH41tDPs4aPj4 /link/get 컨텍스트저장 UKey:'rmIPC'
2023/07/11 11:03:08 [TRACE] ggd8AH78oHH5TBvKyxLS36 /link/get 컨텍스트저장 UKey:'rmIPC'
2023/07/11 11:03:08 [TRACE] i1SjYLHSK8Ja1qkSBJCZas ----------------------------------------------------
2023/07/11 11:03:08 [TRACE] i1SjYLHSK8Ja1qkSBJCZas /rmIPC 요청토큰: 77bd72eb-3258-4035-a642-38e566ca408b
2023/07/11 11:03:08 [TRACE] i1SjYLHSK8Ja1qkSBJCZas 2024-06-07 00:00:00 +0700 +07
2023/07/11 11:03:08 [TRACE] i1SjYLHSK8Ja1qkSBJCZas ub.urlybud.aqua.castis.io 라이선스 정상
2023/07/11 11:03:08 [TRACE] i1SjYLHSK8Ja1qkSBJCZas rmIPC CheckExists()
2023/07/11 11:03:08 [TRACE] i1SjYLHSK8Ja1qkSBJCZas rmIPC CheckSecureLink()
2023/07/11 11:03:08 [TRACE] i1SjYLHSK8Ja1qkSBJCZas rmIPC CheckCount()
2023/07/11 11:03:08 [TRACE] i1SjYLHSK8Ja1qkSBJCZas rmIPC CheckExpire()
2023/07/11 11:03:08 [TRACE] i1SjYLHSK8Ja1qkSBJCZas rmIPC CheckAuth()
2023/07/11 11:03:08 [TRACE] i1SjYLHSK8Ja1qkSBJCZas rmIPC ServeLink()
2023/07/11 11:03:08 [TRACE] i1SjYLHSK8Ja1qkSBJCZas rmIPC Redirect()
2023/07/11 11:03:08 [TRACE] i1SjYLHSK8Ja1qkSBJCZas rmIPC GET 리다이렉트
2023/07/11 11:03:08 [TRACE] i1SjYLHSK8Ja1qkSBJCZas /rmIPC 컨텍스트저장 UKey:'rmIPC'
2023/07/11 11:03:09 [TRACE] kto3uWWSKJcgBLUOJLymts /link/get 컨텍스트저장 UKey:'rmIPC'
2023/07/11 11:03:20 [TRACE] g8Nq7VqFXEH5LVkDnDidyC ----------------------------------------------------
2023/07/11 11:03:20 [TRACE] g8Nq7VqFXEH5LVkDnDidyC /ysC2y 요청토큰: e7620941-868d-4606-888f-a31d41158947
2023/07/11 11:03:20 [TRACE] g8Nq7VqFXEH5LVkDnDidyC 2024-06-07 00:00:00 +0700 +07
2023/07/11 11:03:20 [TRACE] g8Nq7VqFXEH5LVkDnDidyC ub.urlybud.aqua.castis.io 라이선스 정상
2023/07/11 11:03:20 [TRACE] g8Nq7VqFXEH5LVkDnDidyC ysC2y CheckExists()
2023/07/11 11:03:20 [TRACE] g8Nq7VqFXEH5LVkDnDidyC ysC2y CheckSecureLink()
2023/07/11 11:03:20 [TRACE] g8Nq7VqFXEH5LVkDnDidyC ysC2y CheckCount()
2023/07/11 11:03:20 [TRACE] g8Nq7VqFXEH5LVkDnDidyC ysC2y CheckExpire()
2023/07/11 11:03:20 [TRACE] g8Nq7VqFXEH5LVkDnDidyC ysC2y CheckAuth()
2023/07/11 11:03:20 [TRACE] g8Nq7VqFXEH5LVkDnDidyC ysC2y ServeLink()
2023/07/11 11:03:20 [TRACE] g8Nq7VqFXEH5LVkDnDidyC ysC2y Redirect()
2023/07/11 11:03:20 [TRACE] g8Nq7VqFXEH5LVkDnDidyC ysC2y GET 리다이렉트
2023/07/11 11:03:20 [TRACE] g8Nq7VqFXEH5LVkDnDidyC /ysC2y 컨텍스트저장 UKey:'ysC2y'
2023/07/11 11:03:20 [TRACE] 8UmWpoBxRSK9G8yK6PX7Wb /link/get 컨텍스트저장 UKey:'ysC2y'
2023/07/11 11:03:34 [TRACE] iBrwens3jyTgHgZfVXV9KX /link/set 컨텍스트저장 UKey:'QHLjS'
2023/07/11 11:03:44 [TRACE] iz8hIa4ibTc2AOotQk77wd ----------------------------------------------------
2023/07/11 11:03:44 [TRACE] iz8hIa4ibTc2AOotQk77wd /QHLjS 요청토큰: 4baa3c73-9bfe-4bec-8b70-db3b68f0ded9
2023/07/11 11:03:44 [TRACE] iz8hIa4ibTc2AOotQk77wd 2024-06-07 00:00:00 +0700 +07
2023/07/11 11:03:44 [TRACE] iz8hIa4ibTc2AOotQk77wd ub.urlybud.aqua.castis.io 라이선스 정상
2023/07/11 11:03:44 [TRACE] iz8hIa4ibTc2AOotQk77wd QHLjS CheckExists()
2023/07/11 11:03:44 [TRACE] iz8hIa4ibTc2AOotQk77wd QHLjS CheckSecureLink()
2023/07/11 11:03:44 [TRACE] iz8hIa4ibTc2AOotQk77wd QHLjS CheckCount()
2023/07/11 11:03:44 [TRACE] iz8hIa4ibTc2AOotQk77wd QHLjS CheckExpire()
2023/07/11 11:03:44 [TRACE] iz8hIa4ibTc2AOotQk77wd QHLjS CheckAuth()
2023/07/11 11:03:44 [TRACE] iz8hIa4ibTc2AOotQk77wd QHLjS ServeLink()
2023/07/11 11:03:44 [TRACE] iz8hIa4ibTc2AOotQk77wd QHLjS Redirect()
2023/07/11 11:03:44 [TRACE] iz8hIa4ibTc2AOotQk77wd QHLjS GET 리다이렉트
2023/07/11 11:03:44 [TRACE] iz8hIa4ibTc2AOotQk77wd /QHLjS 컨텍스트저장 UKey:'QHLjS'
2023/07/11 11:03:45 [TRACE] 8Geb9piyfnCDSf8YgHc84 /link/get 컨텍스트저장 UKey:'QHLjS'
2023/07/11 11:03:47 [TRACE] cbxtYXFvzdz2A9jyJ8RNfR /link/get 컨텍스트저장 UKey:'ysC2y'
2023/07/11 11:04:02 [TRACE] dgo1B0ofBZ19mlO5IK1lQZ ----------------------------------------------------
2023/07/11 11:04:02 [TRACE] dgo1B0ofBZ19mlO5IK1lQZ /jfZcT 요청토큰: e7620941-868d-4606-888f-a31d41158947
2023/07/11 11:04:02 [TRACE] dgo1B0ofBZ19mlO5IK1lQZ 2024-06-07 00:00:00 +0700 +07
2023/07/11 11:04:02 [TRACE] dgo1B0ofBZ19mlO5IK1lQZ ub.urlybud.aqua.castis.io 라이선스 정상
2023/07/11 11:04:02 [TRACE] dgo1B0ofBZ19mlO5IK1lQZ jfZcT CheckExists()
2023/07/11 11:04:02 [TRACE] dgo1B0ofBZ19mlO5IK1lQZ jfZcT CheckSecureLink()
2023/07/11 11:04:02 [TRACE] dgo1B0ofBZ19mlO5IK1lQZ jfZcT CheckCount()
2023/07/11 11:04:02 [TRACE] dgo1B0ofBZ19mlO5IK1lQZ jfZcT CheckExpire()
2023/07/11 11:04:02 [TRACE] dgo1B0ofBZ19mlO5IK1lQZ jfZcT CheckAuth()
2023/07/11 11:04:02 [TRACE] dgo1B0ofBZ19mlO5IK1lQZ jfZcT ServeLink()
2023/07/11 11:04:02 [TRACE] dgo1B0ofBZ19mlO5IK1lQZ jfZcT Redirect()
2023/07/11 11:04:02 [TRACE] dgo1B0ofBZ19mlO5IK1lQZ jfZcT GET 리다이렉트
2023/07/11 11:04:02 [TRACE] dgo1B0ofBZ19mlO5IK1lQZ /jfZcT 컨텍스트저장 UKey:'jfZcT'
2023/07/11 11:04:02 [TRACE] 6IkiMNyktydhDeAM5wrHPg /link/get 컨텍스트저장 UKey:'jfZcT'
2023/07/11 11:04:29 [TRACE] iXiIbREXIGZi9z60n5JI4v /link/get 컨텍스트저장 UKey:'jfZcT'
2023/07/11 11:04:31 [TRACE] 1bfb6oMhLR01HE8cod3hdi /link/get 컨텍스트저장 UKey:'jfZcT'
2023/07/11 11:04:33 [TRACE] 4BRLMRp5TgE2KRGAw70WhJ ----------------------------------------------------
2023/07/11 11:04:33 [TRACE] 4BRLMRp5TgE2KRGAw70WhJ /jfZcT 요청토큰: e7620941-868d-4606-888f-a31d41158947
2023/07/11 11:04:33 [TRACE] 4BRLMRp5TgE2KRGAw70WhJ 2024-06-07 00:00:00 +0700 +07
2023/07/11 11:04:33 [TRACE] 4BRLMRp5TgE2KRGAw70WhJ ub.urlybud.aqua.castis.io 라이선스 정상
2023/07/11 11:04:33 [TRACE] 4BRLMRp5TgE2KRGAw70WhJ jfZcT CheckExists()
2023/07/11 11:04:33 [TRACE] 4BRLMRp5TgE2KRGAw70WhJ jfZcT CheckSecureLink()
2023/07/11 11:04:33 [TRACE] 4BRLMRp5TgE2KRGAw70WhJ jfZcT CheckCount()
2023/07/11 11:04:33 [TRACE] 4BRLMRp5TgE2KRGAw70WhJ jfZcT CheckExpire()
2023/07/11 11:04:33 [TRACE] 4BRLMRp5TgE2KRGAw70WhJ jfZcT CheckAuth()
2023/07/11 11:04:33 [TRACE] 4BRLMRp5TgE2KRGAw70WhJ jfZcT ServeLink()
2023/07/11 11:04:33 [TRACE] 4BRLMRp5TgE2KRGAw70WhJ jfZcT Redirect()
2023/07/11 11:04:33 [TRACE] 4BRLMRp5TgE2KRGAw70WhJ jfZcT GET 리다이렉트
2023/07/11 11:04:33 [TRACE] 4BRLMRp5TgE2KRGAw70WhJ /jfZcT 컨텍스트저장 UKey:'jfZcT'
2023/07/11 11:04:34 [TRACE] eYfALmlxN7amS4gJpkCf4 /link/get 컨텍스트저장 UKey:'jfZcT'
2023/07/11 11:04:37 [TRACE] 1FbXUsZVO4Dk2C1it4aR2S /link/set 컨텍스트저장 UKey:'54cTE'
2023/07/11 11:04:45 [TRACE] 4sQoABYebp98kEfQR4s4DU ----------------------------------------------------
2023/07/11 11:04:45 [TRACE] 4sQoABYebp98kEfQR4s4DU /54cTE 요청토큰: 4baa3c73-9bfe-4bec-8b70-db3b68f0ded9
2023/07/11 11:04:45 [TRACE] 4sQoABYebp98kEfQR4s4DU 2024-06-07 00:00:00 +0700 +07
2023/07/11 11:04:45 [TRACE] 4sQoABYebp98kEfQR4s4DU ub.urlybud.aqua.castis.io 라이선스 정상
2023/07/11 11:04:45 [TRACE] 4sQoABYebp98kEfQR4s4DU 54cTE CheckExists()
2023/07/11 11:04:45 [TRACE] 4sQoABYebp98kEfQR4s4DU 54cTE CheckSecureLink()
2023/07/11 11:04:45 [TRACE] 4sQoABYebp98kEfQR4s4DU 54cTE CheckCount()
2023/07/11 11:04:45 [TRACE] 4sQoABYebp98kEfQR4s4DU 54cTE CheckExpire()
2023/07/11 11:04:45 [TRACE] 4sQoABYebp98kEfQR4s4DU 54cTE CheckAuth()
2023/07/11 11:04:45 [TRACE] 4sQoABYebp98kEfQR4s4DU 54cTE ServeLink()
2023/07/11 11:04:45 [TRACE] 4sQoABYebp98kEfQR4s4DU 54cTE Redirect()
2023/07/11 11:04:45 [TRACE] 4sQoABYebp98kEfQR4s4DU 54cTE GET 리다이렉트
2023/07/11 11:04:45 [TRACE] 4sQoABYebp98kEfQR4s4DU /54cTE 컨텍스트저장 UKey:'54cTE'
2023/07/11 11:04:45 [TRACE] 3MAw7mJZKgvilFJStFtV5h /link/get 컨텍스트저장 UKey:'54cTE'
2023/07/11 11:05:34 [TRACE] j6d2M4eg3ouh9XEE0ktd0B /link/set 컨텍스트저장 UKey:'DwP0F'
2023/07/11 11:05:41 [TRACE] 73W4VSLsTqnjWTGh904njK ----------------------------------------------------
2023/07/11 11:05:41 [TRACE] 73W4VSLsTqnjWTGh904njK /DwP0F 요청토큰: 4baa3c73-9bfe-4bec-8b70-db3b68f0ded9
2023/07/11 11:05:41 [TRACE] 73W4VSLsTqnjWTGh904njK 2024-06-07 00:00:00 +0700 +07
2023/07/11 11:05:41 [TRACE] 73W4VSLsTqnjWTGh904njK ub.urlybud.aqua.castis.io 라이선스 정상
2023/07/11 11:05:41 [TRACE] 73W4VSLsTqnjWTGh904njK DwP0F CheckExists()
2023/07/11 11:05:41 [TRACE] 73W4VSLsTqnjWTGh904njK DwP0F CheckSecureLink()
2023/07/11 11:05:41 [TRACE] 73W4VSLsTqnjWTGh904njK DwP0F CheckCount()
2023/07/11 11:05:41 [TRACE] 73W4VSLsTqnjWTGh904njK DwP0F CheckExpire()
2023/07/11 11:05:41 [TRACE] 73W4VSLsTqnjWTGh904njK DwP0F CheckAuth()
2023/07/11 11:05:41 [TRACE] 73W4VSLsTqnjWTGh904njK DwP0F ServeLink()
2023/07/11 11:05:41 [TRACE] 73W4VSLsTqnjWTGh904njK DwP0F Redirect()
2023/07/11 11:05:41 [TRACE] 73W4VSLsTqnjWTGh904njK DwP0F GET 리다이렉트
2023/07/11 11:05:41 [TRACE] 73W4VSLsTqnjWTGh904njK /DwP0F 컨텍스트저장 UKey:'DwP0F'
2023/07/11 11:05:41 [TRACE] 7tpQXXHo55sb4pNlikVZEH /link/get 컨텍스트저장 UKey:'DwP0F'
2023/07/11 11:06:11 [TRACE] ln6lXmbOitF8EwCHrvUHKF /link/set 컨텍스트저장 UKey:'LDysA'
2023/07/11 11:06:19 [TRACE] 6xt7RhfTNzwkNHz1Wl46tt ----------------------------------------------------
2023/07/11 11:06:19 [TRACE] 6xt7RhfTNzwkNHz1Wl46tt /LDysA 요청토큰: 4baa3c73-9bfe-4bec-8b70-db3b68f0ded9
2023/07/11 11:06:19 [TRACE] 6xt7RhfTNzwkNHz1Wl46tt 2024-06-07 00:00:00 +0700 +07
2023/07/11 11:06:19 [TRACE] 6xt7RhfTNzwkNHz1Wl46tt ub.urlybud.aqua.castis.io 라이선스 정상
2023/07/11 11:06:19 [TRACE] 6xt7RhfTNzwkNHz1Wl46tt LDysA CheckExists()
2023/07/11 11:06:19 [TRACE] 6xt7RhfTNzwkNHz1Wl46tt LDysA CheckSecureLink()
2023/07/11 11:06:19 [TRACE] 6xt7RhfTNzwkNHz1Wl46tt LDysA CheckCount()
2023/07/11 11:06:19 [TRACE] 6xt7RhfTNzwkNHz1Wl46tt LDysA CheckExpire()
2023/07/11 11:06:19 [TRACE] 6xt7RhfTNzwkNHz1Wl46tt LDysA CheckAuth()
2023/07/11 11:06:19 [TRACE] 6xt7RhfTNzwkNHz1Wl46tt LDysA ServeLink()
2023/07/11 11:06:19 [TRACE] 6xt7RhfTNzwkNHz1Wl46tt LDysA Redirect()
2023/07/11 11:06:19 [TRACE] 6xt7RhfTNzwkNHz1Wl46tt LDysA GET 리다이렉트
2023/07/11 11:06:19 [TRACE] 6xt7RhfTNzwkNHz1Wl46tt /LDysA 컨텍스트저장 UKey:'LDysA'
2023/07/11 11:06:19 [TRACE] fgnRIEpwV4Rbq6LkfGk6Ae /link/get 컨텍스트저장 UKey:'LDysA'
2023/07/11 11:06:57 [TRACE] 2uJa9xH2x5xhHSmVisJbZg /link/set 컨텍스트저장 UKey:'daWlj'
2023/07/11 11:07:04 [TRACE] 8oI7FKSvQT9i6pw7s8FQaA ----------------------------------------------------
2023/07/11 11:07:04 [TRACE] 8oI7FKSvQT9i6pw7s8FQaA /daWlj 요청토큰: 4baa3c73-9bfe-4bec-8b70-db3b68f0ded9
2023/07/11 11:07:04 [TRACE] 8oI7FKSvQT9i6pw7s8FQaA 2024-06-07 00:00:00 +0700 +07
2023/07/11 11:07:04 [TRACE] 8oI7FKSvQT9i6pw7s8FQaA ub.urlybud.aqua.castis.io 라이선스 정상
2023/07/11 11:07:04 [TRACE] 8oI7FKSvQT9i6pw7s8FQaA daWlj CheckExists()
2023/07/11 11:07:04 [TRACE] 8oI7FKSvQT9i6pw7s8FQaA daWlj CheckSecureLink()
2023/07/11 11:07:04 [TRACE] 8oI7FKSvQT9i6pw7s8FQaA daWlj CheckCount()
2023/07/11 11:07:04 [TRACE] 8oI7FKSvQT9i6pw7s8FQaA daWlj CheckExpire()
2023/07/11 11:07:04 [TRACE] 8oI7FKSvQT9i6pw7s8FQaA daWlj CheckAuth()
2023/07/11 11:07:04 [TRACE] 8oI7FKSvQT9i6pw7s8FQaA daWlj ServeLink()
2023/07/11 11:07:04 [TRACE] 8oI7FKSvQT9i6pw7s8FQaA daWlj Redirect()
2023/07/11 11:07:04 [TRACE] 8oI7FKSvQT9i6pw7s8FQaA daWlj GET 리다이렉트
2023/07/11 11:07:04 [TRACE] 8oI7FKSvQT9i6pw7s8FQaA /daWlj 컨텍스트저장 UKey:'daWlj'
2023/07/11 11:07:04 [TRACE] 7GCOj38HiFL1UGeSrSDbD1 /link/get 컨텍스트저장 UKey:'daWlj'
2023/07/11 11:07:09 [TRACE] wGGtnbNvbc3NvcgHkd0Rt /link/get 컨텍스트저장 UKey:'jfZcT'
2023/07/11 11:07:52 [TRACE] 4EdoDLCqFgMdz0AQ9xXICz /link/set 컨텍스트저장 UKey:'vq5B0'
2023/07/11 11:08:03 [TRACE] cRDZiRr31wbi4S4K9EJVjT ----------------------------------------------------
2023/07/11 11:08:03 [TRACE] cRDZiRr31wbi4S4K9EJVjT /vq5B0 요청토큰: 4baa3c73-9bfe-4bec-8b70-db3b68f0ded9
2023/07/11 11:08:03 [TRACE] cRDZiRr31wbi4S4K9EJVjT 2024-06-07 00:00:00 +0700 +07
2023/07/11 11:08:03 [TRACE] cRDZiRr31wbi4S4K9EJVjT ub.urlybud.aqua.castis.io 라이선스 정상
2023/07/11 11:08:03 [TRACE] cRDZiRr31wbi4S4K9EJVjT vq5B0 CheckExists()
2023/07/11 11:08:03 [TRACE] cRDZiRr31wbi4S4K9EJVjT vq5B0 CheckSecureLink()
2023/07/11 11:08:03 [TRACE] cRDZiRr31wbi4S4K9EJVjT vq5B0 CheckCount()
2023/07/11 11:08:03 [TRACE] cRDZiRr31wbi4S4K9EJVjT vq5B0 CheckExpire()
2023/07/11 11:08:03 [TRACE] cRDZiRr31wbi4S4K9EJVjT vq5B0 CheckAuth()
2023/07/11 11:08:03 [TRACE] cRDZiRr31wbi4S4K9EJVjT vq5B0 ServeLink()
2023/07/11 11:08:03 [TRACE] cRDZiRr31wbi4S4K9EJVjT vq5B0 Redirect()
2023/07/11 11:08:03 [TRACE] cRDZiRr31wbi4S4K9EJVjT vq5B0 GET 리다이렉트
2023/07/11 11:08:03 [TRACE] cRDZiRr31wbi4S4K9EJVjT /vq5B0 컨텍스트저장 UKey:'vq5B0'
2023/07/11 11:08:04 [TRACE] luckIbGcmmXeOPw8477XNz /link/get 컨텍스트저장 UKey:'vq5B0'
2023/07/11 11:09:28 [TRACE] 3JwfgYuucKs1UOGzyb6sDs ----------------------------------------------------
2023/07/11 11:09:28 [TRACE] 3JwfgYuucKs1UOGzyb6sDs /rmIPC 토큰생성: d271fe5e-254d-4cfd-b125-8db000671d32
2023/07/11 11:09:28 [TRACE] 3JwfgYuucKs1UOGzyb6sDs 2024-06-07 00:00:00 +0700 +07
2023/07/11 11:09:28 [TRACE] 3JwfgYuucKs1UOGzyb6sDs ub.urlybud.aqua.castis.io 라이선스 정상
2023/07/11 11:09:28 [TRACE] 3JwfgYuucKs1UOGzyb6sDs rmIPC CheckExists()
2023/07/11 11:09:28 [TRACE] 3JwfgYuucKs1UOGzyb6sDs rmIPC CheckSecureLink()
2023/07/11 11:09:28 [TRACE] 3JwfgYuucKs1UOGzyb6sDs rmIPC CheckCount()
2023/07/11 11:09:28 [TRACE] 3JwfgYuucKs1UOGzyb6sDs rmIPC CheckExpire()
2023/07/11 11:09:28 [TRACE] 3JwfgYuucKs1UOGzyb6sDs rmIPC CheckAuth()
2023/07/11 11:09:28 [TRACE] 3JwfgYuucKs1UOGzyb6sDs rmIPC ServeLink()
2023/07/11 11:09:28 [TRACE] 3JwfgYuucKs1UOGzyb6sDs rmIPC Redirect()
2023/07/11 11:09:28 [TRACE] 3JwfgYuucKs1UOGzyb6sDs rmIPC GET 리다이렉트
2023/07/11 11:09:28 [TRACE] 3JwfgYuucKs1UOGzyb6sDs /rmIPC 컨텍스트저장 UKey:'rmIPC'
2023/07/11 11:09:32 [TRACE] 8jFO6Wz1709iGPAfjWbLah /link/get 컨텍스트저장 UKey:'rmIPC'
2023/07/11 11:09:43 [TRACE] a1C3xxNEWeKbIHxzmJgPyj ----------------------------------------------------
2023/07/11 11:09:43 [TRACE] a1C3xxNEWeKbIHxzmJgPyj /LDysA 토큰생성: 96e62dca-5541-4173-8ca0-f80544cad9cb
2023/07/11 11:09:43 [TRACE] a1C3xxNEWeKbIHxzmJgPyj 2024-06-07 00:00:00 +0700 +07
2023/07/11 11:09:43 [TRACE] a1C3xxNEWeKbIHxzmJgPyj ub.urlybud.aqua.castis.io 라이선스 정상
2023/07/11 11:09:43 [TRACE] a1C3xxNEWeKbIHxzmJgPyj LDysA CheckExists()
2023/07/11 11:09:43 [TRACE] a1C3xxNEWeKbIHxzmJgPyj LDysA CheckSecureLink()
2023/07/11 11:09:43 [TRACE] a1C3xxNEWeKbIHxzmJgPyj LDysA CheckCount()
2023/07/11 11:09:43 [TRACE] a1C3xxNEWeKbIHxzmJgPyj LDysA CheckExpire()
2023/07/11 11:09:43 [TRACE] a1C3xxNEWeKbIHxzmJgPyj LDysA CheckAuth()
2023/07/11 11:09:43 [TRACE] a1C3xxNEWeKbIHxzmJgPyj LDysA ServeLink()
2023/07/11 11:09:43 [TRACE] a1C3xxNEWeKbIHxzmJgPyj LDysA Redirect()
2023/07/11 11:09:43 [TRACE] a1C3xxNEWeKbIHxzmJgPyj LDysA GET 리다이렉트
2023/07/11 11:09:43 [TRACE] a1C3xxNEWeKbIHxzmJgPyj /LDysA 컨텍스트저장 UKey:'LDysA'
2023/07/11 11:09:44 [TRACE] lVaGYizrnxGaxhJyRMWila /link/get 컨텍스트저장 UKey:'LDysA'
2023/07/11 11:10:11 [TRACE] hvEvJl4Vh5jgSAeH2Zka1A ----------------------------------------------------
2023/07/11 11:10:11 [TRACE] hvEvJl4Vh5jgSAeH2Zka1A /jfZcT 요청토큰: 96e62dca-5541-4173-8ca0-f80544cad9cb
2023/07/11 11:10:11 [TRACE] hvEvJl4Vh5jgSAeH2Zka1A 2024-06-07 00:00:00 +0700 +07
2023/07/11 11:10:11 [TRACE] hvEvJl4Vh5jgSAeH2Zka1A ub.urlybud.aqua.castis.io 라이선스 정상
2023/07/11 11:10:11 [TRACE] hvEvJl4Vh5jgSAeH2Zka1A jfZcT CheckExists()
2023/07/11 11:10:11 [TRACE] hvEvJl4Vh5jgSAeH2Zka1A jfZcT CheckSecureLink()
2023/07/11 11:10:11 [TRACE] hvEvJl4Vh5jgSAeH2Zka1A jfZcT CheckCount()
2023/07/11 11:10:11 [TRACE] hvEvJl4Vh5jgSAeH2Zka1A jfZcT CheckExpire()
2023/07/11 11:10:11 [TRACE] hvEvJl4Vh5jgSAeH2Zka1A jfZcT CheckAuth()
2023/07/11 11:10:11 [TRACE] hvEvJl4Vh5jgSAeH2Zka1A jfZcT ServeLink()
2023/07/11 11:10:11 [TRACE] hvEvJl4Vh5jgSAeH2Zka1A jfZcT Redirect()
2023/07/11 11:10:11 [TRACE] hvEvJl4Vh5jgSAeH2Zka1A jfZcT GET 리다이렉트
2023/07/11 11:10:11 [TRACE] hvEvJl4Vh5jgSAeH2Zka1A /jfZcT 컨텍스트저장 UKey:'jfZcT'
2023/07/11 11:10:12 [TRACE] 230yg3is9SngUQwFabYbFo /link/get 컨텍스트저장 UKey:'jfZcT'
2023/07/11 11:10:14 [TRACE] jPqbtr5Jofzfl5IjBsbaC ----------------------------------------------------
2023/07/11 11:10:14 [TRACE] jPqbtr5Jofzfl5IjBsbaC /32wvv 요청토큰: 96e62dca-5541-4173-8ca0-f80544cad9cb
2023/07/11 11:10:14 [TRACE] jPqbtr5Jofzfl5IjBsbaC 2024-06-07 00:00:00 +0700 +07
2023/07/11 11:10:14 [TRACE] jPqbtr5Jofzfl5IjBsbaC ub.urlybud.aqua.castis.io 라이선스 정상
2023/07/11 11:10:14 [TRACE] jPqbtr5Jofzfl5IjBsbaC 32wvv CheckExists()
2023/07/11 11:10:14 [TRACE] jPqbtr5Jofzfl5IjBsbaC 32wvv CheckSecureLink()
2023/07/11 11:10:14 [TRACE] jPqbtr5Jofzfl5IjBsbaC 32wvv CheckCount()
2023/07/11 11:10:14 [TRACE] jPqbtr5Jofzfl5IjBsbaC 32wvv CheckExpire()
2023/07/11 11:10:14 [TRACE] jPqbtr5Jofzfl5IjBsbaC 32wvv CheckAuth()
2023/07/11 11:10:14 [TRACE] jPqbtr5Jofzfl5IjBsbaC 32wvv ServeLink()
2023/07/11 11:10:14 [TRACE] jPqbtr5Jofzfl5IjBsbaC 32wvv Redirect()
2023/07/11 11:10:14 [TRACE] jPqbtr5Jofzfl5IjBsbaC 32wvv GET 리다이렉트
2023/07/11 11:10:14 [TRACE] jPqbtr5Jofzfl5IjBsbaC /32wvv 컨텍스트저장 UKey:'32wvv'
2023/07/11 11:10:15 [TRACE] hxhPhvRBedtgvnJXUytWR3 /link/get 컨텍스트저장 UKey:'32wvv'
2023/07/11 11:10:21 [TRACE] aaOWu7Bsc8ZkGWrVvqPWmr /link/get 컨텍스트저장 UKey:'rmIPC'
2023/07/11 11:10:31 [TRACE] 6G5JBlyF0OHjiij4ecvYq9 ----------------------------------------------------
2023/07/11 11:10:31 [TRACE] 6G5JBlyF0OHjiij4ecvYq9 /rmIPC 요청토큰: 96e62dca-5541-4173-8ca0-f80544cad9cb
2023/07/11 11:10:31 [TRACE] 6G5JBlyF0OHjiij4ecvYq9 2024-06-07 00:00:00 +0700 +07
2023/07/11 11:10:31 [TRACE] 6G5JBlyF0OHjiij4ecvYq9 ub.urlybud.aqua.castis.io 라이선스 정상
2023/07/11 11:10:31 [TRACE] 6G5JBlyF0OHjiij4ecvYq9 rmIPC CheckExists()
2023/07/11 11:10:31 [TRACE] 6G5JBlyF0OHjiij4ecvYq9 rmIPC CheckSecureLink()
2023/07/11 11:10:31 [TRACE] 6G5JBlyF0OHjiij4ecvYq9 rmIPC CheckCount()
2023/07/11 11:10:31 [TRACE] 6G5JBlyF0OHjiij4ecvYq9 rmIPC CheckExpire()
2023/07/11 11:10:31 [TRACE] 6G5JBlyF0OHjiij4ecvYq9 rmIPC CheckAuth()
2023/07/11 11:10:31 [TRACE] 6G5JBlyF0OHjiij4ecvYq9 rmIPC ServeLink()
2023/07/11 11:10:31 [TRACE] 6G5JBlyF0OHjiij4ecvYq9 rmIPC Redirect()
2023/07/11 11:10:31 [TRACE] 6G5JBlyF0OHjiij4ecvYq9 rmIPC GET 리다이렉트
2023/07/11 11:10:31 [TRACE] 6G5JBlyF0OHjiij4ecvYq9 /rmIPC 컨텍스트저장 UKey:'rmIPC'
2023/07/11 11:10:31 [TRACE] 8YYt9SqnRlY7K7g7P0sOHJ /link/get 컨텍스트저장 UKey:'rmIPC'
2023/07/11 11:11:01 [TRACE] 1Mr5EqMRJad8J9Ypz1Hezl ----------------------------------------------------
2023/07/11 11:11:01 [TRACE] 1Mr5EqMRJad8J9Ypz1Hezl /32wvv 요청토큰: e7620941-868d-4606-888f-a31d41158947
2023/07/11 11:11:01 [TRACE] 1Mr5EqMRJad8J9Ypz1Hezl 2024-06-07 00:00:00 +0700 +07
2023/07/11 11:11:01 [TRACE] 1Mr5EqMRJad8J9Ypz1Hezl ub.urlybud.aqua.castis.io 라이선스 정상
2023/07/11 11:11:01 [TRACE] 1Mr5EqMRJad8J9Ypz1Hezl 32wvv CheckExists()
2023/07/11 11:11:01 [TRACE] 1Mr5EqMRJad8J9Ypz1Hezl 32wvv CheckSecureLink()
2023/07/11 11:11:01 [TRACE] 1Mr5EqMRJad8J9Ypz1Hezl 32wvv CheckCount()
2023/07/11 11:11:01 [TRACE] 1Mr5EqMRJad8J9Ypz1Hezl 32wvv CheckExpire()
2023/07/11 11:11:01 [TRACE] 1Mr5EqMRJad8J9Ypz1Hezl 32wvv CheckAuth()
2023/07/11 11:11:01 [TRACE] 1Mr5EqMRJad8J9Ypz1Hezl 32wvv ServeLink()
2023/07/11 11:11:01 [TRACE] 1Mr5EqMRJad8J9Ypz1Hezl 32wvv Redirect()
2023/07/11 11:11:01 [TRACE] 1Mr5EqMRJad8J9Ypz1Hezl 32wvv GET 리다이렉트
2023/07/11 11:11:01 [TRACE] 1Mr5EqMRJad8J9Ypz1Hezl /32wvv 컨텍스트저장 UKey:'32wvv'
2023/07/11 11:11:01 [TRACE] kVN7jAJRxXRiGwkPRKn81n /link/get 컨텍스트저장 UKey:'32wvv'
2023/07/11 11:14:09 [TRACE] f4VhghNNxYG9ASCTzy0eKu /link/get 컨텍스트저장 UKey:'vq5B0'
2023/07/11 11:15:29 [TRACE] 3RL4H5NiJwRg0p7SHhAOv0 /link/set 컨텍스트저장 UKey:'ysC98'
2023/07/11 11:16:36 [TRACE] 41PDpkhpEhN6qLSzbi7Pcy /link/set 컨텍스트저장 UKey:'xrLYs'
2023/07/11 11:25:23 [TRACE] duT4lWwfB7hcVfGJGoQqjG /link/set 컨텍스트저장 UKey:'54cUd'
2023/07/11 11:30:45 [TRACE] iHvB07jVWoI6bIqCDBdcS0 /link/set 컨텍스트저장 UKey:'54cUi'
2023/07/11 11:44:40 [TRACE] lHwcMiSJZJUJqw0Vj124p /link/set 컨텍스트저장 UKey:'1Qbh'
2023/07/11 12:10:45 [TRACE] b9M7cSayk7sdlW9n3C8Qb6 /link/set 컨텍스트저장 UKey:'XNEK8'
2023/07/11 12:10:45 [TRACE] g4eRnkZaius60gDJM9Vxqp /link/set 컨텍스트저장 UKey:'WMOzM'
2023/07/11 12:10:45 [TRACE] hD2h3bU24BSjQslGrytQqb /link/set 컨텍스트저장 UKey:'XNEM2'
2023/07/11 12:10:45 [TRACE] 6wLcGhjc6ER5ncdHK4I89k /link/set 컨텍스트저장 UKey:'FyvuT'
2023/07/11 12:10:45 [TRACE] 4s8HkzYhP7hdMhrTcq4Q4n /link/set 컨텍스트저장 UKey:'IB23C'
2023/07/11 12:10:45 [TRACE] 6qz9zt3QL3p4PSKgH5CmEk /link/set 컨텍스트저장 UKey:'43mJu'
2023/07/11 12:10:45 [TRACE] 2g3s0EaJkq78kyxj9dxfsh /link/set 컨텍스트저장 UKey:'lhFR8'
2023/07/11 12:10:45 [TRACE] 7XrdzbewwSbglYkH2OQ2W /link/set 컨텍스트저장 UKey:'b9g1r'
2023/07/11 12:10:45 [TRACE] 9oH4qQ0VKOaCE8NzlpcKL /link/set 컨텍스트저장 UKey:'AuiD6'
2023/07/11 12:10:45 [TRACE] ikndW8EWsBB3Ed7KUacwsl /link/set 컨텍스트저장 UKey:'LDyFt'
2023/07/11 13:36:56 [TRACE] 7TxlUugJdQB5o8qtrAy8AC /link/get 컨텍스트저장 UKey:'vq5B0'
2023/07/11 13:37:59 [TRACE] 3ye6VQEwtqR1wM6y0JAHe8 /link/get 컨텍스트저장 UKey:'vq5B0'
2023/07/11 13:41:42 [TRACE] bf6qrvDrKTW93wKmxm7prU /link/get 컨텍스트저장 UKey:'vq5B0'
2023/07/11 13:41:45 [TRACE] jXf3aZHm300kmX0OBnzHHI /link/get 컨텍스트저장 UKey:'vq5B0'
2023/07/11 13:41:47 [TRACE] 4EYI8qFOvmi8Ce8PWtgvSp /link/get 컨텍스트저장 UKey:'vq5B0'
2023/07/11 13:41:50 [TRACE] 716R5XCHpCd6Uk26LVAJXR /link/get 컨텍스트저장 UKey:'vq5B0'
2023/07/11 13:43:43 [TRACE] hBt4Miz0xYbgHR5QcmbAUV /link/get 컨텍스트저장 UKey:'ysC2y'
2023/07/11 13:43:50 [TRACE] 3BI7sIjFwWH18IaTPml9Ms /link/set 컨텍스트저장 UKey:'upfxy'
2023/07/11 13:43:50 [TRACE] 3R38rhmfqb4bLTzOxmz8KC /link/get 컨텍스트저장 UKey:'ysC2y'
2023/07/11 13:44:53 [TRACE] 2AhgfS1JWic2RGLFX3Il7m /link/get 컨텍스트저장 UKey:'ysC2y'
2023/07/11 13:44:56 [TRACE] 6uzNQCT4V6uvBD8gednvg /link/get 컨텍스트저장 UKey:'ysC2y'
2023/07/11 13:44:59 [TRACE] 17dL9XnRYdc8wsrNHiuOa8 /link/get 컨텍스트저장 UKey:'ysC2y'
2023/07/11 13:45:06 [TRACE] 2Pr1VAxGjTfgbnGsWEmUGq /link/get 컨텍스트저장 UKey:'vq5B0'
2023/07/11 13:45:21 [TRACE] kmSlO7e3J9Wj3ZdAN97ly3 /link/get 컨텍스트저장 UKey:'ysC2y'
2023/07/11 13:45:26 [TRACE] 2R6cG93AoiWSwo4a6wsU /link/get 컨텍스트저장 UKey:'ysC2y'
2023/07/11 13:45:34 [TRACE] hNKyhBflYYjgnsyArXJ4aB /link/get 컨텍스트저장 UKey:'vq5B0'
2023/07/11 13:46:03 [TRACE] 8H4uwb4ZYlv3sLMl82XpbK /link/set 컨텍스트저장 UKey:'miw4i'
2023/07/11 13:46:03 [TRACE] jXKonxsAguBiVBGACUgICK /link/get 컨텍스트저장 UKey:'ysC2y'
2023/07/11 13:46:40 [TRACE] aqRmFiJIRD27ZrN5C9wDW9 /link/get 컨텍스트저장 UKey:'ysC2y'
2023/07/11 13:48:03 [TRACE] 7KDKbuQHjCViTFnJspGNSp /link/get 컨텍스트저장 UKey:'ysC2y'
2023/07/11 13:48:12 [TRACE] hkzeFjqKuE645kMtzMV1d /link/set 컨텍스트저장 UKey:'DwPdS'
2023/07/11 13:48:54 [TRACE] ivXkmnt1aGFeQnV6G5gkXU ----------------------------------------------------
2023/07/11 13:48:54 [TRACE] ivXkmnt1aGFeQnV6G5gkXU /DwPdS 토큰생성: 2a97d19c-2e78-4e65-8dfc-680b4bf8baf9
2023/07/11 13:48:54 [TRACE] ivXkmnt1aGFeQnV6G5gkXU 2024-06-07 00:00:00 +0700 +07
2023/07/11 13:48:54 [TRACE] ivXkmnt1aGFeQnV6G5gkXU ub.urlybud.aqua.castis.io 라이선스 정상
2023/07/11 13:48:54 [TRACE] ivXkmnt1aGFeQnV6G5gkXU DwPdS CheckExists()
2023/07/11 13:48:54 [TRACE] ivXkmnt1aGFeQnV6G5gkXU DwPdS CheckSecureLink()
2023/07/11 13:48:54 [TRACE] ivXkmnt1aGFeQnV6G5gkXU DwPdS CheckCount()
2023/07/11 13:48:54 [TRACE] ivXkmnt1aGFeQnV6G5gkXU DwPdS CheckExpire()
2023/07/11 13:48:54 [TRACE] ivXkmnt1aGFeQnV6G5gkXU DwPdS CheckAuth()
2023/07/11 13:48:54 [TRACE] ivXkmnt1aGFeQnV6G5gkXU DwPdS ServeLink()
2023/07/11 13:48:54 [TRACE] ivXkmnt1aGFeQnV6G5gkXU DwPdS Redirect()
2023/07/11 13:48:54 [TRACE] ivXkmnt1aGFeQnV6G5gkXU DwPdS GET 리다이렉트
2023/07/11 13:48:54 [TRACE] ivXkmnt1aGFeQnV6G5gkXU /DwPdS 컨텍스트저장 UKey:'DwPdS'
2023/07/11 13:48:58 [TRACE] esleJEjosJldVnLl4dpdYq /link/get 컨텍스트저장 UKey:'DwPdS'
2023/07/11 13:49:10 [TRACE] 3TXm71Sy5O91q8Wn54AO5b ----------------------------------------------------
2023/07/11 13:49:10 [TRACE] 3TXm71Sy5O91q8Wn54AO5b /DwPdS 요청토큰: 2a97d19c-2e78-4e65-8dfc-680b4bf8baf9
2023/07/11 13:49:10 [TRACE] 3TXm71Sy5O91q8Wn54AO5b 2024-06-07 00:00:00 +0700 +07
2023/07/11 13:49:10 [TRACE] 3TXm71Sy5O91q8Wn54AO5b ub.urlybud.aqua.castis.io 라이선스 정상
2023/07/11 13:49:10 [TRACE] 3TXm71Sy5O91q8Wn54AO5b DwPdS CheckExists()
2023/07/11 13:49:10 [TRACE] 3TXm71Sy5O91q8Wn54AO5b DwPdS CheckSecureLink()
2023/07/11 13:49:10 [TRACE] 3TXm71Sy5O91q8Wn54AO5b DwPdS CheckCount()
2023/07/11 13:49:10 [TRACE] 3TXm71Sy5O91q8Wn54AO5b DwPdS CheckExpire()
2023/07/11 13:49:10 [TRACE] 3TXm71Sy5O91q8Wn54AO5b DwPdS CheckAuth()
2023/07/11 13:49:10 [TRACE] 3TXm71Sy5O91q8Wn54AO5b DwPdS ServeLink()
2023/07/11 13:49:10 [TRACE] 3TXm71Sy5O91q8Wn54AO5b DwPdS Redirect()
2023/07/11 13:49:10 [TRACE] 3TXm71Sy5O91q8Wn54AO5b DwPdS GET 리다이렉트
2023/07/11 13:49:10 [TRACE] 3TXm71Sy5O91q8Wn54AO5b /DwPdS 컨텍스트저장 UKey:'DwPdS'
2023/07/11 13:49:10 [TRACE] 12eIpGHmHY3cR8JaNhnoOZ /link/get 컨텍스트저장 UKey:'DwPdS'
2023/07/11 13:49:21 [TRACE] eqvb2J8mv4VkQUvUnrFYHs /link/get 컨텍스트저장 UKey:'DwPdS'
2023/07/11 13:49:35 [TRACE] gKoTAF2rhbs1flkL6M9sPS /link/get 컨텍스트저장 UKey:'ysC2y'
2023/07/11 13:49:38 [TRACE] hupI0I9IxBm3BJ8rZjKza9 ----------------------------------------------------
2023/07/11 13:49:38 [TRACE] hupI0I9IxBm3BJ8rZjKza9 /DwPdS 토큰생성: a1fe2724-04e1-4cbd-9756-7bece9258a43
2023/07/11 13:49:38 [TRACE] hupI0I9IxBm3BJ8rZjKza9 2024-06-07 00:00:00 +0700 +07
2023/07/11 13:49:38 [TRACE] hupI0I9IxBm3BJ8rZjKza9 ub.urlybud.aqua.castis.io 라이선스 정상
2023/07/11 13:49:38 [TRACE] hupI0I9IxBm3BJ8rZjKza9 DwPdS CheckExists()
2023/07/11 13:49:38 [TRACE] hupI0I9IxBm3BJ8rZjKza9 DwPdS CheckSecureLink()
2023/07/11 13:49:38 [TRACE] hupI0I9IxBm3BJ8rZjKza9 DwPdS CheckCount()
2023/07/11 13:49:38 [TRACE] hupI0I9IxBm3BJ8rZjKza9 DwPdS CheckExpire()
2023/07/11 13:49:38 [TRACE] hupI0I9IxBm3BJ8rZjKza9 DwPdS CheckAuth()
2023/07/11 13:49:38 [TRACE] hupI0I9IxBm3BJ8rZjKza9 DwPdS ServeLink()
2023/07/11 13:49:38 [TRACE] hupI0I9IxBm3BJ8rZjKza9 DwPdS Redirect()
2023/07/11 13:49:38 [TRACE] hupI0I9IxBm3BJ8rZjKza9 DwPdS GET 리다이렉트
2023/07/11 13:49:38 [TRACE] hupI0I9IxBm3BJ8rZjKza9 /DwPdS 컨텍스트저장 UKey:'DwPdS'
2023/07/11 13:49:40 [TRACE] 2MRGfhubqMI8NFi8U0E5Ma /link/get 컨텍스트저장 UKey:'DwPdS'
2023/07/11 13:50:01 [TRACE] dzj1RMY6k6t6jcuXAKITDC /link/get 컨텍스트저장 UKey:'vq5B0'
2023/07/11 13:51:24 [TRACE] aLJLj9fDlUPiK7AQLOIkxJ ----------------------------------------------------
2023/07/11 13:51:24 [TRACE] aLJLj9fDlUPiK7AQLOIkxJ /daUTm 토큰생성: bd37d3e9-b66f-45a8-bf57-e4d0383513a7
2023/07/11 13:51:24 [TRACE] aLJLj9fDlUPiK7AQLOIkxJ 2024-06-07 00:00:00 +0700 +07
2023/07/11 13:51:24 [TRACE] aLJLj9fDlUPiK7AQLOIkxJ ub.urlybud.aqua.castis.io 라이선스 정상
2023/07/11 13:51:24 [TRACE] aLJLj9fDlUPiK7AQLOIkxJ daUTm CheckExists()
2023/07/11 13:51:24 [TRACE] aLJLj9fDlUPiK7AQLOIkxJ daUTm CheckSecureLink()
2023/07/11 13:51:24 [TRACE] aLJLj9fDlUPiK7AQLOIkxJ daUTm CheckCount()
2023/07/11 13:51:24 [TRACE] aLJLj9fDlUPiK7AQLOIkxJ daUTm CheckExpire()
2023/07/11 13:51:24 [TRACE] aLJLj9fDlUPiK7AQLOIkxJ daUTm CheckAuth()
2023/07/11 13:51:24 [TRACE] aLJLj9fDlUPiK7AQLOIkxJ daUTm ServeLink()
2023/07/11 13:51:24 [TRACE] aLJLj9fDlUPiK7AQLOIkxJ daUTm Redirect()
2023/07/11 13:51:24 [TRACE] aLJLj9fDlUPiK7AQLOIkxJ daUTm GET 리다이렉트
2023/07/11 13:51:24 [TRACE] aLJLj9fDlUPiK7AQLOIkxJ /daUTm 컨텍스트저장 UKey:'daUTm'
2023/07/11 13:51:27 [TRACE] ihkQ7CKF3B3gLroVSJ7wwC /link/get 컨텍스트저장 UKey:'daUTm'
2023/07/11 13:52:09 [TRACE] 7ho51dBbzXgeFzeNgfTB9K ----------------------------------------------------
2023/07/11 13:52:09 [TRACE] 7ho51dBbzXgeFzeNgfTB9K /DwPdS 토큰생성: e26c9bf6-a6d0-46bb-a282-78226a9b8d44
2023/07/11 13:52:09 [TRACE] 7ho51dBbzXgeFzeNgfTB9K 2024-06-07 00:00:00 +0700 +07
2023/07/11 13:52:09 [TRACE] 7ho51dBbzXgeFzeNgfTB9K ub.urlybud.aqua.castis.io 라이선스 정상
2023/07/11 13:52:09 [TRACE] 7ho51dBbzXgeFzeNgfTB9K DwPdS CheckExists()
2023/07/11 13:52:09 [TRACE] 7ho51dBbzXgeFzeNgfTB9K DwPdS CheckSecureLink()
2023/07/11 13:52:09 [TRACE] 7ho51dBbzXgeFzeNgfTB9K DwPdS CheckCount()
2023/07/11 13:52:09 [TRACE] 7ho51dBbzXgeFzeNgfTB9K DwPdS CheckExpire()
2023/07/11 13:52:09 [TRACE] 7ho51dBbzXgeFzeNgfTB9K DwPdS CheckAuth()
2023/07/11 13:52:09 [TRACE] 7ho51dBbzXgeFzeNgfTB9K DwPdS ServeLink()
2023/07/11 13:52:09 [TRACE] 7ho51dBbzXgeFzeNgfTB9K DwPdS Redirect()
2023/07/11 13:52:09 [TRACE] 7ho51dBbzXgeFzeNgfTB9K DwPdS GET 리다이렉트
2023/07/11 13:52:09 [TRACE] 7ho51dBbzXgeFzeNgfTB9K /DwPdS 컨텍스트저장 UKey:'DwPdS'
2023/07/11 13:52:12 [TRACE] 60pZiftdSN99jQo7bCoi6B /link/get 컨텍스트저장 UKey:'DwPdS'
2023/07/11 13:52:19 [TRACE] 4s8kuhDvcgA74HW2mXnWdJ /link/get 컨텍스트저장 UKey:'vq5B0'
2023/07/11 13:52:51 [TRACE] XgOqGpyaUqigqIKazspYx /link/get 컨텍스트저장 UKey:'vq5B0'
2023/07/11 13:52:55 [TRACE] 3lNNuBnzH0p1zYH8Nga27l ----------------------------------------------------
2023/07/11 13:52:55 [TRACE] 3lNNuBnzH0p1zYH8Nga27l /DwPdS 요청토큰: 77bd72eb-3258-4035-a642-38e566ca408b
2023/07/11 13:52:55 [TRACE] 3lNNuBnzH0p1zYH8Nga27l 2024-06-07 00:00:00 +0700 +07
2023/07/11 13:52:55 [TRACE] 3lNNuBnzH0p1zYH8Nga27l ub.urlybud.aqua.castis.io 라이선스 정상
2023/07/11 13:52:55 [TRACE] 3lNNuBnzH0p1zYH8Nga27l DwPdS CheckExists()
2023/07/11 13:52:55 [TRACE] 3lNNuBnzH0p1zYH8Nga27l DwPdS CheckSecureLink()
2023/07/11 13:52:55 [TRACE] 3lNNuBnzH0p1zYH8Nga27l DwPdS CheckCount()
2023/07/11 13:52:55 [TRACE] 3lNNuBnzH0p1zYH8Nga27l DwPdS CheckExpire()
2023/07/11 13:52:55 [TRACE] 3lNNuBnzH0p1zYH8Nga27l DwPdS CheckAuth()
2023/07/11 13:52:55 [TRACE] 3lNNuBnzH0p1zYH8Nga27l DwPdS ServeLink()
2023/07/11 13:52:55 [TRACE] 3lNNuBnzH0p1zYH8Nga27l DwPdS Redirect()
2023/07/11 13:52:55 [TRACE] 3lNNuBnzH0p1zYH8Nga27l DwPdS GET 리다이렉트
2023/07/11 13:52:55 [TRACE] 3lNNuBnzH0p1zYH8Nga27l /DwPdS 컨텍스트저장 UKey:'DwPdS'
2023/07/11 13:52:56 [TRACE] 6nxOcpOUHXkbkejkkxMWuz /link/get 컨텍스트저장 UKey:'DwPdS'
2023/07/11 13:53:08 [TRACE] kzk81bLs4OL7mFj8YdseeJ /link/set 컨텍스트저장 UKey:'97zFv'
2023/07/11 13:53:17 [TRACE] cW7V8Ew2zJ458WtRqJUtkq ----------------------------------------------------
2023/07/11 13:53:17 [TRACE] cW7V8Ew2zJ458WtRqJUtkq /97zFv 요청토큰: 4baa3c73-9bfe-4bec-8b70-db3b68f0ded9
2023/07/11 13:53:17 [TRACE] cW7V8Ew2zJ458WtRqJUtkq 2024-06-07 00:00:00 +0700 +07
2023/07/11 13:53:17 [TRACE] cW7V8Ew2zJ458WtRqJUtkq ub.urlybud.aqua.castis.io 라이선스 정상
2023/07/11 13:53:17 [TRACE] cW7V8Ew2zJ458WtRqJUtkq 97zFv CheckExists()
2023/07/11 13:53:17 [TRACE] cW7V8Ew2zJ458WtRqJUtkq 97zFv CheckSecureLink()
2023/07/11 13:53:17 [TRACE] cW7V8Ew2zJ458WtRqJUtkq 97zFv CheckCount()
2023/07/11 13:53:17 [TRACE] cW7V8Ew2zJ458WtRqJUtkq 97zFv CheckExpire()
2023/07/11 13:53:17 [TRACE] cW7V8Ew2zJ458WtRqJUtkq 97zFv CheckAuth()
2023/07/11 13:53:17 [TRACE] cW7V8Ew2zJ458WtRqJUtkq 97zFv ServeLink()
2023/07/11 13:53:17 [TRACE] cW7V8Ew2zJ458WtRqJUtkq 97zFv Redirect()
2023/07/11 13:53:17 [TRACE] cW7V8Ew2zJ458WtRqJUtkq 97zFv GET 리다이렉트
2023/07/11 13:53:17 [TRACE] cW7V8Ew2zJ458WtRqJUtkq /97zFv 컨텍스트저장 UKey:'97zFv'
2023/07/11 13:53:17 [TRACE] fqorNzOspUijgHUuTvtHc0 /link/get 컨텍스트저장 UKey:'97zFv'
2023/07/11 13:53:17 [TRACE] 5Iq4DprELyCb7UmFw95AOh ----------------------------------------------------
2023/07/11 13:53:17 [TRACE] 5Iq4DprELyCb7UmFw95AOh /DwPdS 요청토큰: 9acd55fc-8278-4860-8518-fc4a67b67c3a
2023/07/11 13:53:17 [TRACE] 5Iq4DprELyCb7UmFw95AOh 2024-06-07 00:00:00 +0700 +07
2023/07/11 13:53:17 [TRACE] 5Iq4DprELyCb7UmFw95AOh ub.urlybud.aqua.castis.io 라이선스 정상
2023/07/11 13:53:17 [TRACE] 5Iq4DprELyCb7UmFw95AOh DwPdS CheckExists()
2023/07/11 13:53:17 [TRACE] 5Iq4DprELyCb7UmFw95AOh DwPdS CheckSecureLink()
2023/07/11 13:53:17 [TRACE] 5Iq4DprELyCb7UmFw95AOh DwPdS CheckCount()
2023/07/11 13:53:17 [TRACE] 5Iq4DprELyCb7UmFw95AOh DwPdS CheckExpire()
2023/07/11 13:53:17 [TRACE] 5Iq4DprELyCb7UmFw95AOh DwPdS CheckAuth()
2023/07/11 13:53:17 [TRACE] 5Iq4DprELyCb7UmFw95AOh DwPdS ServeLink()
2023/07/11 13:53:17 [TRACE] 5Iq4DprELyCb7UmFw95AOh DwPdS Redirect()
2023/07/11 13:53:17 [TRACE] 5Iq4DprELyCb7UmFw95AOh DwPdS GET 리다이렉트
2023/07/11 13:53:17 [TRACE] 5Iq4DprELyCb7UmFw95AOh /DwPdS 컨텍스트저장 UKey:'DwPdS'
2023/07/11 13:53:19 [TRACE] h77huIl6pHZlRZlGdi5lBo /link/get 컨텍스트저장 UKey:'DwPdS'
2023/07/11 13:53:21 [TRACE] 8xd8bxvxn5Ygk0hoIij6Rt ----------------------------------------------------
2023/07/11 13:53:21 [TRACE] 8xd8bxvxn5Ygk0hoIij6Rt /DwPdS 토큰생성: 2ba03b8a-45e3-44dc-9657-8599fac1474d
2023/07/11 13:53:21 [TRACE] 8xd8bxvxn5Ygk0hoIij6Rt 2024-06-07 00:00:00 +0700 +07
2023/07/11 13:53:21 [TRACE] 8xd8bxvxn5Ygk0hoIij6Rt ub.urlybud.aqua.castis.io 라이선스 정상
2023/07/11 13:53:21 [TRACE] 8xd8bxvxn5Ygk0hoIij6Rt DwPdS CheckExists()
2023/07/11 13:53:21 [TRACE] 8xd8bxvxn5Ygk0hoIij6Rt DwPdS CheckSecureLink()
2023/07/11 13:53:21 [TRACE] 8xd8bxvxn5Ygk0hoIij6Rt DwPdS CheckCount()
2023/07/11 13:53:21 [TRACE] 8xd8bxvxn5Ygk0hoIij6Rt DwPdS CheckExpire()
2023/07/11 13:53:21 [TRACE] 8xd8bxvxn5Ygk0hoIij6Rt DwPdS CheckAuth()
2023/07/11 13:53:21 [TRACE] 8xd8bxvxn5Ygk0hoIij6Rt DwPdS ServeLink()
2023/07/11 13:53:21 [TRACE] 8xd8bxvxn5Ygk0hoIij6Rt DwPdS Redirect()
2023/07/11 13:53:21 [TRACE] 8xd8bxvxn5Ygk0hoIij6Rt DwPdS GET 리다이렉트
2023/07/11 13:53:21 [TRACE] 8xd8bxvxn5Ygk0hoIij6Rt /DwPdS 컨텍스트저장 UKey:'DwPdS'
2023/07/11 13:53:23 [TRACE] bdXMnoPVeBc1aYs6PlWHrP /link/get 컨텍스트저장 UKey:'DwPdS'
2023/07/11 13:53:27 [TRACE] 14TTP3LEkv6gOFffhpLIs2 /link/get 컨텍스트저장 UKey:'DwPdS'
2023/07/11 13:53:34 [TRACE] dMHYMhRM4Fu8Ndz6ZBURlR ----------------------------------------------------
2023/07/11 13:53:34 [TRACE] dMHYMhRM4Fu8Ndz6ZBURlR /DwPdS 요청토큰: efa063fa-f99e-4e72-92b3-183bba11283d
2023/07/11 13:53:34 [TRACE] dMHYMhRM4Fu8Ndz6ZBURlR 2024-06-07 00:00:00 +0700 +07
2023/07/11 13:53:34 [TRACE] dMHYMhRM4Fu8Ndz6ZBURlR ub.urlybud.aqua.castis.io 라이선스 정상
2023/07/11 13:53:34 [TRACE] dMHYMhRM4Fu8Ndz6ZBURlR DwPdS CheckExists()
2023/07/11 13:53:34 [TRACE] dMHYMhRM4Fu8Ndz6ZBURlR DwPdS CheckSecureLink()
2023/07/11 13:53:34 [TRACE] dMHYMhRM4Fu8Ndz6ZBURlR DwPdS CheckCount()
2023/07/11 13:53:34 [TRACE] dMHYMhRM4Fu8Ndz6ZBURlR DwPdS CheckExpire()
2023/07/11 13:53:34 [TRACE] dMHYMhRM4Fu8Ndz6ZBURlR DwPdS CheckAuth()
2023/07/11 13:53:34 [TRACE] dMHYMhRM4Fu8Ndz6ZBURlR DwPdS ServeLink()
2023/07/11 13:53:34 [TRACE] dMHYMhRM4Fu8Ndz6ZBURlR DwPdS Redirect()
2023/07/11 13:53:34 [TRACE] dMHYMhRM4Fu8Ndz6ZBURlR DwPdS GET 리다이렉트
2023/07/11 13:53:34 [TRACE] dMHYMhRM4Fu8Ndz6ZBURlR /DwPdS 컨텍스트저장 UKey:'DwPdS'
2023/07/11 13:53:35 [TRACE] 9TrMJJNfsZi7Qa4mCtrv4K /link/get 컨텍스트저장 UKey:'DwPdS'
2023/07/11 13:53:39 [TRACE] 5ZiABYdEr2mmlgu7WMCRF /link/get 컨텍스트저장 UKey:'vq5B0'
2023/07/11 13:53:42 [TRACE] aNR1TLYx5lbipq02Idxqv5 ----------------------------------------------------
2023/07/11 13:53:42 [TRACE] aNR1TLYx5lbipq02Idxqv5 /DwPdS 요청토큰: a1fe2724-04e1-4cbd-9756-7bece9258a43
2023/07/11 13:53:42 [TRACE] aNR1TLYx5lbipq02Idxqv5 2024-06-07 00:00:00 +0700 +07
2023/07/11 13:53:42 [TRACE] aNR1TLYx5lbipq02Idxqv5 ub.urlybud.aqua.castis.io 라이선스 정상
2023/07/11 13:53:42 [TRACE] aNR1TLYx5lbipq02Idxqv5 DwPdS CheckExists()
2023/07/11 13:53:42 [TRACE] aNR1TLYx5lbipq02Idxqv5 DwPdS CheckSecureLink()
2023/07/11 13:53:42 [TRACE] aNR1TLYx5lbipq02Idxqv5 DwPdS CheckCount()
2023/07/11 13:53:42 [TRACE] aNR1TLYx5lbipq02Idxqv5 DwPdS CheckExpire()
2023/07/11 13:53:42 [TRACE] aNR1TLYx5lbipq02Idxqv5 DwPdS CheckAuth()
2023/07/11 13:53:42 [TRACE] aNR1TLYx5lbipq02Idxqv5 DwPdS ServeLink()
2023/07/11 13:53:42 [TRACE] aNR1TLYx5lbipq02Idxqv5 DwPdS Redirect()
2023/07/11 13:53:42 [TRACE] aNR1TLYx5lbipq02Idxqv5 DwPdS GET 리다이렉트
2023/07/11 13:53:42 [TRACE] aNR1TLYx5lbipq02Idxqv5 /DwPdS 컨텍스트저장 UKey:'DwPdS'
2023/07/11 13:53:43 [TRACE] aCKNB7PtyNUlXuV4A6HyAl /link/get 컨텍스트저장 UKey:'DwPdS'
2023/07/11 13:53:44 [TRACE] 35Sjeq9ZRe6gV2FFEjbozh ----------------------------------------------------
2023/07/11 13:53:44 [TRACE] 35Sjeq9ZRe6gV2FFEjbozh /DwPdS 요청토큰: efa063fa-f99e-4e72-92b3-183bba11283d
2023/07/11 13:53:44 [TRACE] 35Sjeq9ZRe6gV2FFEjbozh 2024-06-07 00:00:00 +0700 +07
2023/07/11 13:53:44 [TRACE] 35Sjeq9ZRe6gV2FFEjbozh ub.urlybud.aqua.castis.io 라이선스 정상
2023/07/11 13:53:44 [TRACE] 35Sjeq9ZRe6gV2FFEjbozh DwPdS CheckExists()
2023/07/11 13:53:44 [TRACE] 35Sjeq9ZRe6gV2FFEjbozh DwPdS CheckSecureLink()
2023/07/11 13:53:44 [TRACE] 35Sjeq9ZRe6gV2FFEjbozh DwPdS CheckCount()
2023/07/11 13:53:44 [TRACE] 35Sjeq9ZRe6gV2FFEjbozh DwPdS CheckExpire()
2023/07/11 13:53:44 [TRACE] 35Sjeq9ZRe6gV2FFEjbozh DwPdS CheckAuth()
2023/07/11 13:53:44 [TRACE] 35Sjeq9ZRe6gV2FFEjbozh DwPdS ServeLink()
2023/07/11 13:53:44 [TRACE] 35Sjeq9ZRe6gV2FFEjbozh DwPdS Redirect()
2023/07/11 13:53:44 [TRACE] 35Sjeq9ZRe6gV2FFEjbozh DwPdS GET 리다이렉트
2023/07/11 13:53:44 [TRACE] 35Sjeq9ZRe6gV2FFEjbozh /DwPdS 컨텍스트저장 UKey:'DwPdS'
2023/07/11 13:53:44 [TRACE] 6B25E8L4VwRjFWrvVgPCPf /link/get 컨텍스트저장 UKey:'DwPdS'
2023/07/11 13:53:51 [TRACE] cLt3YNdO1Eg1g0mFPcBgK0 ----------------------------------------------------
2023/07/11 13:53:51 [TRACE] cLt3YNdO1Eg1g0mFPcBgK0 /daUTm 요청토큰: a1fe2724-04e1-4cbd-9756-7bece9258a43
2023/07/11 13:53:51 [TRACE] cLt3YNdO1Eg1g0mFPcBgK0 2024-06-07 00:00:00 +0700 +07
2023/07/11 13:53:51 [TRACE] cLt3YNdO1Eg1g0mFPcBgK0 ub.urlybud.aqua.castis.io 라이선스 정상
2023/07/11 13:53:51 [TRACE] cLt3YNdO1Eg1g0mFPcBgK0 daUTm CheckExists()
2023/07/11 13:53:51 [TRACE] cLt3YNdO1Eg1g0mFPcBgK0 daUTm CheckSecureLink()
2023/07/11 13:53:51 [TRACE] cLt3YNdO1Eg1g0mFPcBgK0 daUTm CheckCount()
2023/07/11 13:53:51 [TRACE] cLt3YNdO1Eg1g0mFPcBgK0 daUTm CheckExpire()
2023/07/11 13:53:51 [TRACE] cLt3YNdO1Eg1g0mFPcBgK0 daUTm CheckAuth()
2023/07/11 13:53:51 [TRACE] cLt3YNdO1Eg1g0mFPcBgK0 daUTm ServeLink()
2023/07/11 13:53:51 [TRACE] cLt3YNdO1Eg1g0mFPcBgK0 daUTm Redirect()
2023/07/11 13:53:51 [TRACE] cLt3YNdO1Eg1g0mFPcBgK0 daUTm GET 리다이렉트
2023/07/11 13:53:51 [TRACE] cLt3YNdO1Eg1g0mFPcBgK0 /daUTm 컨텍스트저장 UKey:'daUTm'
2023/07/11 13:53:52 [TRACE] jXbrK2cPtgC1xCvhsijoS3 /link/get 컨텍스트저장 UKey:'daUTm'
2023/07/11 13:53:53 [TRACE] e7vL8EYkfOt5aaiJJOVEKE ----------------------------------------------------
2023/07/11 13:53:53 [TRACE] e7vL8EYkfOt5aaiJJOVEKE /97zFv 요청토큰: 82b89c63-9e1f-432d-852f-e8c6c478480f
2023/07/11 13:53:53 [TRACE] e7vL8EYkfOt5aaiJJOVEKE 2024-06-07 00:00:00 +0700 +07
2023/07/11 13:53:53 [TRACE] e7vL8EYkfOt5aaiJJOVEKE ub.urlybud.aqua.castis.io 라이선스 정상
2023/07/11 13:53:53 [TRACE] e7vL8EYkfOt5aaiJJOVEKE 97zFv CheckExists()
2023/07/11 13:53:53 [TRACE] e7vL8EYkfOt5aaiJJOVEKE 97zFv CheckSecureLink()
2023/07/11 13:53:53 [TRACE] e7vL8EYkfOt5aaiJJOVEKE 97zFv CheckCount()
2023/07/11 13:53:53 [TRACE] e7vL8EYkfOt5aaiJJOVEKE 97zFv CheckExpire()
2023/07/11 13:53:53 [TRACE] e7vL8EYkfOt5aaiJJOVEKE 97zFv CheckAuth()
2023/07/11 13:53:53 [TRACE] e7vL8EYkfOt5aaiJJOVEKE 97zFv ServeLink()
2023/07/11 13:53:53 [TRACE] e7vL8EYkfOt5aaiJJOVEKE 97zFv Redirect()
2023/07/11 13:53:53 [TRACE] e7vL8EYkfOt5aaiJJOVEKE 97zFv GET 리다이렉트
2023/07/11 13:53:53 [TRACE] e7vL8EYkfOt5aaiJJOVEKE /97zFv 컨텍스트저장 UKey:'97zFv'
2023/07/11 13:53:54 [TRACE] 8VD2FKwje445X5gMsdHAId /link/get 컨텍스트저장 UKey:'97zFv'
2023/07/11 13:54:00 [TRACE] 2yV5gI6aLFdjkHg5ZBfSgN ----------------------------------------------------
2023/07/11 13:54:00 [TRACE] 2yV5gI6aLFdjkHg5ZBfSgN /DwPdS 요청토큰: a1fe2724-04e1-4cbd-9756-7bece9258a43
2023/07/11 13:54:00 [TRACE] 2yV5gI6aLFdjkHg5ZBfSgN 2024-06-07 00:00:00 +0700 +07
2023/07/11 13:54:00 [TRACE] 2yV5gI6aLFdjkHg5ZBfSgN ub.urlybud.aqua.castis.io 라이선스 정상
2023/07/11 13:54:00 [TRACE] 2yV5gI6aLFdjkHg5ZBfSgN DwPdS CheckExists()
2023/07/11 13:54:00 [TRACE] 2yV5gI6aLFdjkHg5ZBfSgN DwPdS CheckSecureLink()
2023/07/11 13:54:00 [TRACE] 2yV5gI6aLFdjkHg5ZBfSgN DwPdS CheckCount()
2023/07/11 13:54:00 [TRACE] 2yV5gI6aLFdjkHg5ZBfSgN DwPdS CheckExpire()
2023/07/11 13:54:00 [TRACE] 2yV5gI6aLFdjkHg5ZBfSgN DwPdS CheckAuth()
2023/07/11 13:54:00 [TRACE] 2yV5gI6aLFdjkHg5ZBfSgN DwPdS ServeLink()
2023/07/11 13:54:00 [TRACE] 2yV5gI6aLFdjkHg5ZBfSgN DwPdS Redirect()
2023/07/11 13:54:00 [TRACE] 2yV5gI6aLFdjkHg5ZBfSgN DwPdS GET 리다이렉트
2023/07/11 13:54:00 [TRACE] 2yV5gI6aLFdjkHg5ZBfSgN /DwPdS 컨텍스트저장 UKey:'DwPdS'
2023/07/11 13:54:01 [TRACE] dkdZhgGqzLb8x7ppS5Sdo /link/get 컨텍스트저장 UKey:'DwPdS'
2023/07/11 13:54:02 [TRACE] 38y8saN8IjnjQOEa97z25O /link/get 컨텍스트저장 UKey:'97zFv'
2023/07/11 13:54:13 [TRACE] 6A5WYFDYLGCejRFnvZk3ND /link/get 컨텍스트저장 UKey:'daUTm'
2023/07/11 13:55:28 [TRACE] 2a4Qcroi9VD94ZV5ZhCBe5 /link/set 컨텍스트저장 UKey:'fcCMK'
2023/07/11 13:55:39 [TRACE] kP43oHzPKmp1RTtLQMsKeT ----------------------------------------------------
2023/07/11 13:55:39 [TRACE] kP43oHzPKmp1RTtLQMsKeT /fcCMK 요청토큰: 4baa3c73-9bfe-4bec-8b70-db3b68f0ded9
2023/07/11 13:55:39 [TRACE] kP43oHzPKmp1RTtLQMsKeT 2024-06-07 00:00:00 +0700 +07
2023/07/11 13:55:39 [TRACE] kP43oHzPKmp1RTtLQMsKeT ub.urlybud.aqua.castis.io 라이선스 정상
2023/07/11 13:55:39 [TRACE] kP43oHzPKmp1RTtLQMsKeT fcCMK CheckExists()
2023/07/11 13:55:39 [TRACE] kP43oHzPKmp1RTtLQMsKeT fcCMK CheckSecureLink()
2023/07/11 13:55:39 [TRACE] kP43oHzPKmp1RTtLQMsKeT fcCMK CheckCount()
2023/07/11 13:55:39 [TRACE] kP43oHzPKmp1RTtLQMsKeT fcCMK CheckExpire()
2023/07/11 13:55:39 [TRACE] kP43oHzPKmp1RTtLQMsKeT fcCMK CheckAuth()
2023/07/11 13:55:39 [TRACE] kP43oHzPKmp1RTtLQMsKeT fcCMK ServeLink()
2023/07/11 13:55:39 [TRACE] kP43oHzPKmp1RTtLQMsKeT fcCMK Redirect()
2023/07/11 13:55:39 [TRACE] kP43oHzPKmp1RTtLQMsKeT fcCMK GET 리다이렉트
2023/07/11 13:55:39 [TRACE] kP43oHzPKmp1RTtLQMsKeT /fcCMK 컨텍스트저장 UKey:'fcCMK'
2023/07/11 13:55:41 [TRACE] jxR2cGjI2Ww5AbxCXBRryZ /link/get 컨텍스트저장 UKey:'fcCMK'
2023/07/11 13:56:17 [TRACE] 3YhKV2tAe5dcPb0UXkd9uU /link/get 컨텍스트저장 UKey:'vq5B0'
2023/07/11 13:58:48 [TRACE] aeNNxsE1bjObcK8mkzcZ9n /link/get 컨텍스트저장 UKey:'vq5B0'
2023/07/11 13:59:06 [TRACE] 7Qp2Q4J3RFrhrPmppHuVgE /link/set 컨텍스트저장 UKey:'MEoVy'
2023/07/11 13:59:57 [TRACE] 26yr1D9vhClh3QupnuJcq3 /link/get 컨텍스트저장 UKey:'54cTE'
2023/07/11 14:01:34 [TRACE] 3yA30YX8kNE1IolU4SWOnM /link/get 컨텍스트저장 UKey:'vq5B0'
2023/07/11 14:03:00 [TRACE] 4btu0mVntlv8WJFlPVba4H ----------------------------------------------------
2023/07/11 14:03:00 [TRACE] 4btu0mVntlv8WJFlPVba4H /DwPdS 요청토큰: 70c7f0b2-dab7-4614-81b4-50c87d1a6d00
2023/07/11 14:03:00 [TRACE] 4btu0mVntlv8WJFlPVba4H 2024-06-07 00:00:00 +0700 +07
2023/07/11 14:03:00 [TRACE] 4btu0mVntlv8WJFlPVba4H ub.urlybud.aqua.castis.io 라이선스 정상
2023/07/11 14:03:00 [TRACE] 4btu0mVntlv8WJFlPVba4H DwPdS CheckExists()
2023/07/11 14:03:00 [TRACE] 4btu0mVntlv8WJFlPVba4H DwPdS CheckSecureLink()
2023/07/11 14:03:00 [TRACE] 4btu0mVntlv8WJFlPVba4H DwPdS CheckCount()
2023/07/11 14:03:00 [TRACE] 4btu0mVntlv8WJFlPVba4H DwPdS CheckExpire()
2023/07/11 14:03:00 [TRACE] 4btu0mVntlv8WJFlPVba4H DwPdS CheckAuth()
2023/07/11 14:03:00 [TRACE] 4btu0mVntlv8WJFlPVba4H DwPdS ServeLink()
2023/07/11 14:03:00 [TRACE] 4btu0mVntlv8WJFlPVba4H DwPdS Redirect()
2023/07/11 14:03:00 [TRACE] 4btu0mVntlv8WJFlPVba4H DwPdS GET 리다이렉트
2023/07/11 14:03:00 [TRACE] 4btu0mVntlv8WJFlPVba4H /DwPdS 컨텍스트저장 UKey:'DwPdS'
2023/07/11 14:03:14 [TRACE] fqdvfKpCPVmi4mTAyVC0nn ----------------------------------------------------
2023/07/11 14:03:14 [TRACE] fqdvfKpCPVmi4mTAyVC0nn /daUTm 요청토큰: 70c7f0b2-dab7-4614-81b4-50c87d1a6d00
2023/07/11 14:03:14 [TRACE] fqdvfKpCPVmi4mTAyVC0nn 2024-06-07 00:00:00 +0700 +07
2023/07/11 14:03:14 [TRACE] fqdvfKpCPVmi4mTAyVC0nn ub.urlybud.aqua.castis.io 라이선스 정상
2023/07/11 14:03:14 [TRACE] fqdvfKpCPVmi4mTAyVC0nn daUTm CheckExists()
2023/07/11 14:03:14 [TRACE] fqdvfKpCPVmi4mTAyVC0nn daUTm CheckSecureLink()
2023/07/11 14:03:14 [TRACE] fqdvfKpCPVmi4mTAyVC0nn daUTm CheckCount()
2023/07/11 14:03:14 [TRACE] fqdvfKpCPVmi4mTAyVC0nn daUTm CheckExpire()
2023/07/11 14:03:14 [TRACE] fqdvfKpCPVmi4mTAyVC0nn daUTm CheckAuth()
2023/07/11 14:03:14 [TRACE] fqdvfKpCPVmi4mTAyVC0nn daUTm ServeLink()
2023/07/11 14:03:14 [TRACE] fqdvfKpCPVmi4mTAyVC0nn daUTm Redirect()
2023/07/11 14:03:14 [TRACE] fqdvfKpCPVmi4mTAyVC0nn daUTm GET 리다이렉트
2023/07/11 14:03:14 [TRACE] fqdvfKpCPVmi4mTAyVC0nn /daUTm 컨텍스트저장 UKey:'daUTm'
2023/07/11 14:03:26 [TRACE] 3gOEuw69ft4e4gpkRA71Ne /link/get 컨텍스트저장 UKey:'daUTm'
2023/07/11 14:03:32 [TRACE] 2ItUfbFFbliiwDumxOQ9eH ----------------------------------------------------
2023/07/11 14:03:32 [TRACE] 2ItUfbFFbliiwDumxOQ9eH /DwPdS 요청토큰: 70c7f0b2-dab7-4614-81b4-50c87d1a6d00
2023/07/11 14:03:32 [TRACE] 2ItUfbFFbliiwDumxOQ9eH 2024-06-07 00:00:00 +0700 +07
2023/07/11 14:03:32 [TRACE] 2ItUfbFFbliiwDumxOQ9eH ub.urlybud.aqua.castis.io 라이선스 정상
2023/07/11 14:03:32 [TRACE] 2ItUfbFFbliiwDumxOQ9eH DwPdS CheckExists()
2023/07/11 14:03:32 [TRACE] 2ItUfbFFbliiwDumxOQ9eH DwPdS CheckSecureLink()
2023/07/11 14:03:32 [TRACE] 2ItUfbFFbliiwDumxOQ9eH DwPdS CheckCount()
2023/07/11 14:03:32 [TRACE] 2ItUfbFFbliiwDumxOQ9eH DwPdS CheckExpire()
2023/07/11 14:03:32 [TRACE] 2ItUfbFFbliiwDumxOQ9eH DwPdS CheckAuth()
2023/07/11 14:03:32 [TRACE] 2ItUfbFFbliiwDumxOQ9eH DwPdS ServeLink()
2023/07/11 14:03:32 [TRACE] 2ItUfbFFbliiwDumxOQ9eH DwPdS Redirect()
2023/07/11 14:03:32 [TRACE] 2ItUfbFFbliiwDumxOQ9eH DwPdS GET 리다이렉트
2023/07/11 14:03:32 [TRACE] 2ItUfbFFbliiwDumxOQ9eH /DwPdS 컨텍스트저장 UKey:'DwPdS'
2023/07/11 14:03:45 [TRACE] 3eggkKWZqfJgGSUq5G6i7k /link/get 컨텍스트저장 UKey:'DwPdS'
2023/07/11 14:04:17 [TRACE] fTaLG5RwtwMaIPKfUiEvOI /link/get 컨텍스트저장 UKey:'DwPdS'
2023/07/11 14:05:40 [TRACE] bZFOqqT6VXv5l8QGGDlk3j /link/get 컨텍스트저장 UKey:'vq5B0'
2023/07/11 14:07:46 [TRACE] beHbo5UD4W97YwWtfywWfV /link/get 컨텍스트저장 UKey:'vq5B0'
2023/07/11 14:09:00 [TRACE] h46X2jJSthyjtuxJSZZZ4V /link/get 컨텍스트저장 UKey:'vq5B0'
2023/07/11 14:10:34 [TRACE] 8jHxECC27bsjjBCfaAf6op /link/get 컨텍스트저장 UKey:'DwPdS'
2023/07/11 14:15:45 [TRACE] 7v1cI5vyITUd0vdz3BdFdB /link/set 컨텍스트저장 UKey:'LDyKM'
2023/07/11 14:17:43 [TRACE] 6y7W3SLcaox6xe4WUXjid8 /link/set 컨텍스트저장 UKey:'Bv8TT'
2023/07/11 14:22:57 [TRACE] 38RvIklUqiS7EYFHK2s80e /link/set 컨텍스트저장 UKey:'21Gna'
2023/07/11 14:23:36 [TRACE] k1igyqXEgVXig5ZOnF0NNh /link/set 컨텍스트저장 UKey:'KCIBs'
2023/07/11 14:44:41 [TRACE] 20nVtVEZ3YnhzpNZUsmnDP /link/set 컨텍스트저장 UKey:'topqM'
2023/07/11 14:51:08 [TRACE] 1BOO8yhgtJncR3cCiAc1g1 ----------------------------------------------------
2023/07/11 14:51:08 [TRACE] 1BOO8yhgtJncR3cCiAc1g1 /DwPdS 요청토큰: efa063fa-f99e-4e72-92b3-183bba11283d
2023/07/11 14:51:08 [TRACE] 1BOO8yhgtJncR3cCiAc1g1 2024-06-07 00:00:00 +0700 +07
2023/07/11 14:51:08 [TRACE] 1BOO8yhgtJncR3cCiAc1g1 ub.urlybud.aqua.castis.io 라이선스 정상
2023/07/11 14:51:08 [TRACE] 1BOO8yhgtJncR3cCiAc1g1 DwPdS CheckExists()
2023/07/11 14:51:08 [TRACE] 1BOO8yhgtJncR3cCiAc1g1 DwPdS CheckSecureLink()
2023/07/11 14:51:08 [TRACE] 1BOO8yhgtJncR3cCiAc1g1 DwPdS CheckCount()
2023/07/11 14:51:08 [TRACE] 1BOO8yhgtJncR3cCiAc1g1 DwPdS CheckExpire()
2023/07/11 14:51:08 [TRACE] 1BOO8yhgtJncR3cCiAc1g1 DwPdS CheckAuth()
2023/07/11 14:51:08 [TRACE] 1BOO8yhgtJncR3cCiAc1g1 DwPdS ServeLink()
2023/07/11 14:51:08 [TRACE] 1BOO8yhgtJncR3cCiAc1g1 DwPdS Redirect()
2023/07/11 14:51:08 [TRACE] 1BOO8yhgtJncR3cCiAc1g1 DwPdS GET 리다이렉트
2023/07/11 14:51:08 [TRACE] 1BOO8yhgtJncR3cCiAc1g1 /DwPdS 컨텍스트저장 UKey:'DwPdS'
2023/07/11 14:51:10 [TRACE] 7dr5MCA29OLl1NhrQQoDQd /link/get 컨텍스트저장 UKey:'DwPdS'
2023/07/11 14:52:02 [TRACE] 5wtnPLP0S8f1A8dMaetuHz /link/set 컨텍스트저장 UKey:'SJs7Y'
2023/07/11 14:54:21 [TRACE] l6VcmYsY5pQ329HbNvpFS1 ----------------------------------------------------
2023/07/11 14:54:21 [TRACE] l6VcmYsY5pQ329HbNvpFS1 /SJs7Y 토큰생성: f0e61493-2053-4ba0-8a43-32cd885e39a0
2023/07/11 14:54:21 [TRACE] l6VcmYsY5pQ329HbNvpFS1 2024-06-07 00:00:00 +0700 +07
2023/07/11 14:54:21 [TRACE] l6VcmYsY5pQ329HbNvpFS1 ub.urlybud.aqua.castis.io 라이선스 정상
2023/07/11 14:54:21 [TRACE] l6VcmYsY5pQ329HbNvpFS1 SJs7Y CheckExists()
2023/07/11 14:54:21 [TRACE] l6VcmYsY5pQ329HbNvpFS1 SJs7Y CheckSecureLink()
2023/07/11 14:54:21 [TRACE] l6VcmYsY5pQ329HbNvpFS1 SJs7Y CheckCount()
2023/07/11 14:54:21 [TRACE] l6VcmYsY5pQ329HbNvpFS1 SJs7Y CheckExpire()
2023/07/11 14:54:21 [TRACE] l6VcmYsY5pQ329HbNvpFS1 SJs7Y CheckAuth()
2023/07/11 14:54:21 [TRACE] l6VcmYsY5pQ329HbNvpFS1 SJs7Y ServeLink()
2023/07/11 14:54:21 [TRACE] l6VcmYsY5pQ329HbNvpFS1 SJs7Y Redirect()
2023/07/11 14:54:21 [TRACE] l6VcmYsY5pQ329HbNvpFS1 SJs7Y GET 리다이렉트
2023/07/11 14:54:21 [TRACE] l6VcmYsY5pQ329HbNvpFS1 /SJs7Y 컨텍스트저장 UKey:'SJs7Y'
2023/07/11 14:54:23 [TRACE] 8nfCpMRDZay4w56YCU7MMX /link/get 컨텍스트저장 UKey:'SJs7Y'
2023/07/11 14:57:31 [TRACE] aqimyMIKVNj6R2AWaOZJ7A ----------------------------------------------------
2023/07/11 14:57:31 [TRACE] aqimyMIKVNj6R2AWaOZJ7A /SJs7Y 요청토큰: f0e61493-2053-4ba0-8a43-32cd885e39a0
2023/07/11 14:57:31 [TRACE] aqimyMIKVNj6R2AWaOZJ7A 2024-06-07 00:00:00 +0700 +07
2023/07/11 14:57:31 [TRACE] aqimyMIKVNj6R2AWaOZJ7A ub.urlybud.aqua.castis.io 라이선스 정상
2023/07/11 14:57:31 [TRACE] aqimyMIKVNj6R2AWaOZJ7A SJs7Y CheckExists()
2023/07/11 14:57:31 [TRACE] aqimyMIKVNj6R2AWaOZJ7A SJs7Y CheckSecureLink()
2023/07/11 14:57:31 [TRACE] aqimyMIKVNj6R2AWaOZJ7A SJs7Y CheckCount()
2023/07/11 14:57:31 [TRACE] aqimyMIKVNj6R2AWaOZJ7A SJs7Y CheckExpire()
2023/07/11 14:57:31 [TRACE] aqimyMIKVNj6R2AWaOZJ7A SJs7Y CheckAuth()
2023/07/11 14:57:31 [TRACE] aqimyMIKVNj6R2AWaOZJ7A SJs7Y ServeLink()
2023/07/11 14:57:31 [TRACE] aqimyMIKVNj6R2AWaOZJ7A SJs7Y Redirect()
2023/07/11 14:57:31 [TRACE] aqimyMIKVNj6R2AWaOZJ7A SJs7Y GET 리다이렉트
2023/07/11 14:57:31 [TRACE] aqimyMIKVNj6R2AWaOZJ7A /SJs7Y 컨텍스트저장 UKey:'SJs7Y'
2023/07/11 14:57:31 [TRACE] dBWTF3PvH05dCiT2s21n8k /link/get 컨텍스트저장 UKey:'SJs7Y'
2023/07/11 14:57:45 [TRACE] 5Dk06L3J730bMKC25s9MzK /link/get 컨텍스트저장 UKey:'SJs7Y'
2023/07/11 14:58:03 [TRACE] wTtsQqMJbP2RZfaV7sGNy /link/get 컨텍스트저장 UKey:'SJs7Y'
2023/07/11 14:58:06 [TRACE] 34cw7IkIfMqgL0flXc9VNd /link/get 컨텍스트저장 UKey:'SJs7Y'
2023/07/11 14:58:15 [TRACE] hxoHgvoXKsL8utIqte112j ----------------------------------------------------
2023/07/11 14:58:15 [TRACE] hxoHgvoXKsL8utIqte112j /SJs7Y 요청토큰: f0e61493-2053-4ba0-8a43-32cd885e39a0
2023/07/11 14:58:15 [TRACE] hxoHgvoXKsL8utIqte112j 2024-06-07 00:00:00 +0700 +07
2023/07/11 14:58:15 [TRACE] hxoHgvoXKsL8utIqte112j ub.urlybud.aqua.castis.io 라이선스 정상
2023/07/11 14:58:15 [TRACE] hxoHgvoXKsL8utIqte112j SJs7Y CheckExists()
2023/07/11 14:58:15 [TRACE] hxoHgvoXKsL8utIqte112j SJs7Y CheckSecureLink()
2023/07/11 14:58:15 [TRACE] hxoHgvoXKsL8utIqte112j SJs7Y CheckCount()
2023/07/11 14:58:15 [TRACE] hxoHgvoXKsL8utIqte112j SJs7Y CheckExpire()
2023/07/11 14:58:15 [TRACE] hxoHgvoXKsL8utIqte112j SJs7Y CheckAuth()
2023/07/11 14:58:15 [TRACE] hxoHgvoXKsL8utIqte112j SJs7Y ServeLink()
2023/07/11 14:58:15 [TRACE] hxoHgvoXKsL8utIqte112j SJs7Y Redirect()
2023/07/11 14:58:15 [TRACE] hxoHgvoXKsL8utIqte112j SJs7Y GET 리다이렉트
2023/07/11 14:58:15 [TRACE] hxoHgvoXKsL8utIqte112j /SJs7Y 컨텍스트저장 UKey:'SJs7Y'
2023/07/11 14:58:15 [TRACE] 52naXNOOopvaKmI6W5ivE3 /link/get 컨텍스트저장 UKey:'SJs7Y'
2023/07/11 14:58:30 [TRACE] 3tjUYLCk0o2hU7OaLKXwMn /link/get 컨텍스트저장 UKey:'SJs7Y'
2023/07/11 15:01:08 [TRACE] l1JFOMgcgmgiUbA8Ls0TdF /link/set 컨텍스트저장 UKey:'JBSs2'
2023/07/11 15:01:37 [TRACE] 5O31aulTNdZ9MSPPUZE0dD ----------------------------------------------------
2023/07/11 15:01:37 [TRACE] 5O31aulTNdZ9MSPPUZE0dD /JBSs2 요청토큰: e26c9bf6-a6d0-46bb-a282-78226a9b8d44
2023/07/11 15:01:37 [TRACE] 5O31aulTNdZ9MSPPUZE0dD 2024-06-07 00:00:00 +0700 +07
2023/07/11 15:01:37 [TRACE] 5O31aulTNdZ9MSPPUZE0dD ub.urlybud.aqua.castis.io 라이선스 정상
2023/07/11 15:01:37 [TRACE] 5O31aulTNdZ9MSPPUZE0dD JBSs2 CheckExists()
2023/07/11 15:01:37 [TRACE] 5O31aulTNdZ9MSPPUZE0dD JBSs2 CheckSecureLink()
2023/07/11 15:01:37 [TRACE] 5O31aulTNdZ9MSPPUZE0dD JBSs2 CheckCount()
2023/07/11 15:01:37 [TRACE] 5O31aulTNdZ9MSPPUZE0dD JBSs2 CheckExpire()
2023/07/11 15:01:37 [TRACE] 5O31aulTNdZ9MSPPUZE0dD JBSs2 CheckAuth()
2023/07/11 15:01:37 [TRACE] 5O31aulTNdZ9MSPPUZE0dD JBSs2 ServeLink()
2023/07/11 15:01:37 [TRACE] 5O31aulTNdZ9MSPPUZE0dD JBSs2 Redirect()
2023/07/11 15:01:37 [TRACE] 5O31aulTNdZ9MSPPUZE0dD JBSs2 GET 리다이렉트
2023/07/11 15:01:37 [TRACE] 5O31aulTNdZ9MSPPUZE0dD /JBSs2 컨텍스트저장 UKey:'JBSs2'
2023/07/11 15:01:39 [TRACE] 2baYljhyxeckxpawo6Ddel /link/get 컨텍스트저장 UKey:'DwPdS'
2023/07/11 15:01:39 [TRACE] iYEK0RcyB3j2VVFUKnbYFU /link/get 컨텍스트저장 UKey:'JBSs2'
2023/07/11 15:04:31 [TRACE] i4AG9TyFA1ZeCW3O0lPPkU /link/get 컨텍스트저장 UKey:'DwPdS'
2023/07/11 15:12:09 [TRACE] janJ0hhBIW69fj8xuDWjij /link/set 컨텍스트저장 UKey:'if9nU'
2023/07/11 15:12:33 [TRACE] lkumEKbTcZCcUoNugtoWky ----------------------------------------------------
2023/07/11 15:12:33 [TRACE] lkumEKbTcZCcUoNugtoWky /if9nU 요청토큰: e26c9bf6-a6d0-46bb-a282-78226a9b8d44
2023/07/11 15:12:33 [TRACE] lkumEKbTcZCcUoNugtoWky 2024-06-07 00:00:00 +0700 +07
2023/07/11 15:12:33 [TRACE] lkumEKbTcZCcUoNugtoWky ub.urlybud.aqua.castis.io 라이선스 정상
2023/07/11 15:12:33 [TRACE] lkumEKbTcZCcUoNugtoWky if9nU CheckExists()
2023/07/11 15:12:33 [TRACE] lkumEKbTcZCcUoNugtoWky if9nU CheckSecureLink()
2023/07/11 15:12:33 [TRACE] lkumEKbTcZCcUoNugtoWky if9nU CheckCount()
2023/07/11 15:12:33 [TRACE] lkumEKbTcZCcUoNugtoWky if9nU CheckExpire()
2023/07/11 15:12:33 [TRACE] lkumEKbTcZCcUoNugtoWky if9nU CheckAuth()
2023/07/11 15:12:33 [TRACE] lkumEKbTcZCcUoNugtoWky if9nU ServeLink()
2023/07/11 15:12:33 [TRACE] lkumEKbTcZCcUoNugtoWky if9nU Redirect()
2023/07/11 15:12:33 [TRACE] lkumEKbTcZCcUoNugtoWky if9nU GET 리다이렉트
2023/07/11 15:12:33 [TRACE] lkumEKbTcZCcUoNugtoWky /if9nU 컨텍스트저장 UKey:'if9nU'
2023/07/11 15:12:33 [TRACE] eBa9vlTH9yy5InffVCgtJ9 /link/get 컨텍스트저장 UKey:'if9nU'
2023/07/11 15:12:33 [TRACE] cIlcnVUGAmj4qCfIZRTs39 /link/get 컨텍스트저장 UKey:'DwPdS'
2023/07/11 15:20:07 [TRACE] jAIXq28Sop3evtem8NNdrg ----------------------------------------------------
2023/07/11 15:20:07 [TRACE] jAIXq28Sop3evtem8NNdrg /DwPdS 토큰생성: 9789bd7f-ea0e-4179-81d1-60ec558803f7
2023/07/11 15:20:07 [TRACE] jAIXq28Sop3evtem8NNdrg 2024-06-07 00:00:00 +0700 +07
2023/07/11 15:20:07 [TRACE] jAIXq28Sop3evtem8NNdrg ub.urlybud.aqua.castis.io 라이선스 정상
2023/07/11 15:20:07 [TRACE] jAIXq28Sop3evtem8NNdrg DwPdS CheckExists()
2023/07/11 15:20:07 [TRACE] jAIXq28Sop3evtem8NNdrg DwPdS CheckSecureLink()
2023/07/11 15:20:07 [TRACE] jAIXq28Sop3evtem8NNdrg DwPdS CheckCount()
2023/07/11 15:20:07 [TRACE] jAIXq28Sop3evtem8NNdrg DwPdS CheckExpire()
2023/07/11 15:20:07 [TRACE] jAIXq28Sop3evtem8NNdrg DwPdS CheckAuth()
2023/07/11 15:20:07 [TRACE] jAIXq28Sop3evtem8NNdrg DwPdS ServeLink()
2023/07/11 15:20:07 [TRACE] jAIXq28Sop3evtem8NNdrg DwPdS Redirect()
2023/07/11 15:20:07 [TRACE] jAIXq28Sop3evtem8NNdrg DwPdS GET 리다이렉트
2023/07/11 15:20:07 [TRACE] jAIXq28Sop3evtem8NNdrg /DwPdS 컨텍스트저장 UKey:'DwPdS'
2023/07/11 15:20:11 [TRACE] dhBIcAm0noG6qxijFdoL4g /link/get 컨텍스트저장 UKey:'DwPdS'
2023/07/11 15:22:10 [TRACE] krAI88eoNftiQeVpgieiQX ----------------------------------------------------
2023/07/11 15:22:10 [TRACE] krAI88eoNftiQeVpgieiQX /if9nU 요청토큰: e26c9bf6-a6d0-46bb-a282-78226a9b8d44
2023/07/11 15:22:10 [TRACE] krAI88eoNftiQeVpgieiQX 2024-06-07 00:00:00 +0700 +07
2023/07/11 15:22:10 [TRACE] krAI88eoNftiQeVpgieiQX ub.urlybud.aqua.castis.io 라이선스 정상
2023/07/11 15:22:10 [TRACE] krAI88eoNftiQeVpgieiQX if9nU CheckExists()
2023/07/11 15:22:10 [TRACE] krAI88eoNftiQeVpgieiQX if9nU CheckSecureLink()
2023/07/11 15:22:10 [TRACE] krAI88eoNftiQeVpgieiQX if9nU CheckCount()
2023/07/11 15:22:10 [TRACE] krAI88eoNftiQeVpgieiQX if9nU CheckExpire()
2023/07/11 15:22:10 [TRACE] krAI88eoNftiQeVpgieiQX if9nU CheckAuth()
2023/07/11 15:22:10 [TRACE] krAI88eoNftiQeVpgieiQX if9nU ServeLink()
2023/07/11 15:22:10 [TRACE] krAI88eoNftiQeVpgieiQX if9nU Redirect()
2023/07/11 15:22:10 [TRACE] krAI88eoNftiQeVpgieiQX if9nU GET 리다이렉트
2023/07/11 15:22:10 [TRACE] krAI88eoNftiQeVpgieiQX /if9nU 컨텍스트저장 UKey:'if9nU'
2023/07/11 15:22:11 [TRACE] 1ilBnEgKhYFY0nUrZ9UST /link/get 컨텍스트저장 UKey:'if9nU'
2023/07/11 15:22:11 [TRACE] jyV8qZIsS5r98aoiMqMRGX /link/get 컨텍스트저장 UKey:'DwPdS'
2023/07/11 15:32:16 [TRACE] dAp8BzNcz8AanByOvSoYBK /link/get 컨텍스트저장 UKey:'vq5B0'
2023/07/11 15:34:16 [TRACE] eeofsywdisfk6ZJgJoM3Ss /link/get 컨텍스트저장 UKey:'vq5B0'
2023/07/11 15:36:24 [TRACE] lbj49X8tzGvfsVoCwAFIiR /link/get 컨텍스트저장 UKey:'vq5B0'
2023/07/11 15:37:12 [TRACE] 9G014m928MAkdLKhdJHvLA /link/get 컨텍스트저장 UKey:'vq5B0'
2023/07/11 16:55:24 [TRACE] ixeb6FLE68YjVxNBsH6P3Y /link/get 컨텍스트저장 UKey:'DwPdS'
2023/07/11 18:06:35 [TRACE] c657hXs5omFjtoQbsJoyWR /link/set 컨텍스트저장 UKey:'21Gnm'
2023/07/11 18:07:58 [TRACE] kAV5ZcZL7Xy1fxWWP36JT7 /link/set 컨텍스트저장 UKey:'FyvJr'
