2023/07/04 09:04:17 [TRACE] fDc8vlJR4K9hpjwyKrnQOa /link/get 컨텍스트저장 UKey:'lhDsr'
2023/07/04 09:26:01 [TRACE] gMzAW1kak7xlBR5J3ujq3E /link/get 컨텍스트저장 UKey:'lhDsr'
2023/07/04 09:50:20 [TRACE] d5zxHXLL32Aaiwp4aajprg /link/get 컨텍스트저장 UKey:'lhDsr'
2023/07/04 09:50:33 [TRACE] fY0SRJAjOgAfMzosQHZ8uC /link/get 컨텍스트저장 UKey:'lhDsr'
2023/07/04 09:50:36 [TRACE] ibAW4rjeIKW4Ndnj60BtnH /link/get 컨텍스트저장 UKey:'lhDsr'
2023/07/04 09:50:38 [TRACE] h2xnl3568I5hPaTsY8A2fT /link/get 컨텍스트저장 UKey:'lhDsr'
2023/07/04 09:50:40 [TRACE] 5PdaCqrQz59lrKaPFtZfNg /link/get 컨텍스트저장 UKey:'lhDsr'
2023/07/04 09:50:47 [TRACE] bBWvBJa986laHXJFn5xly3 /link/get 컨텍스트저장 UKey:'lhDsr'
2023/07/04 09:50:55 [TRACE] jp5EscZGCEQ6vH8HZ0SXPS /link/get 컨텍스트저장 UKey:'lhDsr'
2023/07/04 09:54:48 [TRACE] bVoC7YPXsOraeIHEpmrEEh /link/get 컨텍스트저장 UKey:'lhDsr'
2023/07/04 09:55:57 [TRACE] 3ZHrLqWk0UIbwta7CNExry /link/get 컨텍스트저장 UKey:'lhDsr'
2023/07/04 10:01:31 [TRACE] 1s8ziimI7jaevko3WzeuTc /link/get 컨텍스트저장 UKey:'lhDsr'
2023/07/04 10:03:00 [TRACE] fSSW7b7a1K5eooVnB1E9Xs /link/get 컨텍스트저장 UKey:'lhDsr'
2023/07/04 10:03:12 [TRACE] gymlRqCz2Ji7NVcODxxN27 /link/get 컨텍스트저장 UKey:'lhDsr'
2023/07/04 10:04:13 [TRACE] cUxYtpqEBzGiQJc7LVQhFi /link/get 컨텍스트저장 UKey:'lhDsr'
2023/07/04 10:04:16 [TRACE] hmInTOu9XDdgZ4dLPud5Et /link/get 컨텍스트저장 UKey:'lhDsr'
2023/07/04 10:05:07 [TRACE] ffo7aGT3szV9j4aFVvOdZ9 /link/get 컨텍스트저장 UKey:'lhDsr'
2023/07/04 10:05:17 [TRACE] 3VCRwTBrpIu6BcB4h25oiE /link/get 컨텍스트저장 UKey:'lhDsr'
2023/07/04 10:05:23 [TRACE] julM6FzkobKh8amP2sgA1 /link/get 컨텍스트저장 UKey:'lhDsr'
2023/07/04 10:05:49 [TRACE] 6CJDcG6NAURcP9fK7TBt56 /link/get 컨텍스트저장 UKey:'lhDsr'
2023/07/04 10:06:06 [TRACE] 9B7WM8WtvOQ4jZg2NsYKXS /link/get 컨텍스트저장 UKey:'lhDsr'
2023/07/04 10:06:34 [TRACE] 7lhag4hynip81byp2u319u /link/get 컨텍스트저장 UKey:'lhDsr'
2023/07/04 10:06:45 [TRACE] 6TLDeA5nsM98LVRU4EO3aY /link/get 컨텍스트저장 UKey:'lhDsr'
2023/07/04 10:06:49 [TRACE] 8bEPFGJpm0v9G6g0byvRwg /link/get 컨텍스트저장 UKey:'lhDsr'
2023/07/04 10:07:06 [TRACE] kacdHlqiwsifBrw4WNhlOJ /link/get 컨텍스트저장 UKey:'lhDsr'
2023/07/04 10:07:16 [TRACE] 781PQ4xRU2Zg0G9GXADmOU /link/get 컨텍스트저장 UKey:'lhDsr'
2023/07/04 10:09:03 [TRACE] 8nr3EaepK2zlEtcmee14c9 /link/get 컨텍스트저장 UKey:'lhDsr'
2023/07/04 10:09:23 [TRACE] bQ98zrjBuqB7B22PHyEJn7 /link/get 컨텍스트저장 UKey:'lhDsr'
2023/07/04 10:13:19 [TRACE] 48Qlwxskiv98lIT4Wxy66h /link/get 컨텍스트저장 UKey:'lhDsr'
2023/07/04 10:39:56 [TRACE] iGBBm9F5GzJ9dENse8iS2c /link/get 컨텍스트저장 UKey:'lhDsr'
2023/07/04 10:40:16 [TRACE] 7XDu6HArB7yi8OumaljHkH /link/get 컨텍스트저장 UKey:'lhDsr'
2023/07/04 10:42:26 [TRACE] ejnrSGBtxcd6M0IG6c7Chl /link/get 컨텍스트저장 UKey:'lhDsr'
2023/07/04 16:43:26 [TRACE] 629j8B1JtZG80GvtZVjvRm /link/get 컨텍스트저장 UKey:'lhDsr'
2023/07/04 16:45:19 [TRACE] 7k4XIgYIimVdzTHz6r9ROq /link/get 컨텍스트저장 UKey:'lhDsr'
2023/07/04 16:49:06 [TRACE] 9jDKI3e5M1RbvWY0rLgvWT /link/get 컨텍스트저장 UKey:'lhDsr'
2023/07/04 16:50:20 [TRACE] hooXDIk8HRV2rGmj6SKqv9 /link/get 컨텍스트저장 UKey:'lhDsr'
2023/07/04 16:50:25 [TRACE] fm8cr14ILSQ5OKrX8Nmn53 /link/get 컨텍스트저장 UKey:'lhDsr'
2023/07/04 17:05:45 [TRACE] 3a2v7ytiMrZi99PA9IsGCm /link/get 컨텍스트저장 UKey:'lhDsr'
2023/07/04 17:05:49 [TRACE] f93Ivy2KqAduOOLgzu3bL /link/get 컨텍스트저장 UKey:'lhDsr'
2023/07/04 17:06:29 [TRACE] aOUkXpjKNPYdfmIbdlG7yu /link/get 컨텍스트저장 UKey:'lhDsr'
