2023/06/08 00:04:55 [TRACE] 9We1hOeugkZ3Z0p6Lgn2X2 /link/get 컨텍스트저장 UKey:''
2023/06/08 00:04:55 [TRACE] 7LiHpcsXhe63FgZGtILYNj /link/get 컨텍스트저장 UKey:''
2023/06/08 00:14:33 [TRACE] 8Cw6qERNa7p3MFb8CoLCxK /link/get 컨텍스트저장 UKey:''
2023/06/08 00:14:33 [TRACE] dDbE0qqeEdmbt6E83SJ4zq /link/get 컨텍스트저장 UKey:''
2023/06/08 00:36:06 [TRACE] cLOEgjmgs7o6qvA7O0VrQd /link/get 컨텍스트저장 UKey:''
2023/06/08 00:36:09 [TRACE] iV4kTUt80CC6vusoI2ug7B /link/get 컨텍스트저장 UKey:''
2023/06/08 00:36:27 [TRACE] SMEdI7pfL32nL2W1YItTE /link/get 컨텍스트저장 UKey:''
2023/06/08 00:36:39 [TRACE] 2cTeaLdLksGlqVUbcUfogx /link/get 컨텍스트저장 UKey:''
2023/06/08 08:48:52 [TRACE] 68k6U2ZmqPAcqbSz2Yrj3o ----------------------------------------------------
2023/06/08 08:48:52 [TRACE] 68k6U2ZmqPAcqbSz2Yrj3o /PGOC3 토큰생성: 5fdd4f5a-e321-4a9e-a2d9-2e403f5846d4
2023/06/08 08:48:52 [TRACE] 68k6U2ZmqPAcqbSz2Yrj3o 2024-06-07 00:00:00 +0700 +07
2023/06/08 08:48:52 [TRACE] 68k6U2ZmqPAcqbSz2Yrj3o ub.urlybud.aqua.castis.io 라이선스 정상
2023/06/08 08:48:52 [TRACE] 68k6U2ZmqPAcqbSz2Yrj3o PGOC3 CheckExists()
2023/06/08 08:48:52 [TRACE] 68k6U2ZmqPAcqbSz2Yrj3o PGOC3 CheckSecureLink()
2023/06/08 08:48:52 [TRACE] 68k6U2ZmqPAcqbSz2Yrj3o PGOC3 CheckCount()
2023/06/08 08:48:52 [TRACE] 68k6U2ZmqPAcqbSz2Yrj3o PGOC3 CheckExpire()
2023/06/08 08:48:52 [TRACE] 68k6U2ZmqPAcqbSz2Yrj3o PGOC3 CheckAuth()
2023/06/08 08:48:52 [TRACE] 68k6U2ZmqPAcqbSz2Yrj3o PGOC3 ServeLink()
2023/06/08 08:48:52 [TRACE] 68k6U2ZmqPAcqbSz2Yrj3o PGOC3 Redirect()
2023/06/08 08:48:52 [TRACE] 68k6U2ZmqPAcqbSz2Yrj3o PGOC3 GET 리다이렉트
2023/06/08 08:48:52 [TRACE] 68k6U2ZmqPAcqbSz2Yrj3o /PGOC3 컨텍스트저장 UKey:'PGOC3'
2023/06/08 08:50:05 [TRACE] 514mKZZJYnUkMrvP9g7vIG /link/get 컨텍스트저장 UKey:''
2023/06/08 08:50:08 [TRACE] cqmtd93xtZk6YLEfqSiPjH /link/get 컨텍스트저장 UKey:''
2023/06/08 08:50:20 [TRACE] fupCvJzj1JLkeStncP6mhg ----------------------------------------------------
2023/06/08 08:50:20 [TRACE] fupCvJzj1JLkeStncP6mhg /PGOC3 토큰생성: f36b639e-98a9-4b10-8fb2-684ead40d720
2023/06/08 08:50:20 [TRACE] fupCvJzj1JLkeStncP6mhg 2024-06-07 00:00:00 +0700 +07
2023/06/08 08:50:20 [TRACE] fupCvJzj1JLkeStncP6mhg ub.urlybud.aqua.castis.io 라이선스 정상
2023/06/08 08:50:20 [TRACE] fupCvJzj1JLkeStncP6mhg PGOC3 CheckExists()
2023/06/08 08:50:20 [TRACE] fupCvJzj1JLkeStncP6mhg PGOC3 CheckSecureLink()
2023/06/08 08:50:20 [TRACE] fupCvJzj1JLkeStncP6mhg PGOC3 CheckCount()
2023/06/08 08:50:20 [TRACE] fupCvJzj1JLkeStncP6mhg PGOC3 CheckExpire()
2023/06/08 08:50:20 [TRACE] fupCvJzj1JLkeStncP6mhg PGOC3 CheckAuth()
2023/06/08 08:50:20 [TRACE] fupCvJzj1JLkeStncP6mhg PGOC3 ServeLink()
2023/06/08 08:50:20 [TRACE] fupCvJzj1JLkeStncP6mhg PGOC3 Redirect()
2023/06/08 08:50:20 [TRACE] fupCvJzj1JLkeStncP6mhg PGOC3 GET 리다이렉트
2023/06/08 08:50:20 [TRACE] fupCvJzj1JLkeStncP6mhg /PGOC3 컨텍스트저장 UKey:'PGOC3'
2023/06/08 08:50:54 [TRACE] 67Q3jxnBTYI1TlpiORBX4Z /link/get 컨텍스트저장 UKey:''
2023/06/08 08:51:55 [TRACE] e6KD3h7m0fUhbiiMtEpV4G ----------------------------------------------------
2023/06/08 08:51:55 [TRACE] e6KD3h7m0fUhbiiMtEpV4G /PGOC3 토큰생성: 48250452-9b97-4e6a-9d15-8956ce7d5760
2023/06/08 08:51:55 [TRACE] e6KD3h7m0fUhbiiMtEpV4G 2024-06-07 00:00:00 +0700 +07
2023/06/08 08:51:55 [TRACE] e6KD3h7m0fUhbiiMtEpV4G ub.urlybud.aqua.castis.io 라이선스 정상
2023/06/08 08:51:55 [TRACE] e6KD3h7m0fUhbiiMtEpV4G PGOC3 CheckExists()
2023/06/08 08:51:55 [TRACE] e6KD3h7m0fUhbiiMtEpV4G PGOC3 CheckSecureLink()
2023/06/08 08:51:55 [TRACE] e6KD3h7m0fUhbiiMtEpV4G PGOC3 CheckCount()
2023/06/08 08:51:55 [TRACE] e6KD3h7m0fUhbiiMtEpV4G PGOC3 CheckExpire()
2023/06/08 08:51:55 [TRACE] e6KD3h7m0fUhbiiMtEpV4G PGOC3 CheckAuth()
2023/06/08 08:51:55 [TRACE] e6KD3h7m0fUhbiiMtEpV4G PGOC3 ServeLink()
2023/06/08 08:51:55 [TRACE] e6KD3h7m0fUhbiiMtEpV4G PGOC3 Redirect()
2023/06/08 08:51:55 [TRACE] e6KD3h7m0fUhbiiMtEpV4G PGOC3 GET 리다이렉트
2023/06/08 08:51:55 [TRACE] e6KD3h7m0fUhbiiMtEpV4G /PGOC3 컨텍스트저장 UKey:'PGOC3'
2023/06/08 08:53:07 [TRACE] 6EEyhTbFXYzc1UB3Qsw0SA ----------------------------------------------------
2023/06/08 08:53:07 [TRACE] 6EEyhTbFXYzc1UB3Qsw0SA /PGOC3 요청토큰: 1c86f911-a8af-455c-bea0-5431f2d50b62
2023/06/08 08:53:07 [TRACE] 6EEyhTbFXYzc1UB3Qsw0SA 2024-06-07 00:00:00 +0700 +07
2023/06/08 08:53:07 [TRACE] 6EEyhTbFXYzc1UB3Qsw0SA ub.urlybud.aqua.castis.io 라이선스 정상
2023/06/08 08:53:07 [TRACE] 6EEyhTbFXYzc1UB3Qsw0SA PGOC3 CheckExists()
2023/06/08 08:53:07 [TRACE] 6EEyhTbFXYzc1UB3Qsw0SA PGOC3 CheckSecureLink()
2023/06/08 08:53:07 [TRACE] 6EEyhTbFXYzc1UB3Qsw0SA PGOC3 CheckCount()
2023/06/08 08:53:07 [TRACE] 6EEyhTbFXYzc1UB3Qsw0SA PGOC3 CheckExpire()
2023/06/08 08:53:07 [TRACE] 6EEyhTbFXYzc1UB3Qsw0SA PGOC3 CheckAuth()
2023/06/08 08:53:07 [TRACE] 6EEyhTbFXYzc1UB3Qsw0SA PGOC3 ServeLink()
2023/06/08 08:53:07 [TRACE] 6EEyhTbFXYzc1UB3Qsw0SA PGOC3 Redirect()
2023/06/08 08:53:07 [TRACE] 6EEyhTbFXYzc1UB3Qsw0SA PGOC3 GET 리다이렉트
2023/06/08 08:53:07 [TRACE] 6EEyhTbFXYzc1UB3Qsw0SA /PGOC3 컨텍스트저장 UKey:'PGOC3'
2023/06/08 08:54:09 [TRACE] 1ZsKbpigJh8kXUbK5E2Ip0 ----------------------------------------------------
2023/06/08 08:54:09 [TRACE] 1ZsKbpigJh8kXUbK5E2Ip0 /PGOC3 요청토큰: dd0a6617-db83-4e6c-a791-535d7b0b9a27
2023/06/08 08:54:09 [TRACE] 1ZsKbpigJh8kXUbK5E2Ip0 2024-06-07 00:00:00 +0700 +07
2023/06/08 08:54:09 [TRACE] 1ZsKbpigJh8kXUbK5E2Ip0 ub.urlybud.aqua.castis.io 라이선스 정상
2023/06/08 08:54:09 [TRACE] 1ZsKbpigJh8kXUbK5E2Ip0 PGOC3 CheckExists()
2023/06/08 08:54:09 [TRACE] 1ZsKbpigJh8kXUbK5E2Ip0 PGOC3 CheckSecureLink()
2023/06/08 08:54:09 [TRACE] 1ZsKbpigJh8kXUbK5E2Ip0 PGOC3 CheckCount()
2023/06/08 08:54:09 [TRACE] 1ZsKbpigJh8kXUbK5E2Ip0 PGOC3 CheckExpire()
2023/06/08 08:54:09 [TRACE] 1ZsKbpigJh8kXUbK5E2Ip0 PGOC3 CheckAuth()
2023/06/08 08:54:09 [TRACE] 1ZsKbpigJh8kXUbK5E2Ip0 PGOC3 ServeLink()
2023/06/08 08:54:09 [TRACE] 1ZsKbpigJh8kXUbK5E2Ip0 PGOC3 Redirect()
2023/06/08 08:54:09 [TRACE] 1ZsKbpigJh8kXUbK5E2Ip0 PGOC3 GET 리다이렉트
2023/06/08 08:54:09 [TRACE] 1ZsKbpigJh8kXUbK5E2Ip0 /PGOC3 컨텍스트저장 UKey:'PGOC3'
2023/06/08 08:55:00 [TRACE] 3drSb4Yp5jYlCY9Btm83Gx ----------------------------------------------------
2023/06/08 08:55:00 [TRACE] 3drSb4Yp5jYlCY9Btm83Gx /PGOC3 요청토큰: efa063fa-f99e-4e72-92b3-183bba11283d
2023/06/08 08:55:00 [TRACE] 3drSb4Yp5jYlCY9Btm83Gx 2024-06-07 00:00:00 +0700 +07
2023/06/08 08:55:00 [TRACE] 3drSb4Yp5jYlCY9Btm83Gx ub.urlybud.aqua.castis.io 라이선스 정상
2023/06/08 08:55:00 [TRACE] 3drSb4Yp5jYlCY9Btm83Gx PGOC3 CheckExists()
2023/06/08 08:55:00 [TRACE] 3drSb4Yp5jYlCY9Btm83Gx PGOC3 CheckSecureLink()
2023/06/08 08:55:00 [TRACE] 3drSb4Yp5jYlCY9Btm83Gx PGOC3 CheckCount()
2023/06/08 08:55:00 [TRACE] 3drSb4Yp5jYlCY9Btm83Gx PGOC3 CheckExpire()
2023/06/08 08:55:00 [TRACE] 3drSb4Yp5jYlCY9Btm83Gx PGOC3 CheckAuth()
2023/06/08 08:55:00 [TRACE] 3drSb4Yp5jYlCY9Btm83Gx PGOC3 ServeLink()
2023/06/08 08:55:00 [TRACE] 3drSb4Yp5jYlCY9Btm83Gx PGOC3 Redirect()
2023/06/08 08:55:00 [TRACE] 3drSb4Yp5jYlCY9Btm83Gx PGOC3 GET 리다이렉트
2023/06/08 08:55:00 [TRACE] 3drSb4Yp5jYlCY9Btm83Gx /PGOC3 컨텍스트저장 UKey:'PGOC3'
2023/06/08 08:55:24 [TRACE] g6smypYo5Vh4r2khAXFTdq ----------------------------------------------------
2023/06/08 08:55:24 [TRACE] g6smypYo5Vh4r2khAXFTdq / 토큰생성: 9acd55fc-8278-4860-8518-fc4a67b67c3a
2023/06/08 08:55:24 [TRACE] g6smypYo5Vh4r2khAXFTdq 2024-06-07 00:00:00 +0700 +07
2023/06/08 08:55:24 [TRACE] g6smypYo5Vh4r2khAXFTdq ub.urlybud.aqua.castis.io 라이선스 정상
2023/06/08 08:55:24 [TRACE] g6smypYo5Vh4r2khAXFTdq / CheckExists()
2023/06/08 08:55:24 [TRACE] g6smypYo5Vh4r2khAXFTdq / 링크를 찾을 수 없음
2023/06/08 08:55:24 [TRACE] g6smypYo5Vh4r2khAXFTdq ExpectedError() Code:B404 Param:[]
2023/06/08 08:55:24 [TRACE] g6smypYo5Vh4r2khAXFTdq / 컨텍스트저장 UKey:'/'
2023/06/08 08:55:45 [TRACE] fW6swenvuLmcB70afHj0Bc ----------------------------------------------------
2023/06/08 08:55:45 [TRACE] fW6swenvuLmcB70afHj0Bc /PGOC3 요청토큰: 1c86f911-a8af-455c-bea0-5431f2d50b62
2023/06/08 08:55:45 [TRACE] fW6swenvuLmcB70afHj0Bc 2024-06-07 00:00:00 +0700 +07
2023/06/08 08:55:45 [TRACE] fW6swenvuLmcB70afHj0Bc ub.urlybud.aqua.castis.io 라이선스 정상
2023/06/08 08:55:45 [TRACE] fW6swenvuLmcB70afHj0Bc PGOC3 CheckExists()
2023/06/08 08:55:45 [TRACE] fW6swenvuLmcB70afHj0Bc PGOC3 CheckSecureLink()
2023/06/08 08:55:45 [TRACE] fW6swenvuLmcB70afHj0Bc PGOC3 CheckCount()
2023/06/08 08:55:45 [TRACE] fW6swenvuLmcB70afHj0Bc PGOC3 CheckExpire()
2023/06/08 08:55:45 [TRACE] fW6swenvuLmcB70afHj0Bc PGOC3 CheckAuth()
2023/06/08 08:55:45 [TRACE] fW6swenvuLmcB70afHj0Bc PGOC3 ServeLink()
2023/06/08 08:55:45 [TRACE] fW6swenvuLmcB70afHj0Bc PGOC3 Redirect()
2023/06/08 08:55:45 [TRACE] fW6swenvuLmcB70afHj0Bc PGOC3 GET 리다이렉트
2023/06/08 08:55:45 [TRACE] fW6swenvuLmcB70afHj0Bc /PGOC3 컨텍스트저장 UKey:'PGOC3'
2023/06/08 08:56:10 [TRACE] buNL6umoWGEilHVli4dHFf ----------------------------------------------------
2023/06/08 08:56:10 [TRACE] buNL6umoWGEilHVli4dHFf /PGOC3 토큰생성: 0a3d1ae3-9056-459d-a596-cb0338bb97f8
2023/06/08 08:56:10 [TRACE] buNL6umoWGEilHVli4dHFf 2024-06-07 00:00:00 +0700 +07
2023/06/08 08:56:10 [TRACE] buNL6umoWGEilHVli4dHFf ub.urlybud.aqua.castis.io 라이선스 정상
2023/06/08 08:56:10 [TRACE] buNL6umoWGEilHVli4dHFf PGOC3 CheckExists()
2023/06/08 08:56:10 [TRACE] buNL6umoWGEilHVli4dHFf PGOC3 CheckSecureLink()
2023/06/08 08:56:10 [TRACE] buNL6umoWGEilHVli4dHFf PGOC3 CheckCount()
2023/06/08 08:56:10 [TRACE] buNL6umoWGEilHVli4dHFf PGOC3 CheckExpire()
2023/06/08 08:56:10 [TRACE] buNL6umoWGEilHVli4dHFf PGOC3 CheckAuth()
2023/06/08 08:56:10 [TRACE] buNL6umoWGEilHVli4dHFf PGOC3 ServeLink()
2023/06/08 08:56:10 [TRACE] buNL6umoWGEilHVli4dHFf PGOC3 Redirect()
2023/06/08 08:56:10 [TRACE] buNL6umoWGEilHVli4dHFf PGOC3 GET 리다이렉트
2023/06/08 08:56:10 [TRACE] buNL6umoWGEilHVli4dHFf /PGOC3 컨텍스트저장 UKey:'PGOC3'
2023/06/08 08:56:18 [TRACE] 9Lm3r1SF2zgFknpT86iWo ----------------------------------------------------
2023/06/08 08:56:18 [TRACE] 9Lm3r1SF2zgFknpT86iWo /PGOC3 토큰생성: a52499c3-e999-435c-8b81-c438f45e4fd1
2023/06/08 08:56:18 [TRACE] 9Lm3r1SF2zgFknpT86iWo 2024-06-07 00:00:00 +0700 +07
2023/06/08 08:56:18 [TRACE] 9Lm3r1SF2zgFknpT86iWo ub.urlybud.aqua.castis.io 라이선스 정상
2023/06/08 08:56:18 [TRACE] 9Lm3r1SF2zgFknpT86iWo PGOC3 CheckExists()
2023/06/08 08:56:18 [TRACE] 9Lm3r1SF2zgFknpT86iWo PGOC3 CheckSecureLink()
2023/06/08 08:56:18 [TRACE] 9Lm3r1SF2zgFknpT86iWo PGOC3 CheckCount()
2023/06/08 08:56:18 [TRACE] 9Lm3r1SF2zgFknpT86iWo PGOC3 CheckExpire()
2023/06/08 08:56:18 [TRACE] 9Lm3r1SF2zgFknpT86iWo PGOC3 CheckAuth()
2023/06/08 08:56:18 [TRACE] 9Lm3r1SF2zgFknpT86iWo PGOC3 ServeLink()
2023/06/08 08:56:18 [TRACE] 9Lm3r1SF2zgFknpT86iWo PGOC3 Redirect()
2023/06/08 08:56:18 [TRACE] 9Lm3r1SF2zgFknpT86iWo PGOC3 GET 리다이렉트
2023/06/08 08:56:18 [TRACE] 9Lm3r1SF2zgFknpT86iWo /PGOC3 컨텍스트저장 UKey:'PGOC3'
2023/06/08 08:57:09 [TRACE] e8w0k1BJz28h7y8OWFKaar ----------------------------------------------------
2023/06/08 08:57:09 [TRACE] e8w0k1BJz28h7y8OWFKaar /PGOC3 토큰생성: 0eab0083-e950-4a4b-8f67-4c38dc4d5efd
2023/06/08 08:57:09 [TRACE] e8w0k1BJz28h7y8OWFKaar 2024-06-07 00:00:00 +0700 +07
2023/06/08 08:57:09 [TRACE] e8w0k1BJz28h7y8OWFKaar ub.urlybud.aqua.castis.io 라이선스 정상
2023/06/08 08:57:09 [TRACE] e8w0k1BJz28h7y8OWFKaar PGOC3 CheckExists()
2023/06/08 08:57:09 [TRACE] e8w0k1BJz28h7y8OWFKaar PGOC3 CheckSecureLink()
2023/06/08 08:57:09 [TRACE] e8w0k1BJz28h7y8OWFKaar PGOC3 CheckCount()
2023/06/08 08:57:09 [TRACE] e8w0k1BJz28h7y8OWFKaar PGOC3 CheckExpire()
2023/06/08 08:57:09 [TRACE] e8w0k1BJz28h7y8OWFKaar PGOC3 CheckAuth()
2023/06/08 08:57:09 [TRACE] e8w0k1BJz28h7y8OWFKaar PGOC3 ServeLink()
2023/06/08 08:57:09 [TRACE] e8w0k1BJz28h7y8OWFKaar PGOC3 Redirect()
2023/06/08 08:57:09 [TRACE] e8w0k1BJz28h7y8OWFKaar PGOC3 GET 리다이렉트
2023/06/08 08:57:09 [TRACE] e8w0k1BJz28h7y8OWFKaar /PGOC3 컨텍스트저장 UKey:'PGOC3'
2023/06/08 08:57:18 [TRACE] 7HGDCso382W210Y30kiHy6 ----------------------------------------------------
2023/06/08 08:57:18 [TRACE] 7HGDCso382W210Y30kiHy6 /PGOC3 토큰생성: 5fb94cee-0a68-429d-a9da-9fd317b79ebe
2023/06/08 08:57:18 [TRACE] 7HGDCso382W210Y30kiHy6 2024-06-07 00:00:00 +0700 +07
2023/06/08 08:57:18 [TRACE] 7HGDCso382W210Y30kiHy6 ub.urlybud.aqua.castis.io 라이선스 정상
2023/06/08 08:57:18 [TRACE] 7HGDCso382W210Y30kiHy6 PGOC3 CheckExists()
2023/06/08 08:57:18 [TRACE] 7HGDCso382W210Y30kiHy6 PGOC3 CheckSecureLink()
2023/06/08 08:57:18 [TRACE] 7HGDCso382W210Y30kiHy6 PGOC3 CheckCount()
2023/06/08 08:57:18 [TRACE] 7HGDCso382W210Y30kiHy6 PGOC3 CheckExpire()
2023/06/08 08:57:18 [TRACE] 7HGDCso382W210Y30kiHy6 PGOC3 CheckAuth()
2023/06/08 08:57:18 [TRACE] 7HGDCso382W210Y30kiHy6 PGOC3 ServeLink()
2023/06/08 08:57:18 [TRACE] 7HGDCso382W210Y30kiHy6 PGOC3 Redirect()
2023/06/08 08:57:18 [TRACE] 7HGDCso382W210Y30kiHy6 PGOC3 GET 리다이렉트
2023/06/08 08:57:18 [TRACE] 7HGDCso382W210Y30kiHy6 /PGOC3 컨텍스트저장 UKey:'PGOC3'
2023/06/08 08:57:23 [TRACE] iFieOQIg2pv3yobq3hocoK ----------------------------------------------------
2023/06/08 08:57:23 [TRACE] iFieOQIg2pv3yobq3hocoK /PGOC3 토큰생성: 0a3c36c7-1bd3-42cb-bf24-b5db7c0e618c
2023/06/08 08:57:23 [TRACE] iFieOQIg2pv3yobq3hocoK 2024-06-07 00:00:00 +0700 +07
2023/06/08 08:57:23 [TRACE] iFieOQIg2pv3yobq3hocoK ub.urlybud.aqua.castis.io 라이선스 정상
2023/06/08 08:57:23 [TRACE] iFieOQIg2pv3yobq3hocoK PGOC3 CheckExists()
2023/06/08 08:57:23 [TRACE] iFieOQIg2pv3yobq3hocoK PGOC3 CheckSecureLink()
2023/06/08 08:57:23 [TRACE] iFieOQIg2pv3yobq3hocoK PGOC3 CheckCount()
2023/06/08 08:57:23 [TRACE] iFieOQIg2pv3yobq3hocoK PGOC3 CheckExpire()
2023/06/08 08:57:23 [TRACE] iFieOQIg2pv3yobq3hocoK PGOC3 CheckAuth()
2023/06/08 08:57:23 [TRACE] iFieOQIg2pv3yobq3hocoK PGOC3 ServeLink()
2023/06/08 08:57:23 [TRACE] iFieOQIg2pv3yobq3hocoK PGOC3 Redirect()
2023/06/08 08:57:23 [TRACE] iFieOQIg2pv3yobq3hocoK PGOC3 GET 리다이렉트
2023/06/08 08:57:23 [TRACE] iFieOQIg2pv3yobq3hocoK /PGOC3 컨텍스트저장 UKey:'PGOC3'
2023/06/08 09:11:32 [TRACE] k345fS53F4h8FwfYycgw5i ----------------------------------------------------
2023/06/08 09:11:32 [TRACE] k345fS53F4h8FwfYycgw5i /PGOC3 토큰생성: 5dd2577e-8b43-488a-9d74-c23394b79b1a
2023/06/08 09:11:32 [TRACE] k345fS53F4h8FwfYycgw5i 2024-06-07 00:00:00 +0700 +07
2023/06/08 09:11:32 [TRACE] k345fS53F4h8FwfYycgw5i ub.urlybud.aqua.castis.io 라이선스 정상
2023/06/08 09:11:32 [TRACE] k345fS53F4h8FwfYycgw5i PGOC3 CheckExists()
2023/06/08 09:11:32 [TRACE] k345fS53F4h8FwfYycgw5i PGOC3 CheckSecureLink()
2023/06/08 09:11:32 [TRACE] k345fS53F4h8FwfYycgw5i PGOC3 CheckCount()
2023/06/08 09:11:32 [TRACE] k345fS53F4h8FwfYycgw5i PGOC3 CheckExpire()
2023/06/08 09:11:32 [TRACE] k345fS53F4h8FwfYycgw5i PGOC3 CheckAuth()
2023/06/08 09:11:32 [TRACE] k345fS53F4h8FwfYycgw5i PGOC3 ServeLink()
2023/06/08 09:11:32 [TRACE] k345fS53F4h8FwfYycgw5i PGOC3 Redirect()
2023/06/08 09:11:32 [TRACE] k345fS53F4h8FwfYycgw5i PGOC3 GET 리다이렉트
2023/06/08 09:11:32 [TRACE] k345fS53F4h8FwfYycgw5i /PGOC3 컨텍스트저장 UKey:'PGOC3'
2023/06/08 09:11:38 [TRACE] 8ulJyznLIZq6GbBz8ZRnUP /link/get 컨텍스트저장 UKey:''
2023/06/08 09:19:32 [TRACE] aKip8Ld5PMdiXlxAex0My3 ----------------------------------------------------
2023/06/08 09:19:32 [TRACE] aKip8Ld5PMdiXlxAex0My3 /PGOC3 토큰생성: 1b4c2f9c-4504-4e8d-a927-999711537d5a
2023/06/08 09:19:32 [TRACE] aKip8Ld5PMdiXlxAex0My3 2024-06-07 00:00:00 +0700 +07
2023/06/08 09:19:32 [TRACE] aKip8Ld5PMdiXlxAex0My3 ub.urlybud.aqua.castis.io 라이선스 정상
2023/06/08 09:19:32 [TRACE] aKip8Ld5PMdiXlxAex0My3 PGOC3 CheckExists()
2023/06/08 09:19:32 [TRACE] aKip8Ld5PMdiXlxAex0My3 PGOC3 CheckSecureLink()
2023/06/08 09:19:32 [TRACE] aKip8Ld5PMdiXlxAex0My3 PGOC3 CheckCount()
2023/06/08 09:19:32 [TRACE] aKip8Ld5PMdiXlxAex0My3 PGOC3 CheckExpire()
2023/06/08 09:19:32 [TRACE] aKip8Ld5PMdiXlxAex0My3 PGOC3 CheckAuth()
2023/06/08 09:19:32 [TRACE] aKip8Ld5PMdiXlxAex0My3 PGOC3 ServeLink()
2023/06/08 09:19:32 [TRACE] aKip8Ld5PMdiXlxAex0My3 PGOC3 Redirect()
2023/06/08 09:19:32 [TRACE] aKip8Ld5PMdiXlxAex0My3 PGOC3 GET 리다이렉트
2023/06/08 09:19:32 [TRACE] aKip8Ld5PMdiXlxAex0My3 /PGOC3 컨텍스트저장 UKey:'PGOC3'
2023/06/08 09:19:43 [TRACE] cGlq3EIHO1U4PRHffiySFi ----------------------------------------------------
2023/06/08 09:19:43 [TRACE] cGlq3EIHO1U4PRHffiySFi / 요청토큰: 046c4b95-3690-4fd4-8096-53c309b971a1
2023/06/08 09:19:43 [TRACE] cGlq3EIHO1U4PRHffiySFi 2024-06-07 00:00:00 +0700 +07
2023/06/08 09:19:43 [TRACE] cGlq3EIHO1U4PRHffiySFi ub.urlybud.aqua.castis.io 라이선스 정상
2023/06/08 09:19:43 [TRACE] cGlq3EIHO1U4PRHffiySFi / CheckExists()
2023/06/08 09:19:43 [TRACE] cGlq3EIHO1U4PRHffiySFi / 링크를 찾을 수 없음
2023/06/08 09:19:43 [TRACE] cGlq3EIHO1U4PRHffiySFi ExpectedError() Code:B404 Param:[]
2023/06/08 09:19:43 [TRACE] cGlq3EIHO1U4PRHffiySFi / 컨텍스트저장 UKey:'/'
2023/06/08 09:19:48 [TRACE] i8H4M6DnN9UiCuJAOMs5il ----------------------------------------------------
2023/06/08 09:19:48 [TRACE] i8H4M6DnN9UiCuJAOMs5il /PGOC3 요청토큰: 1b4c2f9c-4504-4e8d-a927-999711537d5a
2023/06/08 09:19:48 [TRACE] i8H4M6DnN9UiCuJAOMs5il 2024-06-07 00:00:00 +0700 +07
2023/06/08 09:19:48 [TRACE] i8H4M6DnN9UiCuJAOMs5il ub.urlybud.aqua.castis.io 라이선스 정상
2023/06/08 09:19:48 [TRACE] i8H4M6DnN9UiCuJAOMs5il PGOC3 CheckExists()
2023/06/08 09:19:48 [TRACE] i8H4M6DnN9UiCuJAOMs5il PGOC3 CheckSecureLink()
2023/06/08 09:19:48 [TRACE] i8H4M6DnN9UiCuJAOMs5il PGOC3 CheckCount()
2023/06/08 09:19:48 [TRACE] i8H4M6DnN9UiCuJAOMs5il PGOC3 CheckExpire()
2023/06/08 09:19:48 [TRACE] i8H4M6DnN9UiCuJAOMs5il PGOC3 CheckAuth()
2023/06/08 09:19:48 [TRACE] i8H4M6DnN9UiCuJAOMs5il PGOC3 ServeLink()
2023/06/08 09:19:48 [TRACE] i8H4M6DnN9UiCuJAOMs5il PGOC3 Redirect()
2023/06/08 09:19:48 [TRACE] i8H4M6DnN9UiCuJAOMs5il PGOC3 GET 리다이렉트
2023/06/08 09:19:48 [TRACE] i8H4M6DnN9UiCuJAOMs5il /PGOC3 컨텍스트저장 UKey:'PGOC3'
2023/06/08 09:19:52 [TRACE] kVEOJBYyDWcjR83JuDaJ8U ----------------------------------------------------
2023/06/08 09:19:52 [TRACE] kVEOJBYyDWcjR83JuDaJ8U /PGOC3 요청토큰: 046c4b95-3690-4fd4-8096-53c309b971a1
2023/06/08 09:19:52 [TRACE] kVEOJBYyDWcjR83JuDaJ8U 2024-06-07 00:00:00 +0700 +07
2023/06/08 09:19:52 [TRACE] kVEOJBYyDWcjR83JuDaJ8U ub.urlybud.aqua.castis.io 라이선스 정상
2023/06/08 09:19:52 [TRACE] kVEOJBYyDWcjR83JuDaJ8U PGOC3 CheckExists()
2023/06/08 09:19:52 [TRACE] kVEOJBYyDWcjR83JuDaJ8U PGOC3 CheckSecureLink()
2023/06/08 09:19:52 [TRACE] kVEOJBYyDWcjR83JuDaJ8U PGOC3 CheckCount()
2023/06/08 09:19:52 [TRACE] kVEOJBYyDWcjR83JuDaJ8U PGOC3 CheckExpire()
2023/06/08 09:19:52 [TRACE] kVEOJBYyDWcjR83JuDaJ8U PGOC3 CheckAuth()
2023/06/08 09:19:52 [TRACE] kVEOJBYyDWcjR83JuDaJ8U PGOC3 ServeLink()
2023/06/08 09:19:52 [TRACE] kVEOJBYyDWcjR83JuDaJ8U PGOC3 Redirect()
2023/06/08 09:19:52 [TRACE] kVEOJBYyDWcjR83JuDaJ8U PGOC3 GET 리다이렉트
2023/06/08 09:19:52 [TRACE] kVEOJBYyDWcjR83JuDaJ8U /PGOC3 컨텍스트저장 UKey:'PGOC3'
2023/06/08 09:26:44 [TRACE] kSnX2NDKFiG4WdEdgsPhX8 /link/get 컨텍스트저장 UKey:''
2023/06/08 09:26:44 [TRACE] l2oVmSbIjb5eXLQlF9fc8 /link/get 컨텍스트저장 UKey:''
2023/06/08 09:36:45 [TRACE] 9tf73tzUFDikQGk2WMA2wy /link/get 컨텍스트저장 UKey:''
2023/06/08 09:36:45 [TRACE] asWcNPSG5XI7xx5K92y1Tu /link/get 컨텍스트저장 UKey:''
2023/06/08 09:39:34 [TRACE] 2hIHIuXTqGSetGnIBljyUf ----------------------------------------------------
2023/06/08 09:39:34 [TRACE] 2hIHIuXTqGSetGnIBljyUf / 토큰생성: c2ee5b3c-7085-424d-ad8c-939aa55899b3
2023/06/08 09:39:34 [TRACE] 2hIHIuXTqGSetGnIBljyUf 2024-06-07 00:00:00 +0700 +07
2023/06/08 09:39:34 [TRACE] 2hIHIuXTqGSetGnIBljyUf ub.urlybud.aqua.castis.io 라이선스 정상
2023/06/08 09:39:34 [TRACE] 2hIHIuXTqGSetGnIBljyUf / CheckExists()
2023/06/08 09:39:34 [TRACE] 2hIHIuXTqGSetGnIBljyUf / 링크를 찾을 수 없음
2023/06/08 09:39:34 [TRACE] 2hIHIuXTqGSetGnIBljyUf ExpectedError() Code:B404 Param:[]
2023/06/08 09:39:34 [TRACE] 2hIHIuXTqGSetGnIBljyUf / 컨텍스트저장 UKey:'/'
2023/06/08 09:39:53 [TRACE] 6mjcZT0Z9H14JgSfE49Bfl ----------------------------------------------------
2023/06/08 09:39:53 [TRACE] 6mjcZT0Z9H14JgSfE49Bfl / 요청토큰: c2ee5b3c-7085-424d-ad8c-939aa55899b3
2023/06/08 09:39:53 [TRACE] 6mjcZT0Z9H14JgSfE49Bfl 2024-06-07 00:00:00 +0700 +07
2023/06/08 09:39:53 [TRACE] 6mjcZT0Z9H14JgSfE49Bfl ub.urlybud.aqua.castis.io 라이선스 정상
2023/06/08 09:39:53 [TRACE] 6mjcZT0Z9H14JgSfE49Bfl / CheckExists()
2023/06/08 09:39:53 [TRACE] 6mjcZT0Z9H14JgSfE49Bfl / 링크를 찾을 수 없음
2023/06/08 09:39:53 [TRACE] 6mjcZT0Z9H14JgSfE49Bfl ExpectedError() Code:B404 Param:[]
2023/06/08 09:39:53 [TRACE] 6mjcZT0Z9H14JgSfE49Bfl / 컨텍스트저장 UKey:'/'
2023/06/08 09:52:03 [TRACE] 9imwFVTBZkkoZ5WNPrNZY /link/get 컨텍스트저장 UKey:''
2023/06/08 09:52:03 [TRACE] 3yFvM1z1cUpd7lEn3CBQ8t /link/get 컨텍스트저장 UKey:''
2023/06/08 09:56:13 [TRACE] TQYh2ETVs2hVDT8i9RPN6 ----------------------------------------------------
2023/06/08 09:56:13 [TRACE] TQYh2ETVs2hVDT8i9RPN6 /uKey 토큰생성: c189591d-87af-4813-86af-e1fc152e42ac
2023/06/08 09:56:13 [TRACE] TQYh2ETVs2hVDT8i9RPN6 2099-12-31 00:00:00 +0700 +07
2023/06/08 09:56:13 [TRACE] TQYh2ETVs2hVDT8i9RPN6 192.168.0.125 라이선스 정상
2023/06/08 09:56:13 [TRACE] TQYh2ETVs2hVDT8i9RPN6 uKey CheckExists()
2023/06/08 09:56:13 [TRACE] TQYh2ETVs2hVDT8i9RPN6 uKey 링크를 찾을 수 없음
2023/06/08 09:56:13 [TRACE] TQYh2ETVs2hVDT8i9RPN6 ExpectedError() Code:B404 Param:[]
2023/06/08 09:56:13 [TRACE] TQYh2ETVs2hVDT8i9RPN6 /uKey 컨텍스트저장 UKey:'uKey'
2023/06/08 09:56:20 [TRACE] jE4qDP506hJeJisskU76Gr ----------------------------------------------------
2023/06/08 09:56:20 [TRACE] jE4qDP506hJeJisskU76Gr / 요청토큰: c189591d-87af-4813-86af-e1fc152e42ac
2023/06/08 09:56:20 [TRACE] jE4qDP506hJeJisskU76Gr 2099-12-31 00:00:00 +0700 +07
2023/06/08 09:56:20 [TRACE] jE4qDP506hJeJisskU76Gr 192.168.0.125 라이선스 정상
2023/06/08 09:56:20 [TRACE] jE4qDP506hJeJisskU76Gr / CheckExists()
2023/06/08 09:56:20 [TRACE] jE4qDP506hJeJisskU76Gr / 링크를 찾을 수 없음
2023/06/08 09:56:20 [TRACE] jE4qDP506hJeJisskU76Gr ExpectedError() Code:B404 Param:[]
2023/06/08 09:56:20 [TRACE] jE4qDP506hJeJisskU76Gr / 컨텍스트저장 UKey:'/'
2023/06/08 09:56:28 [TRACE] 1kF93BjBFFq41HfuEH2xmF ----------------------------------------------------
2023/06/08 09:56:28 [TRACE] 1kF93BjBFFq41HfuEH2xmF / 요청토큰: c189591d-87af-4813-86af-e1fc152e42ac
2023/06/08 09:56:28 [TRACE] 1kF93BjBFFq41HfuEH2xmF 2099-12-31 00:00:00 +0700 +07
2023/06/08 09:56:28 [TRACE] 1kF93BjBFFq41HfuEH2xmF 192.168.0.125 라이선스 정상
2023/06/08 09:56:28 [TRACE] 1kF93BjBFFq41HfuEH2xmF / CheckExists()
2023/06/08 09:56:28 [TRACE] 1kF93BjBFFq41HfuEH2xmF / 링크를 찾을 수 없음
2023/06/08 09:56:28 [TRACE] 1kF93BjBFFq41HfuEH2xmF ExpectedError() Code:B404 Param:[]
2023/06/08 09:56:28 [TRACE] 1kF93BjBFFq41HfuEH2xmF / 컨텍스트저장 UKey:'/'
2023/06/08 09:56:45 [TRACE] ne5lf17J1xl3r3aLJYF9c ----------------------------------------------------
2023/06/08 09:56:45 [TRACE] ne5lf17J1xl3r3aLJYF9c / 요청토큰: c189591d-87af-4813-86af-e1fc152e42ac
2023/06/08 09:56:45 [TRACE] ne5lf17J1xl3r3aLJYF9c 2099-12-31 00:00:00 +0700 +07
2023/06/08 09:56:45 [TRACE] ne5lf17J1xl3r3aLJYF9c 192.168.0.125 라이선스 정상
2023/06/08 09:56:45 [TRACE] ne5lf17J1xl3r3aLJYF9c / CheckExists()
2023/06/08 09:56:45 [TRACE] ne5lf17J1xl3r3aLJYF9c / 링크를 찾을 수 없음
2023/06/08 09:56:45 [TRACE] ne5lf17J1xl3r3aLJYF9c ExpectedError() Code:B404 Param:[]
2023/06/08 09:56:45 [TRACE] ne5lf17J1xl3r3aLJYF9c / 컨텍스트저장 UKey:'/'
2023/06/08 10:05:03 [TRACE] a6sdqRdXy6i4TJfBcWnkTh /link/get 컨텍스트저장 UKey:''
2023/06/08 10:05:03 [TRACE] 2CG2EBj9lAGbuUd4MSodbB /link/get 컨텍스트저장 UKey:''
2023/06/08 10:08:06 [TRACE] 4SlqcSwekiXlhoHLoEqRKT /link/get 컨텍스트저장 UKey:''
2023/06/08 10:08:06 [TRACE] 8SOHVCtonoljNqQBQjJ1GT /link/get 컨텍스트저장 UKey:''
2023/06/08 10:08:32 [TRACE] 6wc5TcSkXQLhHBRqGrSEB5 /link/get 컨텍스트저장 UKey:''
2023/06/08 10:08:32 [TRACE] 1E3DCFIc5Qz1ugO0JDHQGR /link/get 컨텍스트저장 UKey:''
2023/06/08 10:08:59 [TRACE] jj1YLYzSzPd3VkTtulGvFP /link/get 컨텍스트저장 UKey:''
2023/06/08 10:08:59 [TRACE] feXnG87gpeD5Eg0doppoGF /link/get 컨텍스트저장 UKey:''
2023/06/08 10:10:36 [TRACE] 1NJ2P34A5daeaGMxMMmzl1 /link/get 컨텍스트저장 UKey:''
2023/06/08 10:10:36 [TRACE] kalu3bnnrRK6LY1zCpbsaY /link/get 컨텍스트저장 UKey:''
2023/06/08 10:12:29 [TRACE] zsCQISX7wGdXLp6xfBfOJ /link/get 컨텍스트저장 UKey:''
2023/06/08 10:12:29 [TRACE] 2Y4GL8GgJtfcymzBppUcdp /link/get 컨텍스트저장 UKey:''
2023/06/08 10:12:36 [TRACE] inZESllxPvwe6StFukDOBC /link/get 컨텍스트저장 UKey:''
2023/06/08 10:12:36 [TRACE] jiWQzCPADP4cVOFyvYKzOw /link/get 컨텍스트저장 UKey:''
2023/06/08 10:13:09 [TRACE] 7QghVxlsv1xjQDj00Tlse8 /link/get 컨텍스트저장 UKey:''
2023/06/08 10:13:09 [TRACE] ir5ZhUILiuM9ybNQVJJTek /link/get 컨텍스트저장 UKey:''
2023/06/08 10:13:32 [TRACE] fH33M3I7349hyIAEFfL457 ----------------------------------------------------
2023/06/08 10:13:32 [TRACE] fH33M3I7349hyIAEFfL457 /voucher/ 토큰생성: cde6132b-e63b-47bb-b986-d335c4cbafad
2023/06/08 10:13:32 [TRACE] fH33M3I7349hyIAEFfL457 2099-12-31 00:00:00 +0700 +07
2023/06/08 10:13:32 [TRACE] fH33M3I7349hyIAEFfL457 192.168.0.125 라이선스 정상
2023/06/08 10:13:32 [TRACE] fH33M3I7349hyIAEFfL457 voucher CheckExists()
2023/06/08 10:13:32 [TRACE] fH33M3I7349hyIAEFfL457 voucher 링크를 찾을 수 없음
2023/06/08 10:13:32 [TRACE] fH33M3I7349hyIAEFfL457 ExpectedError() Code:B404 Param:[]
2023/06/08 10:13:32 [TRACE] fH33M3I7349hyIAEFfL457 /voucher/ 컨텍스트저장 UKey:'voucher'
2023/06/08 10:13:41 [TRACE] 5PSDvBiz9toNZWJz1XfZe /link/get 컨텍스트저장 UKey:''
2023/06/08 10:13:55 [TRACE] 5ofvaeUyEHkbWpfWyMUQU /link/get 컨텍스트저장 UKey:''
2023/06/08 10:17:08 [TRACE] ci6PPbYbSOijTFnMRBkdqI /link/get 컨텍스트저장 UKey:''
2023/06/08 10:17:54 [TRACE] b3jcGNAPE4r834V0tmcoGo /link/get 컨텍스트저장 UKey:''
2023/06/08 10:17:54 [TRACE] hkabSsIOuI39IV0VJy7G0P /link/get 컨텍스트저장 UKey:''
2023/06/08 10:17:56 [TRACE] kVmn7DjAF6Hbyp3SeZD7Sm /link/get 컨텍스트저장 UKey:''
2023/06/08 10:17:56 [TRACE] 5iHRh8BmrTZecaSAA7KaQ /link/get 컨텍스트저장 UKey:''
2023/06/08 10:17:56 [TRACE] lNE6LOMGzRC7LIv3ERdMpJ /link/get 컨텍스트저장 UKey:''
2023/06/08 10:18:06 [TRACE] cEGxxrsif2Hd9JFnTkNeFY /link/get 컨텍스트저장 UKey:''
2023/06/08 10:18:14 [TRACE] eLm6WhPoPfJ5wiDbHBNjEc /link/get 컨텍스트저장 UKey:''
2023/06/08 10:25:30 [TRACE] 4ePVNujtt3EgvhUGfGFe3t /link/get 컨텍스트저장 UKey:''
2023/06/08 10:25:35 [TRACE] elL9OK5C2OhhaNq1c7yMUh /link/get 컨텍스트저장 UKey:''
2023/06/08 10:25:39 [TRACE] hGVE2X95ze4lF262mp8hLS /link/get 컨텍스트저장 UKey:''
2023/06/08 10:40:47 [TRACE] 2rJ40Jth2FR5EO9BCsjHZJ /link/get 컨텍스트저장 UKey:''
2023/06/08 10:41:52 [TRACE] 2HTxWYHBtZg5WiyyiaElbZ ----------------------------------------------------
2023/06/08 10:41:52 [TRACE] 2HTxWYHBtZg5WiyyiaElbZ /voucher 요청토큰: 0f55a072-f088-4b1c-a457-efb1b4d1eb9f
2023/06/08 10:41:52 [TRACE] 2HTxWYHBtZg5WiyyiaElbZ 2099-12-31 00:00:00 +0700 +07
2023/06/08 10:41:52 [TRACE] 2HTxWYHBtZg5WiyyiaElbZ 192.168.0.125 라이선스 정상
2023/06/08 10:41:52 [TRACE] 2HTxWYHBtZg5WiyyiaElbZ voucher CheckExists()
2023/06/08 10:41:52 [TRACE] 2HTxWYHBtZg5WiyyiaElbZ voucher 링크를 찾을 수 없음
2023/06/08 10:41:52 [TRACE] 2HTxWYHBtZg5WiyyiaElbZ ExpectedError() Code:B404 Param:[]
2023/06/08 10:41:52 [TRACE] 2HTxWYHBtZg5WiyyiaElbZ /voucher 컨텍스트저장 UKey:'voucher'
2023/06/08 10:41:59 [TRACE] 3NxIXj2ZuIk4D30QzBZLws ----------------------------------------------------
2023/06/08 10:41:59 [TRACE] 3NxIXj2ZuIk4D30QzBZLws /voucher 요청토큰: 0f55a072-f088-4b1c-a457-efb1b4d1eb9f
2023/06/08 10:41:59 [TRACE] 3NxIXj2ZuIk4D30QzBZLws 2099-12-31 00:00:00 +0700 +07
2023/06/08 10:41:59 [TRACE] 3NxIXj2ZuIk4D30QzBZLws 192.168.0.125 라이선스 정상
2023/06/08 10:41:59 [TRACE] 3NxIXj2ZuIk4D30QzBZLws voucher CheckExists()
2023/06/08 10:41:59 [TRACE] 3NxIXj2ZuIk4D30QzBZLws voucher 링크를 찾을 수 없음
2023/06/08 10:41:59 [TRACE] 3NxIXj2ZuIk4D30QzBZLws ExpectedError() Code:B404 Param:[]
2023/06/08 10:41:59 [TRACE] 3NxIXj2ZuIk4D30QzBZLws /voucher 컨텍스트저장 UKey:'voucher'
2023/06/08 10:42:20 [TRACE] eWVbRx2WmdngCB5szuxADd /link/get 컨텍스트저장 UKey:''
2023/06/08 10:44:11 [TRACE] e6IxciyboJv6zw2SUxA3Il /link/get 컨텍스트저장 UKey:''
2023/06/08 10:47:31 [TRACE] eKenZ1Ojyrc9ZN8eRy8Z8W ----------------------------------------------------
2023/06/08 10:47:31 [TRACE] eKenZ1Ojyrc9ZN8eRy8Z8W /store/18273645 요청토큰: 0f55a072-f088-4b1c-a457-efb1b4d1eb9f
2023/06/08 10:47:31 [TRACE] eKenZ1Ojyrc9ZN8eRy8Z8W 2099-12-31 00:00:00 +0700 +07
2023/06/08 10:47:31 [TRACE] eKenZ1Ojyrc9ZN8eRy8Z8W 192.168.0.125 라이선스 정상
2023/06/08 10:47:31 [TRACE] eKenZ1Ojyrc9ZN8eRy8Z8W 18273645 CheckExists()
2023/06/08 10:47:31 [TRACE] eKenZ1Ojyrc9ZN8eRy8Z8W 18273645 링크를 찾을 수 없음
2023/06/08 10:47:31 [TRACE] eKenZ1Ojyrc9ZN8eRy8Z8W ExpectedError() Code:B404 Param:[]
2023/06/08 10:47:31 [TRACE] eKenZ1Ojyrc9ZN8eRy8Z8W /store/18273645 컨텍스트저장 UKey:'18273645'
2023/06/08 11:08:48 [TRACE] 8g0diCF3KtgcOZRG9UheHY /link/get 컨텍스트저장 UKey:''
2023/06/08 11:09:57 [TRACE] jEjMp7uMQLU7fJH0G1rlBZ ----------------------------------------------------
2023/06/08 11:09:57 [TRACE] jEjMp7uMQLU7fJH0G1rlBZ /voucher/ 토큰생성: f6564d4a-28c6-4a88-bdbc-0f28abedf8c0
2023/06/08 11:09:57 [TRACE] jEjMp7uMQLU7fJH0G1rlBZ 2099-12-31 00:00:00 +0700 +07
2023/06/08 11:09:57 [TRACE] jEjMp7uMQLU7fJH0G1rlBZ 192.168.0.125 라이선스 정상
2023/06/08 11:09:57 [TRACE] jEjMp7uMQLU7fJH0G1rlBZ voucher CheckExists()
2023/06/08 11:09:57 [TRACE] jEjMp7uMQLU7fJH0G1rlBZ voucher 링크를 찾을 수 없음
2023/06/08 11:09:57 [TRACE] jEjMp7uMQLU7fJH0G1rlBZ ExpectedError() Code:B404 Param:[]
2023/06/08 11:09:57 [TRACE] jEjMp7uMQLU7fJH0G1rlBZ /voucher/ 컨텍스트저장 UKey:'voucher'
2023/06/08 11:14:33 [TRACE] 6SZb9Hyw8Wmf2hihxJWJR0 /link/get 컨텍스트저장 UKey:''
2023/06/08 11:46:37 [TRACE] eT5gjLuOVrw3POF0mAqWYO /link/get 컨텍스트저장 UKey:''
2023/06/08 11:47:27 [TRACE] aiwQLQ4LLlTj2sfkCG4XmK /link/get 컨텍스트저장 UKey:''
2023/06/08 11:47:34 [TRACE] aBObwJ6Drhp8lHvqt3XAAk /link/get 컨텍스트저장 UKey:''
2023/06/08 11:48:42 [TRACE] iadLN9hNUgJiwUbyeBDymr /link/get 컨텍스트저장 UKey:''
2023/06/08 11:55:53 [TRACE] 8ueiHxNQ65dffKG3nMe1sH /link/get 컨텍스트저장 UKey:''
2023/06/08 11:59:18 [TRACE] ieXJKY04ldx8Dvs4DT5JHY /link/get 컨텍스트저장 UKey:''
2023/06/08 12:40:25 [TRACE] d8Wy15z9VVLiT7PaFRo2I ----------------------------------------------------
2023/06/08 12:40:25 [TRACE] d8Wy15z9VVLiT7PaFRo2I / 토큰생성: 21fefdf7-7386-485f-b556-7275c83e4dd1
2023/06/08 12:40:25 [TRACE] d8Wy15z9VVLiT7PaFRo2I 2024-06-07 00:00:00 +0700 +07
2023/06/08 12:40:25 [TRACE] d8Wy15z9VVLiT7PaFRo2I ub.urlybud.aqua.castis.io 라이선스 정상
2023/06/08 12:40:25 [TRACE] d8Wy15z9VVLiT7PaFRo2I / CheckExists()
2023/06/08 12:40:25 [TRACE] d8Wy15z9VVLiT7PaFRo2I / 링크를 찾을 수 없음
2023/06/08 12:40:25 [TRACE] d8Wy15z9VVLiT7PaFRo2I ExpectedError() Code:B404 Param:[]
2023/06/08 12:40:25 [TRACE] d8Wy15z9VVLiT7PaFRo2I / 컨텍스트저장 UKey:'/'
2023/06/08 13:34:09 [TRACE] EZnZY57ete1chk5yXkuLC /link/get 컨텍스트저장 UKey:''
2023/06/08 13:43:04 [TRACE] lMW5gRJBuX73oK43t4O72U /link/get 컨텍스트저장 UKey:''
2023/06/08 13:52:37 [TRACE] 4PnwksJB16VbWEbCW8lqJf /link/get 컨텍스트저장 UKey:''
2023/06/08 13:52:41 [TRACE] h6n8oHLBGHfhTxtvwDaJPK /link/get 컨텍스트저장 UKey:''
2023/06/08 13:53:30 [TRACE] 5GRqPyEpAfp4DrvtmCDmn6 /link/get 컨텍스트저장 UKey:''
2023/06/08 13:53:38 [TRACE] eWdaQ1QYI5geUXaH4Ia5oL /link/get 컨텍스트저장 UKey:''
2023/06/08 13:53:47 [TRACE] fAkt6ls0UhTctrQnIwmPp2 /link/get 컨텍스트저장 UKey:''
2023/06/08 13:53:51 [TRACE] geitqb9b77jdNEsvbA5ImD /link/get 컨텍스트저장 UKey:''
2023/06/08 13:56:24 [TRACE] cJOo9WgoTEYfhlPBTund1F /link/get 컨텍스트저장 UKey:''
2023/06/08 13:57:05 [TRACE] 36QgpEnuTua2lS0tNlBzLd /link/get 컨텍스트저장 UKey:''
2023/06/08 13:57:47 [TRACE] zGy0MzIS0Xb2uoCkYrGVd /link/get 컨텍스트저장 UKey:''
2023/06/08 13:58:42 [TRACE] fSFlF8TU5rZ4B22rvwtRjn /link/get 컨텍스트저장 UKey:''
2023/06/08 13:59:32 [TRACE] eno9sTqwVUdlMgQbEOAnjM /link/get 컨텍스트저장 UKey:''
2023/06/08 13:59:34 [TRACE] fZRMyjI0FDr4QRB8ofLZRB /link/get 컨텍스트저장 UKey:''
2023/06/08 14:00:40 [TRACE] dXw0pfkbgF12ldQQe6hpaL /link/get 컨텍스트저장 UKey:''
2023/06/08 14:01:06 [TRACE] 9cL0gcYwGAW9mKFnYQeCFP /link/get 컨텍스트저장 UKey:''
2023/06/08 14:01:18 [TRACE] 7wOu40VR7J0jMsPnqnaZRL /link/get 컨텍스트저장 UKey:''
2023/06/08 14:01:25 [TRACE] 4fyCidvAqkU4GcBw6Fzk4P /link/get 컨텍스트저장 UKey:''
2023/06/08 14:03:04 [TRACE] bPRVzY32Mfx5J9d8FCynIW /link/get 컨텍스트저장 UKey:''
2023/06/08 14:24:10 [TRACE] jdtNz1dSitkh79w0LiEIe /link/get 컨텍스트저장 UKey:''
2023/06/08 14:24:53 [TRACE] dp7JAp0sxMp60iMJNJr1VX /link/get 컨텍스트저장 UKey:''
2023/06/08 14:24:58 [TRACE] fqn7BMnRoFg2KqrVMkcEBc /link/get 컨텍스트저장 UKey:''
2023/06/08 14:25:02 [TRACE] 7GrgFvKkMOg8tecPVWxWV5 /link/get 컨텍스트저장 UKey:''
2023/06/08 14:30:41 [TRACE] 6d7WaLreny4iALWdb3rOA9 /link/get 컨텍스트저장 UKey:''
2023/06/08 14:30:51 [TRACE] d0dZJ7IwHEIeEZ7M5XMs8b /link/get 컨텍스트저장 UKey:''
2023/06/08 14:33:10 [TRACE] 1HHmAIBB2p7hM7MJ2zCtWW /link/get 컨텍스트저장 UKey:''
2023/06/08 14:33:10 [TRACE] 8SwfeItdOSnjUxhANSaNqq /link/get 컨텍스트저장 UKey:''
2023/06/08 14:33:11 [TRACE] ffm1JToQdIlf1ljkWctwA8 /link/get 컨텍스트저장 UKey:''
2023/06/08 14:33:11 [TRACE] gSbpe4z1DzwhddlX7ksUDm /link/get 컨텍스트저장 UKey:''
2023/06/08 14:33:17 [TRACE] 6Mzh49zygi3E4nWQxdXSt /link/get 컨텍스트저장 UKey:''
2023/06/08 14:33:18 [TRACE] 2ThVdGab5yEkWNAdPmFm63 /link/get 컨텍스트저장 UKey:''
2023/06/08 14:33:19 [TRACE] 9HcdrP44k0cfIWiD52A9on /link/get 컨텍스트저장 UKey:''
2023/06/08 14:34:13 [TRACE] 1hIUaT6KM3Fcmgiej04pwp /link/get 컨텍스트저장 UKey:''
2023/06/08 14:35:14 [TRACE] h3MrBoJ4Hdn7Qrg1G93AuY /link/get 컨텍스트저장 UKey:''
2023/06/08 14:35:14 [TRACE] jVF9eS0icEIcc51sahJjAB /link/get 컨텍스트저장 UKey:''
2023/06/08 14:36:13 [TRACE] 7y1mmZCK4AAiaErVnzYaIG /link/get 컨텍스트저장 UKey:''
2023/06/08 14:41:03 [TRACE] jlTqfY7gRjt9hnHAQaYNSU /link/get 컨텍스트저장 UKey:''
2023/06/08 14:41:10 [TRACE] aaFVJOim3BShChaLs2ERYy /link/get 컨텍스트저장 UKey:''
2023/06/08 14:41:31 [TRACE] 9RGbuutPolklfHkWeOpP9L /link/get 컨텍스트저장 UKey:''
2023/06/08 14:41:35 [TRACE] kmxuxcNr5yYi3uu1IYjRX2 /link/get 컨텍스트저장 UKey:''
2023/06/08 14:41:39 [TRACE] 5XYgUKRLox711QWIlMTI5o /link/get 컨텍스트저장 UKey:''
2023/06/08 14:42:09 [TRACE] 1IiakTX62vM41BvVWuA5dn /link/get 컨텍스트저장 UKey:''
2023/06/08 14:44:05 [TRACE] 51wSQWwiNkG9OyVvcPBvfV /link/get 컨텍스트저장 UKey:''
2023/06/08 14:50:49 [TRACE] a6f2pAUQ8sVjGhPBNz0E91 /link/get 컨텍스트저장 UKey:''
2023/06/08 15:01:56 [TRACE] 7Os7WxerBcEgRIXhHi4dK6 /link/get 컨텍스트저장 UKey:''
2023/06/08 15:03:05 [TRACE] jPBN1reOPb86X8jMZjSQf4 /link/get 컨텍스트저장 UKey:''
2023/06/08 15:19:30 [TRACE] kFAkvNLxOki8qZbhBtEGTe /link/get 컨텍스트저장 UKey:''
2023/06/08 15:19:33 [TRACE] jULBfmMQwZh7gF531SW4bT /link/get 컨텍스트저장 UKey:''
2023/06/08 15:19:35 [TRACE] hpCJ3ctwEAk6siNzfhmpdF /link/get 컨텍스트저장 UKey:''
2023/06/08 15:19:36 [TRACE] 1tMMJepXb4E2X7K0uNzNM0 /link/get 컨텍스트저장 UKey:''
2023/06/08 15:19:37 [TRACE] cVPTflCjGqx3gcQhwVhgWX /link/get 컨텍스트저장 UKey:''
2023/06/08 15:19:38 [TRACE] fT0orO5V4CGlY3qA2FqmUZ /link/get 컨텍스트저장 UKey:''
2023/06/08 15:19:39 [TRACE] cY7hzb7rkZA807t8K1DYON /link/get 컨텍스트저장 UKey:''
2023/06/08 15:19:40 [TRACE] 5JbftrjMZtCidIQlHHckjK /link/get 컨텍스트저장 UKey:''
2023/06/08 15:43:20 [TRACE] 4v6T4x4BB8WhRp8GQMq11d /link/get 컨텍스트저장 UKey:''
2023/06/08 15:44:20 [TRACE] eUykEGZDeL4hSYs7b2Zm4k /link/get 컨텍스트저장 UKey:''
2023/06/08 15:44:23 [TRACE] 4V4A9LVCp4kjGsOzZ40eWW /link/get 컨텍스트저장 UKey:''
2023/06/08 15:46:00 [TRACE] 5wmrdcODpLk38d6M66G9ZD /link/get 컨텍스트저장 UKey:''
2023/06/08 16:01:42 [TRACE] b867qQPVg6WVD0LpTscAQ /link/get 컨텍스트저장 UKey:''
2023/06/08 16:05:54 [TRACE] f0CKy02HvzJ1Ovz6r2WyAV /link/get 컨텍스트저장 UKey:''
2023/06/08 16:12:36 [TRACE] fo55JEubVAPlVNsYckRoXr /link/get 컨텍스트저장 UKey:''
2023/06/08 16:13:25 [TRACE] 1F07cT6Vso6f88hvfCXLoJ /link/get 컨텍스트저장 UKey:''
2023/06/08 16:14:07 [TRACE] 9MVtl2W5I0Ge6AXVPQWE7I /link/get 컨텍스트저장 UKey:''
2023/06/08 16:21:02 [TRACE] dySsPkGlXIMchSQj25j2mK /link/get 컨텍스트저장 UKey:''
2023/06/08 16:33:03 [TRACE] iM8n2sSs8ibjDPUTlCDWpD /link/get 컨텍스트저장 UKey:''
2023/06/08 16:33:06 [TRACE] dZBFShNoUFqdOnKVIN4mb6 /link/get 컨텍스트저장 UKey:''
2023/06/08 16:33:08 [TRACE] cBlQbFlaPomzhlvKcPXGf /link/get 컨텍스트저장 UKey:''
2023/06/08 16:33:10 [TRACE] djopE8YjnJTo1ptoVOnJM /link/get 컨텍스트저장 UKey:''
2023/06/08 16:33:11 [TRACE] 7hVFVMnA6Pfj9a2Wy7ObLm /link/get 컨텍스트저장 UKey:''
2023/06/08 16:36:10 [TRACE] aRZiX3ni84UiVAEY7TNhUA /link/get 컨텍스트저장 UKey:''
2023/06/08 16:36:18 [TRACE] 74xIWddnLPRdLA09VQcg2n /link/get 컨텍스트저장 UKey:''
2023/06/08 16:38:39 [TRACE] i60i4jitUdjgmIRlwtq4xZ /link/get 컨텍스트저장 UKey:''
2023/06/08 16:46:05 [TRACE] 8XpEt3HhuFp1CiVTPHYGNR /link/get 컨텍스트저장 UKey:''
2023/06/08 16:46:31 [TRACE] jgzNMPygwHq2K7l3gSDTiF /link/get 컨텍스트저장 UKey:''
2023/06/08 16:46:41 [TRACE] gorzJawp1h8aNCAGwIkOgB /link/get 컨텍스트저장 UKey:''
2023/06/08 16:47:05 [TRACE] 9HFSPd8ltXomCcVSZknoF /link/get 컨텍스트저장 UKey:''
2023/06/08 16:47:57 [TRACE] k4p7CHRM1FicKgSZIxj65S /link/get 컨텍스트저장 UKey:''
2023/06/08 16:51:03 [TRACE] 9NCITOzbAeR1MQeE1gJ8fy /link/get 컨텍스트저장 UKey:''
2023/06/08 16:51:36 [TRACE] kf8G1uvzcge8WzG9i62Fyd /link/get 컨텍스트저장 UKey:''
2023/06/08 16:52:32 [TRACE] j0CpxlEDIMsdJsrq5ViYF /link/get 컨텍스트저장 UKey:''
2023/06/08 16:54:28 [TRACE] iBq1splpjyK7v7Beb2Ic5m /link/get 컨텍스트저장 UKey:''
2023/06/08 16:54:31 [TRACE] 2IB7hGW4Aan3fK3MSXxpiB /link/get 컨텍스트저장 UKey:''
2023/06/08 16:54:51 [TRACE] kpOiI6UcQZW4yhclFynR0q /link/get 컨텍스트저장 UKey:''
2023/06/08 16:54:52 [TRACE] ffJgtTW9ZqnfG6t1HuqEaN /link/get 컨텍스트저장 UKey:''
2023/06/08 16:55:43 [TRACE] 2wxTuhnMy9m5jz2jGOVt0V /link/get 컨텍스트저장 UKey:''
2023/06/08 16:56:11 [TRACE] eyPPsfvRSapclipnFXTqTv /link/get 컨텍스트저장 UKey:''
2023/06/08 16:57:59 [TRACE] jKoqdCQvlQA54nvoa6Lv0B /link/get 컨텍스트저장 UKey:''
2023/06/08 16:58:00 [TRACE] 2tnxlpr5J5Wh4HCh4tky8K /link/get 컨텍스트저장 UKey:''
2023/06/08 17:39:00 [TRACE] 9QU3JkMdwX1gp8RkkaMWXP /link/get 컨텍스트저장 UKey:''
2023/06/08 17:41:37 [TRACE] cUMEKDJklK73dMqHXCLPoy /link/get 컨텍스트저장 UKey:''
2023/06/08 17:57:42 [TRACE] cxDxKI0EXWs3yIyiVz1cG5 /link/get 컨텍스트저장 UKey:''
2023/06/08 22:39:28 [TRACE] 2wpViCiFFtQk2nsdwWjRlO /link/get 컨텍스트저장 UKey:''
2023/06/08 22:39:51 [TRACE] 1nYiSgoml1a22Vh44dMDBz /link/get 컨텍스트저장 UKey:''
2023/06/08 22:39:53 [TRACE] 242johhJzws76Geo6FAwVW /link/get 컨텍스트저장 UKey:''
2023/06/08 22:39:57 [TRACE] aOwkruM4xAur6r6BfZpdr /link/get 컨텍스트저장 UKey:''
2023/06/08 22:40:21 [TRACE] 8QJEZnLI3j6kjHEwestP0w /link/get 컨텍스트저장 UKey:''
2023/06/08 22:40:32 [TRACE] 1wIK2oWqkF7lpRT9XPKWJA /link/get 컨텍스트저장 UKey:''
2023/06/08 22:40:44 [TRACE] bFnGq5SzA0XabzZ3hjCuy3 /link/get 컨텍스트저장 UKey:''
2023/06/08 22:40:49 [TRACE] cgtJmMeAfXN42vZH4st8Lz /link/get 컨텍스트저장 UKey:''
2023/06/08 22:41:02 [TRACE] jcPqbdwAMKA5aIVU1eMK42 /link/get 컨텍스트저장 UKey:''
2023/06/08 22:41:30 [TRACE] 4395WFqLRkIjjUHtPBXC0k /link/get 컨텍스트저장 UKey:''
