2023/07/28 09:14:47 [TRACE] hnrinY8sPLOdw9mNqyQchU /link/get 컨텍스트저장 UKey:'Bv9iX'
2023/07/28 09:25:02 [TRACE] koVmldz6ES0izvZ9Ag2J9o /link/get 컨텍스트저장 UKey:'Bv9iX'
2023/07/28 09:25:27 [TRACE] eBZfkb9CThe5SLQrr60NPT /link/get 컨텍스트저장 UKey:'Bv9iX'
2023/07/28 09:25:44 [TRACE] 8n5pvm9r5A7iyu9RFsaeW /link/get 컨텍스트저장 UKey:'Bv9iX'
2023/07/28 09:34:46 [TRACE] 77Dc1XOlmJh8n0aXVaOLA7 /link/get 컨텍스트저장 UKey:'Bv9iX'
2023/07/28 09:34:49 [TRACE] hO0wmYyPdTslVVvIGXW1dQ /link/get 컨텍스트저장 UKey:'Bv9iX'
2023/07/28 09:40:10 [TRACE] dqcLAIKCXR3h98XDhGZFw0 /link/get 컨텍스트저장 UKey:'Bv9iX'
2023/07/28 09:45:56 [TRACE] k5Gahy4xkehbzYZJUXWnHo /link/get 컨텍스트저장 UKey:'Bv9iX'
2023/07/28 09:46:53 [TRACE] iMEXCgrDlue4nskK4uyISQ /link/get 컨텍스트저장 UKey:'Bv9iX'
2023/07/28 09:59:06 [TRACE] eGZ8ArwTpMrkXxeiScnDk7 /link/get 컨텍스트저장 UKey:'Bv9iX'
2023/07/28 09:59:48 [TRACE] 62G5BATyQmS4VsO6jxFj6e /link/get 컨텍스트저장 UKey:'Bv9iX'
2023/07/28 10:12:48 [TRACE] 6JijSZbH1Bgf0a7UtOyGrp /link/get 컨텍스트저장 UKey:'Bv9iX'
2023/07/28 10:15:09 [TRACE] 8Y0ffxKEDRg54GUr0ewivp /link/get 컨텍스트저장 UKey:'Bv9iX'
2023/07/28 10:15:12 [TRACE] 833EEdiKaotfLticJ2iMDo /link/get 컨텍스트저장 UKey:'Bv9iX'
2023/07/28 10:15:21 [TRACE] 3l80qMeFLx4h768rzJunWI /link/get 컨텍스트저장 UKey:'Bv9iX'
2023/07/28 10:16:59 [TRACE] 8CrROPRYMEV4gFyO824l77 /link/get 컨텍스트저장 UKey:'Bv9iX'
2023/07/28 10:18:21 [TRACE] 9yizQTaCvdFaC6YAOTUSSO /link/get 컨텍스트저장 UKey:'Bv9iX'
2023/07/28 10:49:41 [TRACE] ey0BDR759ep6jISufCOjh5 /link/get 컨텍스트저장 UKey:'Bv9iX'
2023/07/28 10:50:31 [TRACE] 2M7FB82v82Eg37W0J1OYNn /link/get 컨텍스트저장 UKey:'Bv9iX'
2023/07/28 11:28:26 [TRACE] 67RUWjfqCccjfkAUMwcexY /link/get 컨텍스트저장 UKey:'Bv9iX'
2023/07/28 11:28:44 [TRACE] iFWFU38XODtgmmgS6huTUz /link/get 컨텍스트저장 UKey:'Bv9iX'
2023/07/28 11:28:47 [TRACE] 8CvQcVBaSYYlbSZcSqNliP /link/get 컨텍스트저장 UKey:'Bv9iX'
2023/07/28 11:28:50 [TRACE] fr21L6fr8ayiKpKYUAp5lh /link/get 컨텍스트저장 UKey:'Bv9iXx'
2023/07/28 11:28:55 [TRACE] apdTyacEETX5zdUwJ0DltW /link/get 컨텍스트저장 UKey:'Bv9iX'
2023/07/28 11:52:04 [TRACE] 1oxshSITtQ8g7X7yXOElEo /link/get 컨텍스트저장 UKey:'Bv9iX'
2023/07/28 11:52:18 [TRACE] sqTZuUJdrn3eMkB4NJ8xh /link/get 컨텍스트저장 UKey:'Bv9iXđá'
2023/07/28 11:53:01 [TRACE] 8X5OjqQGstNaY2HsE5YCAc /link/get 컨텍스트저장 UKey:'Bv9iXđá'
2023/07/28 11:53:32 [TRACE] 5noIZ3GrlD7400gcBrIJGS /link/get 컨텍스트저장 UKey:'Bv9iX'
2023/07/28 11:55:42 [TRACE] kC52LzpZlHrbZxpEtjmRIS /link/get 컨텍스트저장 UKey:'Bv9iX'
2023/07/28 13:55:20 [TRACE] 7fJfkyqLZxQjvTLNEZjlW7 /link/get 컨텍스트저장 UKey:'Bv9iX'
2023/07/28 14:09:55 [TRACE] 3dZRc8u0WNMjxg496iUvLB /link/get 컨텍스트저장 UKey:'Bv9iX'
2023/07/28 14:34:01 [TRACE] 93QKnxJLD1Nk9ULRzOXpvN /link/get 컨텍스트저장 UKey:'Bv9iX'
2023/07/28 14:38:25 [TRACE] lS80ZoC5aGV5wdAhWEGOPd /link/get 컨텍스트저장 UKey:'Bv9iX'
2023/07/28 14:39:01 [TRACE] hxGg5tkqLfdgnPRjs3LP59 /link/get 컨텍스트저장 UKey:'Bv9iX'
2023/07/28 14:39:27 [TRACE] inT9UGUtsEYlSFDwY0eWI1 /link/get 컨텍스트저장 UKey:'Bv9iX'
2023/07/28 14:40:49 [TRACE] 4bYM1E9i0y4bOmNKNPEtMG /link/get 컨텍스트저장 UKey:'Bv9iX'
2023/07/28 14:43:27 [TRACE] 5JpgEebiUSDEPo63NBJYw /link/get 컨텍스트저장 UKey:'Bv9iX'
2023/07/28 14:43:53 [TRACE] 85h40odPbs3gBoYI69RyVa /link/get 컨텍스트저장 UKey:'Bv9iX'
2023/07/28 14:45:52 [TRACE] gvoqUDFEHimaDJVhAHmLsn /link/get 컨텍스트저장 UKey:'Bv9iX'
2023/07/28 14:46:08 [TRACE] 85mjZwREuxD8GUoywBhX4D /link/get 컨텍스트저장 UKey:'Bv9iX'
2023/07/28 14:46:19 [TRACE] fIFLRY8B5O3acFzZl9fAxS /link/get 컨텍스트저장 UKey:'Bv9iX'
2023/07/28 14:46:39 [TRACE] h3KBpeqLrC93g8Glk5tG0h /link/get 컨텍스트저장 UKey:'Bv9iX'
2023/07/28 14:46:56 [TRACE] iDQzNrxsbfWgc7jo04L1cv /link/get 컨텍스트저장 UKey:'Bv9iX'
2023/07/28 14:47:00 [TRACE] 6ISm6F0Nnof5E6Xll5UljU /link/get 컨텍스트저장 UKey:'Bv9iX'
2023/07/28 14:49:35 [TRACE] 9hIHQWeGMlvhmrOjv2nrdk /link/get 컨텍스트저장 UKey:'Bv9iX'
2023/07/28 14:49:51 [TRACE] bQpSrIwg9zykwN86WhgJYy /link/set 컨텍스트저장 UKey:'hejpp'
2023/07/28 14:49:52 [TRACE] cRFszEm3nAYjLozQV7eDt1 /link/del 컨텍스트저장 UKey:'hejpp'
2023/07/28 14:50:53 [TRACE] kUsfgfhf23Gjz2GLexWCY7 /link/get 컨텍스트저장 UKey:'Bv9iX'
2023/07/28 14:54:39 [TRACE] 5jKRMbNm8MI2A4eDhv180e /link/get 컨텍스트저장 UKey:'Bv9iX'
2023/07/28 14:55:51 [TRACE] bfQ7MdZaZ6u3m4JncssXhx /link/get 컨텍스트저장 UKey:'Bv9iX'
2023/07/28 14:57:08 [TRACE] h7DcparsC197NkpySPauqG /link/get 컨텍스트저장 UKey:'Bv9iX'
2023/07/28 14:57:50 [TRACE] 8Zr81RrRcBiggs207h6zMW /link/get 컨텍스트저장 UKey:'Bv9iX'
2023/07/28 14:59:48 [TRACE] ka8VESGxEwu6lysdOVtq4i /link/get 컨텍스트저장 UKey:'daWBs'
2023/07/28 14:59:48 [TRACE] yqqPinGGMifm8t0bEBfG4 /link/get 컨텍스트저장 UKey:'daWBs'
2023/07/28 14:59:59 [TRACE] 8dBNYm7HxdUl6HGOuET7i5 /link/get 컨텍스트저장 UKey:'daWBs'
2023/07/28 14:59:59 [TRACE] lwpOnI71zL14tXXEb9qidv /link/get 컨텍스트저장 UKey:'daWBs'
2023/07/28 15:00:11 [TRACE] aiuipmRzpG9k8UxnB9Rrqm /link/get 컨텍스트저장 UKey:'daWBs'
2023/07/28 15:00:13 [TRACE] h9QrnHkXw4Ln00D0Z2mMT /link/get 컨텍스트저장 UKey:'daWBs'
2023/07/28 15:00:19 [TRACE] gq8eL1lguBUlELirnMncR8 /link/get 컨텍스트저장 UKey:'daWBs'
2023/07/28 15:00:19 [TRACE] iC26qMn9UUagH1pgHmAJbH /link/get 컨텍스트저장 UKey:'daWBs'
2023/07/28 15:03:55 [TRACE] fFYIJEIeuVe6rKzakrfkG /link/get 컨텍스트저장 UKey:'daWBs'
2023/07/28 15:03:56 [TRACE] ccOC0mP393OiI9yuaYfZbT /link/get 컨텍스트저장 UKey:'daWBs'
2023/07/28 15:04:08 [TRACE] iPigU0862lsa3yqko7yc5W /link/get 컨텍스트저장 UKey:'daWBs'
2023/07/28 15:04:10 [TRACE] iZhQivhFAz85SAg54IgfPC /link/get 컨텍스트저장 UKey:'daWBs'
2023/07/28 15:04:12 [TRACE] 72G91tRxInu68jrLfejQaE /link/get 컨텍스트저장 UKey:'daWBs'
2023/07/28 15:04:13 [TRACE] 7sKwzZxPP3sfewVSLsFf1u /link/get 컨텍스트저장 UKey:'daWBs'
2023/07/28 15:12:23 [TRACE] jIOxtqCgfkh6xwbc0qkGl9 /link/get 컨텍스트저장 UKey:'Bv9iX'
2023/07/28 15:12:41 [TRACE] lePKJKuRZw6aNYdsRQoU1R /link/get 컨텍스트저장 UKey:'Bv9iX'
2023/07/28 15:12:50 [TRACE] cOWUWk7DUSVa3BYQPAogGU /link/get 컨텍스트저장 UKey:'Bv9iX'
2023/07/28 15:13:12 [TRACE] 4MLLFTALs9k7OstLUtjRoM /link/get 컨텍스트저장 UKey:'Bv9iX'
2023/07/28 15:15:16 [TRACE] ceoTEuSOqBs8KM0OKDKu5y /link/get 컨텍스트저장 UKey:'Bv9iX'
2023/07/28 15:15:45 [TRACE] f3GCy8roUUU8Ua5WaqZVUp /link/get 컨텍스트저장 UKey:'Bv9iX'
2023/07/28 15:18:28 [TRACE] 6ov4nKcrgNLhgXpyqeCSIR /link/get 컨텍스트저장 UKey:'Bv9iX'
2023/07/28 15:19:36 [TRACE] 6LvdWvr5H4fkYhfTwvlS4 /link/get 컨텍스트저장 UKey:'Bv9iX'
2023/07/28 15:19:51 [TRACE] hMsmxiQuYQj3ll6gEX0o19 /link/get 컨텍스트저장 UKey:'Bv9iX'
2023/07/28 15:21:11 [TRACE] aoMqLreSrzYc53M8DQBwgx /link/get 컨텍스트저장 UKey:'Bv9iX'
2023/07/28 15:22:32 [TRACE] 5BQ0InvftCRk443U6j98GK /link/get 컨텍스트저장 UKey:'Bv9iX'
2023/07/28 15:38:12 [TRACE] 2uJcffhdRPMgjkcOK1Wp0P /link/get 컨텍스트저장 UKey:'Bv9iX'
2023/07/28 15:38:28 [TRACE] 1ozEtxKGjIqkfwF1PneJAb /link/get 컨텍스트저장 UKey:'Bv9iX'
2023/07/28 15:38:44 [TRACE] iTsMGvXi4i7dwnY5w808g5 /link/get 컨텍스트저장 UKey:'Bv9iX'
2023/07/28 15:38:52 [TRACE] iMckxwfIuXXaM3ZiI9Mefr /link/get 컨텍스트저장 UKey:'Bv9iX'
2023/07/28 15:39:01 [TRACE] ez3Rp3Lhrz7iO7MNd12C3o /link/get 컨텍스트저장 UKey:'Bv9iX'
2023/07/28 15:47:35 [TRACE] lsW8AuZr4OcWwZd5PCJlI /link/get 컨텍스트저장 UKey:'okcKc'
2023/07/28 15:47:57 [TRACE] dcr7Nl8Trqpdp74Ca1zwk5 /link/get 컨텍스트저장 UKey:'IB2IM'
2023/07/28 15:48:36 [TRACE] TBJLsIITqQ8btpiBKbWyu /link/get 컨텍스트저장 UKey:'IB2IM'
2023/07/28 15:48:39 [TRACE] 3Xyf3I4dcmR5fsgVyAGS1G /link/get 컨텍스트저장 UKey:'okcKc'
2023/07/28 15:48:41 [TRACE] 2ehKISHEgFplNgISMqzcOn /link/get 컨텍스트저장 UKey:'Bv9iX'
2023/07/28 15:48:58 [TRACE] IAcP7oTzMh8A30SWBW7YH /link/get 컨텍스트저장 UKey:'XNFJ2'
2023/07/28 15:49:26 [TRACE] cor34YGRmwbk53iD1Tr8In /link/get 컨텍스트저장 UKey:'Bv9iX'
2023/07/28 15:57:41 [TRACE] cVthKWE7yso8hoK7hqu3k1 /link/get 컨텍스트저장 UKey:'86JAs'
2023/07/28 15:58:21 [TRACE] bHL8O4fnjOBfkRHg8vhN2y /link/set 컨텍스트저장 UKey:'54d0g'
2023/07/28 15:59:05 [TRACE] 4S9Nw8jBmf29JDpKL3LcPF /link/get 컨텍스트저장 UKey:'daWBs'
2023/07/28 15:59:15 [TRACE] 1JXhVqKzSyU6x5Ia5y1LIZ /link/get 컨텍스트저장 UKey:'54d0g'
2023/07/28 16:35:46 [TRACE] b9Fk6ZiNkroedhgYYu6V5u /link/get 컨텍스트저장 UKey:'54d0g'
2023/07/28 16:36:45 [TRACE] dEupe3Loz00fBbZdBXLXpD /link/get 컨텍스트저장 UKey:'54d0g'
2023/07/28 16:36:52 [TRACE] lsGiHrgb8jCg4hDeqes0DJ /link/get 컨텍스트저장 UKey:'54d0g'
2023/07/28 16:40:35 [TRACE] 2HSkv8gzY3lbYEwHin6mvq /link/get 컨텍스트저장 UKey:'54d0g'
2023/07/28 16:42:22 [TRACE] 4Mf3LuCe8xRdetYbiipJKz /link/get 컨텍스트저장 UKey:'54d0g'
2023/07/28 16:42:36 [TRACE] 3HkO5NZFsiYjmMuwMKsa9q /link/get 컨텍스트저장 UKey:'54d0g'
2023/07/28 16:43:45 [TRACE] cQ2S5uM2EW21Um35cWHG8I /link/get 컨텍스트저장 UKey:'54d0g'
2023/07/28 16:43:55 [TRACE] 2E9tiVFBTc2dY6pcyI23B0 /link/get 컨텍스트저장 UKey:'54d0g'
2023/07/28 16:45:08 [TRACE] 45l0U84Dqfm6qhdbp0t0rO /link/get 컨텍스트저장 UKey:'54d0g'
2023/07/28 16:47:47 [TRACE] 2T1ah4hCmCli31PSxqpYYE /link/get 컨텍스트저장 UKey:'54d0g'
2023/07/28 16:48:44 [TRACE] 9wtIs5sfsfBlHWwKFv2kp3 /link/get 컨텍스트저장 UKey:'54d0g'
2023/07/28 16:48:55 [TRACE] 8yRAE5QGSUKheTWAoMxWbJ /link/get 컨텍스트저장 UKey:'54d0g'
2023/07/28 16:50:23 [TRACE] iRoGpB0ubR6jZAHMQPUrPs /link/get 컨텍스트저장 UKey:'54d0g'
2023/07/28 16:50:33 [TRACE] ezl22U197CmguqYOv77Vnx /link/get 컨텍스트저장 UKey:'54d0g'
2023/07/28 16:53:31 [TRACE] eHsp532OK61jmblw0VfWwa /link/get 컨텍스트저장 UKey:'54d0g'
2023/07/28 16:55:37 [TRACE] 3aBkzNmwqaJ6x0gmT9gwk4 /link/get 컨텍스트저장 UKey:'54d0g'
2023/07/28 16:56:56 [TRACE] 58X7DSmtVQyadeYmRJ2RrA /link/get 컨텍스트저장 UKey:'54d0g'
2023/07/28 16:57:41 [TRACE] glqhom3BePyl7UlGximakg /link/get 컨텍스트저장 UKey:'54d0g'
2023/07/28 17:28:37 [TRACE] aZcyoZDUgFr72XjNjMoI4L /link/get 컨텍스트저장 UKey:'86JAs'
2023/07/28 17:28:39 [TRACE] 7wllAO5LmiDlJrMprtGiIM /link/get 컨텍스트저장 UKey:'Bv9iX'
2023/07/28 17:28:40 [TRACE] cyDPml68gPR5WAxmz0NI3l /link/get 컨텍스트저장 UKey:'86JAs'
2023/07/28 17:29:39 [TRACE] k6dKcMkpi4l4kigTViomdL /link/get 컨텍스트저장 UKey:'86JAs'
2023/07/28 23:13:20 [TRACE] datF6nplDQE9yEWmGVKsXg /link/get 컨텍스트저장 UKey:'Bv9iX'
2023/07/28 23:13:20 [TRACE] fL0kNete4BRhIl8UlLlvcJ /link/get 컨텍스트저장 UKey:'Bv9iX'
2023/07/28 23:13:20 [TRACE] avh9CoezUTnxRSfIeUqJ /link/get 컨텍스트저장 UKey:'Bv9iX'
