2023/07/12 08:50:31 [TRACE] ggZn6dutq7yhmnk3FNMaFm ----------------------------------------------------
2023/07/12 08:50:31 [TRACE] ggZn6dutq7yhmnk3FNMaFm /rmIPC 요청토큰: 3144bc2b-7897-4e52-97b8-bbd1fa54e126
2023/07/12 08:50:31 [TRACE] ggZn6dutq7yhmnk3FNMaFm 2024-06-07 00:00:00 +0700 +07
2023/07/12 08:50:31 [TRACE] ggZn6dutq7yhmnk3FNMaFm ub.urlybud.aqua.castis.io 라이선스 정상
2023/07/12 08:50:31 [TRACE] ggZn6dutq7yhmnk3FNMaFm rmIPC CheckExists()
2023/07/12 08:50:31 [TRACE] ggZn6dutq7yhmnk3FNMaFm rmIPC CheckSecureLink()
2023/07/12 08:50:31 [TRACE] ggZn6dutq7yhmnk3FNMaFm rmIPC CheckCount()
2023/07/12 08:50:31 [TRACE] ggZn6dutq7yhmnk3FNMaFm rmIPC CheckExpire()
2023/07/12 08:50:31 [TRACE] ggZn6dutq7yhmnk3FNMaFm rmIPC CheckAuth()
2023/07/12 08:50:31 [TRACE] ggZn6dutq7yhmnk3FNMaFm rmIPC ServeLink()
2023/07/12 08:50:31 [TRACE] ggZn6dutq7yhmnk3FNMaFm rmIPC Redirect()
2023/07/12 08:50:31 [TRACE] ggZn6dutq7yhmnk3FNMaFm rmIPC GET 리다이렉트
2023/07/12 08:50:31 [TRACE] ggZn6dutq7yhmnk3FNMaFm /rmIPC 컨텍스트저장 UKey:'rmIPC'
2023/07/12 08:50:33 [TRACE] 17K0j0eoPZPguiNIvnObxd /link/get 컨텍스트저장 UKey:'rmIPC'
2023/07/12 09:00:16 [TRACE] 5aKppVneqJAhuOi9YTFGT1 ----------------------------------------------------
2023/07/12 09:00:16 [TRACE] 5aKppVneqJAhuOi9YTFGT1 /jfZcT 토큰생성: 6efde71f-e581-4e18-955e-4313ce889c8c
2023/07/12 09:00:16 [TRACE] 5aKppVneqJAhuOi9YTFGT1 2024-06-07 00:00:00 +0700 +07
2023/07/12 09:00:16 [TRACE] 5aKppVneqJAhuOi9YTFGT1 ub.urlybud.aqua.castis.io 라이선스 정상
2023/07/12 09:00:16 [TRACE] 5aKppVneqJAhuOi9YTFGT1 jfZcT CheckExists()
2023/07/12 09:00:16 [TRACE] 5aKppVneqJAhuOi9YTFGT1 jfZcT CheckSecureLink()
2023/07/12 09:00:16 [TRACE] 5aKppVneqJAhuOi9YTFGT1 jfZcT CheckCount()
2023/07/12 09:00:16 [TRACE] 5aKppVneqJAhuOi9YTFGT1 jfZcT CheckExpire()
2023/07/12 09:00:16 [TRACE] 5aKppVneqJAhuOi9YTFGT1 jfZcT CheckAuth()
2023/07/12 09:00:16 [TRACE] 5aKppVneqJAhuOi9YTFGT1 jfZcT ServeLink()
2023/07/12 09:00:16 [TRACE] 5aKppVneqJAhuOi9YTFGT1 jfZcT Redirect()
2023/07/12 09:00:16 [TRACE] 5aKppVneqJAhuOi9YTFGT1 jfZcT GET 리다이렉트
2023/07/12 09:00:16 [TRACE] 5aKppVneqJAhuOi9YTFGT1 /jfZcT 컨텍스트저장 UKey:'jfZcT'
2023/07/12 09:00:18 [TRACE] lLGhD85OQPi6J6MfGfwXeq /link/get 컨텍스트저장 UKey:'jfZcT'
2023/07/12 09:00:38 [TRACE] jC42KUPCl4D132eyZZXg4G /link/get 컨텍스트저장 UKey:'jfZcT'
2023/07/12 09:08:02 [TRACE] b6y62mHbgUL9s3dnDMFbYL /link/get 컨텍스트저장 UKey:'vq5B0'
2023/07/12 09:08:03 [TRACE] 2q2sWUDsuEdeIe02XQoM0D /link/get 컨텍스트저장 UKey:'97zFv'
2023/07/12 09:16:28 [TRACE] bUwnnUJhW6O6AzvXHHg81u /link/get 컨텍스트저장 UKey:'vq5B0'
2023/07/12 09:28:57 [TRACE] 56xdOD6qsCygX5bBfcqAKJ /link/get 컨텍스트저장 UKey:'vq5B0'
2023/07/12 09:40:00 [TRACE] fP0tLpStZvObT2RPFHIWNv /link/set 컨텍스트저장 UKey:'jfZAu'
2023/07/12 09:40:13 [TRACE] 4P3J2Yt5lfld5cZyGQn4S9 ----------------------------------------------------
2023/07/12 09:40:13 [TRACE] 4P3J2Yt5lfld5cZyGQn4S9 /jfZAu 토큰생성: 8800e14c-1e82-4f62-a2be-e174e1fe6836
2023/07/12 09:40:13 [TRACE] 4P3J2Yt5lfld5cZyGQn4S9 2024-06-07 00:00:00 +0700 +07
2023/07/12 09:40:13 [TRACE] 4P3J2Yt5lfld5cZyGQn4S9 ub.urlybud.aqua.castis.io 라이선스 정상
2023/07/12 09:40:13 [TRACE] 4P3J2Yt5lfld5cZyGQn4S9 jfZAu CheckExists()
2023/07/12 09:40:13 [TRACE] 4P3J2Yt5lfld5cZyGQn4S9 jfZAu CheckSecureLink()
2023/07/12 09:40:13 [TRACE] 4P3J2Yt5lfld5cZyGQn4S9 jfZAu CheckCount()
2023/07/12 09:40:13 [TRACE] 4P3J2Yt5lfld5cZyGQn4S9 jfZAu CheckExpire()
2023/07/12 09:40:13 [TRACE] 4P3J2Yt5lfld5cZyGQn4S9 jfZAu CheckAuth()
2023/07/12 09:40:13 [TRACE] 4P3J2Yt5lfld5cZyGQn4S9 jfZAu ServeLink()
2023/07/12 09:40:13 [TRACE] 4P3J2Yt5lfld5cZyGQn4S9 jfZAu Redirect()
2023/07/12 09:40:13 [TRACE] 4P3J2Yt5lfld5cZyGQn4S9 jfZAu GET 리다이렉트
2023/07/12 09:40:13 [TRACE] 4P3J2Yt5lfld5cZyGQn4S9 /jfZAu 컨텍스트저장 UKey:'jfZAu'
2023/07/12 09:40:17 [TRACE] ZG9hXV9rdn87Ut1bRM3Cg /link/get 컨텍스트저장 UKey:'jfZAu'
2023/07/12 09:40:21 [TRACE] h9YO2Qk7TnjxuyLqHsjZo ----------------------------------------------------
2023/07/12 09:40:21 [TRACE] h9YO2Qk7TnjxuyLqHsjZo /jfZAu 토큰생성: a67ee1ea-2b51-430b-b9eb-80a74df0b038
2023/07/12 09:40:21 [TRACE] h9YO2Qk7TnjxuyLqHsjZo 2024-06-07 00:00:00 +0700 +07
2023/07/12 09:40:21 [TRACE] h9YO2Qk7TnjxuyLqHsjZo ub.urlybud.aqua.castis.io 라이선스 정상
2023/07/12 09:40:21 [TRACE] h9YO2Qk7TnjxuyLqHsjZo jfZAu CheckExists()
2023/07/12 09:40:21 [TRACE] h9YO2Qk7TnjxuyLqHsjZo jfZAu CheckSecureLink()
2023/07/12 09:40:21 [TRACE] h9YO2Qk7TnjxuyLqHsjZo jfZAu CheckCount()
2023/07/12 09:40:21 [TRACE] h9YO2Qk7TnjxuyLqHsjZo jfZAu CheckExpire()
2023/07/12 09:40:21 [TRACE] h9YO2Qk7TnjxuyLqHsjZo jfZAu CheckAuth()
2023/07/12 09:40:21 [TRACE] h9YO2Qk7TnjxuyLqHsjZo jfZAu ServeLink()
2023/07/12 09:40:21 [TRACE] h9YO2Qk7TnjxuyLqHsjZo jfZAu Redirect()
2023/07/12 09:40:21 [TRACE] h9YO2Qk7TnjxuyLqHsjZo jfZAu GET 리다이렉트
2023/07/12 09:40:21 [TRACE] h9YO2Qk7TnjxuyLqHsjZo /jfZAu 컨텍스트저장 UKey:'jfZAu'
2023/07/12 09:40:21 [TRACE] 2hsOG9sbzy25SE0qPdD8DP /link/get 컨텍스트저장 UKey:'jfZAu'
2023/07/12 09:43:30 [TRACE] 8mi9nm7t5REcir74w6zaLp /link/get 컨텍스트저장 UKey:'vq5B0'
2023/07/12 09:45:01 [TRACE] vyH99upzh1bxpWySd3itx ----------------------------------------------------
2023/07/12 09:45:01 [TRACE] vyH99upzh1bxpWySd3itx /jfZAu 토큰생성: 0fff45a7-e73d-4f0b-a4ce-fbd20bcba536
2023/07/12 09:45:01 [TRACE] vyH99upzh1bxpWySd3itx 2024-06-07 00:00:00 +0700 +07
2023/07/12 09:45:01 [TRACE] vyH99upzh1bxpWySd3itx ub.urlybud.aqua.castis.io 라이선스 정상
2023/07/12 09:45:01 [TRACE] vyH99upzh1bxpWySd3itx jfZAu CheckExists()
2023/07/12 09:45:01 [TRACE] vyH99upzh1bxpWySd3itx jfZAu CheckSecureLink()
2023/07/12 09:45:01 [TRACE] vyH99upzh1bxpWySd3itx jfZAu CheckCount()
2023/07/12 09:45:01 [TRACE] vyH99upzh1bxpWySd3itx jfZAu CheckExpire()
2023/07/12 09:45:01 [TRACE] vyH99upzh1bxpWySd3itx jfZAu CheckAuth()
2023/07/12 09:45:01 [TRACE] vyH99upzh1bxpWySd3itx jfZAu ServeLink()
2023/07/12 09:45:01 [TRACE] vyH99upzh1bxpWySd3itx jfZAu Redirect()
2023/07/12 09:45:01 [TRACE] vyH99upzh1bxpWySd3itx jfZAu GET 리다이렉트
2023/07/12 09:45:01 [TRACE] vyH99upzh1bxpWySd3itx /jfZAu 컨텍스트저장 UKey:'jfZAu'
2023/07/12 09:45:01 [TRACE] h6Ax1WZWjI321UkxJaxD2O /link/get 컨텍스트저장 UKey:'jfZAu'
2023/07/12 09:46:18 [TRACE] 9iDVpMRE7fr32arBvSlvgr ----------------------------------------------------
2023/07/12 09:46:18 [TRACE] 9iDVpMRE7fr32arBvSlvgr /jfZAu 요청토큰: 4baa3c73-9bfe-4bec-8b70-db3b68f0ded9
2023/07/12 09:46:18 [TRACE] 9iDVpMRE7fr32arBvSlvgr 2024-06-07 00:00:00 +0700 +07
2023/07/12 09:46:18 [TRACE] 9iDVpMRE7fr32arBvSlvgr ub.urlybud.aqua.castis.io 라이선스 정상
2023/07/12 09:46:18 [TRACE] 9iDVpMRE7fr32arBvSlvgr jfZAu CheckExists()
2023/07/12 09:46:18 [TRACE] 9iDVpMRE7fr32arBvSlvgr jfZAu CheckSecureLink()
2023/07/12 09:46:18 [TRACE] 9iDVpMRE7fr32arBvSlvgr jfZAu CheckCount()
2023/07/12 09:46:18 [TRACE] 9iDVpMRE7fr32arBvSlvgr jfZAu CheckExpire()
2023/07/12 09:46:18 [TRACE] 9iDVpMRE7fr32arBvSlvgr jfZAu CheckAuth()
2023/07/12 09:46:18 [TRACE] 9iDVpMRE7fr32arBvSlvgr jfZAu ServeLink()
2023/07/12 09:46:18 [TRACE] 9iDVpMRE7fr32arBvSlvgr jfZAu Redirect()
2023/07/12 09:46:18 [TRACE] 9iDVpMRE7fr32arBvSlvgr jfZAu GET 리다이렉트
2023/07/12 09:46:18 [TRACE] 9iDVpMRE7fr32arBvSlvgr /jfZAu 컨텍스트저장 UKey:'jfZAu'
2023/07/12 09:46:19 [TRACE] 9Pfqhb3qgBs5n94YwsLN5l /link/get 컨텍스트저장 UKey:'jfZAu'
2023/07/12 09:47:08 [TRACE] 4RBKLhBQ3Fdcw9cYD284dL ----------------------------------------------------
2023/07/12 09:47:08 [TRACE] 4RBKLhBQ3Fdcw9cYD284dL /jfZAu 요청토큰: 82b89c63-9e1f-432d-852f-e8c6c478480f
2023/07/12 09:47:08 [TRACE] 4RBKLhBQ3Fdcw9cYD284dL 2024-06-07 00:00:00 +0700 +07
2023/07/12 09:47:08 [TRACE] 4RBKLhBQ3Fdcw9cYD284dL ub.urlybud.aqua.castis.io 라이선스 정상
2023/07/12 09:47:08 [TRACE] 4RBKLhBQ3Fdcw9cYD284dL jfZAu CheckExists()
2023/07/12 09:47:08 [TRACE] 4RBKLhBQ3Fdcw9cYD284dL jfZAu CheckSecureLink()
2023/07/12 09:47:08 [TRACE] 4RBKLhBQ3Fdcw9cYD284dL jfZAu CheckCount()
2023/07/12 09:47:08 [TRACE] 4RBKLhBQ3Fdcw9cYD284dL jfZAu CheckExpire()
2023/07/12 09:47:08 [TRACE] 4RBKLhBQ3Fdcw9cYD284dL jfZAu CheckAuth()
2023/07/12 09:47:08 [TRACE] 4RBKLhBQ3Fdcw9cYD284dL jfZAu ServeLink()
2023/07/12 09:47:08 [TRACE] 4RBKLhBQ3Fdcw9cYD284dL jfZAu Redirect()
2023/07/12 09:47:08 [TRACE] 4RBKLhBQ3Fdcw9cYD284dL jfZAu GET 리다이렉트
2023/07/12 09:47:08 [TRACE] 4RBKLhBQ3Fdcw9cYD284dL /jfZAu 컨텍스트저장 UKey:'jfZAu'
2023/07/12 09:47:09 [TRACE] iQAk4NNG2FI19jH7k3rScx /link/get 컨텍스트저장 UKey:'jfZAu'
2023/07/12 09:47:15 [TRACE] fhjzvYrbFsz7BjkKBNX5OQ ----------------------------------------------------
2023/07/12 09:47:15 [TRACE] fhjzvYrbFsz7BjkKBNX5OQ /jfZAu 요청토큰: 82b89c63-9e1f-432d-852f-e8c6c478480f
2023/07/12 09:47:15 [TRACE] fhjzvYrbFsz7BjkKBNX5OQ 2024-06-07 00:00:00 +0700 +07
2023/07/12 09:47:15 [TRACE] fhjzvYrbFsz7BjkKBNX5OQ ub.urlybud.aqua.castis.io 라이선스 정상
2023/07/12 09:47:15 [TRACE] fhjzvYrbFsz7BjkKBNX5OQ jfZAu CheckExists()
2023/07/12 09:47:15 [TRACE] fhjzvYrbFsz7BjkKBNX5OQ jfZAu CheckSecureLink()
2023/07/12 09:47:15 [TRACE] fhjzvYrbFsz7BjkKBNX5OQ jfZAu CheckCount()
2023/07/12 09:47:15 [TRACE] fhjzvYrbFsz7BjkKBNX5OQ jfZAu CheckExpire()
2023/07/12 09:47:15 [TRACE] fhjzvYrbFsz7BjkKBNX5OQ jfZAu CheckAuth()
2023/07/12 09:47:15 [TRACE] fhjzvYrbFsz7BjkKBNX5OQ jfZAu ServeLink()
2023/07/12 09:47:15 [TRACE] fhjzvYrbFsz7BjkKBNX5OQ jfZAu Redirect()
2023/07/12 09:47:15 [TRACE] fhjzvYrbFsz7BjkKBNX5OQ jfZAu GET 리다이렉트
2023/07/12 09:47:15 [TRACE] fhjzvYrbFsz7BjkKBNX5OQ /jfZAu 컨텍스트저장 UKey:'jfZAu'
2023/07/12 09:47:16 [TRACE] b4hLasZ0UwI7yOmdaBACP2 /link/get 컨텍스트저장 UKey:'jfZAu'
2023/07/12 09:47:47 [TRACE] 4EC9t8ZVoJwlKL8TYX31vg /link/get 컨텍스트저장 UKey:'jfZAu'
2023/07/12 09:49:15 [TRACE] jN7wX5ktGvGbFS4Bfc3V6Z /link/get 컨텍스트저장 UKey:'jfZAu'
2023/07/12 09:49:16 [TRACE] b2AHWIzXhPrhcon9lYyhJ5 /link/get 컨텍스트저장 UKey:'vq5B0'
2023/07/12 09:50:53 [TRACE] g0OAJMB3g5bhVHOGl4ICQY /link/get 컨텍스트저장 UKey:'vq5B0'
2023/07/12 09:53:00 [TRACE] 3xdaAznOiIT8AEhg6NJugo /link/get 컨텍스트저장 UKey:'jfZAu'
2023/07/12 09:54:10 [TRACE] kozqKmXa3C26YUhwPgmGlw /link/get 컨텍스트저장 UKey:'jfZAu'
2023/07/12 09:55:01 [TRACE] leR0z9FPXyG8AmB6JoSzFd /link/get 컨텍스트저장 UKey:'vq5B0'
2023/07/12 09:57:07 [TRACE] 4cDTEVyiyCP3xGFF3FJwoZ /link/get 컨텍스트저장 UKey:'vq5B0'
2023/07/12 09:57:10 [TRACE] g0oa274Gq1Q9dVVbWmCnVV /link/get 컨텍스트저장 UKey:'vq5B0'
2023/07/12 10:00:42 [TRACE] cALqUmUK7o2jRaz2zQL7ew /link/get 컨텍스트저장 UKey:'vq5B0'
2023/07/12 10:00:44 [TRACE] 2miCv5ytlN8cDtNP75ppY4 /link/get 컨텍스트저장 UKey:'jfZAu'
2023/07/12 10:01:21 [TRACE] bKJKHTpASntgmttz171C4y ----------------------------------------------------
2023/07/12 10:01:21 [TRACE] bKJKHTpASntgmttz171C4y /jfZAu 요청토큰: 77bd72eb-3258-4035-a642-38e566ca408b
2023/07/12 10:01:21 [TRACE] bKJKHTpASntgmttz171C4y 2024-06-07 00:00:00 +0700 +07
2023/07/12 10:01:21 [TRACE] bKJKHTpASntgmttz171C4y ub.urlybud.aqua.castis.io 라이선스 정상
2023/07/12 10:01:21 [TRACE] bKJKHTpASntgmttz171C4y jfZAu CheckExists()
2023/07/12 10:01:21 [TRACE] bKJKHTpASntgmttz171C4y jfZAu CheckSecureLink()
2023/07/12 10:01:21 [TRACE] bKJKHTpASntgmttz171C4y jfZAu CheckCount()
2023/07/12 10:01:21 [TRACE] bKJKHTpASntgmttz171C4y jfZAu CheckExpire()
2023/07/12 10:01:21 [TRACE] bKJKHTpASntgmttz171C4y jfZAu CheckAuth()
2023/07/12 10:01:21 [TRACE] bKJKHTpASntgmttz171C4y jfZAu ServeLink()
2023/07/12 10:01:21 [TRACE] bKJKHTpASntgmttz171C4y jfZAu Redirect()
2023/07/12 10:01:21 [TRACE] bKJKHTpASntgmttz171C4y jfZAu GET 리다이렉트
2023/07/12 10:01:21 [TRACE] bKJKHTpASntgmttz171C4y /jfZAu 컨텍스트저장 UKey:'jfZAu'
2023/07/12 10:01:22 [TRACE] 5eE2P0OrIba7X9wuBprqE1 /link/get 컨텍스트저장 UKey:'jfZAu'
2023/07/12 10:01:58 [TRACE] 3jXQKGUbWs11VkcTbtHNHq ----------------------------------------------------
2023/07/12 10:01:58 [TRACE] 3jXQKGUbWs11VkcTbtHNHq /jfZAu 요청토큰: 77bd72eb-3258-4035-a642-38e566ca408b
2023/07/12 10:01:58 [TRACE] 3jXQKGUbWs11VkcTbtHNHq 2024-06-07 00:00:00 +0700 +07
2023/07/12 10:01:58 [TRACE] 3jXQKGUbWs11VkcTbtHNHq ub.urlybud.aqua.castis.io 라이선스 정상
2023/07/12 10:01:58 [TRACE] 3jXQKGUbWs11VkcTbtHNHq jfZAu CheckExists()
2023/07/12 10:01:58 [TRACE] 3jXQKGUbWs11VkcTbtHNHq jfZAu CheckSecureLink()
2023/07/12 10:01:58 [TRACE] 3jXQKGUbWs11VkcTbtHNHq jfZAu CheckCount()
2023/07/12 10:01:58 [TRACE] 3jXQKGUbWs11VkcTbtHNHq jfZAu CheckExpire()
2023/07/12 10:01:58 [TRACE] 3jXQKGUbWs11VkcTbtHNHq jfZAu CheckAuth()
2023/07/12 10:01:58 [TRACE] 3jXQKGUbWs11VkcTbtHNHq jfZAu ServeLink()
2023/07/12 10:01:58 [TRACE] 3jXQKGUbWs11VkcTbtHNHq jfZAu Redirect()
2023/07/12 10:01:58 [TRACE] 3jXQKGUbWs11VkcTbtHNHq jfZAu GET 리다이렉트
2023/07/12 10:01:58 [TRACE] 3jXQKGUbWs11VkcTbtHNHq /jfZAu 컨텍스트저장 UKey:'jfZAu'
2023/07/12 10:01:58 [TRACE] gkq2vEunmiP3TZTWNVkumC /link/get 컨텍스트저장 UKey:'jfZAu'
2023/07/12 10:19:56 [TRACE] 5CCLqYpfuYm7RNXcSbMZ6M /link/get 컨텍스트저장 UKey:'vq5B0'
2023/07/12 11:25:59 [TRACE] 9BbDGdZ5aEbiiLzJvj9vmc /link/get 컨텍스트저장 UKey:'vq5B0'
2023/07/12 11:34:16 [TRACE] en0TlETiXlrgUMAEWDEKIi /link/set 컨텍스트저장 UKey:'XNF9P'
2023/07/12 11:34:25 [TRACE] bPpWZApeui9ld6VvjJYPFC ----------------------------------------------------
2023/07/12 11:34:25 [TRACE] bPpWZApeui9ld6VvjJYPFC /XNF9P 요청토큰: 0fff45a7-e73d-4f0b-a4ce-fbd20bcba536
2023/07/12 11:34:25 [TRACE] bPpWZApeui9ld6VvjJYPFC 2024-06-07 00:00:00 +0700 +07
2023/07/12 11:34:25 [TRACE] bPpWZApeui9ld6VvjJYPFC ub.urlybud.aqua.castis.io 라이선스 정상
2023/07/12 11:34:25 [TRACE] bPpWZApeui9ld6VvjJYPFC XNF9P CheckExists()
2023/07/12 11:34:25 [TRACE] bPpWZApeui9ld6VvjJYPFC XNF9P CheckSecureLink()
2023/07/12 11:34:25 [TRACE] bPpWZApeui9ld6VvjJYPFC XNF9P CheckCount()
2023/07/12 11:34:25 [TRACE] bPpWZApeui9ld6VvjJYPFC XNF9P CheckExpire()
2023/07/12 11:34:25 [TRACE] bPpWZApeui9ld6VvjJYPFC XNF9P CheckAuth()
2023/07/12 11:34:25 [TRACE] bPpWZApeui9ld6VvjJYPFC XNF9P ServeLink()
2023/07/12 11:34:25 [TRACE] bPpWZApeui9ld6VvjJYPFC XNF9P Redirect()
2023/07/12 11:34:25 [TRACE] bPpWZApeui9ld6VvjJYPFC XNF9P GET 리다이렉트
2023/07/12 11:34:25 [TRACE] bPpWZApeui9ld6VvjJYPFC /XNF9P 컨텍스트저장 UKey:'XNF9P'
2023/07/12 11:34:26 [TRACE] 6TnZ3uWtOp595mpbsV66Cm /link/get 컨텍스트저장 UKey:'XNF9P'
2023/07/12 13:23:56 [TRACE] ki6iIWb5KI1gUlVMjxH6J ----------------------------------------------------
2023/07/12 13:23:56 [TRACE] ki6iIWb5KI1gUlVMjxH6J /jfZcT 요청토큰: e7620941-868d-4606-888f-a31d41158947
2023/07/12 13:23:56 [TRACE] ki6iIWb5KI1gUlVMjxH6J 2024-06-07 00:00:00 +0700 +07
2023/07/12 13:23:56 [TRACE] ki6iIWb5KI1gUlVMjxH6J ub.urlybud.aqua.castis.io 라이선스 정상
2023/07/12 13:23:56 [TRACE] ki6iIWb5KI1gUlVMjxH6J jfZcT CheckExists()
2023/07/12 13:23:56 [TRACE] ki6iIWb5KI1gUlVMjxH6J jfZcT CheckSecureLink()
2023/07/12 13:23:56 [TRACE] ki6iIWb5KI1gUlVMjxH6J jfZcT CheckCount()
2023/07/12 13:23:56 [TRACE] ki6iIWb5KI1gUlVMjxH6J jfZcT CheckExpire()
2023/07/12 13:23:56 [TRACE] ki6iIWb5KI1gUlVMjxH6J jfZcT CheckAuth()
2023/07/12 13:23:56 [TRACE] ki6iIWb5KI1gUlVMjxH6J jfZcT ServeLink()
2023/07/12 13:23:56 [TRACE] ki6iIWb5KI1gUlVMjxH6J jfZcT Redirect()
2023/07/12 13:23:56 [TRACE] ki6iIWb5KI1gUlVMjxH6J jfZcT GET 리다이렉트
2023/07/12 13:23:56 [TRACE] ki6iIWb5KI1gUlVMjxH6J /jfZcT 컨텍스트저장 UKey:'jfZcT'
2023/07/12 13:23:58 [TRACE] 3akzd5Srz4K6r9jzRmH5Xr /link/get 컨텍스트저장 UKey:'jfZcT'
2023/07/12 13:24:50 [TRACE] l6zyGuzWDSX2OaSOhSd4ui /link/set 컨텍스트저장 UKey:'lhFYA'
2023/07/12 13:25:04 [TRACE] jRRdQbAxnSyiiWBEjkYzaG ----------------------------------------------------
2023/07/12 13:25:04 [TRACE] jRRdQbAxnSyiiWBEjkYzaG /lhFYA 토큰생성: a5efde07-2823-4d95-8ce8-0e67979eca69
2023/07/12 13:25:04 [TRACE] jRRdQbAxnSyiiWBEjkYzaG 2024-06-07 00:00:00 +0700 +07
2023/07/12 13:25:04 [TRACE] jRRdQbAxnSyiiWBEjkYzaG ub.urlybud.aqua.castis.io 라이선스 정상
2023/07/12 13:25:04 [TRACE] jRRdQbAxnSyiiWBEjkYzaG lhFYA CheckExists()
2023/07/12 13:25:04 [TRACE] jRRdQbAxnSyiiWBEjkYzaG lhFYA CheckSecureLink()
2023/07/12 13:25:04 [TRACE] jRRdQbAxnSyiiWBEjkYzaG lhFYA CheckCount()
2023/07/12 13:25:04 [TRACE] jRRdQbAxnSyiiWBEjkYzaG lhFYA CheckExpire()
2023/07/12 13:25:04 [TRACE] jRRdQbAxnSyiiWBEjkYzaG lhFYA CheckAuth()
2023/07/12 13:25:04 [TRACE] jRRdQbAxnSyiiWBEjkYzaG lhFYA ServeLink()
2023/07/12 13:25:04 [TRACE] jRRdQbAxnSyiiWBEjkYzaG lhFYA Redirect()
2023/07/12 13:25:04 [TRACE] jRRdQbAxnSyiiWBEjkYzaG lhFYA GET 리다이렉트
2023/07/12 13:25:04 [TRACE] jRRdQbAxnSyiiWBEjkYzaG /lhFYA 컨텍스트저장 UKey:'lhFYA'
2023/07/12 13:25:05 [TRACE] j2XDklU84Z85Fda4NJVTTB /link/get 컨텍스트저장 UKey:'lhFYA'
2023/07/12 13:27:50 [TRACE] dDpQAShEq3Nam8AILIRc9f ----------------------------------------------------
2023/07/12 13:27:50 [TRACE] dDpQAShEq3Nam8AILIRc9f /Bv8Bo 요청토큰: e7620941-868d-4606-888f-a31d41158947
2023/07/12 13:27:50 [TRACE] dDpQAShEq3Nam8AILIRc9f 2024-06-07 00:00:00 +0700 +07
2023/07/12 13:27:50 [TRACE] dDpQAShEq3Nam8AILIRc9f ub.urlybud.aqua.castis.io 라이선스 정상
2023/07/12 13:27:50 [TRACE] dDpQAShEq3Nam8AILIRc9f Bv8Bo CheckExists()
2023/07/12 13:27:50 [TRACE] dDpQAShEq3Nam8AILIRc9f Bv8Bo CheckSecureLink()
2023/07/12 13:27:50 [TRACE] dDpQAShEq3Nam8AILIRc9f Bv8Bo CheckCount()
2023/07/12 13:27:50 [TRACE] dDpQAShEq3Nam8AILIRc9f Bv8Bo CheckExpire()
2023/07/12 13:27:50 [TRACE] dDpQAShEq3Nam8AILIRc9f Bv8Bo CheckAuth()
2023/07/12 13:27:50 [TRACE] dDpQAShEq3Nam8AILIRc9f Bv8Bo ServeLink()
2023/07/12 13:27:50 [TRACE] dDpQAShEq3Nam8AILIRc9f Bv8Bo Redirect()
2023/07/12 13:27:50 [TRACE] dDpQAShEq3Nam8AILIRc9f Bv8Bo GET 리다이렉트
2023/07/12 13:27:50 [TRACE] dDpQAShEq3Nam8AILIRc9f /Bv8Bo 컨텍스트저장 UKey:'Bv8Bo'
2023/07/12 13:27:50 [TRACE] c9R3EnJ5TNpfpJMg0p6Xsz /link/get 컨텍스트저장 UKey:'Bv8Bo'
2023/07/12 13:30:59 [TRACE] 5aPY4VQ63CO7MlIHBm7JAO ----------------------------------------------------
2023/07/12 13:30:59 [TRACE] 5aPY4VQ63CO7MlIHBm7JAO /jfZcT 요청토큰: e7620941-868d-4606-888f-a31d41158947
2023/07/12 13:30:59 [TRACE] 5aPY4VQ63CO7MlIHBm7JAO 2024-06-07 00:00:00 +0700 +07
2023/07/12 13:30:59 [TRACE] 5aPY4VQ63CO7MlIHBm7JAO ub.urlybud.aqua.castis.io 라이선스 정상
2023/07/12 13:30:59 [TRACE] 5aPY4VQ63CO7MlIHBm7JAO jfZcT CheckExists()
2023/07/12 13:30:59 [TRACE] 5aPY4VQ63CO7MlIHBm7JAO jfZcT CheckSecureLink()
2023/07/12 13:30:59 [TRACE] 5aPY4VQ63CO7MlIHBm7JAO jfZcT CheckCount()
2023/07/12 13:30:59 [TRACE] 5aPY4VQ63CO7MlIHBm7JAO jfZcT CheckExpire()
2023/07/12 13:30:59 [TRACE] 5aPY4VQ63CO7MlIHBm7JAO jfZcT CheckAuth()
2023/07/12 13:30:59 [TRACE] 5aPY4VQ63CO7MlIHBm7JAO jfZcT ServeLink()
2023/07/12 13:30:59 [TRACE] 5aPY4VQ63CO7MlIHBm7JAO jfZcT Redirect()
2023/07/12 13:30:59 [TRACE] 5aPY4VQ63CO7MlIHBm7JAO jfZcT GET 리다이렉트
2023/07/12 13:30:59 [TRACE] 5aPY4VQ63CO7MlIHBm7JAO /jfZcT 컨텍스트저장 UKey:'jfZcT'
2023/07/12 13:30:59 [TRACE] jp45RoKlahz7PWStRAWZkg /link/get 컨텍스트저장 UKey:'jfZcT'
2023/07/12 13:33:53 [TRACE] hzQQGNssPYN30xwZRQQQ6c /link/get 컨텍스트저장 UKey:'jfZcT'
2023/07/12 13:34:17 [TRACE] eiH1ZQ8PsAhcd5jrZ3FmdV /link/get 컨텍스트저장 UKey:'jkijT'
2023/07/12 13:34:42 [TRACE] kc4skyI9k4PbqZnFaub5zx ----------------------------------------------------
2023/07/12 13:34:42 [TRACE] kc4skyI9k4PbqZnFaub5zx /32wvv 요청토큰: e7620941-868d-4606-888f-a31d41158947
2023/07/12 13:34:42 [TRACE] kc4skyI9k4PbqZnFaub5zx 2024-06-07 00:00:00 +0700 +07
2023/07/12 13:34:42 [TRACE] kc4skyI9k4PbqZnFaub5zx ub.urlybud.aqua.castis.io 라이선스 정상
2023/07/12 13:34:42 [TRACE] kc4skyI9k4PbqZnFaub5zx 32wvv CheckExists()
2023/07/12 13:34:42 [TRACE] kc4skyI9k4PbqZnFaub5zx 32wvv CheckSecureLink()
2023/07/12 13:34:42 [TRACE] kc4skyI9k4PbqZnFaub5zx 32wvv CheckCount()
2023/07/12 13:34:42 [TRACE] kc4skyI9k4PbqZnFaub5zx 32wvv CheckExpire()
2023/07/12 13:34:42 [TRACE] kc4skyI9k4PbqZnFaub5zx 32wvv CheckAuth()
2023/07/12 13:34:42 [TRACE] kc4skyI9k4PbqZnFaub5zx 32wvv ServeLink()
2023/07/12 13:34:42 [TRACE] kc4skyI9k4PbqZnFaub5zx 32wvv Redirect()
2023/07/12 13:34:42 [TRACE] kc4skyI9k4PbqZnFaub5zx 32wvv GET 리다이렉트
2023/07/12 13:34:42 [TRACE] kc4skyI9k4PbqZnFaub5zx /32wvv 컨텍스트저장 UKey:'32wvv'
2023/07/12 13:34:43 [TRACE] aYFEb1ESc6TfmW1Sc2E0VP /link/get 컨텍스트저장 UKey:'32wvv'
2023/07/12 13:36:56 [TRACE] lpmhRsRRtyP3SU4ymJLQbQ /link/get 컨텍스트저장 UKey:'32wvv'
2023/07/12 13:37:10 [TRACE] gEBdfSzQnGkkG9GN4DiwQH /link/set 컨텍스트저장 UKey:'daWsR'
2023/07/12 13:37:28 [TRACE] 9qk10fSIGWt9tdPj7fEeMO /link/set 컨텍스트저장 UKey:'LDyVo'
2023/07/12 13:38:17 [TRACE] j2m3WD2Kvsx9oedwdKg8zY ----------------------------------------------------
2023/07/12 13:38:17 [TRACE] j2m3WD2Kvsx9oedwdKg8zY /jfZcT 요청토큰: e7620941-868d-4606-888f-a31d41158947
2023/07/12 13:38:17 [TRACE] j2m3WD2Kvsx9oedwdKg8zY 2024-06-07 00:00:00 +0700 +07
2023/07/12 13:38:17 [TRACE] j2m3WD2Kvsx9oedwdKg8zY ub.urlybud.aqua.castis.io 라이선스 정상
2023/07/12 13:38:17 [TRACE] j2m3WD2Kvsx9oedwdKg8zY jfZcT CheckExists()
2023/07/12 13:38:17 [TRACE] j2m3WD2Kvsx9oedwdKg8zY jfZcT CheckSecureLink()
2023/07/12 13:38:17 [TRACE] j2m3WD2Kvsx9oedwdKg8zY jfZcT CheckCount()
2023/07/12 13:38:17 [TRACE] j2m3WD2Kvsx9oedwdKg8zY jfZcT CheckExpire()
2023/07/12 13:38:17 [TRACE] j2m3WD2Kvsx9oedwdKg8zY jfZcT CheckAuth()
2023/07/12 13:38:17 [TRACE] j2m3WD2Kvsx9oedwdKg8zY jfZcT ServeLink()
2023/07/12 13:38:17 [TRACE] j2m3WD2Kvsx9oedwdKg8zY jfZcT Redirect()
2023/07/12 13:38:17 [TRACE] j2m3WD2Kvsx9oedwdKg8zY jfZcT GET 리다이렉트
2023/07/12 13:38:17 [TRACE] j2m3WD2Kvsx9oedwdKg8zY /jfZcT 컨텍스트저장 UKey:'jfZcT'
2023/07/12 13:38:17 [TRACE] 7xINJhuI2HebyZxWmmmOTi /link/get 컨텍스트저장 UKey:'jfZcT'
2023/07/12 13:38:30 [TRACE] 6ZNQsjD73lT2tyKqKzqr6g /link/get 컨텍스트저장 UKey:'jfZcT'
2023/07/12 13:38:30 [TRACE] kaQWbqWswGJezPLNUFMg2y /link/get 컨텍스트저장 UKey:'jfZcT'
2023/07/12 13:49:31 [TRACE] gO6iCmeEsxPimyWs1eu2Nv /link/get 컨텍스트저장 UKey:'jfZcT'
2023/07/12 13:54:32 [TRACE] lKsECXhrCqB2xOgsslWGFA /link/get 컨텍스트저장 UKey:'vq5B0'
2023/07/12 13:57:42 [TRACE] Q2SEzbm7NwegZpjv62WUg /link/get 컨텍스트저장 UKey:'jfZcT'
2023/07/12 14:06:21 [TRACE] gHusw0dlQQQ2rATvb3JVZH ----------------------------------------------------
2023/07/12 14:06:21 [TRACE] gHusw0dlQQQ2rATvb3JVZH /LDyVo 토큰생성: fb82a62d-952a-4ee2-88a0-f72f66882c73
2023/07/12 14:06:21 [TRACE] gHusw0dlQQQ2rATvb3JVZH 2024-06-07 00:00:00 +0700 +07
2023/07/12 14:06:21 [TRACE] gHusw0dlQQQ2rATvb3JVZH ub.urlybud.aqua.castis.io 라이선스 정상
2023/07/12 14:06:21 [TRACE] gHusw0dlQQQ2rATvb3JVZH LDyVo CheckExists()
2023/07/12 14:06:21 [TRACE] gHusw0dlQQQ2rATvb3JVZH LDyVo CheckSecureLink()
2023/07/12 14:06:21 [TRACE] gHusw0dlQQQ2rATvb3JVZH LDyVo CheckCount()
2023/07/12 14:06:21 [TRACE] gHusw0dlQQQ2rATvb3JVZH LDyVo CheckExpire()
2023/07/12 14:06:21 [TRACE] gHusw0dlQQQ2rATvb3JVZH LDyVo CheckAuth()
2023/07/12 14:06:21 [TRACE] gHusw0dlQQQ2rATvb3JVZH LDyVo ServeLink()
2023/07/12 14:06:21 [TRACE] gHusw0dlQQQ2rATvb3JVZH LDyVo Redirect()
2023/07/12 14:06:21 [TRACE] gHusw0dlQQQ2rATvb3JVZH LDyVo GET 리다이렉트
2023/07/12 14:06:21 [TRACE] gHusw0dlQQQ2rATvb3JVZH /LDyVo 컨텍스트저장 UKey:'LDyVo'
2023/07/12 14:06:24 [TRACE] 4ozuAlTfw6YbSmMKbMwPR3 /link/get 컨텍스트저장 UKey:'LDyVo'
2023/07/12 17:51:13 [TRACE] aiaF4quhBmn2eflwUTRK0h /link/get 컨텍스트저장 UKey:'vq5B0'
2023/07/12 20:22:00 [TRACE] fxu2yQ0NDFwbsl2UQ9atU8 /link/get 컨텍스트저장 UKey:'jfZcT'
