2023/07/05 09:33:44 [TRACE] 3wtXzebA57I5crZG7uxNZY /link/get 컨텍스트저장 UKey:'lhDsr'
2023/07/05 10:11:07 [TRACE] dpAgxve3vg32eeJDqLkDNj /link/get 컨텍스트저장 UKey:'lhDsr'
2023/07/05 10:21:28 [TRACE] 6VKxl3cBrOOlYEmdefeMAu /link/get 컨텍스트저장 UKey:'lhDsr'
2023/07/05 10:21:35 [TRACE] lFJ2BNPrbvYg3hWcmlA8Es /link/get 컨텍스트저장 UKey:'lhDsr'
2023/07/05 10:21:49 [TRACE] a2GPY62eUlz6RvYDdyORVJ /link/get 컨텍스트저장 UKey:'lhDsr'
2023/07/05 10:23:14 [TRACE] 1kTPkhf7okLlI7HA0iaEmR /link/get 컨텍스트저장 UKey:'lhDsr'
2023/07/05 10:27:39 [TRACE] bYk4hK9liDx8IKf0PagCJy /link/get 컨텍스트저장 UKey:'lhDsr'
2023/07/05 10:27:48 [TRACE] 9x4tSYTGl6R1jIAISvNXOB /link/get 컨텍스트저장 UKey:'lhDsr'
2023/07/05 10:42:25 [TRACE] dsTq2gaj8ma5WwN8IIQBVB /link/set 컨텍스트저장 UKey:'54cCD'
2023/07/05 10:42:25 [TRACE] 7tnTBWgUC6SajQJKfD0WNo /link/set 컨텍스트저장 UKey:'a8pfq'
2023/07/05 10:42:25 [TRACE] 2N1TnN8v4uY1CMr4yhB4KL /link/set 컨텍스트저장 UKey:'wqU0g'
2023/07/05 10:42:25 [TRACE] lCvFcN8qfg0brqwb8bH7VD /link/set 컨텍스트저장 UKey:'MEm1a'
2023/07/05 10:42:25 [TRACE] 2AVxcDtRgPa6x7ZwGjn3a3 /link/set 컨텍스트저장 UKey:'rmHol'
2023/07/05 10:42:25 [TRACE] f21J71yGfUR60RNsnvx7Q5 /link/set 컨텍스트저장 UKey:'rmHoM'
2023/07/05 10:42:25 [TRACE] 5HNX7yRqpSPlBBKs51vctR /link/set 컨텍스트저장 UKey:'ztqpN'
2023/07/05 10:42:25 [TRACE] jMX1UNwgLpEfNWfhZzuUBy /link/set 컨텍스트저장 UKey:'Gzjje'
2023/07/05 10:42:25 [TRACE] 1YiO8BNjiX8fLCeg2fTGAM /link/set 컨텍스트저장 UKey:'rmHq5'
2023/07/05 10:42:25 [TRACE] dE6MjECKGBI7XNtjaWS55x /link/set 컨텍스트저장 UKey:'RIyJa'
2023/07/05 10:42:25 [TRACE] l9TQ0buibBfeqMPINuzDg /link/set 컨텍스트저장 UKey:'TKeZN'
2023/07/05 10:42:25 [TRACE] 9p7XuJ6a5gg1zgGCfQQeIV /link/set 컨텍스트저장 UKey:'vq3X0'
2023/07/05 10:42:25 [TRACE] 3kQkpmwgOG82Ent1cL0bYS /link/set 컨텍스트저장 UKey:'97z9h'
2023/07/05 10:42:25 [TRACE] b97i4rikBxdyNrU2MfLsD /link/set 컨텍스트저장 UKey:'SJoUw'
2023/07/05 10:42:25 [TRACE] jtj3Znfuuz6QOcHx4otnG /link/set 컨텍스트저장 UKey:'okb4Q'
2023/07/05 10:42:25 [TRACE] d6ZFnzE58lZ5UXLysgSKEH /link/set 컨텍스트저장 UKey:'xrKeW'
2023/07/05 10:42:25 [TRACE] eZ7yBSEWethlN91cjAvlyE /link/set 컨텍스트저장 UKey:'fcBVL'
2023/07/05 10:42:25 [TRACE] jb3r4sYJ0vigFMLZtgCLTG /link/set 컨텍스트저장 UKey:'if8k0'
2023/07/05 10:42:25 [TRACE] 7sp7SMzq3wF8k0ifxfcmpZ /link/set 컨텍스트저장 UKey:'b9fqb'
2023/07/05 10:42:25 [TRACE] hYWuJsF6MzK9LUVeQ6zKwm /link/set 컨텍스트저장 UKey:'1Q82'
2023/07/05 10:51:49 [TRACE] 9PCdPFwNvlB4xA0m5CrAel /link/get 컨텍스트저장 UKey:'xrKeW'
2023/07/05 10:54:38 [TRACE] a2RmoR1t1yI7YhPcyAMwmU /link/get 컨텍스트저장 UKey:'xrKeW'
2023/07/05 10:55:42 [TRACE] gbAhPkqGhf94tRug31XVYr /link/get 컨텍스트저장 UKey:'xrKeW'
2023/07/05 10:56:57 [TRACE] bYXwNcedsSxi5UMMYyJImG /link/get 컨텍스트저장 UKey:'xrKeW'
2023/07/05 11:00:07 [TRACE] 8blatHm5zp27H5v1EyDP /link/get 컨텍스트저장 UKey:'xrKeW'
2023/07/05 11:01:00 [TRACE] 4n9Va5YP9sBiDmDKwXRUNg /link/get 컨텍스트저장 UKey:'xrKeW'
2023/07/05 11:02:24 [TRACE] 2WBsFL0BNj11taY2VjqVJo /link/get 컨텍스트저장 UKey:'xrKeW'
2023/07/05 11:13:20 [TRACE] duJtdiroPflfhjZ8jRHlFT /link/get 컨텍스트저장 UKey:'TKeZN'
2023/07/05 11:20:43 [TRACE] 8f1meyHmj03eIOcQWGoz4K /link/get 컨텍스트저장 UKey:'Gzjje'
2023/07/05 11:22:15 [TRACE] e9pd1Bzom7pk4j5iS44piP /link/get 컨텍스트저장 UKey:'Gzjje'
2023/07/05 11:23:51 [TRACE] gMJGtzYOKVjdOW8Vep2q0x /link/get 컨텍스트저장 UKey:'Gzjje'
2023/07/05 11:25:07 [TRACE] d4FPcvcXp0Z18frzfJASPb /link/get 컨텍스트저장 UKey:'SJoUw'
2023/07/05 11:30:11 [TRACE] 5cVAEsgZhVTbDrEDmNFduk /link/get 컨텍스트저장 UKey:'rmHoM'
2023/07/05 11:30:26 [TRACE] fsrfaCWipnR1luChv2rLTD /link/set 컨텍스트저장 UKey:'43mwc'
2023/07/05 11:32:02 [TRACE] jeRRevCF3bsi4IFK8hYIOQ /link/get 컨텍스트저장 UKey:'TKeZN'
2023/07/05 11:32:30 [TRACE] kqT2ufdvoHxgo258h3nBhl /link/get 컨텍스트저장 UKey:'rmHq5'
2023/07/05 11:32:39 [TRACE] jxIKw9QUZ5RlVuEVDWuJa2 /link/get 컨텍스트저장 UKey:'rmHq5'
2023/07/05 11:32:59 [TRACE] 2xBLZEO363dfAehYJAMl2I /link/get 컨텍스트저장 UKey:'b9fqb'
2023/07/05 11:33:16 [TRACE] 6bfQdgjcu8ocCdrTeTeYx3 /link/get 컨텍스트저장 UKey:'a8pfq'
2023/07/05 11:33:30 [TRACE] 7rWsi9rYIUXb7RWqTdF2j8 /link/get 컨텍스트저장 UKey:'a8pfq'
2023/07/05 11:37:05 [TRACE] baGScFGjUOpCkvYfwLuP4 /link/get 컨텍스트저장 UKey:'b9fqb'
2023/07/05 11:37:22 [TRACE] cLmRWfTpFtpabJCiMnQ93k /link/get 컨텍스트저장 UKey:'b9fqb'
2023/07/05 11:39:27 [TRACE] 8RTiNYSJB0zayvGr4HHkdq /link/set 컨텍스트저장 UKey:'miuRq'
2023/07/05 11:39:27 [TRACE] 3OBodIxubDW8Npv0QUQtu /link/set 컨텍스트저장 UKey:'YOrOQ'
2023/07/05 11:39:27 [TRACE] aEdvAVjdL2MeeKpn58PHPL /link/set 컨텍스트저장 UKey:'MEmgE'
2023/07/05 11:39:27 [TRACE] cgGQAVRMJrUcPfQpjKS5xE /link/set 컨텍스트저장 UKey:'WMLAy'
2023/07/05 11:39:27 [TRACE] 9YEfg5QY9fCbrLfIAp6Dti /link/set 컨텍스트저장 UKey:'if8mk'
2023/07/05 11:39:27 [TRACE] 5Qtz64OlYzrNi9Es44Qvl /link/set 컨텍스트저장 UKey:'WMLCq'
2023/07/05 11:39:27 [TRACE] lhmN7y60RMafeuRVsGeNR2 /link/set 컨텍스트저장 UKey:'fcBYq'
2023/07/05 11:39:27 [TRACE] 9fSubGG2V0I9GFaQ63nAfc /link/set 컨텍스트저장 UKey:'snxGY'
2023/07/05 11:39:27 [TRACE] fnt7VgqTGMX8KOqqRzb26o /link/set 컨텍스트저장 UKey:'97zbK'
2023/07/05 11:39:27 [TRACE] ioAnvhZ8EzwkdBV0hJr0hO /link/set 컨텍스트저장 UKey:'pl1jf'
2023/07/05 11:39:27 [TRACE] dVqUiqgmscgh6OR7vdnamN /link/set 컨텍스트저장 UKey:'75SVA'
2023/07/05 11:39:27 [TRACE] 1dLLaVCPJSN87XDieHxsl6 /link/set 컨텍스트저장 UKey:'ebLRo'
2023/07/05 11:39:27 [TRACE] 229mvNXxGkPdMkdGqa9Mqa /link/set 컨텍스트저장 UKey:'fcBZS'
2023/07/05 11:39:27 [TRACE] ku8cB5v8RXFjyt7tmNHS6T /link/set 컨텍스트저장 UKey:'tonRX'
2023/07/05 11:39:27 [TRACE] cEB549fqkCiirkXYI2XCRw /link/set 컨텍스트저장 UKey:'XNBT8'
2023/07/05 11:39:27 [TRACE] g7u1vRcII2uiSS8EB5CvkJ /link/set 컨텍스트저장 UKey:'njl53'
2023/07/05 11:39:27 [TRACE] gsPdALetz7TkdLVocPbZEb /link/set 컨텍스트저장 UKey:'lhEOM'
2023/07/05 11:39:27 [TRACE] kKmBSxfG6np20DcoF5qBAV /link/set 컨텍스트저장 UKey:'ExDny'
2023/07/05 11:39:27 [TRACE] g0TD6BhVdNC2AkVJUfXKSY /link/set 컨텍스트저장 UKey:'miuXO'
2023/07/05 11:39:27 [TRACE] jqI1wnaXJBv7x3iMg51xdt /link/set 컨텍스트저장 UKey:'tonUL'
2023/07/05 11:40:05 [TRACE] a3xE0Bey1w7bPbE593Ukrv /link/get 컨텍스트저장 UKey:'WMLAy'
2023/07/05 11:41:02 [TRACE] b28PjG2v7ncjm0Pe82gSA6 /link/get 컨텍스트저장 UKey:'snxGY'
2023/07/05 11:42:32 [TRACE] clYA5w4lvrF7a9IJgBj3Ok /link/get 컨텍스트저장 UKey:'snxGY'
2023/07/05 11:42:48 [TRACE] iGLpTkTsLpPbtvOTHJenG4 /link/set 컨텍스트저장 UKey:'YOs7e'
2023/07/05 11:44:07 [TRACE] jndyK7do5eG4uSCyBZMc7H /link/get 컨텍스트저장 UKey:'WMLAy'
2023/07/05 11:44:11 [TRACE] bYvsr0MrSal5bKjLqd0y3f /link/get 컨텍스트저장 UKey:'WMLAy'
2023/07/05 11:44:32 [TRACE] 7fFdpkyPydVcs01mSfJXPl /link/get 컨텍스트저장 UKey:'fcBYq'
2023/07/05 11:44:49 [TRACE] 7N4ENVR2Z7ViUl2P9bXrjz /link/get 컨텍스트저장 UKey:'fcBYq'
2023/07/05 15:03:58 [TRACE] bdiIF72NvMFkBKc0LMI6sC /link/get 컨텍스트저장 UKey:'miuXO'
2023/07/05 15:10:25 [TRACE] 9TN1a433nvegoNUzquKuvp /link/get 컨텍스트저장 UKey:'miuXO'
2023/07/05 15:10:39 [TRACE] 17lctR5sXKw8sM8OcJQmrV /link/get 컨텍스트저장 UKey:'lhDsr'
2023/07/05 15:10:43 [TRACE] g1au75S389KYAxQruD9De /link/get 컨텍스트저장 UKey:'miuXO'
2023/07/05 15:37:36 [TRACE] gjyBNwUIC8A4GCLtLklHHG /link/set 컨텍스트저장 UKey:'JBQ69'
2023/07/05 15:39:11 [TRACE] kZaUSiQa8fb7ocdbJkIzyP /link/set 컨텍스트저장 UKey:'vq4d0'
2023/07/05 15:40:24 [TRACE] caEVysM9Kbr1IFMwpahDwG ----------------------------------------------------
2023/07/05 15:40:24 [TRACE] caEVysM9Kbr1IFMwpahDwG /vq4d0 토큰생성: 03cba334-1e6c-4487-972e-fa5024f5cfb6
2023/07/05 15:40:24 [TRACE] caEVysM9Kbr1IFMwpahDwG 2024-06-07 00:00:00 +0700 +07
2023/07/05 15:40:24 [TRACE] caEVysM9Kbr1IFMwpahDwG ub.urlybud.aqua.castis.io 라이선스 정상
2023/07/05 15:40:24 [TRACE] caEVysM9Kbr1IFMwpahDwG vq4d0 CheckExists()
2023/07/05 15:40:24 [TRACE] caEVysM9Kbr1IFMwpahDwG vq4d0 CheckSecureLink()
2023/07/05 15:40:24 [TRACE] caEVysM9Kbr1IFMwpahDwG vq4d0 CheckCount()
2023/07/05 15:40:24 [TRACE] caEVysM9Kbr1IFMwpahDwG vq4d0 CheckExpire()
2023/07/05 15:40:24 [TRACE] caEVysM9Kbr1IFMwpahDwG vq4d0 CheckAuth()
2023/07/05 15:40:24 [TRACE] caEVysM9Kbr1IFMwpahDwG vq4d0 ServeLink()
2023/07/05 15:40:24 [TRACE] caEVysM9Kbr1IFMwpahDwG vq4d0 Redirect()
2023/07/05 15:40:24 [TRACE] caEVysM9Kbr1IFMwpahDwG vq4d0 GET 리다이렉트
2023/07/05 15:40:24 [TRACE] caEVysM9Kbr1IFMwpahDwG /vq4d0 컨텍스트저장 UKey:'vq4d0'
2023/07/05 15:40:27 [TRACE] 7JT2nQ3mDsT2FoWDK7A8Sz /link/get 컨텍스트저장 UKey:'vq4d0'
2023/07/05 15:41:28 [TRACE] hxKPOvNNJq46GKMim4Smrw ----------------------------------------------------
2023/07/05 15:41:28 [TRACE] hxKPOvNNJq46GKMim4Smrw /vq4d0 요청토큰: 669bd32c-4eea-44de-82ae-aa25c7cbceb6
2023/07/05 15:41:28 [TRACE] hxKPOvNNJq46GKMim4Smrw 2024-06-07 00:00:00 +0700 +07
2023/07/05 15:41:28 [TRACE] hxKPOvNNJq46GKMim4Smrw ub.urlybud.aqua.castis.io 라이선스 정상
2023/07/05 15:41:28 [TRACE] hxKPOvNNJq46GKMim4Smrw vq4d0 CheckExists()
2023/07/05 15:41:28 [TRACE] hxKPOvNNJq46GKMim4Smrw vq4d0 CheckSecureLink()
2023/07/05 15:41:28 [TRACE] hxKPOvNNJq46GKMim4Smrw vq4d0 CheckCount()
2023/07/05 15:41:28 [TRACE] hxKPOvNNJq46GKMim4Smrw vq4d0 CheckExpire()
2023/07/05 15:41:28 [TRACE] hxKPOvNNJq46GKMim4Smrw vq4d0 CheckAuth()
2023/07/05 15:41:28 [TRACE] hxKPOvNNJq46GKMim4Smrw vq4d0 ServeLink()
2023/07/05 15:41:28 [TRACE] hxKPOvNNJq46GKMim4Smrw vq4d0 Redirect()
2023/07/05 15:41:28 [TRACE] hxKPOvNNJq46GKMim4Smrw vq4d0 GET 리다이렉트
2023/07/05 15:41:28 [TRACE] hxKPOvNNJq46GKMim4Smrw /vq4d0 컨텍스트저장 UKey:'vq4d0'
2023/07/05 15:41:30 [TRACE] c7LaDS53SR1f4tKgTh3kmS /link/get 컨텍스트저장 UKey:'vq4d0'
2023/07/05 15:41:37 [TRACE] 4z8FDcXAHdI6XkF9te88TI /link/get 컨텍스트저장 UKey:'vq4d0'
2023/07/05 15:41:43 [TRACE] if9SfbZQYuaPzvUNkWcee /link/get 컨텍스트저장 UKey:'vq4d0'
2023/07/05 15:42:12 [TRACE] cjP2H19rhQd1iAv7QjCfN2 /link/get 컨텍스트저장 UKey:'vq4d0'
2023/07/05 15:42:21 [TRACE] HQ0dTS6XFWcW8sHSkRtSp /link/get 컨텍스트저장 UKey:'vq4d0'
2023/07/05 15:45:24 [TRACE] jrT9dKgVVX99DOSrYWa9o6 /link/get 컨텍스트저장 UKey:'vq4d0'
2023/07/05 15:45:31 [TRACE] k3jpy9yU5bA2jXoDmO6pPs /link/get 컨텍스트저장 UKey:'vq4d0'
2023/07/05 15:46:41 [TRACE] hLJCi3t3B2G3qxQz3Fri9A /link/get 컨텍스트저장 UKey:'fcBYq'
2023/07/05 15:47:19 [TRACE] c07rCAqyZetj7ZAnzVrZQt /link/set 컨텍스트저장 UKey:'fcC2x'
2023/07/05 15:50:33 [TRACE] 6HpvbURT3Xw4ZDqAtt1kly ----------------------------------------------------
2023/07/05 15:50:33 [TRACE] 6HpvbURT3Xw4ZDqAtt1kly /vq4d0 요청토큰: 77bd72eb-3258-4035-a642-38e566ca408b
2023/07/05 15:50:33 [TRACE] 6HpvbURT3Xw4ZDqAtt1kly 2024-06-07 00:00:00 +0700 +07
2023/07/05 15:50:33 [TRACE] 6HpvbURT3Xw4ZDqAtt1kly ub.urlybud.aqua.castis.io 라이선스 정상
2023/07/05 15:50:33 [TRACE] 6HpvbURT3Xw4ZDqAtt1kly vq4d0 CheckExists()
2023/07/05 15:50:33 [TRACE] 6HpvbURT3Xw4ZDqAtt1kly vq4d0 CheckSecureLink()
2023/07/05 15:50:33 [TRACE] 6HpvbURT3Xw4ZDqAtt1kly vq4d0 CheckCount()
2023/07/05 15:50:33 [TRACE] 6HpvbURT3Xw4ZDqAtt1kly vq4d0 CheckExpire()
2023/07/05 15:50:33 [TRACE] 6HpvbURT3Xw4ZDqAtt1kly vq4d0 CheckAuth()
2023/07/05 15:50:33 [TRACE] 6HpvbURT3Xw4ZDqAtt1kly vq4d0 ServeLink()
2023/07/05 15:50:33 [TRACE] 6HpvbURT3Xw4ZDqAtt1kly vq4d0 Redirect()
2023/07/05 15:50:33 [TRACE] 6HpvbURT3Xw4ZDqAtt1kly vq4d0 GET 리다이렉트
2023/07/05 15:50:33 [TRACE] 6HpvbURT3Xw4ZDqAtt1kly /vq4d0 컨텍스트저장 UKey:'vq4d0'
2023/07/05 15:50:33 [TRACE] 4mJjK8UjMEFbbmYdFv5Fug /link/get 컨텍스트저장 UKey:'vq4d0'
2023/07/05 15:50:50 [TRACE] 718QuVoBti29U5W4sCz6Se /link/get 컨텍스트저장 UKey:'WMLAy'
2023/07/05 15:51:04 [TRACE] c2YgauJ4peYhmToO7vwAJG /link/set 컨텍스트저장 UKey:'miuZW'
2023/07/05 15:51:28 [TRACE] 8hTSk8RYj2sjtDkPLmq4E8 /link/get 컨텍스트저장 UKey:'WMLAy'
2023/07/05 15:53:44 [TRACE] 1jNrPyzI2sZkBaKt2cZt7t /link/get 컨텍스트저장 UKey:'tonRX'
2023/07/05 15:54:08 [TRACE] dD30FqQ55yGi7KoT5HwC3s /link/set 컨텍스트저장 UKey:'NFcGV'
2023/07/05 16:09:06 [TRACE] 4SF5KrIZWQ5mqmYqeEYHv /link/set 컨텍스트저장 UKey:'vq4f0'
2023/07/05 16:09:35 [TRACE] bsrEyLTrlHj91nIgIpzrak ----------------------------------------------------
2023/07/05 16:09:35 [TRACE] bsrEyLTrlHj91nIgIpzrak /vq4f0 요청토큰: 77bd72eb-3258-4035-a642-38e566ca408b
2023/07/05 16:09:35 [TRACE] bsrEyLTrlHj91nIgIpzrak 2024-06-07 00:00:00 +0700 +07
2023/07/05 16:09:35 [TRACE] bsrEyLTrlHj91nIgIpzrak ub.urlybud.aqua.castis.io 라이선스 정상
2023/07/05 16:09:35 [TRACE] bsrEyLTrlHj91nIgIpzrak vq4f0 CheckExists()
2023/07/05 16:09:35 [TRACE] bsrEyLTrlHj91nIgIpzrak vq4f0 CheckSecureLink()
2023/07/05 16:09:35 [TRACE] bsrEyLTrlHj91nIgIpzrak vq4f0 CheckCount()
2023/07/05 16:09:35 [TRACE] bsrEyLTrlHj91nIgIpzrak vq4f0 CheckExpire()
2023/07/05 16:09:35 [TRACE] bsrEyLTrlHj91nIgIpzrak vq4f0 CheckAuth()
2023/07/05 16:09:35 [TRACE] bsrEyLTrlHj91nIgIpzrak vq4f0 ServeLink()
2023/07/05 16:09:35 [TRACE] bsrEyLTrlHj91nIgIpzrak vq4f0 Redirect()
2023/07/05 16:09:35 [TRACE] bsrEyLTrlHj91nIgIpzrak vq4f0 GET 리다이렉트
2023/07/05 16:09:35 [TRACE] bsrEyLTrlHj91nIgIpzrak /vq4f0 컨텍스트저장 UKey:'vq4f0'
2023/07/05 16:09:36 [TRACE] 7NoUGz7sTg5ZPpT4vpHHK /link/get 컨텍스트저장 UKey:'vq4f0'
2023/07/05 16:10:19 [TRACE] 23Kg4wpzXKA8muWxdz7P8a /link/get 컨텍스트저장 UKey:'vq4f0'
2023/07/05 16:10:24 [TRACE] 61adfQQ4j8l8sezaTxLB43 /link/get 컨텍스트저장 UKey:'vq4f0'
2023/07/05 16:11:48 [TRACE] 8y4ErWt3mRidxMa0H4Ixo3 /link/get 컨텍스트저장 UKey:'vq4d0'
2023/07/05 16:12:28 [TRACE] 3xNAujdCtBnfe6kvxQm94r /link/get 컨텍스트저장 UKey:'vq4d0'
2023/07/05 16:12:54 [TRACE] aK1S8N4bMv8ejVSKH9EkJv /link/get 컨텍스트저장 UKey:'vq4d0'
2023/07/05 16:14:06 [TRACE] g3N0F4pCjhYcBcy3gPwDXg /link/get 컨텍스트저장 UKey:'vq4d0'
2023/07/05 16:17:04 [TRACE] 6HT1DHyrHzH1yL4zFS72vY /link/get 컨텍스트저장 UKey:'vq4d0'
2023/07/05 16:17:23 [TRACE] ajsoyIFFtxQ9VMUMx0QEvJ /link/get 컨텍스트저장 UKey:'vq4d0'
2023/07/05 16:18:47 [TRACE] kmiOncShff0fzWX4HWXVG /link/get 컨텍스트저장 UKey:'vq4d0'
2023/07/05 16:20:32 [TRACE] k0CKu3vs2Mb2LU63zcqUUQ /link/get 컨텍스트저장 UKey:'vq4d0'
2023/07/05 16:22:09 [TRACE] 9KQxLEZNFyQ8iMxbB7Tdgl /link/get 컨텍스트저장 UKey:'vq4d0'
2023/07/05 16:23:23 [TRACE] 2JfsKlgg2jChqZ06xgCq8x /link/get 컨텍스트저장 UKey:'vq4d0'
2023/07/05 16:27:51 [TRACE] ckEEMNTHG42hZt9iixgflF /link/get 컨텍스트저장 UKey:'vq4d0'
2023/07/05 16:31:15 [TRACE] asdleKzREXZ9pXlzw6O6vX /link/get 컨텍스트저장 UKey:'vq4d0'
2023/07/05 16:33:22 [TRACE] cCBGnAboQD9dxBt7YfviFy /link/get 컨텍스트저장 UKey:'vq4d0'
2023/07/05 16:35:36 [TRACE] cQkuVm2DXCqe4N0rVl46FR /link/get 컨텍스트저장 UKey:'vq4d0'
2023/07/05 16:36:53 [TRACE] 9WlZNs6wk30367PhXqgbi9 /link/get 컨텍스트저장 UKey:'vq4d0'
2023/07/05 16:38:28 [TRACE] koA8b7bNWueaAp1gN9HFhl /link/get 컨텍스트저장 UKey:'vq4d0'
2023/07/05 16:41:25 [TRACE] 3GqoJDwwUaLiLzbfGE3PUr /link/get 컨텍스트저장 UKey:'vq4d0'
2023/07/05 16:43:11 [TRACE] cgiJisAZMfSkEI4ytTCbBG /link/get 컨텍스트저장 UKey:'vq4d0'
2023/07/05 16:45:15 [TRACE] 45GVqtZKCxEjNRPeXrjKg9 /link/get 컨텍스트저장 UKey:'vq4d0'
2023/07/05 16:47:48 [TRACE] au30eMXowtycv14su8gLEC /link/get 컨텍스트저장 UKey:'vq4d0'
2023/07/05 16:50:20 [TRACE] cczW9rJpvMKh0bgwE6Ocor /link/get 컨텍스트저장 UKey:'vq4d0'
2023/07/05 16:53:17 [TRACE] 3fc9VlLet0lhf6GSfyuK5A /link/get 컨텍스트저장 UKey:'vq4d0'
2023/07/05 16:55:43 [TRACE] kP5klGO1CPm6nC05BYoX5R /link/get 컨텍스트저장 UKey:'vq4d0'
2023/07/05 16:56:25 [TRACE] TjGzjGTDUR93ITlKRFz8z /link/get 컨텍스트저장 UKey:'vq4d0'
2023/07/05 16:58:19 [TRACE] gUQuPP9w9nA1Un1QtXOShl /link/get 컨텍스트저장 UKey:'vq4d0'
2023/07/05 16:58:40 [TRACE] iTKBAtYFdIo8giBJB1f0w1 /link/get 컨텍스트저장 UKey:'vq4d0'
2023/07/05 17:04:08 [TRACE] dxSZBIVGLXS5zMER4hqcfR /link/get 컨텍스트저장 UKey:'vq4d0'
2023/07/05 17:09:38 [TRACE] jEligK4EYZ06ndy0AU7L0g /link/get 컨텍스트저장 UKey:'vq4d0'
2023/07/05 17:12:36 [TRACE] aRCpHDy8crC5UK6ifmlVKT /link/get 컨텍스트저장 UKey:'vq4d0'
2023/07/05 17:19:10 [TRACE] 2LYqrNSvkOVa7cTXF0s5HM /link/get 컨텍스트저장 UKey:'vq4d0'
2023/07/05 17:20:22 [TRACE] lKHieE0JU5SlK6uWfa41RW /link/get 컨텍스트저장 UKey:'vq4d0'
2023/07/05 17:44:11 [TRACE] 1Y5fTsWwhMIAGID81dAFj /link/get 컨텍스트저장 UKey:'vq4d0'
2023/07/05 17:46:06 [TRACE] 9eBm3quOLAe6hGJVUBHJtS /link/get 컨텍스트저장 UKey:'vq4d0'
2023/07/05 17:46:31 [TRACE] eqinzoCVlm467eYRxOscBA /link/get 컨텍스트저장 UKey:'vq4d0'
2023/07/05 17:54:16 [TRACE] eVqs5WxlxXCcp76YLWjrWY /link/get 컨텍스트저장 UKey:'vq4d0'
2023/07/05 17:57:48 [TRACE] 5VlXwAq1KEEiORoL9nM0gZ /link/get 컨텍스트저장 UKey:'vq4d0'
2023/07/05 18:03:23 [TRACE] jcMeGMUUzyIdWDyxZNCXSr /link/get 컨텍스트저장 UKey:'vq4d0'
2023/07/05 18:04:46 [TRACE] 4GUTyPiktfZ5glugjwk22W /link/get 컨텍스트저장 UKey:'vq4d0'
