2023/06/23 09:08:46 [TRACE] 412eJHstFrdGgA6yLTrWZ /link/get 컨텍스트저장 UKey:'TKbKq'
2023/06/23 11:15:49 [TRACE] i5QeJtaLQBybf6rI0k0GeM /link/set 컨텍스트저장 UKey:'DwMgc'
2023/06/23 11:15:49 [TRACE] 6MtjNTfb9anfH4UZJy48Ux /link/set 컨텍스트저장 UKey:'rmGXl'
2023/06/23 11:21:24 [TRACE] 6vUCEdSqVYT4ISi7a1Andj /link/get 컨텍스트저장 UKey:'rmGXl'
2023/06/23 11:21:40 [TRACE] 84ZRJASKYuQkFGnlEpQXMW /link/set 컨텍스트저장 UKey:'fcBE6'
2023/06/23 11:43:29 [TRACE] djRGwvleJHxlAwhYxhsiaf /link/get 컨텍스트저장 UKey:'rmGXl'
2023/06/23 13:37:58 [TRACE] gmIYkDVNJeDlkphpQUixVn /link/get 컨텍스트저장 UKey:'DwMgc'
2023/06/23 13:38:08 [TRACE] erLn5NE7jEOsgDvGoGkt4 /link/set 컨텍스트저장 UKey:'a8p6e'
2023/06/23 13:51:22 [TRACE] 65Q1r8uDzE6hVT2yBpDMgN /link/get 컨텍스트저장 UKey:'DwMgc'
2023/06/23 13:51:30 [TRACE] h0Z5178SBqd5Q6y4Jmh7uA /link/get 컨텍스트저장 UKey:'DwMgc'
2023/06/23 15:47:21 [TRACE] aye1i1gUvNYkaXRmszCumT /link/set 컨텍스트저장 UKey:'snx5u'
2023/06/23 15:47:21 [TRACE] ciAorZ2Y95J5JiXKkyvm59 /link/set 컨텍스트저장 UKey:'21GdI'
2023/06/23 15:49:10 [TRACE] gkINloCS4EF4ymUeXPIrUQ /link/get 컨텍스트저장 UKey:'21GdI'
2023/06/23 15:49:25 [TRACE] 2ibOUpaXyFd7uQnICk1Kc2 /link/set 컨텍스트저장 UKey:'21GdK'
2023/06/23 16:06:42 [TRACE] i8tfHdyj0SseCU6Ic25AK3 /link/get 컨텍스트저장 UKey:'snx5u'
2023/06/23 16:06:49 [TRACE] 2B7qserVnMx9fZFYLTAUnR /link/get 컨텍스트저장 UKey:'snx5u'
2023/06/23 16:07:13 [TRACE] 5cKXCpC21nE5BYTQo2jQsQ /link/get 컨텍스트저장 UKey:'snx5u'
2023/06/23 16:10:57 [TRACE] hwTCwFCETjn8D3wVUXuQBJ /link/set 컨텍스트저장 UKey:'ca5kE'
2023/06/23 16:10:57 [TRACE] 2IG86fMZGtzczGjbqFVEzc /link/set 컨텍스트저장 UKey:'if80g'
2023/06/23 16:11:45 [TRACE] aW15sjBirmj9FOOCIB3Ep8 /link/get 컨텍스트저장 UKey:'ca5kE'
2023/06/23 16:11:52 [TRACE] 3HdSuXl2KajXPa1gqDoKm /link/set 컨텍스트저장 UKey:'njkz9'
2023/06/23 16:28:24 [TRACE] 8GXi9adr7rtjm6kFXQ4U8H /link/set 컨텍스트저장 UKey:'KCF92'
2023/06/23 16:32:23 [TRACE] bKlYyvorMEk7bZAffd6PYT /link/set 컨텍스트저장 UKey:'okaGQ'
2023/06/23 16:38:46 [TRACE] ehkR10jXAwfk3OBMWV3upG /link/set 컨텍스트저장 UKey:'fcBGw'
2023/06/23 16:38:46 [TRACE] lBJBAdDpXBGdyMYN8UxjZv /link/set 컨텍스트저장 UKey:'pl0OB'
2023/06/23 16:48:42 [TRACE] 1DoOnlkFiuI9b9i90lIp1A ----------------------------------------------------
2023/06/23 16:48:42 [TRACE] 1DoOnlkFiuI9b9i90lIp1A /MEizu 토큰생성: dbf2bd94-b440-460d-a951-6e5298870ccf
2023/06/23 16:48:42 [TRACE] 1DoOnlkFiuI9b9i90lIp1A 2024-06-07 00:00:00 +0700 +07
2023/06/23 16:48:42 [TRACE] 1DoOnlkFiuI9b9i90lIp1A ub.urlybud.aqua.castis.io 라이선스 정상
2023/06/23 16:48:42 [TRACE] 1DoOnlkFiuI9b9i90lIp1A MEizu CheckExists()
2023/06/23 16:48:42 [TRACE] 1DoOnlkFiuI9b9i90lIp1A MEizu CheckSecureLink()
2023/06/23 16:48:42 [TRACE] 1DoOnlkFiuI9b9i90lIp1A MEizu CheckCount()
2023/06/23 16:48:42 [TRACE] 1DoOnlkFiuI9b9i90lIp1A MEizu CheckExpire()
2023/06/23 16:48:42 [TRACE] 1DoOnlkFiuI9b9i90lIp1A MEizu CheckAuth()
2023/06/23 16:48:42 [TRACE] 1DoOnlkFiuI9b9i90lIp1A MEizu ServeLink()
2023/06/23 16:48:42 [TRACE] 1DoOnlkFiuI9b9i90lIp1A MEizu Redirect()
2023/06/23 16:48:42 [TRACE] 1DoOnlkFiuI9b9i90lIp1A MEizu GET 리다이렉트
2023/06/23 16:48:42 [TRACE] 1DoOnlkFiuI9b9i90lIp1A /MEizu 컨텍스트저장 UKey:'MEizu'
2023/06/23 16:48:50 [TRACE] 6j1vVJEMLGS433X5Esa83Q /link/get 컨텍스트저장 UKey:'MEizu'
2023/06/23 17:14:30 [TRACE] PEiZlj7a3Ughy9JIflUkY /link/get 컨텍스트저장 UKey:'pl0OB'
2023/06/23 17:14:53 [TRACE] 1xWxlK7KkUz3hElrc9sv3h /link/set 컨텍스트저장 UKey:'vq3v0'
2023/06/23 17:29:38 [TRACE] dNL2qyjiqs7gUQ1th31mOh /link/get 컨텍스트저장 UKey:'fcBGw'
2023/06/23 17:29:43 [TRACE] 4Gw41sL7nmhfRejyFyuRjb /link/get 컨텍스트저장 UKey:'fcBGw'
2023/06/23 17:31:30 [TRACE] icV2MU0TYqow0aAQ0LCHt /link/set 컨텍스트저장 UKey:'VLUrV'
2023/06/23 17:31:30 [TRACE] iGPezqwdmXafpmD0ZBMoMR /link/set 컨텍스트저장 UKey:'JBP6s'
2023/06/23 17:32:17 [TRACE] eSyIR26D7faa2rQpPpi8im /link/get 컨텍스트저장 UKey:'JBP6s'
2023/06/23 17:32:25 [TRACE] fpQfLD769XpaC66KgEIQkA /link/set 컨텍스트저장 UKey:'yszRE'
