2023/08/02 05:58:07 [TRACE] cMTWIcq1TjmKIFRYrQWx6 /link/get 컨텍스트저장 UKey:'WMQ7c'
2023/08/02 07:34:46 [TRACE] lHeEQaJwaHPjM3o4CoazH3 /link/get 컨텍스트저장 UKey:'WMQ7c'
2023/08/02 08:57:47 [TRACE] d2ZmkWX2VM66MLtxlqP03d /link/get 컨텍스트저장 UKey:'MEpQQ'
2023/08/02 09:10:03 [TRACE] bjy2JGrp66raO0YZGGzJE6 /link/get 컨텍스트저장 UKey:'MEpQQ'
2023/08/02 09:12:07 [TRACE] 59q9IuLuNbugWRqqklzWAc ----------------------------------------------------
2023/08/02 09:12:07 [TRACE] 59q9IuLuNbugWRqqklzWAc /86JDq 요청토큰: 855a7b09-4590-4252-94ac-49c2e6c4a62f
2023/08/02 09:12:07 [TRACE] 59q9IuLuNbugWRqqklzWAc 2024-06-07 00:00:00 +0700 +07
2023/08/02 09:12:07 [TRACE] 59q9IuLuNbugWRqqklzWAc ub.urlybud.aqua.castis.io 라이선스 정상
2023/08/02 09:12:07 [TRACE] 59q9IuLuNbugWRqqklzWAc 86JDq CheckExists()
2023/08/02 09:12:07 [TRACE] 59q9IuLuNbugWRqqklzWAc 86JDq CheckSecureLink()
2023/08/02 09:12:07 [TRACE] 59q9IuLuNbugWRqqklzWAc 86JDq CheckCount()
2023/08/02 09:12:07 [TRACE] 59q9IuLuNbugWRqqklzWAc 86JDq CheckExpire()
2023/08/02 09:12:07 [TRACE] 59q9IuLuNbugWRqqklzWAc 86JDq CheckAuth()
2023/08/02 09:12:07 [TRACE] 59q9IuLuNbugWRqqklzWAc 86JDq ServeLink()
2023/08/02 09:12:07 [TRACE] 59q9IuLuNbugWRqqklzWAc 86JDq Redirect()
2023/08/02 09:12:07 [TRACE] 59q9IuLuNbugWRqqklzWAc 86JDq GET 리다이렉트
2023/08/02 09:12:07 [TRACE] 59q9IuLuNbugWRqqklzWAc /86JDq 컨텍스트저장 UKey:'86JDq'
2023/08/02 09:12:07 [TRACE] bECe1DV6R6ObLG9AwwVutX /link/get 컨텍스트저장 UKey:'86JDq'
2023/08/02 09:12:43 [TRACE] eZ6HV3Oa1xthLUsl2gBCE2 /link/get 컨텍스트저장 UKey:'MEpQQ'
2023/08/02 09:14:27 [TRACE] eb7mNA9h5Zsj2FFdyBVbZv /link/get 컨텍스트저장 UKey:'32wD3'
2023/08/02 09:16:09 [TRACE] dVgQPlaBuLwc2BCtcgs2Vh /link/get 컨텍스트저장 UKey:'86JDq'
2023/08/02 09:25:06 [TRACE] 9BN5BpvlRLBa2u1ORSoY5K /link/get 컨텍스트저장 UKey:'32wD3'
2023/08/02 09:25:11 [TRACE] eeJ9ZR9oxbA2BNvUpawFcj /link/get 컨텍스트저장 UKey:'32wD3'
2023/08/02 09:26:16 [TRACE] 5oCTGPIMbXg6WCJFbqHlpA /link/get 컨텍스트저장 UKey:'32wD3'
2023/08/02 09:26:21 [TRACE] 2j86e1tmpmw9BZkv0neTQO /link/get 컨텍스트저장 UKey:'32wD3'
2023/08/02 10:27:56 [TRACE] kAIqWC3DTxEjwLoAOQ6HMN /link/set 컨텍스트저장 UKey:'lhGq1'
2023/08/02 10:27:56 [TRACE] 4OA1JhYDG2V7NG9PPAojQY /link/del 컨텍스트저장 UKey:'lhGq1'
2023/08/02 10:29:21 [TRACE] 6nLCzz0sUr83VmReCeeQAM /link/set 컨텍스트저장 UKey:'xrMX8'
2023/08/02 10:31:12 [TRACE] iybk0yKl2SUegzcc1P1SKd /link/get 컨텍스트저장 UKey:'MEpQQ'
2023/08/02 10:34:28 [TRACE] 51Nxz1n6JX246T6O8wZYWz /link/set 컨텍스트저장 UKey:'1Qd5'
2023/08/02 10:40:18 [TRACE] 9ft273ChFSIbFPXrnn7oKU /link/set 컨텍스트저장 UKey:'PGWLW'
2023/08/02 10:40:59 [TRACE] A7IVXZ2tff7Ld9rVgYgD6 /link/set 컨텍스트저장 UKey:'OG6zE'
2023/08/02 10:46:08 [TRACE] b0UbEwEp2kd4buxolxSKR5 /link/set 컨텍스트저장 UKey:'vq6z0'
2023/08/02 10:48:41 [TRACE] bEBORBGOVGheYio3VrlQbv /link/set 컨텍스트저장 UKey:'xrMZN'
2023/08/02 11:14:48 [TRACE] ldolmkTkWHXfBavCguK5Xk /link/get 컨텍스트저장 UKey:'MEpQQ'
2023/08/02 11:23:53 [TRACE] b9dfjVGkvUPkVUU5tYgjfL /link/get 컨텍스트저장 UKey:'32wD3'
2023/08/02 11:26:04 [TRACE] Ke5gOB7Wm91PefwQiJUM /link/get 컨텍스트저장 UKey:'32wD3'
2023/08/02 11:26:38 [TRACE] harBd0mVd8g9YQhXU0X3Wq /link/get 컨텍스트저장 UKey:'32wD3'
2023/08/02 11:27:47 [TRACE] bJZlTZgzWOtfysAwK6e6Zg /link/get 컨텍스트저장 UKey:'32wD3'
2023/08/02 11:27:51 [TRACE] 3E5dyR9FXOWh1kc5vUWFaG /link/get 컨텍스트저장 UKey:'32wD3'
2023/08/02 11:29:09 [TRACE] 3HY9f7YgfhP70niiVTRetx /link/get 컨텍스트저장 UKey:'32wD3'
2023/08/02 11:29:18 [TRACE] fZ2YTN6CoHXdRbY0Suv0HN /link/get 컨텍스트저장 UKey:'32wD3'
2023/08/02 11:29:31 [TRACE] dNu7whL2Sohf3MyMKH2d9B /link/get 컨텍스트저장 UKey:'32wD3'
2023/08/02 11:29:37 [TRACE] bjNnX2QYOUzf7tkJNsVdM6 /link/get 컨텍스트저장 UKey:'32wD3'
2023/08/02 11:30:01 [TRACE] dDAkmwxJ0MNbnmQZVXV6PM /link/get 컨텍스트저장 UKey:'32wD3'
2023/08/02 11:30:07 [TRACE] 1JgafO5lcT9bffjih8xiPj /link/get 컨텍스트저장 UKey:'32wD3'
2023/08/02 11:30:30 [TRACE] g8KMSypO8YQhlYZthAy5v /link/get 컨텍스트저장 UKey:'32wD3'
2023/08/02 11:30:40 [TRACE] iGvf0IrrViwakIsNP7pLP9 /link/get 컨텍스트저장 UKey:'32wD3'
2023/08/02 11:31:11 [TRACE] 1XBMU2dTEFefb2Mp1M7zyT /link/get 컨텍스트저장 UKey:'32wD3'
2023/08/02 11:32:11 [TRACE] esAxPtVPfkj8BqRJBgZCqh /link/get 컨텍스트저장 UKey:'32wD3'
2023/08/02 11:35:01 [TRACE] cCtUAlEozFOcfTkEHVJnoD /link/get 컨텍스트저장 UKey:'32wD3'
2023/08/02 11:37:16 [TRACE] 89XZRhSgV7CdKPEShRj2w7 /link/get 컨텍스트저장 UKey:'32wD3'
2023/08/02 11:38:01 [TRACE] bpH5iAYrWSwknmIKxAPFCk /link/get 컨텍스트저장 UKey:'32wD3'
2023/08/02 11:38:29 [TRACE] kuUDDK0GvPdgLGiSTd3pdS /link/get 컨텍스트저장 UKey:'32wD3'
2023/08/02 11:38:38 [TRACE] gfO2xKysjEIl4Z0ekbpAPd /link/get 컨텍스트저장 UKey:'32wD3'
2023/08/02 11:38:45 [TRACE] b0Y6g7RI83H6B8OkWxCPTE /link/get 컨텍스트저장 UKey:'32wD3'
2023/08/02 11:39:13 [TRACE] fHF3MsNRHB6tvqFwNG7Sh /link/get 컨텍스트저장 UKey:'32wD3'
2023/08/02 11:45:41 [TRACE] 6iM1YjadvW0hksum4cFCe9 /link/get 컨텍스트저장 UKey:'jfZZC'
2023/08/02 11:46:07 [TRACE] e4rVAR2DZIb3RmUMNI8E1i /link/get 컨텍스트저장 UKey:'32wD3'
2023/08/02 11:46:44 [TRACE] e7hpnrydW0d6cxdcKE38sY /link/get 컨텍스트저장 UKey:'jfZZC'
2023/08/02 13:24:15 [TRACE] cLwF6T52Z6PklrxeToxOdu /link/get 컨텍스트저장 UKey:'86JDq'
2023/08/02 13:24:20 [TRACE] daEw7zCBzJV3kFnlINopGv ----------------------------------------------------
2023/08/02 13:24:20 [TRACE] daEw7zCBzJV3kFnlINopGv /32wC8 요청토큰: 855a7b09-4590-4252-94ac-49c2e6c4a62f
2023/08/02 13:24:20 [TRACE] daEw7zCBzJV3kFnlINopGv 2024-06-07 00:00:00 +0700 +07
2023/08/02 13:24:20 [TRACE] daEw7zCBzJV3kFnlINopGv ub.urlybud.aqua.castis.io 라이선스 정상
2023/08/02 13:24:20 [TRACE] daEw7zCBzJV3kFnlINopGv 32wC8 CheckExists()
2023/08/02 13:24:20 [TRACE] daEw7zCBzJV3kFnlINopGv 32wC8 CheckSecureLink()
2023/08/02 13:24:20 [TRACE] daEw7zCBzJV3kFnlINopGv 32wC8 CheckCount()
2023/08/02 13:24:20 [TRACE] daEw7zCBzJV3kFnlINopGv 32wC8 CheckExpire()
2023/08/02 13:24:20 [TRACE] daEw7zCBzJV3kFnlINopGv 32wC8 CheckAuth()
2023/08/02 13:24:20 [TRACE] daEw7zCBzJV3kFnlINopGv 32wC8 ServeLink()
2023/08/02 13:24:20 [TRACE] daEw7zCBzJV3kFnlINopGv 32wC8 Redirect()
2023/08/02 13:24:20 [TRACE] daEw7zCBzJV3kFnlINopGv 32wC8 GET 리다이렉트
2023/08/02 13:24:20 [TRACE] daEw7zCBzJV3kFnlINopGv /32wC8 컨텍스트저장 UKey:'32wC8'
2023/08/02 13:24:21 [TRACE] ff5bD8mW7066WuJ59MmHRb /link/get 컨텍스트저장 UKey:'32wC8'
2023/08/02 13:38:31 [TRACE] 19kQr9Asa0dghCChdHZ6qp /link/get 컨텍스트저장 UKey:'jfZZC'
2023/08/02 15:00:05 [TRACE] 7ZUbWcXG6mBlAGDYbS7sIj ----------------------------------------------------
2023/08/02 15:00:05 [TRACE] 7ZUbWcXG6mBlAGDYbS7sIj /32wC8 요청토큰: 855a7b09-4590-4252-94ac-49c2e6c4a62f
2023/08/02 15:00:05 [TRACE] 7ZUbWcXG6mBlAGDYbS7sIj 2024-06-07 00:00:00 +0700 +07
2023/08/02 15:00:05 [TRACE] 7ZUbWcXG6mBlAGDYbS7sIj ub.urlybud.aqua.castis.io 라이선스 정상
2023/08/02 15:00:05 [TRACE] 7ZUbWcXG6mBlAGDYbS7sIj 32wC8 CheckExists()
2023/08/02 15:00:05 [TRACE] 7ZUbWcXG6mBlAGDYbS7sIj 32wC8 CheckSecureLink()
2023/08/02 15:00:05 [TRACE] 7ZUbWcXG6mBlAGDYbS7sIj 32wC8 CheckCount()
2023/08/02 15:00:05 [TRACE] 7ZUbWcXG6mBlAGDYbS7sIj 32wC8 CheckExpire()
2023/08/02 15:00:05 [TRACE] 7ZUbWcXG6mBlAGDYbS7sIj 32wC8 CheckAuth()
2023/08/02 15:00:05 [TRACE] 7ZUbWcXG6mBlAGDYbS7sIj 32wC8 ServeLink()
2023/08/02 15:00:05 [TRACE] 7ZUbWcXG6mBlAGDYbS7sIj 32wC8 Redirect()
2023/08/02 15:00:05 [TRACE] 7ZUbWcXG6mBlAGDYbS7sIj 32wC8 GET 리다이렉트
2023/08/02 15:00:05 [TRACE] 7ZUbWcXG6mBlAGDYbS7sIj /32wC8 컨텍스트저장 UKey:'32wC8'
2023/08/02 15:00:06 [TRACE] 1waqiGkh8TVfNmUN50gMBf /link/get 컨텍스트저장 UKey:'32wC8'
2023/08/02 15:15:41 [TRACE] 5wwpKEmT4PabKG626cvOGA /link/get 컨텍스트저장 UKey:'MEpQQ'
