2023/06/20 09:16:08 [TRACE] 6yZO7XnlecUajLfcvdn0jR /link/get 컨텍스트저장 UKey:'null'
2023/06/20 09:16:17 [TRACE] pIWbP1BBuwhjKXMTCtGKq /link/get 컨텍스트저장 UKey:'AueDa'
2023/06/20 09:19:50 [TRACE] jM1YIZYvbhA9iuNkAhC2VK /link/get 컨텍스트저장 UKey:'AueDa'
2023/06/20 09:20:31 [TRACE] 1nzVR6c9jHigEJmVDrdwGe /link/get 컨텍스트저장 UKey:'AueDa'
2023/06/20 09:22:02 [TRACE] 2rpVTC6cstc14IskWRuztd /link/get 컨텍스트저장 UKey:'AueDa'
2023/06/20 09:22:19 [TRACE] gzB9vQJuc5Fd3f7jhRD9Ya /link/get 컨텍스트저장 UKey:'AueDa'
2023/06/20 09:22:25 [TRACE] fQ0DejBFqSh1bp8L14JpN1 /link/get 컨텍스트저장 UKey:'AueDa'
2023/06/20 09:23:36 [TRACE] kFBSHJ563Id2XvKrX44BQv /link/get 컨텍스트저장 UKey:'AueDa'
2023/06/20 09:25:26 [TRACE] 3uMEFiee9jO11CVkvLvUjm /link/get 컨텍스트저장 UKey:'AueDa'
2023/06/20 09:26:21 [TRACE] au7TAgqjvvx1W28tHVzez9 /link/get 컨텍스트저장 UKey:'AueDa'
2023/06/20 09:26:48 [TRACE] lV6twE6DtfJ28xKbBpJ1Ym /link/get 컨텍스트저장 UKey:'AueDa'
2023/06/20 09:26:56 [TRACE] ffchXkW59ASbrThrfdLalr /link/get 컨텍스트저장 UKey:'AueDa'
2023/06/20 09:27:09 [TRACE] kqAZSQBJL9Rj2kDQ7kQ8Um /link/get 컨텍스트저장 UKey:'AueDa'
2023/06/20 09:28:31 [TRACE] 9dHNZdc1GEigz7XVXpafyQ /link/get 컨텍스트저장 UKey:'AueDa'
2023/06/20 09:28:37 [TRACE] lk2Rruk2w7523URkpqnJgx /link/get 컨텍스트저장 UKey:'AueDa'
2023/06/20 09:28:48 [TRACE] 1BwCq1AYcxIdOgQ9Od78X5 /link/get 컨텍스트저장 UKey:'AueDa'
2023/06/20 09:28:59 [TRACE] hk9bmSxj82C19xwLMbUPfW /link/get 컨텍스트저장 UKey:'AueDa'
2023/06/20 09:29:13 [TRACE] 408h6B5hueHiKLf4E9cUL5 /link/get 컨텍스트저장 UKey:'AueDa'
2023/06/20 09:29:42 [TRACE] 7vwrlXfkT5t2AKSVQn4JWP /link/get 컨텍스트저장 UKey:'AueDa'
2023/06/20 09:30:01 [TRACE] 9uIdfz8fGIo6dKMiws3sbC /link/get 컨텍스트저장 UKey:'AueDa'
2023/06/20 09:30:27 [TRACE] 8f5lMpAF7bSK9B8rcot8h /link/get 컨텍스트저장 UKey:'AueDa'
2023/06/20 09:30:41 [TRACE] gaqyZEfHlZXkY0ZOG2kQB5 /link/get 컨텍스트저장 UKey:'AueDa'
2023/06/20 09:30:47 [TRACE] htVdo4YmSesj0YF2FOMmTW /link/get 컨텍스트저장 UKey:'AueDa'
2023/06/20 09:31:46 [TRACE] 7bJcyNCfLpz9jP18j3t0Oc /link/get 컨텍스트저장 UKey:'AueDa'
2023/06/20 09:32:01 [TRACE] hcAK8VIvgwVhTqXLI38TBg /link/get 컨텍스트저장 UKey:'AueDa'
2023/06/20 09:32:11 [TRACE] JlZwZbf1lAb31yM5CyfTD /link/get 컨텍스트저장 UKey:'AueDa'
2023/06/20 09:32:31 [TRACE] 4v32SqkmM5jUqb3yjKMUa /link/get 컨텍스트저장 UKey:'AueDa'
2023/06/20 09:32:49 [TRACE] 9LBRmFPtP6YaMmRdkDbaqL /link/get 컨텍스트저장 UKey:'AueDa'
2023/06/20 09:33:06 [TRACE] f5VsIhvfyM36X5r8fWrIt9 /link/get 컨텍스트저장 UKey:'AueDa'
2023/06/20 09:33:23 [TRACE] 8ZX8GUONvlq36hUURtC7td /link/get 컨텍스트저장 UKey:'AueDa'
2023/06/20 09:33:33 [TRACE] c9LZsoi6oGtb3gmNzPIgys /link/get 컨텍스트저장 UKey:'AueDa'
2023/06/20 09:33:52 [TRACE] ik9PDYb2LnG59GkLVMPkPb /link/get 컨텍스트저장 UKey:'AueDa'
2023/06/20 09:34:07 [TRACE] kIU3oV24kHy5gcbWfmvi0M /link/get 컨텍스트저장 UKey:'AueDa'
2023/06/20 09:34:19 [TRACE] f7RMLZ2z0X9hQkyy9lYVIP /link/get 컨텍스트저장 UKey:'AueDa'
2023/06/20 09:34:42 [TRACE] eptjaFEJNGT1qrkD88nGNe /link/get 컨텍스트저장 UKey:'AueDa'
2023/06/20 09:34:52 [TRACE] du4mpy6pm1ug7C1fh6LiSi /link/get 컨텍스트저장 UKey:'AueDa'
2023/06/20 09:35:21 [TRACE] cFxv8EyFEdBaLxWQ3ye5m6 /link/get 컨텍스트저장 UKey:'AueDa'
2023/06/20 09:35:47 [TRACE] 28rarrU4zolitYHacZAZX4 /link/get 컨텍스트저장 UKey:'AueDa'
2023/06/20 09:36:16 [TRACE] levaAC2vlnWjiICA1UPNzO /link/get 컨텍스트저장 UKey:'AueDa'
2023/06/20 09:37:02 [TRACE] 3dPoH0s3GthilSO2S7Vx0b /link/get 컨텍스트저장 UKey:'AueDa'
2023/06/20 09:37:09 [TRACE] aHtNW3Z9lxGfL7P0A2aA2U /link/get 컨텍스트저장 UKey:'AueDa'
2023/06/20 09:37:26 [TRACE] aGHEErq3lVvDghfVcktxi /link/get 컨텍스트저장 UKey:'AueDa'
2023/06/20 09:37:31 [TRACE] 6VyhkeiaAWf1yEtWMXlC9a /link/get 컨텍스트저장 UKey:'AueDa'
2023/06/20 09:38:05 [TRACE] l9UE1QVZoJVkX5069WtQuh /link/get 컨텍스트저장 UKey:'AueDa'
2023/06/20 09:38:22 [TRACE] 7vSy2rlrvTscZaTGZHp2rC /link/get 컨텍스트저장 UKey:'AueDa'
2023/06/20 09:38:57 [TRACE] d6MQGXNucNJiClzLtDESGR /link/get 컨텍스트저장 UKey:'AueDa'
2023/06/20 09:39:29 [TRACE] h0oTojLMbTNd8vWfg4fonr /link/get 컨텍스트저장 UKey:'AueDa'
2023/06/20 09:39:49 [TRACE] dzwhiATu05N22uilbW6kAD /link/get 컨텍스트저장 UKey:'AueDa'
2023/06/20 10:02:15 [TRACE] fNKf8G7006K8V6zTAHMbnq /link/get 컨텍스트저장 UKey:'AueDa'
2023/06/20 10:02:28 [TRACE] hxS6q2T3B3ncHDUh8Sufs4 /link/get 컨텍스트저장 UKey:'AueDa'
2023/06/20 10:02:41 [TRACE] 1MvEZ8928yMhBQv4SVXYS4 /link/get 컨텍스트저장 UKey:'AueDaddđ'
2023/06/20 10:02:49 [TRACE] 3IAAI1GcRyElJXlY0pslSl /link/get 컨텍스트저장 UKey:'AueDa'
2023/06/20 10:04:20 [TRACE] dEQjTZd1IjMfWaYq3GEa6x /link/get 컨텍스트저장 UKey:'AueDa'
2023/06/20 10:05:34 [TRACE] 5vahYlgprm49USyxwLVYlE /link/get 컨텍스트저장 UKey:'AueDa'
2023/06/20 10:06:01 [TRACE] 3NbHNEwYSQn3soJP8W6Sa7 /link/get 컨텍스트저장 UKey:'AueDa'
2023/06/20 10:06:16 [TRACE] jk9ikE0AXwqicpJQ8Vm5Cd /link/get 컨텍스트저장 UKey:'AueDa'
2023/06/20 10:06:17 [TRACE] 75LxjzQ9E7s3UTpf5pbwds /link/get 컨텍스트저장 UKey:'AueDa'
2023/06/20 10:07:06 [TRACE] 8WrtGwa5KYy5fylmDKKvtZ /link/get 컨텍스트저장 UKey:'AueDa'
2023/06/20 10:07:09 [TRACE] iBIAN8H5Wrmlv7D7BR0kcu /link/get 컨텍스트저장 UKey:'AueDaddd'
2023/06/20 10:07:21 [TRACE] 3Id4M98DL6jiApOgayVe5N /link/get 컨텍스트저장 UKey:'AueDaddd'
2023/06/20 10:07:31 [TRACE] 21Dd7xqDnp81qwvETgjyXr /link/get 컨텍스트저장 UKey:'AueDaddd'
2023/06/20 10:08:46 [TRACE] eCj8J5KnzPFapQTzElkUsC /link/get 컨텍스트저장 UKey:'AueDaddd'
2023/06/20 10:09:27 [TRACE] 2rfrl4sfyRS1PIjrMgYAyV /link/get 컨텍스트저장 UKey:'AueDaddd'
2023/06/20 10:09:32 [TRACE] g3PsURZmSpdc1c3D6x70jf /link/get 컨텍스트저장 UKey:'AueDaddd'
2023/06/20 11:25:19 [TRACE] 7SYoKFtWLXxgTgA6ZOsOsh /link/get 컨텍스트저장 UKey:'AueDa'
2023/06/20 11:25:24 [TRACE] 8jvNn4IgkJ1POf5e5bQ2k /link/get 컨텍스트저장 UKey:'AueDa'
2023/06/20 11:26:12 [TRACE] jToTMOORW156NCSK56dcKQ /link/get 컨텍스트저장 UKey:'AueDa'
2023/06/20 11:27:06 [TRACE] kxP04a2zFtn6COqINhifKy /link/get 컨텍스트저장 UKey:'lhDsr'
2023/06/20 11:28:27 [TRACE] bVypbPqfyrl1OYjplhF3Wd /link/get 컨텍스트저장 UKey:'lhDsr'
2023/06/20 11:28:49 [TRACE] 3XGkVIAYiOAfVziwbGfu6c /link/get 컨텍스트저장 UKey:'lhDsr'
2023/06/20 11:40:10 [TRACE] 9A74qDVKT9odRHlWCNEoWC /link/get 컨텍스트저장 UKey:'lhDsr'
2023/06/20 11:40:15 [TRACE] u21VZprScx9t0DOBekmTG /link/get 컨텍스트저장 UKey:'lhDsr'
2023/06/20 11:41:18 [TRACE] 6ltVHqGj9Xq75peFgXlm9S /link/get 컨텍스트저장 UKey:'lhDsr'
2023/06/20 11:41:51 [TRACE] 8CeNyBxHLLTdZc4uM03gHw /link/get 컨텍스트저장 UKey:'lhDsr'
2023/06/20 11:44:42 [TRACE] bvZ3R7Hdzy2hn1yoC8YKIw /link/get 컨텍스트저장 UKey:'lhDsr'
2023/06/20 11:45:09 [TRACE] f2OvBpOUGW13CCX0EzZLgc /link/get 컨텍스트저장 UKey:'lhDsr'
2023/06/20 11:45:34 [TRACE] AYxtD2qFsafKdAUXLtOzY /link/get 컨텍스트저장 UKey:'lhDsr'
2023/06/20 11:45:52 [TRACE] 6f6MmB0SQtu384DRt25ax0 /link/get 컨텍스트저장 UKey:'lhDsr'
2023/06/20 11:47:35 [TRACE] 5C4YLBzmCfxZeRHycO2SB /link/get 컨텍스트저장 UKey:'lhDsr'
2023/06/20 11:52:41 [TRACE] czKbhVIJVxLbDASjdNteRL /link/get 컨텍스트저장 UKey:'lhDsr'
2023/06/20 17:28:47 [TRACE] gfL4iba6xzzc9Ersay5H59 /link/get 컨텍스트저장 UKey:'lhDsr'
