2023/06/16 08:18:16 [TRACE] 3RIpzRBDG2taltydnCG6zG ----------------------------------------------------
2023/06/16 08:18:16 [TRACE] 3RIpzRBDG2taltydnCG6zG /LDtpv 요청토큰: 2567b34e-276b-4e84-bde7-89be15f433fc
2023/06/16 08:18:16 [TRACE] 3RIpzRBDG2taltydnCG6zG 2024-06-07 00:00:00 +0700 +07
2023/06/16 08:18:16 [TRACE] 3RIpzRBDG2taltydnCG6zG ub.urlybud.aqua.castis.io 라이선스 정상
2023/06/16 08:18:16 [TRACE] 3RIpzRBDG2taltydnCG6zG LDtpv CheckExists()
2023/06/16 08:18:16 [TRACE] 3RIpzRBDG2taltydnCG6zG LDtpv CheckSecureLink()
2023/06/16 08:18:16 [TRACE] 3RIpzRBDG2taltydnCG6zG LDtpv CheckCount()
2023/06/16 08:18:16 [TRACE] 3RIpzRBDG2taltydnCG6zG LDtpv CheckExpire()
2023/06/16 08:18:16 [TRACE] 3RIpzRBDG2taltydnCG6zG LDtpv CheckAuth()
2023/06/16 08:18:16 [TRACE] 3RIpzRBDG2taltydnCG6zG LDtpv ServeLink()
2023/06/16 08:18:16 [TRACE] 3RIpzRBDG2taltydnCG6zG LDtpv Redirect()
2023/06/16 08:18:16 [TRACE] 3RIpzRBDG2taltydnCG6zG LDtpv GET 리다이렉트
2023/06/16 08:18:16 [TRACE] 3RIpzRBDG2taltydnCG6zG /LDtpv 컨텍스트저장 UKey:'LDtpv'
2023/06/16 08:18:26 [TRACE] d0vdH5TPzQehcBVGxP6JXo /link/get 컨텍스트저장 UKey:'LDtpv'
2023/06/16 08:20:38 [TRACE] g4rcwd4y6BWl8CXL6vrb98 /link/get 컨텍스트저장 UKey:'daUTm'
2023/06/16 08:22:58 [TRACE] cZixLdm1JQNgCpVh7E4LDB ----------------------------------------------------
2023/06/16 08:22:58 [TRACE] cZixLdm1JQNgCpVh7E4LDB /AueDa 요청토큰: 2567b34e-276b-4e84-bde7-89be15f433fc
2023/06/16 08:22:58 [TRACE] cZixLdm1JQNgCpVh7E4LDB 2024-06-07 00:00:00 +0700 +07
2023/06/16 08:22:58 [TRACE] cZixLdm1JQNgCpVh7E4LDB ub.urlybud.aqua.castis.io 라이선스 정상
2023/06/16 08:22:58 [TRACE] cZixLdm1JQNgCpVh7E4LDB AueDa CheckExists()
2023/06/16 08:22:58 [TRACE] cZixLdm1JQNgCpVh7E4LDB AueDa CheckSecureLink()
2023/06/16 08:22:58 [TRACE] cZixLdm1JQNgCpVh7E4LDB AueDa CheckCount()
2023/06/16 08:22:58 [TRACE] cZixLdm1JQNgCpVh7E4LDB AueDa CheckExpire()
2023/06/16 08:22:58 [TRACE] cZixLdm1JQNgCpVh7E4LDB AueDa CheckAuth()
2023/06/16 08:22:58 [TRACE] cZixLdm1JQNgCpVh7E4LDB AueDa ServeLink()
2023/06/16 08:22:58 [TRACE] cZixLdm1JQNgCpVh7E4LDB AueDa Redirect()
2023/06/16 08:22:58 [TRACE] cZixLdm1JQNgCpVh7E4LDB AueDa GET 리다이렉트
2023/06/16 08:22:58 [TRACE] cZixLdm1JQNgCpVh7E4LDB /AueDa 컨텍스트저장 UKey:'AueDa'
2023/06/16 08:23:08 [TRACE] aVuuSOgp35AkgYCNz8IQRU /link/get 컨텍스트저장 UKey:'AueDa'
2023/06/16 08:23:20 [TRACE] 9TDBJK6qnR1fd98uTVCeGL ----------------------------------------------------
2023/06/16 08:23:20 [TRACE] 9TDBJK6qnR1fd98uTVCeGL /LDtpv 요청토큰: 2567b34e-276b-4e84-bde7-89be15f433fc
2023/06/16 08:23:20 [TRACE] 9TDBJK6qnR1fd98uTVCeGL 2024-06-07 00:00:00 +0700 +07
2023/06/16 08:23:20 [TRACE] 9TDBJK6qnR1fd98uTVCeGL ub.urlybud.aqua.castis.io 라이선스 정상
2023/06/16 08:23:20 [TRACE] 9TDBJK6qnR1fd98uTVCeGL LDtpv CheckExists()
2023/06/16 08:23:20 [TRACE] 9TDBJK6qnR1fd98uTVCeGL LDtpv CheckSecureLink()
2023/06/16 08:23:20 [TRACE] 9TDBJK6qnR1fd98uTVCeGL LDtpv CheckCount()
2023/06/16 08:23:20 [TRACE] 9TDBJK6qnR1fd98uTVCeGL LDtpv CheckExpire()
2023/06/16 08:23:20 [TRACE] 9TDBJK6qnR1fd98uTVCeGL LDtpv CheckAuth()
2023/06/16 08:23:20 [TRACE] 9TDBJK6qnR1fd98uTVCeGL LDtpv ServeLink()
2023/06/16 08:23:20 [TRACE] 9TDBJK6qnR1fd98uTVCeGL LDtpv Redirect()
2023/06/16 08:23:20 [TRACE] 9TDBJK6qnR1fd98uTVCeGL LDtpv GET 리다이렉트
2023/06/16 08:23:20 [TRACE] 9TDBJK6qnR1fd98uTVCeGL /LDtpv 컨텍스트저장 UKey:'LDtpv'
2023/06/16 08:23:28 [TRACE] egp4txdtMqRbTEypOF2Qin /link/get 컨텍스트저장 UKey:'LDtpv'
2023/06/16 08:24:52 [TRACE] krmnhkH3dOg2ThZoDjYi7t ----------------------------------------------------
2023/06/16 08:24:52 [TRACE] krmnhkH3dOg2ThZoDjYi7t /LDtpv 요청토큰: 2567b34e-276b-4e84-bde7-89be15f433fc
2023/06/16 08:24:52 [TRACE] krmnhkH3dOg2ThZoDjYi7t 2024-06-07 00:00:00 +0700 +07
2023/06/16 08:24:52 [TRACE] krmnhkH3dOg2ThZoDjYi7t ub.urlybud.aqua.castis.io 라이선스 정상
2023/06/16 08:24:52 [TRACE] krmnhkH3dOg2ThZoDjYi7t LDtpv CheckExists()
2023/06/16 08:24:52 [TRACE] krmnhkH3dOg2ThZoDjYi7t LDtpv CheckSecureLink()
2023/06/16 08:24:52 [TRACE] krmnhkH3dOg2ThZoDjYi7t LDtpv CheckCount()
2023/06/16 08:24:52 [TRACE] krmnhkH3dOg2ThZoDjYi7t LDtpv CheckExpire()
2023/06/16 08:24:52 [TRACE] krmnhkH3dOg2ThZoDjYi7t LDtpv CheckAuth()
2023/06/16 08:24:52 [TRACE] krmnhkH3dOg2ThZoDjYi7t LDtpv ServeLink()
2023/06/16 08:24:52 [TRACE] krmnhkH3dOg2ThZoDjYi7t LDtpv Redirect()
2023/06/16 08:24:52 [TRACE] krmnhkH3dOg2ThZoDjYi7t LDtpv GET 리다이렉트
2023/06/16 08:24:52 [TRACE] krmnhkH3dOg2ThZoDjYi7t /LDtpv 컨텍스트저장 UKey:'LDtpv'
2023/06/16 08:25:01 [TRACE] jiOGRXdPTVw2IJIuYx7D2z /link/get 컨텍스트저장 UKey:'LDtpv'
2023/06/16 08:27:14 [TRACE] 60dFIIDPC6HgEjJTl8Hq38 /link/get 컨텍스트저장 UKey:'LDtpv'
2023/06/16 08:29:09 [TRACE] 2pV17GT5BRu4JzvPdVlUG6 ----------------------------------------------------
2023/06/16 08:29:09 [TRACE] 2pV17GT5BRu4JzvPdVlUG6 /LDtpv 요청토큰: 2567b34e-276b-4e84-bde7-89be15f433fc
2023/06/16 08:29:09 [TRACE] 2pV17GT5BRu4JzvPdVlUG6 2024-06-07 00:00:00 +0700 +07
2023/06/16 08:29:09 [TRACE] 2pV17GT5BRu4JzvPdVlUG6 ub.urlybud.aqua.castis.io 라이선스 정상
2023/06/16 08:29:09 [TRACE] 2pV17GT5BRu4JzvPdVlUG6 LDtpv CheckExists()
2023/06/16 08:29:09 [TRACE] 2pV17GT5BRu4JzvPdVlUG6 LDtpv CheckSecureLink()
2023/06/16 08:29:09 [TRACE] 2pV17GT5BRu4JzvPdVlUG6 LDtpv CheckCount()
2023/06/16 08:29:09 [TRACE] 2pV17GT5BRu4JzvPdVlUG6 LDtpv CheckExpire()
2023/06/16 08:29:09 [TRACE] 2pV17GT5BRu4JzvPdVlUG6 LDtpv CheckAuth()
2023/06/16 08:29:09 [TRACE] 2pV17GT5BRu4JzvPdVlUG6 LDtpv ServeLink()
2023/06/16 08:29:09 [TRACE] 2pV17GT5BRu4JzvPdVlUG6 LDtpv Redirect()
2023/06/16 08:29:09 [TRACE] 2pV17GT5BRu4JzvPdVlUG6 LDtpv GET 리다이렉트
2023/06/16 08:29:09 [TRACE] 2pV17GT5BRu4JzvPdVlUG6 /LDtpv 컨텍스트저장 UKey:'LDtpv'
2023/06/16 08:29:14 [TRACE] 24AH9w5voDldDzYnfQLIu7 /link/get 컨텍스트저장 UKey:'LDtpv'
2023/06/16 08:31:16 [TRACE] bHD7i8w0tA9dprrYSlMHcE /link/get 컨텍스트저장 UKey:'LDtpv'
2023/06/16 08:31:23 [TRACE] 9k7juPSgogYjI0yiuBHEcs /link/get 컨텍스트저장 UKey:'LDtpv'
2023/06/16 08:31:41 [TRACE] 9IwGnTu7OROiUA0pvOowTT ----------------------------------------------------
2023/06/16 08:31:41 [TRACE] 9IwGnTu7OROiUA0pvOowTT /LDtpv 요청토큰: 2567b34e-276b-4e84-bde7-89be15f433fc
2023/06/16 08:31:41 [TRACE] 9IwGnTu7OROiUA0pvOowTT 2024-06-07 00:00:00 +0700 +07
2023/06/16 08:31:41 [TRACE] 9IwGnTu7OROiUA0pvOowTT ub.urlybud.aqua.castis.io 라이선스 정상
2023/06/16 08:31:41 [TRACE] 9IwGnTu7OROiUA0pvOowTT LDtpv CheckExists()
2023/06/16 08:31:41 [TRACE] 9IwGnTu7OROiUA0pvOowTT LDtpv CheckSecureLink()
2023/06/16 08:31:41 [TRACE] 9IwGnTu7OROiUA0pvOowTT LDtpv CheckCount()
2023/06/16 08:31:41 [TRACE] 9IwGnTu7OROiUA0pvOowTT LDtpv CheckExpire()
2023/06/16 08:31:41 [TRACE] 9IwGnTu7OROiUA0pvOowTT LDtpv CheckAuth()
2023/06/16 08:31:41 [TRACE] 9IwGnTu7OROiUA0pvOowTT LDtpv ServeLink()
2023/06/16 08:31:41 [TRACE] 9IwGnTu7OROiUA0pvOowTT LDtpv Redirect()
2023/06/16 08:31:41 [TRACE] 9IwGnTu7OROiUA0pvOowTT LDtpv GET 리다이렉트
2023/06/16 08:31:41 [TRACE] 9IwGnTu7OROiUA0pvOowTT /LDtpv 컨텍스트저장 UKey:'LDtpv'
2023/06/16 08:31:49 [TRACE] hGGn7o8ZJcY53c6H08u59A /link/get 컨텍스트저장 UKey:'LDtpv'
2023/06/16 08:32:03 [TRACE] 63FdABpltmjjJf4ZR62BaY /link/get 컨텍스트저장 UKey:'LDtpv'
2023/06/16 08:32:10 [TRACE] 5nBof5FaO0l6oGL9VNedc3 /link/get 컨텍스트저장 UKey:'LDtpv'
2023/06/16 09:05:21 [TRACE] d5RXeH6andubnjTuwtWngN /link/set 컨텍스트저장 UKey:'gdrdC'
2023/06/16 09:07:05 [TRACE] 2cfQcre8RP11sjb7gt2xj1 /link/get 컨텍스트저장 UKey:'AueDa'
2023/06/16 09:07:43 [TRACE] bKuYXLR4gsq8EKlw0qgjgK /link/set 컨텍스트저장 UKey:'tomdw'
2023/06/16 09:08:42 [TRACE] gxskgFpprcT9VsfLjyLBQJ /link/set 컨텍스트저장 UKey:'NF9L9'
2023/06/16 09:11:36 [TRACE] 6q7dUP9JvqzddQ7nhl13Ee /link/set 컨텍스트저장 UKey:'gdreo'
2023/06/16 09:14:46 [TRACE] PPjAsawzWK4qLXbmdaDXr /link/set 컨텍스트저장 UKey:'KCDym'
2023/06/16 09:16:09 [TRACE] clrASEF4po95kFFxhSWuDd /link/get 컨텍스트저장 UKey:'AueDa'
2023/06/16 09:16:49 [TRACE] 58VOTEMlYiD8A8CHRk1J6D /link/get 컨텍스트저장 UKey:'AueDa'
2023/06/16 09:21:19 [TRACE] imyqBN6bbaDfFEFz6U40gS /link/get 컨텍스트저장 UKey:'xrIp2'
2023/06/16 09:21:27 [TRACE] 8VJiIxGC6wKkGOPY35EZvK /link/get 컨텍스트저장 UKey:'xrIp2'
2023/06/16 09:23:57 [TRACE] 3bTvrXncIajbt1RXXMlFJN /link/set 컨텍스트저장 UKey:'hehjI'
2023/06/16 10:58:40 [TRACE] e5dxNdYLQg82H9wyvSAumS /link/get 컨텍스트저장 UKey:'xrIp2'
2023/06/16 10:59:06 [TRACE] 49cZk7mYAnA7d7tRyl2HBo /link/get 컨텍스트저장 UKey:'xrIp2'
2023/06/16 10:59:22 [TRACE] 9J7fhiTmysyioQVNdfGsWc /link/get 컨텍스트저장 UKey:'xrIp2'
2023/06/16 10:59:55 [TRACE] 8MW8qq81JwnevAQtWama9f /link/get 컨텍스트저장 UKey:'xrIp2'
2023/06/16 11:00:00 [TRACE] jnZXdf1QzkHkfhiSV8AKAQ /link/get 컨텍스트저장 UKey:'xrIp2'
2023/06/16 11:02:50 [TRACE] 17QIr4zx4AEkVYXVpw7gOX /link/get 컨텍스트저장 UKey:'xrIp2'
2023/06/16 11:02:50 [TRACE] ake4o1ug4AHOnNUhPoUjl /link/get 컨텍스트저장 UKey:'xrIp2'
2023/06/16 11:02:50 [TRACE] d2NjbouNubf72Zn4CnhDqa /link/get 컨텍스트저장 UKey:'xrIp2'
2023/06/16 11:03:32 [TRACE] cbs3QAY437S9lH0Ijw6Cvu /link/get 컨텍스트저장 UKey:'xrIp2'
2023/06/16 11:03:32 [TRACE] 4lY1VrW4LFKbQ34SYmHbkY /link/get 컨텍스트저장 UKey:'xrIp2'
2023/06/16 11:03:35 [TRACE] GvH9EFm18P8w2xUQ610PS /link/get 컨텍스트저장 UKey:'xrIp2'
2023/06/16 11:04:46 [TRACE] jtHPRIxxwLwiUcmJ8n6WNq /link/get 컨텍스트저장 UKey:'xrIp2'
2023/06/16 11:04:48 [TRACE] hMYXG80E8Yq9lUbmFgmcIS /link/get 컨텍스트저장 UKey:'xrIp2'
2023/06/16 11:05:40 [TRACE] jX4zFLSCpZ4gZVp64w4dJE /link/get 컨텍스트저장 UKey:'xrIp2'
2023/06/16 11:05:48 [TRACE] 8xPAbJxHjPC1yzRySdURpc /link/get 컨텍스트저장 UKey:'xrIp2'
2023/06/16 11:06:00 [TRACE] hLygPsGR6o25IjMasPdHt7 /link/get 컨텍스트저장 UKey:'xrIp2'
2023/06/16 11:08:07 [TRACE] ic7iQnromd75fHAYpqUPPE /link/get 컨텍스트저장 UKey:'xrIp2'
2023/06/16 11:08:20 [TRACE] 6BDiB4k9226ijBJnBs8LIp /link/get 컨텍스트저장 UKey:'xrIp2'
2023/06/16 11:11:21 [TRACE] 2p6bRi1u8yhdUnDe0PeQB8 /link/get 컨텍스트저장 UKey:'xrIp2'
2023/06/16 11:11:28 [TRACE] kEfqIMkeKIF4s13pgwV5WY /link/get 컨텍스트저장 UKey:'xrIp2'
2023/06/16 11:12:36 [TRACE] 8HrTvhAha727xS728cGkVC /link/get 컨텍스트저장 UKey:'xrIp2'
2023/06/16 11:12:36 [TRACE] 9D23HQCeDiE92rCx95mCoi /link/get 컨텍스트저장 UKey:'xrIp2'
2023/06/16 11:13:09 [TRACE] cvvYR5aJfq9jKdkyPeoUFH /link/get 컨텍스트저장 UKey:'xrIp2'
2023/06/16 11:13:09 [TRACE] jIuDd1qT0ouhgJjGNjWNio /link/get 컨텍스트저장 UKey:'xrIp2'
2023/06/16 11:13:37 [TRACE] aA9igiYHBv9dMcl7CgNYur /link/get 컨텍스트저장 UKey:'xrIp2'
2023/06/16 11:13:37 [TRACE] 20HMkMHgbY0jxGNiWYf10V /link/get 컨텍스트저장 UKey:'xrIp2'
2023/06/16 11:13:41 [TRACE] dMuv8V0PSTwg8NxC5frH96 /link/get 컨텍스트저장 UKey:'xrIp2'
2023/06/16 11:13:41 [TRACE] hmbiqmINQV5cKwPn3Ar0xH /link/get 컨텍스트저장 UKey:'xrIp2'
2023/06/16 11:13:50 [TRACE] 8Cyrh8bLQh49oVJI5VOKSf /link/get 컨텍스트저장 UKey:'xrIp2'
2023/06/16 11:13:50 [TRACE] 4HodkLxVpIu7pbQ1KiWzJB /link/get 컨텍스트저장 UKey:'xrIp2'
2023/06/16 11:13:51 [TRACE] itdUuIeL1ozaUXs8Q41KJP /link/get 컨텍스트저장 UKey:'xrIp2'
2023/06/16 11:13:58 [TRACE] 1dtT5IKm0NAj2xt5CVd5tn /link/get 컨텍스트저장 UKey:'xrIp2'
2023/06/16 11:13:58 [TRACE] 8XNDSlybv936Zw5HKU9qoS /link/get 컨텍스트저장 UKey:'xrIp2'
2023/06/16 11:14:12 [TRACE] 1zjrtdzKEmJ93F4wTFYRh9 /link/get 컨텍스트저장 UKey:'xrIp2'
2023/06/16 11:14:12 [TRACE] 1H04YDLBYPCaoua6k36XCj /link/get 컨텍스트저장 UKey:'xrIp2'
2023/06/16 11:14:24 [TRACE] hrbTaCn7agQldYqDtZatkU /link/get 컨텍스트저장 UKey:'xrIp2'
2023/06/16 11:14:25 [TRACE] 7PGi8DLk4Ca2EaeF2hSNA2 /link/get 컨텍스트저장 UKey:'xrIp2'
2023/06/16 11:14:38 [TRACE] sYQYe3B4w6c9tfkXkNqB5 /link/get 컨텍스트저장 UKey:'xrIp2'
2023/06/16 11:14:38 [TRACE] 9sXB2ZtX3rc5KQ37PfqWKv /link/get 컨텍스트저장 UKey:'xrIp2'
2023/06/16 11:14:39 [TRACE] 95tCiXj24sI82RLkkWztuV /link/get 컨텍스트저장 UKey:'xrIp2'
2023/06/16 11:14:39 [TRACE] 9jXyNN3V7ld2lZXkO8ksP8 /link/get 컨텍스트저장 UKey:'xrIp2'
2023/06/16 11:15:47 [TRACE] 6MfKVnOt19y6z5hd9gcMLz /link/get 컨텍스트저장 UKey:'xrIp2'
2023/06/16 11:15:47 [TRACE] 9DGQDqE7InEfllXudo1xnE /link/get 컨텍스트저장 UKey:'xrIp2'
2023/06/16 11:15:55 [TRACE] btthdJzixg9u7aetpshsa /link/get 컨텍스트저장 UKey:'xrIp2'
2023/06/16 11:15:56 [TRACE] joQV8XMw7eD4j9KCM7OeyU /link/get 컨텍스트저장 UKey:'xrIp2'
2023/06/16 11:16:07 [TRACE] c7J835QFNSDhfRWN4Ofp8M /link/get 컨텍스트저장 UKey:'xrIp2'
2023/06/16 11:16:08 [TRACE] 4Dq7FebZ3db6V316YQ1GwL /link/get 컨텍스트저장 UKey:'xrIp2'
2023/06/16 11:16:21 [TRACE] bnP6VvTEeQl7t7tF2pM6mP /link/get 컨텍스트저장 UKey:'xrIp2'
2023/06/16 11:16:22 [TRACE] 1K0lbNKzkNNi7dRWpJeyfR /link/get 컨텍스트저장 UKey:'xrIp2'
2023/06/16 11:19:28 [TRACE] auZxO0EJGzNgZG75cxWkUj /link/get 컨텍스트저장 UKey:'xrIp2'
2023/06/16 11:19:29 [TRACE] 1sahkyVkCy28EuPu5BZEgI /link/get 컨텍스트저장 UKey:'xrIp2'
2023/06/16 11:21:21 [TRACE] jF9PEPHCaDE5jbpqtK084h /link/get 컨텍스트저장 UKey:'xrIp2'
2023/06/16 11:21:21 [TRACE] k91nGys8mXz8OwGmF0TJh2 /link/get 컨텍스트저장 UKey:'xrIp2'
2023/06/16 11:21:36 [TRACE] 8L3Y2eQsbEEuUhrUdxazY /link/get 컨텍스트저장 UKey:'xrIp2'
2023/06/16 11:22:10 [TRACE] eLzaORjikl0ljzB0cubjAn /link/get 컨텍스트저장 UKey:'xrIp2'
2023/06/16 11:22:10 [TRACE] ajbbTCI19izies5suGFIys /link/get 컨텍스트저장 UKey:'xrIp2'
2023/06/16 11:27:48 [TRACE] 3E8qy20TplqjcJH26bCQJk /link/get 컨텍스트저장 UKey:'xrIp2'
2023/06/16 11:27:51 [TRACE] 5fNQJ3oXRnVaKFeAJd2xDw /link/get 컨텍스트저장 UKey:'TKbTi'
2023/06/16 11:28:25 [TRACE] dEkq4j4ziMD9qMF4cS5Jhv /link/get 컨텍스트저장 UKey:'TKbTi'
2023/06/16 11:28:38 [TRACE] 9sf503qZ18l8SUFz7o81be /link/get 컨텍스트저장 UKey:'TKbTi'
2023/06/16 11:29:26 [TRACE] 8Kk2T8TUjlhgChGWrfBiq8 /link/get 컨텍스트저장 UKey:'TKbTi'
2023/06/16 11:35:19 [TRACE] 6SgydSVCJw9dAr64gudwSg /link/get 컨텍스트저장 UKey:'lhDsr'
2023/06/16 11:35:23 [TRACE] 418Qqrno9qKj3KrgC83oIr /link/get 컨텍스트저장 UKey:'lhDsr'
2023/06/16 11:36:00 [TRACE] gzWbQ1vLBeffk3hcyuxMEu /link/get 컨텍스트저장 UKey:'lhDsr'
2023/06/16 11:36:50 [TRACE] eGZ30qu0Jp33c4o8gSSmsj /link/get 컨텍스트저장 UKey:'lhDsr'
2023/06/16 11:37:08 [TRACE] bYYB0DGIuM0eiZ6sIkIy8p /link/get 컨텍스트저장 UKey:'lhDsr'
2023/06/16 11:37:24 [TRACE] j6K9G0hodFUbfXgh3deN31 /link/get 컨텍스트저장 UKey:'lhDsr'
2023/06/16 11:37:27 [TRACE] 7anhxK3rAWtbJgD1vPlWe /link/get 컨텍스트저장 UKey:'lhDsr'
2023/06/16 11:40:18 [TRACE] kdswEJSmB3d6rzBMOuJLtE /link/get 컨텍스트저장 UKey:'lhDsr'
2023/06/16 11:41:02 [TRACE] 8j8nWFmIcowkKNn6oiq5MD /link/get 컨텍스트저장 UKey:'lhDsr'
2023/06/16 11:41:51 [TRACE] 9LLflhaxfa5im908VVf9Wn /link/get 컨텍스트저장 UKey:'lhDsr'
2023/06/16 11:52:00 [TRACE] 3nR7j0wH7W63Ae4z63ytp /link/get 컨텍스트저장 UKey:'lhDsr'
2023/06/16 11:52:40 [TRACE] 6RRqxELeN17bBUTmbKQIMO /link/get 컨텍스트저장 UKey:'lhDsr'
2023/06/16 12:05:14 [TRACE] abS0PP2Gv47deNyB1Y3aYM /link/set 컨텍스트저장 UKey:'if7oO'
2023/06/16 12:06:08 [TRACE] alEFR64N5y8a9SCQSiZbsS /link/set 컨텍스트저장 UKey:'if7p6'
2023/06/16 12:06:42 [TRACE] cguIrulmpws2glJWpJPyOJ /link/set 컨텍스트저장 UKey:'pkZXn'
2023/06/16 13:44:08 [TRACE] kpuUqklMyxLcC2ukue4geM /link/get 컨텍스트저장 UKey:'lhDsr'
2023/06/16 13:44:08 [TRACE] 7hFmFzuv4FL9d87X8c7P0I /link/get 컨텍스트저장 UKey:'lhDsr'
2023/06/16 13:44:11 [TRACE] ls2TidHYTn2kGg69WJoapl /link/get 컨텍스트저장 UKey:'lhDsr'
2023/06/16 13:44:19 [TRACE] isZvwBO3e1ujB86aXuEM9B /link/get 컨텍스트저장 UKey:'lhDsr'
2023/06/16 13:44:21 [TRACE] ds5UtZHWMv52vzHoJlY84I /link/get 컨텍스트저장 UKey:'lhDsr'
2023/06/16 13:48:37 [TRACE] 89PIE4HcJ8R4WYpWWjjiXY /link/get 컨텍스트저장 UKey:'TKbTi'
2023/06/16 13:48:38 [TRACE] 2EQ8l792bJiaifK4m0462s /link/get 컨텍스트저장 UKey:'lhDsr'
2023/06/16 14:09:27 [TRACE] iPVqk27jzQa2r1JPvsxFC /link/get 컨텍스트저장 UKey:'SJkKI'
2023/06/16 14:10:20 [TRACE] h3uRVYRrzGbdofSW3qpYx9 /link/get 컨텍스트저장 UKey:'SJkKI'
2023/06/16 14:21:48 [TRACE] 2W7cfZcUGhklh5uG7lHsy1 /link/get 컨텍스트저장 UKey:'lhDsr'
2023/06/16 14:22:08 [TRACE] fclEsh1UIjDaiOgZDZYYKS /link/get 컨텍스트저장 UKey:'lhDsr'
2023/06/16 14:26:21 [TRACE] dPtqnXaltnO19zrznWa2dP /link/get 컨텍스트저장 UKey:'lhDsr'
2023/06/16 14:30:10 [TRACE] dQ0iiXGSTkr8ipt6RdgkQ7 /link/get 컨텍스트저장 UKey:'lhDsr'
2023/06/16 14:30:18 [TRACE] 3P36f7uaglUla1igbh8noO ----------------------------------------------------
2023/06/16 14:30:18 [TRACE] 3P36f7uaglUla1igbh8noO /LDtpv 요청토큰: 2567b34e-276b-4e84-bde7-89be15f433fc
2023/06/16 14:30:18 [TRACE] 3P36f7uaglUla1igbh8noO 2024-06-07 00:00:00 +0700 +07
2023/06/16 14:30:18 [TRACE] 3P36f7uaglUla1igbh8noO ub.urlybud.aqua.castis.io 라이선스 정상
2023/06/16 14:30:18 [TRACE] 3P36f7uaglUla1igbh8noO LDtpv CheckExists()
2023/06/16 14:30:18 [TRACE] 3P36f7uaglUla1igbh8noO LDtpv CheckSecureLink()
2023/06/16 14:30:18 [TRACE] 3P36f7uaglUla1igbh8noO LDtpv CheckCount()
2023/06/16 14:30:18 [TRACE] 3P36f7uaglUla1igbh8noO LDtpv CheckExpire()
2023/06/16 14:30:18 [TRACE] 3P36f7uaglUla1igbh8noO LDtpv CheckAuth()
2023/06/16 14:30:18 [TRACE] 3P36f7uaglUla1igbh8noO LDtpv ServeLink()
2023/06/16 14:30:18 [TRACE] 3P36f7uaglUla1igbh8noO LDtpv Redirect()
2023/06/16 14:30:18 [TRACE] 3P36f7uaglUla1igbh8noO LDtpv GET 리다이렉트
2023/06/16 14:30:18 [TRACE] 3P36f7uaglUla1igbh8noO /LDtpv 컨텍스트저장 UKey:'LDtpv'
2023/06/16 14:30:27 [TRACE] 7g7nsUde1nMzmnSRebZFE /link/get 컨텍스트저장 UKey:'LDtpv'
2023/06/16 14:31:29 [TRACE] jotB3UKRDuLazNPeZlVtGm /link/get 컨텍스트저장 UKey:'null'
2023/06/16 14:31:33 [TRACE] iVDkVF6pcBFhPQdeK8y6Fw /link/get 컨텍스트저장 UKey:'null'
2023/06/16 14:31:34 [TRACE] aRUzwcd1tEp8KqmzNXbrPP /link/get 컨텍스트저장 UKey:'null'
2023/06/16 14:31:34 [TRACE] etqvSHdWuAMgq2UYh9n64f /link/get 컨텍스트저장 UKey:'null'
2023/06/16 14:31:35 [TRACE] 4H7cvt8lzff4BzCtivQhEZ /link/get 컨텍스트저장 UKey:'null'
2023/06/16 14:31:37 [TRACE] hvLniaHD6yG3T7epXrmdK5 ----------------------------------------------------
2023/06/16 14:31:37 [TRACE] hvLniaHD6yG3T7epXrmdK5 /LDtpv 요청토큰: 2567b34e-276b-4e84-bde7-89be15f433fc
2023/06/16 14:31:37 [TRACE] hvLniaHD6yG3T7epXrmdK5 2024-06-07 00:00:00 +0700 +07
2023/06/16 14:31:37 [TRACE] hvLniaHD6yG3T7epXrmdK5 ub.urlybud.aqua.castis.io 라이선스 정상
2023/06/16 14:31:37 [TRACE] hvLniaHD6yG3T7epXrmdK5 LDtpv CheckExists()
2023/06/16 14:31:37 [TRACE] hvLniaHD6yG3T7epXrmdK5 LDtpv CheckSecureLink()
2023/06/16 14:31:37 [TRACE] hvLniaHD6yG3T7epXrmdK5 LDtpv CheckCount()
2023/06/16 14:31:37 [TRACE] hvLniaHD6yG3T7epXrmdK5 LDtpv CheckExpire()
2023/06/16 14:31:37 [TRACE] hvLniaHD6yG3T7epXrmdK5 LDtpv CheckAuth()
2023/06/16 14:31:37 [TRACE] hvLniaHD6yG3T7epXrmdK5 LDtpv ServeLink()
2023/06/16 14:31:37 [TRACE] hvLniaHD6yG3T7epXrmdK5 LDtpv Redirect()
2023/06/16 14:31:37 [TRACE] hvLniaHD6yG3T7epXrmdK5 LDtpv GET 리다이렉트
2023/06/16 14:31:37 [TRACE] hvLniaHD6yG3T7epXrmdK5 /LDtpv 컨텍스트저장 UKey:'LDtpv'
2023/06/16 14:31:38 [TRACE] f26O2KPTvQh585lf5fm3Ie /link/get 컨텍스트저장 UKey:'LDtpv'
2023/06/16 14:31:40 [TRACE] jciORgKQ0RO1uJxaT5yhXo /link/get 컨텍스트저장 UKey:'null'
2023/06/16 14:31:40 [TRACE] f29zjhlBz91eD8kNn9NXE8 /link/get 컨텍스트저장 UKey:'null'
2023/06/16 14:31:41 [TRACE] kfVAk6aP0Bd5ZhKyqlOkRH /link/get 컨텍스트저장 UKey:'null'
2023/06/16 14:31:45 [TRACE] ghT5ow1qbsE2FxP7KTPMNx /link/get 컨텍스트저장 UKey:'null'
2023/06/16 14:31:45 [TRACE] lVXv35ot8EDaLzSRCeMF86 /link/get 컨텍스트저장 UKey:'null'
2023/06/16 14:31:45 [TRACE] bqoIaeDDJFBk6mU6kgBcOD /link/get 컨텍스트저장 UKey:'null'
2023/06/16 14:31:45 [TRACE] bcBxgDqLoaJ1K3I43UFQf /link/get 컨텍스트저장 UKey:'null'
2023/06/16 14:32:00 [TRACE] cgtuEEi2ZtSklo2XvG2un9 /link/get 컨텍스트저장 UKey:'lhDsr'
2023/06/16 14:32:04 [TRACE] 69VapF5zflV7jOSUKaAttm /link/get 컨텍스트저장 UKey:'LDtpv'
2023/06/16 14:32:11 [TRACE] hIPaKBLeQe9kl71Hq5lXt /link/get 컨텍스트저장 UKey:'lhDsr'
2023/06/16 14:32:20 [TRACE] 9sMQmhCAYtXbdAcyIMfHxv /link/get 컨텍스트저장 UKey:'null'
2023/06/16 14:33:28 [TRACE] kNCJ0qzqZ9K9X6JTv7c91V /link/get 컨텍스트저장 UKey:'null'
2023/06/16 14:33:31 [TRACE] fhgbt6EEZzj4UU2GTk44Sx /link/get 컨텍스트저장 UKey:'null'
2023/06/16 14:33:35 [TRACE] 9yAvlbTGKajgmr8ivCah2Z /link/get 컨텍스트저장 UKey:'null'
2023/06/16 15:08:47 [TRACE] fdrYlHe9B2TgASqkrp4YF5 /link/get 컨텍스트저장 UKey:'lhDsr'
2023/06/16 15:10:33 [TRACE] jy1CteLvxfKkJfqmNHCfTj /link/get 컨텍스트저장 UKey:'TKbTi'
2023/06/16 15:10:42 [TRACE] UkFh6mzdVOjN6cDsKTPjv /link/get 컨텍스트저장 UKey:'lhDsr'
2023/06/16 15:12:40 [TRACE] 4uBGpr1pdlF13Sm7EDJeWI /link/get 컨텍스트저장 UKey:'lhDsr'
2023/06/16 15:13:29 [TRACE] kSshtNxu1eEg3KGrnJzdmp /link/get 컨텍스트저장 UKey:'lhDsr'
2023/06/16 15:13:54 [TRACE] 8zq3Y4D371Y91cyOkAYWIP /link/get 컨텍스트저장 UKey:'lhDsr'
2023/06/16 15:14:00 [TRACE] fG0ir1QIpWWhTzRwoXfVVw /link/get 컨텍스트저장 UKey:'lhDsr'
2023/06/16 15:14:01 [TRACE] 9uXxc99rEBmlColiSxM5P9 /link/get 컨텍스트저장 UKey:'lhDsr'
2023/06/16 15:14:02 [TRACE] c6TESkGNPPZbxDDWFvxu5T /link/get 컨텍스트저장 UKey:'lhDsr'
2023/06/16 15:14:02 [TRACE] dvVcJnQW7nyiyMHms4vmSZ /link/get 컨텍스트저장 UKey:'lhDsr'
2023/06/16 15:14:02 [TRACE] dfiDPiuzyie6NMkBWimG00 /link/get 컨텍스트저장 UKey:'lhDsr'
2023/06/16 15:14:03 [TRACE] jeziGSxui1nkxxvkAEXqiE /link/get 컨텍스트저장 UKey:'lhDsr'
2023/06/16 15:14:26 [TRACE] lE5I2p6BDE0hWRh9RZLSL7 /link/get 컨텍스트저장 UKey:'lhDsr'
2023/06/16 15:14:32 [TRACE] 6QMg7A9nze7NmSH2xzN27 /link/get 컨텍스트저장 UKey:'lhDsr'
2023/06/16 15:14:42 [TRACE] 4Msmm1apUPtckqOMCjd4KQ /link/get 컨텍스트저장 UKey:'lhDsr'
2023/06/16 15:14:45 [TRACE] gIX73xjIuZ1h26oA56JqQ2 /link/get 컨텍스트저장 UKey:'lhDsr'
2023/06/16 15:14:46 [TRACE] 93vmMkpNiRsaX2StnYsKOE /link/get 컨텍스트저장 UKey:'lhDsr'
2023/06/16 15:14:47 [TRACE] bhZBLmR3Z6IgbEsIgMNDIW /link/get 컨텍스트저장 UKey:'lhDsr'
2023/06/16 15:14:47 [TRACE] 5yNHNatC1jD9owzrbizs1l /link/get 컨텍스트저장 UKey:'lhDsr'
2023/06/16 15:14:47 [TRACE] dTevOAh3mn06XphXTdE5OC /link/get 컨텍스트저장 UKey:'lhDsr'
2023/06/16 15:14:48 [TRACE] bdgnsuamJCTc4Mp91QbN8l /link/get 컨텍스트저장 UKey:'lhDsr'
2023/06/16 15:14:48 [TRACE] lWeZnXTMVwQl3RjEcTNTXR /link/get 컨텍스트저장 UKey:'lhDsr'
2023/06/16 15:14:48 [TRACE] jl9wrpn0V9t8ayTNOnJYdw /link/get 컨텍스트저장 UKey:'lhDsr'
2023/06/16 15:14:48 [TRACE] 4fdt6eXxR8SkcNMT6GTMi /link/get 컨텍스트저장 UKey:'lhDsr'
2023/06/16 15:14:48 [TRACE] 8AxleD65NZik2M4260Vvka /link/get 컨텍스트저장 UKey:'lhDsr'
2023/06/16 15:14:49 [TRACE] 1NDzAITQ5mhfIcLfp8eXxd /link/get 컨텍스트저장 UKey:'lhDsr'
2023/06/16 15:14:49 [TRACE] 5oDJpuwgroreQGSWetBBkO /link/get 컨텍스트저장 UKey:'lhDsr'
2023/06/16 15:14:49 [TRACE] 2oj8hPtPZLMlNdBP9mfxj7 /link/get 컨텍스트저장 UKey:'lhDsr'
2023/06/16 15:14:49 [TRACE] 3SCIaBsUmDol5VutLBcjEI /link/get 컨텍스트저장 UKey:'lhDsr'
2023/06/16 15:14:49 [TRACE] iFYcULZ3AHDlzE82oFB1oL /link/get 컨텍스트저장 UKey:'lhDsr'
2023/06/16 15:14:50 [TRACE] h81wpHFWocieoWEsy6c2Jr /link/get 컨텍스트저장 UKey:'lhDsr'
2023/06/16 15:14:50 [TRACE] 6O8M0EpcBr13rwvc0KVJnT /link/get 컨텍스트저장 UKey:'lhDsr'
2023/06/16 15:14:50 [TRACE] 6nULXldn7j3ipHJ4miSGjQ /link/get 컨텍스트저장 UKey:'lhDsr'
2023/06/16 15:14:50 [TRACE] 2F6x1uWuDYV6G1zGVUzwAC /link/get 컨텍스트저장 UKey:'lhDsr'
2023/06/16 15:14:50 [TRACE] fkk7veB9G1z8PWRVWwGxzh /link/get 컨텍스트저장 UKey:'lhDsr'
2023/06/16 15:14:51 [TRACE] cCtG9XnTHaI8K1LvAJmfEM /link/get 컨텍스트저장 UKey:'lhDsr'
2023/06/16 15:14:54 [TRACE] jY7rvEUvax3h5KqiAf0SNq /link/get 컨텍스트저장 UKey:'SJkKI'
2023/06/16 15:15:12 [TRACE] ix84PXTKODhfGOfsvGyrpx /link/get 컨텍스트저장 UKey:'njj9e'
2023/06/16 15:15:17 [TRACE] jZTL7T9w0TP6f0jlyNuMbX /link/get 컨텍스트저장 UKey:'lhDsr'
2023/06/16 15:15:43 [TRACE] 7GwXmW3WyfydVf8VAQ7msC /link/get 컨텍스트저장 UKey:'lhDsr'
2023/06/16 15:15:53 [TRACE] b7bqqbUZ2rkgx8WB4polMY /link/get 컨텍스트저장 UKey:'lhDsr'
2023/06/16 15:15:54 [TRACE] qHyj4hPqELbl2U7qoP4Ra /link/get 컨텍스트저장 UKey:'lhDsr'
2023/06/16 15:15:54 [TRACE] b98qMKqmzvx2FwVwXNhS07 /link/get 컨텍스트저장 UKey:'lhDsr'
2023/06/16 15:16:07 [TRACE] 39dPp97TigPYeNRqDDcBI /link/get 컨텍스트저장 UKey:'lhDsr'
2023/06/16 15:16:14 [TRACE] 2h8EIgUjUB04S8sl9fQ835 /link/get 컨텍스트저장 UKey:'lhDsr'
2023/06/16 15:58:46 [TRACE] MLk92JxnnciushGbbUAe6 /link/get 컨텍스트저장 UKey:'lhDsr'
2023/06/16 16:04:29 [TRACE] jybtwJ63o6bjMt146kO9vm /link/get 컨텍스트저장 UKey:'lhDsr'
2023/06/16 16:11:55 [TRACE] lN8WnAFFNjUa67yxoRivg0 /link/get 컨텍스트저장 UKey:'lhDsr'
2023/06/16 16:13:13 [TRACE] 2fuXYcU1cfp7NDLSgRe25k /link/get 컨텍스트저장 UKey:'lhDsr'
2023/06/16 16:45:09 [TRACE] 6YmxxbgJqMbgqmowkKaomu ----------------------------------------------------
2023/06/16 16:45:09 [TRACE] 6YmxxbgJqMbgqmowkKaomu /MEizu 토큰생성: 051b2006-117d-4069-ad8b-a33c7f9d6f7f
2023/06/16 16:45:09 [TRACE] 6YmxxbgJqMbgqmowkKaomu 2024-06-07 00:00:00 +0700 +07
2023/06/16 16:45:09 [TRACE] 6YmxxbgJqMbgqmowkKaomu ub.urlybud.aqua.castis.io 라이선스 정상
2023/06/16 16:45:09 [TRACE] 6YmxxbgJqMbgqmowkKaomu MEizu CheckExists()
2023/06/16 16:45:09 [TRACE] 6YmxxbgJqMbgqmowkKaomu MEizu CheckSecureLink()
2023/06/16 16:45:09 [TRACE] 6YmxxbgJqMbgqmowkKaomu MEizu CheckCount()
2023/06/16 16:45:09 [TRACE] 6YmxxbgJqMbgqmowkKaomu MEizu CheckExpire()
2023/06/16 16:45:09 [TRACE] 6YmxxbgJqMbgqmowkKaomu MEizu CheckAuth()
2023/06/16 16:45:09 [TRACE] 6YmxxbgJqMbgqmowkKaomu MEizu ServeLink()
2023/06/16 16:45:09 [TRACE] 6YmxxbgJqMbgqmowkKaomu MEizu Redirect()
2023/06/16 16:45:09 [TRACE] 6YmxxbgJqMbgqmowkKaomu MEizu GET 리다이렉트
2023/06/16 16:45:09 [TRACE] 6YmxxbgJqMbgqmowkKaomu /MEizu 컨텍스트저장 UKey:'MEizu'
2023/06/16 16:45:14 [TRACE] 79f7YcwQCHGgOXdWmAXkTX /link/get 컨텍스트저장 UKey:'MEizu'
2023/06/16 18:49:14 [TRACE] kZbWKvsw2n0aoUvSR2HbCl ----------------------------------------------------
2023/06/16 18:49:14 [TRACE] kZbWKvsw2n0aoUvSR2HbCl /LDtpv 요청토큰: 2567b34e-276b-4e84-bde7-89be15f433fc
2023/06/16 18:49:14 [TRACE] kZbWKvsw2n0aoUvSR2HbCl 2024-06-07 00:00:00 +0700 +07
2023/06/16 18:49:14 [TRACE] kZbWKvsw2n0aoUvSR2HbCl ub.urlybud.aqua.castis.io 라이선스 정상
2023/06/16 18:49:14 [TRACE] kZbWKvsw2n0aoUvSR2HbCl LDtpv CheckExists()
2023/06/16 18:49:14 [TRACE] kZbWKvsw2n0aoUvSR2HbCl LDtpv CheckSecureLink()
2023/06/16 18:49:14 [TRACE] kZbWKvsw2n0aoUvSR2HbCl LDtpv CheckCount()
2023/06/16 18:49:14 [TRACE] kZbWKvsw2n0aoUvSR2HbCl LDtpv CheckExpire()
2023/06/16 18:49:14 [TRACE] kZbWKvsw2n0aoUvSR2HbCl LDtpv CheckAuth()
2023/06/16 18:49:14 [TRACE] kZbWKvsw2n0aoUvSR2HbCl LDtpv ServeLink()
2023/06/16 18:49:14 [TRACE] kZbWKvsw2n0aoUvSR2HbCl LDtpv Redirect()
2023/06/16 18:49:14 [TRACE] kZbWKvsw2n0aoUvSR2HbCl LDtpv GET 리다이렉트
2023/06/16 18:49:14 [TRACE] kZbWKvsw2n0aoUvSR2HbCl /LDtpv 컨텍스트저장 UKey:'LDtpv'
2023/06/16 18:49:24 [TRACE] hTpVkXtafHYbwTJjTGELNK /link/get 컨텍스트저장 UKey:'LDtpv'
2023/06/16 18:49:28 [TRACE] i5PxVH6ZULyfm5KGSVRG6D /link/get 컨텍스트저장 UKey:'LDtpv'
2023/06/16 18:49:38 [TRACE] 8FiHPsClPFObD5qjyLVpVv ----------------------------------------------------
2023/06/16 18:49:38 [TRACE] 8FiHPsClPFObD5qjyLVpVv /SJlLq 토큰생성: 892774a3-2a26-4ac2-825d-38d9b0408147
2023/06/16 18:49:38 [TRACE] 8FiHPsClPFObD5qjyLVpVv 2024-06-07 00:00:00 +0700 +07
2023/06/16 18:49:38 [TRACE] 8FiHPsClPFObD5qjyLVpVv ub.urlybud.aqua.castis.io 라이선스 정상
2023/06/16 18:49:38 [TRACE] 8FiHPsClPFObD5qjyLVpVv SJlLq CheckExists()
2023/06/16 18:49:38 [TRACE] 8FiHPsClPFObD5qjyLVpVv SJlLq CheckSecureLink()
2023/06/16 18:49:38 [TRACE] 8FiHPsClPFObD5qjyLVpVv SJlLq CheckCount()
2023/06/16 18:49:38 [TRACE] 8FiHPsClPFObD5qjyLVpVv SJlLq CheckExpire()
2023/06/16 18:49:38 [TRACE] 8FiHPsClPFObD5qjyLVpVv SJlLq CheckAuth()
2023/06/16 18:49:38 [TRACE] 8FiHPsClPFObD5qjyLVpVv SJlLq ServeLink()
2023/06/16 18:49:38 [TRACE] 8FiHPsClPFObD5qjyLVpVv SJlLq Redirect()
2023/06/16 18:49:38 [TRACE] 8FiHPsClPFObD5qjyLVpVv SJlLq GET 리다이렉트
2023/06/16 18:49:38 [TRACE] 8FiHPsClPFObD5qjyLVpVv /SJlLq 컨텍스트저장 UKey:'SJlLq'
2023/06/16 18:49:39 [TRACE] gYzU6TZVqqC89dgVJ2YJQh /link/get 컨텍스트저장 UKey:'SJlLq'
2023/06/16 18:50:36 [TRACE] jDMJIEqeR8XjNiTyXnVFJT ----------------------------------------------------
2023/06/16 18:50:36 [TRACE] jDMJIEqeR8XjNiTyXnVFJT /LDtpv 요청토큰: 2567b34e-276b-4e84-bde7-89be15f433fc
2023/06/16 18:50:36 [TRACE] jDMJIEqeR8XjNiTyXnVFJT 2024-06-07 00:00:00 +0700 +07
2023/06/16 18:50:36 [TRACE] jDMJIEqeR8XjNiTyXnVFJT ub.urlybud.aqua.castis.io 라이선스 정상
2023/06/16 18:50:36 [TRACE] jDMJIEqeR8XjNiTyXnVFJT LDtpv CheckExists()
2023/06/16 18:50:36 [TRACE] jDMJIEqeR8XjNiTyXnVFJT LDtpv CheckSecureLink()
2023/06/16 18:50:36 [TRACE] jDMJIEqeR8XjNiTyXnVFJT LDtpv CheckCount()
2023/06/16 18:50:36 [TRACE] jDMJIEqeR8XjNiTyXnVFJT LDtpv CheckExpire()
2023/06/16 18:50:36 [TRACE] jDMJIEqeR8XjNiTyXnVFJT LDtpv CheckAuth()
2023/06/16 18:50:36 [TRACE] jDMJIEqeR8XjNiTyXnVFJT LDtpv ServeLink()
2023/06/16 18:50:36 [TRACE] jDMJIEqeR8XjNiTyXnVFJT LDtpv Redirect()
2023/06/16 18:50:36 [TRACE] jDMJIEqeR8XjNiTyXnVFJT LDtpv GET 리다이렉트
2023/06/16 18:50:36 [TRACE] jDMJIEqeR8XjNiTyXnVFJT /LDtpv 컨텍스트저장 UKey:'LDtpv'
2023/06/16 18:50:37 [TRACE] 5Kp0D0tCCdbcrEG8FsZqki /link/get 컨텍스트저장 UKey:'LDtpv'
2023/06/16 18:50:41 [TRACE] hqNScwLPULkdmTmPtjuqvu ----------------------------------------------------
2023/06/16 18:50:41 [TRACE] hqNScwLPULkdmTmPtjuqvu /fcB3k 요청토큰: 892774a3-2a26-4ac2-825d-38d9b0408147
2023/06/16 18:50:41 [TRACE] hqNScwLPULkdmTmPtjuqvu 2024-06-07 00:00:00 +0700 +07
2023/06/16 18:50:41 [TRACE] hqNScwLPULkdmTmPtjuqvu ub.urlybud.aqua.castis.io 라이선스 정상
2023/06/16 18:50:41 [TRACE] hqNScwLPULkdmTmPtjuqvu fcB3k CheckExists()
2023/06/16 18:50:41 [TRACE] hqNScwLPULkdmTmPtjuqvu fcB3k CheckSecureLink()
2023/06/16 18:50:41 [TRACE] hqNScwLPULkdmTmPtjuqvu fcB3k CheckCount()
2023/06/16 18:50:41 [TRACE] hqNScwLPULkdmTmPtjuqvu fcB3k CheckExpire()
2023/06/16 18:50:41 [TRACE] hqNScwLPULkdmTmPtjuqvu fcB3k CheckAuth()
2023/06/16 18:50:41 [TRACE] hqNScwLPULkdmTmPtjuqvu fcB3k ServeLink()
2023/06/16 18:50:41 [TRACE] hqNScwLPULkdmTmPtjuqvu fcB3k Redirect()
2023/06/16 18:50:41 [TRACE] hqNScwLPULkdmTmPtjuqvu fcB3k GET 리다이렉트
2023/06/16 18:50:41 [TRACE] hqNScwLPULkdmTmPtjuqvu /fcB3k 컨텍스트저장 UKey:'fcB3k'
2023/06/16 18:50:43 [TRACE] jbAKXMMU5GjhEU7JJV8eCk /link/get 컨텍스트저장 UKey:'fcB3k'
2023/06/16 18:54:16 [TRACE] 6mswd4ScY6jiAq9rtWA4rq /link/get 컨텍스트저장 UKey:'fcB3k'
