2023/06/11 17:22:24 [TRACE] kcoDn9LWtX466tZtpOIFBI ----------------------------------------------------
2023/06/11 17:22:24 [TRACE] kcoDn9LWtX466tZtpOIFBI /config.zip 토큰생성: ae58af5a-8430-4426-9421-910816b084d5
2023/06/11 17:22:24 [TRACE] kcoDn9LWtX466tZtpOIFBI 2024-06-07 00:00:00 +0700 +07
2023/06/11 17:22:24 [TRACE] kcoDn9LWtX466tZtpOIFBI ub.urlybud.aqua.castis.io 라이선스 정상
2023/06/11 17:22:24 [TRACE] kcoDn9LWtX466tZtpOIFBI config.zip CheckExists()
2023/06/11 17:22:24 [TRACE] kcoDn9LWtX466tZtpOIFBI config.zip 링크를 찾을 수 없음
2023/06/11 17:22:24 [TRACE] kcoDn9LWtX466tZtpOIFBI ExpectedError() Code:B404 Param:[]
2023/06/11 17:22:24 [TRACE] kcoDn9LWtX466tZtpOIFBI /config.zip 컨텍스트저장 UKey:'config.zip'
2023/06/11 17:22:24 [TRACE] frv1zpkA8Z2hBD46Lw7iff ----------------------------------------------------
2023/06/11 17:22:24 [TRACE] frv1zpkA8Z2hBD46Lw7iff /backups.zip 토큰생성: 9c1a32a6-8b86-4757-98c4-8d62b277ffe3
2023/06/11 17:22:24 [TRACE] frv1zpkA8Z2hBD46Lw7iff 2024-06-07 00:00:00 +0700 +07
2023/06/11 17:22:24 [TRACE] frv1zpkA8Z2hBD46Lw7iff ub.urlybud.aqua.castis.io 라이선스 정상
2023/06/11 17:22:24 [TRACE] frv1zpkA8Z2hBD46Lw7iff backups.zip CheckExists()
2023/06/11 17:22:24 [TRACE] frv1zpkA8Z2hBD46Lw7iff backups.zip 링크를 찾을 수 없음
2023/06/11 17:22:24 [TRACE] frv1zpkA8Z2hBD46Lw7iff ExpectedError() Code:B404 Param:[]
2023/06/11 17:22:24 [TRACE] frv1zpkA8Z2hBD46Lw7iff /backups.zip 컨텍스트저장 UKey:'backups.zip'
2023/06/11 17:22:24 [TRACE] 5HiYA7oxE5rgSl4SA2ukIU ----------------------------------------------------
2023/06/11 17:22:24 [TRACE] 5HiYA7oxE5rgSl4SA2ukIU /2021.zip 토큰생성: 807face4-ae2c-4672-8829-fb961ed11c14
2023/06/11 17:22:24 [TRACE] 5HiYA7oxE5rgSl4SA2ukIU 2024-06-07 00:00:00 +0700 +07
2023/06/11 17:22:24 [TRACE] 5HiYA7oxE5rgSl4SA2ukIU ub.urlybud.aqua.castis.io 라이선스 정상
2023/06/11 17:22:24 [TRACE] 5HiYA7oxE5rgSl4SA2ukIU 2021.zip CheckExists()
2023/06/11 17:22:24 [TRACE] 5HiYA7oxE5rgSl4SA2ukIU 2021.zip 링크를 찾을 수 없음
2023/06/11 17:22:24 [TRACE] 5HiYA7oxE5rgSl4SA2ukIU ExpectedError() Code:B404 Param:[]
2023/06/11 17:22:24 [TRACE] 5HiYA7oxE5rgSl4SA2ukIU /2021.zip 컨텍스트저장 UKey:'2021.zip'
2023/06/11 17:22:25 [TRACE] aMl5XUXho9F5OGsO9iN5wN ----------------------------------------------------
2023/06/11 17:22:25 [TRACE] aMl5XUXho9F5OGsO9iN5wN /wp-config.zip 토큰생성: 3d89138d-db98-435f-bbca-1e2efbd9812e
2023/06/11 17:22:25 [TRACE] aMl5XUXho9F5OGsO9iN5wN 2024-06-07 00:00:00 +0700 +07
2023/06/11 17:22:25 [TRACE] aMl5XUXho9F5OGsO9iN5wN ub.urlybud.aqua.castis.io 라이선스 정상
2023/06/11 17:22:25 [TRACE] aMl5XUXho9F5OGsO9iN5wN wp-config.zip CheckExists()
2023/06/11 17:22:25 [TRACE] aMl5XUXho9F5OGsO9iN5wN wp-config.zip 링크를 찾을 수 없음
2023/06/11 17:22:25 [TRACE] aMl5XUXho9F5OGsO9iN5wN ExpectedError() Code:B404 Param:[]
2023/06/11 17:22:25 [TRACE] aMl5XUXho9F5OGsO9iN5wN /wp-config.zip 컨텍스트저장 UKey:'wp-config.zip'
2023/06/11 17:22:25 [TRACE] 6NOmBUVW7KQ6PAYNIOQelp ----------------------------------------------------
2023/06/11 17:22:25 [TRACE] 6NOmBUVW7KQ6PAYNIOQelp /src.zip 토큰생성: 508b1a63-7381-4910-8656-92207b7519ec
2023/06/11 17:22:25 [TRACE] 6NOmBUVW7KQ6PAYNIOQelp 2024-06-07 00:00:00 +0700 +07
2023/06/11 17:22:25 [TRACE] 6NOmBUVW7KQ6PAYNIOQelp ub.urlybud.aqua.castis.io 라이선스 정상
2023/06/11 17:22:25 [TRACE] 6NOmBUVW7KQ6PAYNIOQelp src.zip CheckExists()
2023/06/11 17:22:25 [TRACE] 6NOmBUVW7KQ6PAYNIOQelp src.zip 링크를 찾을 수 없음
2023/06/11 17:22:25 [TRACE] 6NOmBUVW7KQ6PAYNIOQelp ExpectedError() Code:B404 Param:[]
2023/06/11 17:22:25 [TRACE] 6NOmBUVW7KQ6PAYNIOQelp /src.zip 컨텍스트저장 UKey:'src.zip'
2023/06/11 17:22:25 [TRACE] 2DAhv2aDKo02JqHascEJpA ----------------------------------------------------
2023/06/11 17:22:25 [TRACE] 2DAhv2aDKo02JqHascEJpA /api/v1/pay 토큰생성: 4c5a4c19-7693-4436-8aec-8788cd8a0d53
2023/06/11 17:22:25 [TRACE] 2DAhv2aDKo02JqHascEJpA 2024-06-07 00:00:00 +0700 +07
2023/06/11 17:22:25 [TRACE] 2DAhv2aDKo02JqHascEJpA ub.urlybud.aqua.castis.io 라이선스 정상
2023/06/11 17:22:25 [TRACE] 2DAhv2aDKo02JqHascEJpA pay CheckExists()
2023/06/11 17:22:25 [TRACE] 5fYlVeITe2A49MTihB7jw8 ----------------------------------------------------
2023/06/11 17:22:25 [TRACE] 5fYlVeITe2A49MTihB7jw8 /api/v1/user 토큰생성: d29df8a7-1535-415f-94aa-91dbd4e7851c
2023/06/11 17:22:25 [TRACE] 5fYlVeITe2A49MTihB7jw8 2024-06-07 00:00:00 +0700 +07
2023/06/11 17:22:25 [TRACE] 5fYlVeITe2A49MTihB7jw8 ub.urlybud.aqua.castis.io 라이선스 정상
2023/06/11 17:22:25 [TRACE] 5fYlVeITe2A49MTihB7jw8 user CheckExists()
2023/06/11 17:22:25 [TRACE] 2DAhv2aDKo02JqHascEJpA pay 링크를 찾을 수 없음
2023/06/11 17:22:25 [TRACE] 2DAhv2aDKo02JqHascEJpA ExpectedError() Code:B404 Param:[]
2023/06/11 17:22:25 [TRACE] 2DAhv2aDKo02JqHascEJpA /api/v1/pay 컨텍스트저장 UKey:'pay'
2023/06/11 17:22:25 [TRACE] 5fYlVeITe2A49MTihB7jw8 user 링크를 찾을 수 없음
2023/06/11 17:22:25 [TRACE] 5fYlVeITe2A49MTihB7jw8 ExpectedError() Code:B404 Param:[]
2023/06/11 17:22:25 [TRACE] 5fYlVeITe2A49MTihB7jw8 /api/v1/user 컨텍스트저장 UKey:'user'
2023/06/11 17:22:25 [TRACE] 8v9cUujU3yrsLn1nDCWdT ----------------------------------------------------
2023/06/11 17:22:25 [TRACE] 8v9cUujU3yrsLn1nDCWdT /configs.zip 토큰생성: 80cd09cc-d0aa-4b4d-8e5f-3bc135f88f6e
2023/06/11 17:22:25 [TRACE] 8v9cUujU3yrsLn1nDCWdT 2024-06-07 00:00:00 +0700 +07
2023/06/11 17:22:25 [TRACE] 8v9cUujU3yrsLn1nDCWdT ub.urlybud.aqua.castis.io 라이선스 정상
2023/06/11 17:22:25 [TRACE] 8v9cUujU3yrsLn1nDCWdT configs.zip CheckExists()
2023/06/11 17:22:25 [TRACE] 8v9cUujU3yrsLn1nDCWdT configs.zip 링크를 찾을 수 없음
2023/06/11 17:22:25 [TRACE] 8v9cUujU3yrsLn1nDCWdT ExpectedError() Code:B404 Param:[]
2023/06/11 17:22:25 [TRACE] 8v9cUujU3yrsLn1nDCWdT /configs.zip 컨텍스트저장 UKey:'configs.zip'
2023/06/11 17:22:25 [TRACE] 9tkUMUMuQvs5usQ7mX8QsS ----------------------------------------------------
2023/06/11 17:22:25 [TRACE] 9tkUMUMuQvs5usQ7mX8QsS /api/v1/status 토큰생성: 61a43d0b-eb4e-427b-bd8f-3be2bb036c09
2023/06/11 17:22:25 [TRACE] 9tkUMUMuQvs5usQ7mX8QsS 2024-06-07 00:00:00 +0700 +07
2023/06/11 17:22:25 [TRACE] 9tkUMUMuQvs5usQ7mX8QsS ub.urlybud.aqua.castis.io 라이선스 정상
2023/06/11 17:22:25 [TRACE] 9tkUMUMuQvs5usQ7mX8QsS status CheckExists()
2023/06/11 17:22:25 [TRACE] 9tkUMUMuQvs5usQ7mX8QsS status 링크를 찾을 수 없음
2023/06/11 17:22:25 [TRACE] 9tkUMUMuQvs5usQ7mX8QsS ExpectedError() Code:B404 Param:[]
2023/06/11 17:22:25 [TRACE] 9tkUMUMuQvs5usQ7mX8QsS /api/v1/status 컨텍스트저장 UKey:'status'
2023/06/11 17:22:26 [TRACE] 5H7lJfiAG5s6VXBLFtUjlS ----------------------------------------------------
2023/06/11 17:22:26 [TRACE] 5H7lJfiAG5s6VXBLFtUjlS /tokenlite.zip 토큰생성: 0f944505-0ee5-4f9f-a58e-cf52a9bad194
2023/06/11 17:22:26 [TRACE] 5H7lJfiAG5s6VXBLFtUjlS 2024-06-07 00:00:00 +0700 +07
2023/06/11 17:22:26 [TRACE] 5H7lJfiAG5s6VXBLFtUjlS ub.urlybud.aqua.castis.io 라이선스 정상
2023/06/11 17:22:26 [TRACE] 5H7lJfiAG5s6VXBLFtUjlS tokenlite.zip CheckExists()
2023/06/11 17:22:26 [TRACE] 5H7lJfiAG5s6VXBLFtUjlS tokenlite.zip 링크를 찾을 수 없음
2023/06/11 17:22:26 [TRACE] 5H7lJfiAG5s6VXBLFtUjlS ExpectedError() Code:B404 Param:[]
2023/06/11 17:22:26 [TRACE] 5H7lJfiAG5s6VXBLFtUjlS /tokenlite.zip 컨텍스트저장 UKey:'tokenlite.zip'
2023/06/11 17:22:26 [TRACE] 2lr3HKOIdHf7Khj0edkcDj ----------------------------------------------------
2023/06/11 17:22:26 [TRACE] 2lr3HKOIdHf7Khj0edkcDj / 토큰생성: 2e09a839-5331-4f5b-9c5a-7b5f7d9b1b39
2023/06/11 17:22:26 [TRACE] 2lr3HKOIdHf7Khj0edkcDj 2024-06-07 00:00:00 +0700 +07
2023/06/11 17:22:26 [TRACE] 2lr3HKOIdHf7Khj0edkcDj ub.urlybud.aqua.castis.io 라이선스 정상
2023/06/11 17:22:26 [TRACE] 2lr3HKOIdHf7Khj0edkcDj / CheckExists()
2023/06/11 17:22:26 [TRACE] 2lr3HKOIdHf7Khj0edkcDj / 링크를 찾을 수 없음
2023/06/11 17:22:26 [TRACE] 2lr3HKOIdHf7Khj0edkcDj ExpectedError() Code:B404 Param:[]
2023/06/11 17:22:26 [TRACE] 2lr3HKOIdHf7Khj0edkcDj / 컨텍스트저장 UKey:'/'
2023/06/11 17:22:26 [TRACE] gZQTqW1gN047SSE2HZ2syJ ----------------------------------------------------
2023/06/11 17:22:26 [TRACE] gZQTqW1gN047SSE2HZ2syJ /script.zip 토큰생성: 6ab1e80c-aa8a-4f25-ae2b-da9f63a65d73
2023/06/11 17:22:26 [TRACE] gZQTqW1gN047SSE2HZ2syJ 2024-06-07 00:00:00 +0700 +07
2023/06/11 17:22:26 [TRACE] gZQTqW1gN047SSE2HZ2syJ ub.urlybud.aqua.castis.io 라이선스 정상
2023/06/11 17:22:26 [TRACE] gZQTqW1gN047SSE2HZ2syJ script.zip CheckExists()
2023/06/11 17:22:26 [TRACE] gZQTqW1gN047SSE2HZ2syJ script.zip 링크를 찾을 수 없음
2023/06/11 17:22:26 [TRACE] gZQTqW1gN047SSE2HZ2syJ ExpectedError() Code:B404 Param:[]
2023/06/11 17:22:26 [TRACE] gZQTqW1gN047SSE2HZ2syJ /script.zip 컨텍스트저장 UKey:'script.zip'
2023/06/11 17:22:26 [TRACE] bCBG4fUlw58c1seQHG5tag ----------------------------------------------------
2023/06/11 17:22:26 [TRACE] bCBG4fUlw58c1seQHG5tag /dashboard.zip 토큰생성: 99634bf1-26ad-47fc-93a2-b66d2336d03a
2023/06/11 17:22:26 [TRACE] bCBG4fUlw58c1seQHG5tag 2024-06-07 00:00:00 +0700 +07
2023/06/11 17:22:26 [TRACE] bCBG4fUlw58c1seQHG5tag ub.urlybud.aqua.castis.io 라이선스 정상
2023/06/11 17:22:26 [TRACE] bCBG4fUlw58c1seQHG5tag dashboard.zip CheckExists()
2023/06/11 17:22:26 [TRACE] bCBG4fUlw58c1seQHG5tag dashboard.zip 링크를 찾을 수 없음
2023/06/11 17:22:26 [TRACE] bCBG4fUlw58c1seQHG5tag ExpectedError() Code:B404 Param:[]
2023/06/11 17:22:26 [TRACE] bCBG4fUlw58c1seQHG5tag /dashboard.zip 컨텍스트저장 UKey:'dashboard.zip'
2023/06/11 17:22:27 [TRACE] 8Xq2Cma6XEDkZl28QUDe1N ----------------------------------------------------
2023/06/11 17:22:27 [TRACE] 8Xq2Cma6XEDkZl28QUDe1N /core.zip 토큰생성: 004ec10a-91fd-4a52-868b-f4203057efd8
2023/06/11 17:22:27 [TRACE] 8Xq2Cma6XEDkZl28QUDe1N 2024-06-07 00:00:00 +0700 +07
2023/06/11 17:22:27 [TRACE] 8Xq2Cma6XEDkZl28QUDe1N ub.urlybud.aqua.castis.io 라이선스 정상
2023/06/11 17:22:27 [TRACE] 8Xq2Cma6XEDkZl28QUDe1N core.zip CheckExists()
2023/06/11 17:22:27 [TRACE] 8Xq2Cma6XEDkZl28QUDe1N core.zip 링크를 찾을 수 없음
2023/06/11 17:22:27 [TRACE] 8Xq2Cma6XEDkZl28QUDe1N ExpectedError() Code:B404 Param:[]
2023/06/11 17:22:27 [TRACE] 8Xq2Cma6XEDkZl28QUDe1N /core.zip 컨텍스트저장 UKey:'core.zip'
2023/06/11 17:22:27 [TRACE] 6RmyhXRRl5g9OYrkaOnSaL ----------------------------------------------------
2023/06/11 17:22:27 [TRACE] 6RmyhXRRl5g9OYrkaOnSaL /api.zip 토큰생성: 768ea698-d27e-48d0-ab8c-1c3ee0e89b6e
2023/06/11 17:22:27 [TRACE] 6RmyhXRRl5g9OYrkaOnSaL 2024-06-07 00:00:00 +0700 +07
2023/06/11 17:22:27 [TRACE] 6RmyhXRRl5g9OYrkaOnSaL ub.urlybud.aqua.castis.io 라이선스 정상
2023/06/11 17:22:27 [TRACE] 6RmyhXRRl5g9OYrkaOnSaL api.zip CheckExists()
2023/06/11 17:22:27 [TRACE] 6RmyhXRRl5g9OYrkaOnSaL api.zip 링크를 찾을 수 없음
2023/06/11 17:22:27 [TRACE] 6RmyhXRRl5g9OYrkaOnSaL ExpectedError() Code:B404 Param:[]
2023/06/11 17:22:27 [TRACE] 6RmyhXRRl5g9OYrkaOnSaL /api.zip 컨텍스트저장 UKey:'api.zip'
2023/06/11 17:22:27 [TRACE] 6FUduALpB04413wfRbqSaH ----------------------------------------------------
2023/06/11 17:22:27 [TRACE] 6FUduALpB04413wfRbqSaH /wp-content.zip 토큰생성: b6e753de-7291-43a6-99d5-8aa4bc9857a3
2023/06/11 17:22:27 [TRACE] 6FUduALpB04413wfRbqSaH 2024-06-07 00:00:00 +0700 +07
2023/06/11 17:22:27 [TRACE] 6FUduALpB04413wfRbqSaH ub.urlybud.aqua.castis.io 라이선스 정상
2023/06/11 17:22:27 [TRACE] 6FUduALpB04413wfRbqSaH wp-content.zip CheckExists()
2023/06/11 17:22:27 [TRACE] 6FUduALpB04413wfRbqSaH wp-content.zip 링크를 찾을 수 없음
2023/06/11 17:22:27 [TRACE] 6FUduALpB04413wfRbqSaH ExpectedError() Code:B404 Param:[]
2023/06/11 17:22:27 [TRACE] 6FUduALpB04413wfRbqSaH /wp-content.zip 컨텍스트저장 UKey:'wp-content.zip'
2023/06/11 17:22:27 [TRACE] fQCykYr56kMgkZbWvztkhw ----------------------------------------------------
2023/06/11 17:22:27 [TRACE] fQCykYr56kMgkZbWvztkhw /backup.zip 토큰생성: 7380d5f8-d2aa-41c9-a31a-f212b7072cd3
2023/06/11 17:22:27 [TRACE] fQCykYr56kMgkZbWvztkhw 2024-06-07 00:00:00 +0700 +07
2023/06/11 17:22:27 [TRACE] fQCykYr56kMgkZbWvztkhw ub.urlybud.aqua.castis.io 라이선스 정상
2023/06/11 17:22:27 [TRACE] fQCykYr56kMgkZbWvztkhw backup.zip CheckExists()
2023/06/11 17:22:27 [TRACE] fQCykYr56kMgkZbWvztkhw backup.zip 링크를 찾을 수 없음
2023/06/11 17:22:27 [TRACE] fQCykYr56kMgkZbWvztkhw ExpectedError() Code:B404 Param:[]
2023/06/11 17:22:27 [TRACE] fQCykYr56kMgkZbWvztkhw /backup.zip 컨텍스트저장 UKey:'backup.zip'
2023/06/11 17:22:28 [TRACE] 6CMnjqxuZRQiSmogncUgaO ----------------------------------------------------
2023/06/11 17:22:28 [TRACE] 6CMnjqxuZRQiSmogncUgaO /_ignition/execute-solution 토큰생성: a5364a3c-f700-4c06-b3f9-5ee4b13e59db
2023/06/11 17:22:28 [TRACE] 6CMnjqxuZRQiSmogncUgaO 2024-06-07 00:00:00 +0700 +07
2023/06/11 17:22:28 [TRACE] 6CMnjqxuZRQiSmogncUgaO ub.urlybud.aqua.castis.io 라이선스 정상
2023/06/11 17:22:28 [TRACE] 6CMnjqxuZRQiSmogncUgaO execute-solution CheckExists()
2023/06/11 17:22:28 [TRACE] hrq4l6ABqE0dQPMK8RHmKf ----------------------------------------------------
2023/06/11 17:22:28 [TRACE] hrq4l6ABqE0dQPMK8RHmKf /htdocs.zip 토큰생성: 55868e47-7d57-47c7-9bd0-e9128ed8ffb3
2023/06/11 17:22:28 [TRACE] hrq4l6ABqE0dQPMK8RHmKf 2024-06-07 00:00:00 +0700 +07
2023/06/11 17:22:28 [TRACE] hrq4l6ABqE0dQPMK8RHmKf ub.urlybud.aqua.castis.io 라이선스 정상
2023/06/11 17:22:28 [TRACE] hrq4l6ABqE0dQPMK8RHmKf htdocs.zip CheckExists()
2023/06/11 17:22:28 [TRACE] kb0kwyRr1zh3zx38ALBviR ----------------------------------------------------
2023/06/11 17:22:28 [TRACE] kb0kwyRr1zh3zx38ALBviR /system.zip 토큰생성: 3fa86c8a-b075-4c73-9087-39360e5a49a5
2023/06/11 17:22:28 [TRACE] kb0kwyRr1zh3zx38ALBviR 2024-06-07 00:00:00 +0700 +07
2023/06/11 17:22:28 [TRACE] kb0kwyRr1zh3zx38ALBviR ub.urlybud.aqua.castis.io 라이선스 정상
2023/06/11 17:22:28 [TRACE] kb0kwyRr1zh3zx38ALBviR system.zip CheckExists()
2023/06/11 17:22:28 [TRACE] 6CMnjqxuZRQiSmogncUgaO execute-solution 링크를 찾을 수 없음
2023/06/11 17:22:28 [TRACE] 6CMnjqxuZRQiSmogncUgaO ExpectedError() Code:B404 Param:[]
2023/06/11 17:22:28 [TRACE] 6CMnjqxuZRQiSmogncUgaO /_ignition/execute-solution 컨텍스트저장 UKey:'execute-solution'
2023/06/11 17:22:28 [TRACE] hrq4l6ABqE0dQPMK8RHmKf htdocs.zip 링크를 찾을 수 없음
2023/06/11 17:22:28 [TRACE] hrq4l6ABqE0dQPMK8RHmKf ExpectedError() Code:B404 Param:[]
2023/06/11 17:22:28 [TRACE] hrq4l6ABqE0dQPMK8RHmKf /htdocs.zip 컨텍스트저장 UKey:'htdocs.zip'
2023/06/11 17:22:28 [TRACE] kb0kwyRr1zh3zx38ALBviR system.zip 링크를 찾을 수 없음
2023/06/11 17:22:28 [TRACE] kb0kwyRr1zh3zx38ALBviR ExpectedError() Code:B404 Param:[]
2023/06/11 17:22:28 [TRACE] kb0kwyRr1zh3zx38ALBviR /system.zip 컨텍스트저장 UKey:'system.zip'
2023/06/11 17:22:28 [TRACE] 2Ioxld7bnHf7dCiIQiJyOf ----------------------------------------------------
2023/06/11 17:22:28 [TRACE] 2Ioxld7bnHf7dCiIQiJyOf /public_html.zip 토큰생성: b5e9667c-312b-457b-862c-4771d508c4cc
2023/06/11 17:22:28 [TRACE] 2Ioxld7bnHf7dCiIQiJyOf 2024-06-07 00:00:00 +0700 +07
2023/06/11 17:22:28 [TRACE] 2Ioxld7bnHf7dCiIQiJyOf ub.urlybud.aqua.castis.io 라이선스 정상
2023/06/11 17:22:28 [TRACE] 2Ioxld7bnHf7dCiIQiJyOf public_html.zip CheckExists()
2023/06/11 17:22:28 [TRACE] 2Ioxld7bnHf7dCiIQiJyOf public_html.zip 링크를 찾을 수 없음
2023/06/11 17:22:28 [TRACE] 2Ioxld7bnHf7dCiIQiJyOf ExpectedError() Code:B404 Param:[]
2023/06/11 17:22:28 [TRACE] 2Ioxld7bnHf7dCiIQiJyOf /public_html.zip 컨텍스트저장 UKey:'public_html.zip'
2023/06/11 17:22:29 [TRACE] fzWD7PNARMA4GDR0HGAlVA ----------------------------------------------------
2023/06/11 17:22:29 [TRACE] fzWD7PNARMA4GDR0HGAlVA /run.zip 토큰생성: e23a23ff-9a2d-43b0-8d04-e76105207629
2023/06/11 17:22:29 [TRACE] fzWD7PNARMA4GDR0HGAlVA 2024-06-07 00:00:00 +0700 +07
2023/06/11 17:22:29 [TRACE] fzWD7PNARMA4GDR0HGAlVA ub.urlybud.aqua.castis.io 라이선스 정상
2023/06/11 17:22:29 [TRACE] fzWD7PNARMA4GDR0HGAlVA run.zip CheckExists()
2023/06/11 17:22:29 [TRACE] fzWD7PNARMA4GDR0HGAlVA run.zip 링크를 찾을 수 없음
2023/06/11 17:22:29 [TRACE] fzWD7PNARMA4GDR0HGAlVA ExpectedError() Code:B404 Param:[]
2023/06/11 17:22:29 [TRACE] fzWD7PNARMA4GDR0HGAlVA /run.zip 컨텍스트저장 UKey:'run.zip'
2023/06/11 17:22:29 [TRACE] 9cs75FDmT8Fc3fSVpPMR2n ----------------------------------------------------
2023/06/11 17:22:29 [TRACE] 9cs75FDmT8Fc3fSVpPMR2n /database.zip 토큰생성: 3e76daf5-6b60-4d7d-824e-1158071e68de
2023/06/11 17:22:29 [TRACE] 9cs75FDmT8Fc3fSVpPMR2n 2024-06-07 00:00:00 +0700 +07
2023/06/11 17:22:29 [TRACE] 9cs75FDmT8Fc3fSVpPMR2n ub.urlybud.aqua.castis.io 라이선스 정상
2023/06/11 17:22:29 [TRACE] 9cs75FDmT8Fc3fSVpPMR2n database.zip CheckExists()
2023/06/11 17:22:29 [TRACE] 9cs75FDmT8Fc3fSVpPMR2n database.zip 링크를 찾을 수 없음
2023/06/11 17:22:29 [TRACE] 9cs75FDmT8Fc3fSVpPMR2n ExpectedError() Code:B404 Param:[]
2023/06/11 17:22:29 [TRACE] 9cs75FDmT8Fc3fSVpPMR2n /database.zip 컨텍스트저장 UKey:'database.zip'
2023/06/11 17:22:29 [TRACE] cm6ypXzOFw3aPGIuuiJcp2 ----------------------------------------------------
2023/06/11 17:22:29 [TRACE] cm6ypXzOFw3aPGIuuiJcp2 /_ignition/execute-solution 토큰생성: f9975165-caaf-4903-a6c4-86ff7bed484f
2023/06/11 17:22:29 [TRACE] cm6ypXzOFw3aPGIuuiJcp2 2024-06-07 00:00:00 +0700 +07
2023/06/11 17:22:29 [TRACE] cm6ypXzOFw3aPGIuuiJcp2 ub.urlybud.aqua.castis.io 라이선스 정상
2023/06/11 17:22:29 [TRACE] cm6ypXzOFw3aPGIuuiJcp2 execute-solution CheckExists()
2023/06/11 17:22:29 [TRACE] cm6ypXzOFw3aPGIuuiJcp2 execute-solution 링크를 찾을 수 없음
2023/06/11 17:22:29 [TRACE] cm6ypXzOFw3aPGIuuiJcp2 ExpectedError() Code:B404 Param:[]
2023/06/11 17:22:29 [TRACE] cm6ypXzOFw3aPGIuuiJcp2 /_ignition/execute-solution 컨텍스트저장 UKey:'execute-solution'
2023/06/11 17:22:29 [TRACE] gArMAX4Adn4Vr43HjZOru ----------------------------------------------------
2023/06/11 17:22:29 [TRACE] gArMAX4Adn4Vr43HjZOru /lib.zip 토큰생성: 4a5ee54f-a0f2-4bb9-811e-344e8d62d157
2023/06/11 17:22:29 [TRACE] gArMAX4Adn4Vr43HjZOru 2024-06-07 00:00:00 +0700 +07
2023/06/11 17:22:29 [TRACE] gArMAX4Adn4Vr43HjZOru ub.urlybud.aqua.castis.io 라이선스 정상
2023/06/11 17:22:29 [TRACE] gArMAX4Adn4Vr43HjZOru lib.zip CheckExists()
2023/06/11 17:22:29 [TRACE] gArMAX4Adn4Vr43HjZOru lib.zip 링크를 찾을 수 없음
2023/06/11 17:22:29 [TRACE] gArMAX4Adn4Vr43HjZOru ExpectedError() Code:B404 Param:[]
2023/06/11 17:22:29 [TRACE] gArMAX4Adn4Vr43HjZOru /lib.zip 컨텍스트저장 UKey:'lib.zip'
2023/06/11 17:22:30 [TRACE] 9bxUyELmP2i9qgtmMKH83J ----------------------------------------------------
2023/06/11 17:22:30 [TRACE] 9bxUyELmP2i9qgtmMKH83J /v2.zip 토큰생성: 9f19b22e-3e0b-4b5b-9541-03a19d36ffb7
2023/06/11 17:22:30 [TRACE] 9bxUyELmP2i9qgtmMKH83J 2024-06-07 00:00:00 +0700 +07
2023/06/11 17:22:30 [TRACE] 9bxUyELmP2i9qgtmMKH83J ub.urlybud.aqua.castis.io 라이선스 정상
2023/06/11 17:22:30 [TRACE] 9bxUyELmP2i9qgtmMKH83J v2.zip CheckExists()
2023/06/11 17:22:30 [TRACE] 9bxUyELmP2i9qgtmMKH83J v2.zip 링크를 찾을 수 없음
2023/06/11 17:22:30 [TRACE] 9bxUyELmP2i9qgtmMKH83J ExpectedError() Code:B404 Param:[]
2023/06/11 17:22:30 [TRACE] 9bxUyELmP2i9qgtmMKH83J /v2.zip 컨텍스트저장 UKey:'v2.zip'
2023/06/11 17:22:30 [TRACE] 6eFSUxiUhNPffGBiZgHD5U ----------------------------------------------------
2023/06/11 17:22:30 [TRACE] 6eFSUxiUhNPffGBiZgHD5U /scripts.zip 토큰생성: 8580bd00-725f-447e-98e5-c5f14f4757ef
2023/06/11 17:22:30 [TRACE] 6eFSUxiUhNPffGBiZgHD5U 2024-06-07 00:00:00 +0700 +07
2023/06/11 17:22:30 [TRACE] 6eFSUxiUhNPffGBiZgHD5U ub.urlybud.aqua.castis.io 라이선스 정상
2023/06/11 17:22:30 [TRACE] 6eFSUxiUhNPffGBiZgHD5U scripts.zip CheckExists()
2023/06/11 17:22:30 [TRACE] 6eFSUxiUhNPffGBiZgHD5U scripts.zip 링크를 찾을 수 없음
2023/06/11 17:22:30 [TRACE] 6eFSUxiUhNPffGBiZgHD5U ExpectedError() Code:B404 Param:[]
2023/06/11 17:22:30 [TRACE] 6eFSUxiUhNPffGBiZgHD5U /scripts.zip 컨텍스트저장 UKey:'scripts.zip'
2023/06/11 17:22:30 [TRACE] iQwTiHpMuEOgWhCwbgXgm0 ----------------------------------------------------
2023/06/11 17:22:30 [TRACE] iQwTiHpMuEOgWhCwbgXgm0 /_ignition/execute-solution 토큰생성: 430c3c42-42be-4118-9c47-3bc701dc2afc
2023/06/11 17:22:30 [TRACE] iQwTiHpMuEOgWhCwbgXgm0 2024-06-07 00:00:00 +0700 +07
2023/06/11 17:22:30 [TRACE] iQwTiHpMuEOgWhCwbgXgm0 ub.urlybud.aqua.castis.io 라이선스 정상
2023/06/11 17:22:30 [TRACE] iQwTiHpMuEOgWhCwbgXgm0 execute-solution CheckExists()
2023/06/11 17:22:30 [TRACE] iQwTiHpMuEOgWhCwbgXgm0 execute-solution 링크를 찾을 수 없음
2023/06/11 17:22:30 [TRACE] iQwTiHpMuEOgWhCwbgXgm0 ExpectedError() Code:B404 Param:[]
2023/06/11 17:22:30 [TRACE] iQwTiHpMuEOgWhCwbgXgm0 /_ignition/execute-solution 컨텍스트저장 UKey:'execute-solution'
2023/06/11 17:22:30 [TRACE] 8PET9lTmvpp8IHRxjPINr7 ----------------------------------------------------
2023/06/11 17:22:30 [TRACE] 8PET9lTmvpp8IHRxjPINr7 /beta.zip 토큰생성: 6cb21bc2-6f60-4ef1-a671-d39ff8a89d90
2023/06/11 17:22:30 [TRACE] 8PET9lTmvpp8IHRxjPINr7 2024-06-07 00:00:00 +0700 +07
2023/06/11 17:22:30 [TRACE] 8PET9lTmvpp8IHRxjPINr7 ub.urlybud.aqua.castis.io 라이선스 정상
2023/06/11 17:22:30 [TRACE] 8PET9lTmvpp8IHRxjPINr7 beta.zip CheckExists()
2023/06/11 17:22:30 [TRACE] 8PET9lTmvpp8IHRxjPINr7 beta.zip 링크를 찾을 수 없음
2023/06/11 17:22:30 [TRACE] 8PET9lTmvpp8IHRxjPINr7 ExpectedError() Code:B404 Param:[]
2023/06/11 17:22:30 [TRACE] 8PET9lTmvpp8IHRxjPINr7 /beta.zip 컨텍스트저장 UKey:'beta.zip'
2023/06/11 17:22:31 [TRACE] 5Mpi60GQlXCcwVizlIfZjt ----------------------------------------------------
2023/06/11 17:22:31 [TRACE] 5Mpi60GQlXCcwVizlIfZjt /v1.zip 토큰생성: 2801baac-f0c2-49f1-ae5a-bcaa9d6b73a5
2023/06/11 17:22:31 [TRACE] 5Mpi60GQlXCcwVizlIfZjt 2024-06-07 00:00:00 +0700 +07
2023/06/11 17:22:31 [TRACE] 5Mpi60GQlXCcwVizlIfZjt ub.urlybud.aqua.castis.io 라이선스 정상
2023/06/11 17:22:31 [TRACE] 5Mpi60GQlXCcwVizlIfZjt v1.zip CheckExists()
2023/06/11 17:22:31 [TRACE] 7q3NcictzPjkfOLpJJSbyB ----------------------------------------------------
2023/06/11 17:22:31 [TRACE] 7q3NcictzPjkfOLpJJSbyB /_ignition/execute-solution 토큰생성: 8e1d7cf7-f157-4944-8b32-063f7355422c
2023/06/11 17:22:31 [TRACE] 7q3NcictzPjkfOLpJJSbyB 2024-06-07 00:00:00 +0700 +07
2023/06/11 17:22:31 [TRACE] 7q3NcictzPjkfOLpJJSbyB ub.urlybud.aqua.castis.io 라이선스 정상
2023/06/11 17:22:31 [TRACE] 7q3NcictzPjkfOLpJJSbyB execute-solution CheckExists()
2023/06/11 17:22:31 [TRACE] 5Mpi60GQlXCcwVizlIfZjt v1.zip 링크를 찾을 수 없음
2023/06/11 17:22:31 [TRACE] 5Mpi60GQlXCcwVizlIfZjt ExpectedError() Code:B404 Param:[]
2023/06/11 17:22:31 [TRACE] 5Mpi60GQlXCcwVizlIfZjt /v1.zip 컨텍스트저장 UKey:'v1.zip'
2023/06/11 17:22:31 [TRACE] 7q3NcictzPjkfOLpJJSbyB execute-solution 링크를 찾을 수 없음
2023/06/11 17:22:31 [TRACE] 7q3NcictzPjkfOLpJJSbyB ExpectedError() Code:B404 Param:[]
2023/06/11 17:22:31 [TRACE] 7q3NcictzPjkfOLpJJSbyB /_ignition/execute-solution 컨텍스트저장 UKey:'execute-solution'
2023/06/11 17:22:31 [TRACE] jaI2OFDHIPZa0iU16g9snB ----------------------------------------------------
2023/06/11 17:22:31 [TRACE] jaI2OFDHIPZa0iU16g9snB /root.zip 토큰생성: 97a74486-c0be-4bb5-b843-848f2b5e4975
2023/06/11 17:22:31 [TRACE] jaI2OFDHIPZa0iU16g9snB 2024-06-07 00:00:00 +0700 +07
2023/06/11 17:22:31 [TRACE] jaI2OFDHIPZa0iU16g9snB ub.urlybud.aqua.castis.io 라이선스 정상
2023/06/11 17:22:31 [TRACE] jaI2OFDHIPZa0iU16g9snB root.zip CheckExists()
2023/06/11 17:22:31 [TRACE] jaI2OFDHIPZa0iU16g9snB root.zip 링크를 찾을 수 없음
2023/06/11 17:22:31 [TRACE] jaI2OFDHIPZa0iU16g9snB ExpectedError() Code:B404 Param:[]
2023/06/11 17:22:31 [TRACE] jaI2OFDHIPZa0iU16g9snB /root.zip 컨텍스트저장 UKey:'root.zip'
2023/06/11 17:22:31 [TRACE] ltwFu0K6phHbH738oAUTtj ----------------------------------------------------
2023/06/11 17:22:31 [TRACE] ltwFu0K6phHbH738oAUTtj /uploads.zip 토큰생성: cb463e8b-676d-4fbc-bc48-a03f470d27bd
2023/06/11 17:22:31 [TRACE] ltwFu0K6phHbH738oAUTtj 2024-06-07 00:00:00 +0700 +07
2023/06/11 17:22:31 [TRACE] ltwFu0K6phHbH738oAUTtj ub.urlybud.aqua.castis.io 라이선스 정상
2023/06/11 17:22:31 [TRACE] ltwFu0K6phHbH738oAUTtj uploads.zip CheckExists()
2023/06/11 17:22:31 [TRACE] ltwFu0K6phHbH738oAUTtj uploads.zip 링크를 찾을 수 없음
2023/06/11 17:22:31 [TRACE] ltwFu0K6phHbH738oAUTtj ExpectedError() Code:B404 Param:[]
2023/06/11 17:22:31 [TRACE] ltwFu0K6phHbH738oAUTtj /uploads.zip 컨텍스트저장 UKey:'uploads.zip'
2023/06/11 17:22:31 [TRACE] 3KjULf80tqEhRFm5edkDZm ----------------------------------------------------
2023/06/11 17:22:31 [TRACE] 3KjULf80tqEhRFm5edkDZm /ub.urlybud.aqua.castis.io.zip 토큰생성: 479fe0f4-554c-4f9c-8798-d84868b7109c
2023/06/11 17:22:31 [TRACE] 3KjULf80tqEhRFm5edkDZm 2024-06-07 00:00:00 +0700 +07
2023/06/11 17:22:31 [TRACE] 3KjULf80tqEhRFm5edkDZm ub.urlybud.aqua.castis.io 라이선스 정상
2023/06/11 17:22:31 [TRACE] 3KjULf80tqEhRFm5edkDZm ub.urlybud.aqua.castis.io.zip CheckExists()
2023/06/11 17:22:31 [TRACE] 3KjULf80tqEhRFm5edkDZm ub.urlybud.aqua.castis.io.zip 링크를 찾을 수 없음
2023/06/11 17:22:31 [TRACE] 3KjULf80tqEhRFm5edkDZm ExpectedError() Code:B404 Param:[]
2023/06/11 17:22:31 [TRACE] 3KjULf80tqEhRFm5edkDZm /ub.urlybud.aqua.castis.io.zip 컨텍스트저장 UKey:'ub.urlybud.aqua.castis.io.zip'
2023/06/11 17:22:31 [TRACE] 56d05pPi1zshXgSmw1qoOc ----------------------------------------------------
2023/06/11 17:22:31 [TRACE] 56d05pPi1zshXgSmw1qoOc /_ignition/execute-solution 토큰생성: 602a65b5-fd55-4675-af14-fbaa77e13b65
2023/06/11 17:22:31 [TRACE] 56d05pPi1zshXgSmw1qoOc 2024-06-07 00:00:00 +0700 +07
2023/06/11 17:22:31 [TRACE] 56d05pPi1zshXgSmw1qoOc ub.urlybud.aqua.castis.io 라이선스 정상
2023/06/11 17:22:31 [TRACE] 56d05pPi1zshXgSmw1qoOc execute-solution CheckExists()
2023/06/11 17:22:31 [TRACE] iEXpnolhXyHoenTaOM9Sh ----------------------------------------------------
2023/06/11 17:22:31 [TRACE] iEXpnolhXyHoenTaOM9Sh /cgi-bin.zip 토큰생성: 1fb1f11b-7a24-4fab-a12f-b2cb31d5e18d
2023/06/11 17:22:31 [TRACE] iEXpnolhXyHoenTaOM9Sh 2024-06-07 00:00:00 +0700 +07
2023/06/11 17:22:31 [TRACE] iEXpnolhXyHoenTaOM9Sh ub.urlybud.aqua.castis.io 라이선스 정상
2023/06/11 17:22:31 [TRACE] iEXpnolhXyHoenTaOM9Sh cgi-bin.zip CheckExists()
2023/06/11 17:22:31 [TRACE] 56d05pPi1zshXgSmw1qoOc execute-solution 링크를 찾을 수 없음
2023/06/11 17:22:31 [TRACE] 56d05pPi1zshXgSmw1qoOc ExpectedError() Code:B404 Param:[]
2023/06/11 17:22:31 [TRACE] 56d05pPi1zshXgSmw1qoOc /_ignition/execute-solution 컨텍스트저장 UKey:'execute-solution'
2023/06/11 17:22:31 [TRACE] iEXpnolhXyHoenTaOM9Sh cgi-bin.zip 링크를 찾을 수 없음
2023/06/11 17:22:31 [TRACE] iEXpnolhXyHoenTaOM9Sh ExpectedError() Code:B404 Param:[]
2023/06/11 17:22:31 [TRACE] iEXpnolhXyHoenTaOM9Sh /cgi-bin.zip 컨텍스트저장 UKey:'cgi-bin.zip'
2023/06/11 17:22:32 [TRACE] iEbKPtCGzi5cjwwDSmJwPU ----------------------------------------------------
2023/06/11 17:22:32 [TRACE] iEbKPtCGzi5cjwwDSmJwPU /old.zip 토큰생성: db0259c3-455f-43c2-af9e-acfb4c0752ea
2023/06/11 17:22:32 [TRACE] iEbKPtCGzi5cjwwDSmJwPU 2024-06-07 00:00:00 +0700 +07
2023/06/11 17:22:32 [TRACE] iEbKPtCGzi5cjwwDSmJwPU ub.urlybud.aqua.castis.io 라이선스 정상
2023/06/11 17:22:32 [TRACE] iEbKPtCGzi5cjwwDSmJwPU old.zip CheckExists()
2023/06/11 17:22:32 [TRACE] iEbKPtCGzi5cjwwDSmJwPU old.zip 링크를 찾을 수 없음
2023/06/11 17:22:32 [TRACE] iEbKPtCGzi5cjwwDSmJwPU ExpectedError() Code:B404 Param:[]
2023/06/11 17:22:32 [TRACE] iEbKPtCGzi5cjwwDSmJwPU /old.zip 컨텍스트저장 UKey:'old.zip'
2023/06/11 17:22:32 [TRACE] 95f9DqQg13udAx7NPduYYd ----------------------------------------------------
2023/06/11 17:22:32 [TRACE] 95f9DqQg13udAx7NPduYYd /_ignition/execute-solution 토큰생성: f4078e90-e2b8-418d-b6a7-c4bdbc204d85
2023/06/11 17:22:32 [TRACE] 95f9DqQg13udAx7NPduYYd 2024-06-07 00:00:00 +0700 +07
2023/06/11 17:22:32 [TRACE] 95f9DqQg13udAx7NPduYYd ub.urlybud.aqua.castis.io 라이선스 정상
2023/06/11 17:22:32 [TRACE] 95f9DqQg13udAx7NPduYYd execute-solution CheckExists()
2023/06/11 17:22:32 [TRACE] 95f9DqQg13udAx7NPduYYd execute-solution 링크를 찾을 수 없음
2023/06/11 17:22:32 [TRACE] 95f9DqQg13udAx7NPduYYd ExpectedError() Code:B404 Param:[]
2023/06/11 17:22:32 [TRACE] 95f9DqQg13udAx7NPduYYd /_ignition/execute-solution 컨텍스트저장 UKey:'execute-solution'
2023/06/11 17:22:32 [TRACE] 6SBzLsNcVxfjawjCqOZZSJ ----------------------------------------------------
2023/06/11 17:22:32 [TRACE] 6SBzLsNcVxfjawjCqOZZSJ /ub.urlybud.aqua.castis.io.tar.gz 토큰생성: 22d47b8c-d207-4b62-910a-3268467ecc18
2023/06/11 17:22:32 [TRACE] 6SBzLsNcVxfjawjCqOZZSJ 2024-06-07 00:00:00 +0700 +07
2023/06/11 17:22:32 [TRACE] 6SBzLsNcVxfjawjCqOZZSJ ub.urlybud.aqua.castis.io 라이선스 정상
2023/06/11 17:22:32 [TRACE] 6SBzLsNcVxfjawjCqOZZSJ ub.urlybud.aqua.castis.io.tar.gz CheckExists()
2023/06/11 17:22:32 [TRACE] 6SBzLsNcVxfjawjCqOZZSJ ub.urlybud.aqua.castis.io.tar.gz 링크를 찾을 수 없음
2023/06/11 17:22:32 [TRACE] 6SBzLsNcVxfjawjCqOZZSJ ExpectedError() Code:B404 Param:[]
2023/06/11 17:22:32 [TRACE] 6SBzLsNcVxfjawjCqOZZSJ /ub.urlybud.aqua.castis.io.tar.gz 컨텍스트저장 UKey:'ub.urlybud.aqua.castis.io.tar.gz'
2023/06/11 17:22:32 [TRACE] cRdGRexFuy6aNGFhxUSOsS ----------------------------------------------------
2023/06/11 17:22:32 [TRACE] cRdGRexFuy6aNGFhxUSOsS /.well-known.zip 토큰생성: 71eb2db8-fb86-4e9a-812e-570c5ff4d1f6
2023/06/11 17:22:32 [TRACE] cRdGRexFuy6aNGFhxUSOsS 2024-06-07 00:00:00 +0700 +07
2023/06/11 17:22:32 [TRACE] cRdGRexFuy6aNGFhxUSOsS ub.urlybud.aqua.castis.io 라이선스 정상
2023/06/11 17:22:32 [TRACE] cRdGRexFuy6aNGFhxUSOsS .well-known.zip CheckExists()
2023/06/11 17:22:32 [TRACE] cRdGRexFuy6aNGFhxUSOsS .well-known.zip 링크를 찾을 수 없음
2023/06/11 17:22:32 [TRACE] cRdGRexFuy6aNGFhxUSOsS ExpectedError() Code:B404 Param:[]
2023/06/11 17:22:32 [TRACE] cRdGRexFuy6aNGFhxUSOsS /.well-known.zip 컨텍스트저장 UKey:'.well-known.zip'
2023/06/11 17:22:32 [TRACE] hr8lio9W5Nm1sugD3i8eNB ----------------------------------------------------
2023/06/11 17:22:32 [TRACE] hr8lio9W5Nm1sugD3i8eNB /backend.zip 토큰생성: 19b6eef5-b54f-4f1f-89c6-fcb09db78fd6
2023/06/11 17:22:32 [TRACE] hr8lio9W5Nm1sugD3i8eNB 2024-06-07 00:00:00 +0700 +07
2023/06/11 17:22:32 [TRACE] hr8lio9W5Nm1sugD3i8eNB ub.urlybud.aqua.castis.io 라이선스 정상
2023/06/11 17:22:32 [TRACE] hr8lio9W5Nm1sugD3i8eNB backend.zip CheckExists()
2023/06/11 17:22:32 [TRACE] hr8lio9W5Nm1sugD3i8eNB backend.zip 링크를 찾을 수 없음
2023/06/11 17:22:32 [TRACE] hr8lio9W5Nm1sugD3i8eNB ExpectedError() Code:B404 Param:[]
2023/06/11 17:22:32 [TRACE] hr8lio9W5Nm1sugD3i8eNB /backend.zip 컨텍스트저장 UKey:'backend.zip'
2023/06/11 17:22:33 [TRACE] 9D78FGHYIHZ9D60wKLlvKo ----------------------------------------------------
2023/06/11 17:22:33 [TRACE] 9D78FGHYIHZ9D60wKLlvKo /_ignition/execute-solution 토큰생성: 713dc656-43e3-4379-bb3e-282ba4cfe10f
2023/06/11 17:22:33 [TRACE] 9D78FGHYIHZ9D60wKLlvKo 2024-06-07 00:00:00 +0700 +07
2023/06/11 17:22:33 [TRACE] 9D78FGHYIHZ9D60wKLlvKo ub.urlybud.aqua.castis.io 라이선스 정상
2023/06/11 17:22:33 [TRACE] 9D78FGHYIHZ9D60wKLlvKo execute-solution CheckExists()
2023/06/11 17:22:33 [TRACE] 9D78FGHYIHZ9D60wKLlvKo execute-solution 링크를 찾을 수 없음
2023/06/11 17:22:33 [TRACE] 9D78FGHYIHZ9D60wKLlvKo ExpectedError() Code:B404 Param:[]
2023/06/11 17:22:33 [TRACE] 9D78FGHYIHZ9D60wKLlvKo /_ignition/execute-solution 컨텍스트저장 UKey:'execute-solution'
2023/06/11 17:22:33 [TRACE] 3CfYUSR9ni9aWhNrDxQRhz ----------------------------------------------------
2023/06/11 17:22:33 [TRACE] 3CfYUSR9ni9aWhNrDxQRhz /home1.zip 토큰생성: 04e3bb29-1de5-4194-9c1f-beba221bb406
2023/06/11 17:22:33 [TRACE] 3CfYUSR9ni9aWhNrDxQRhz 2024-06-07 00:00:00 +0700 +07
2023/06/11 17:22:33 [TRACE] 3CfYUSR9ni9aWhNrDxQRhz ub.urlybud.aqua.castis.io 라이선스 정상
2023/06/11 17:22:33 [TRACE] 3CfYUSR9ni9aWhNrDxQRhz home1.zip CheckExists()
2023/06/11 17:22:33 [TRACE] 3CfYUSR9ni9aWhNrDxQRhz home1.zip 링크를 찾을 수 없음
2023/06/11 17:22:33 [TRACE] 3CfYUSR9ni9aWhNrDxQRhz ExpectedError() Code:B404 Param:[]
2023/06/11 17:22:33 [TRACE] 3CfYUSR9ni9aWhNrDxQRhz /home1.zip 컨텍스트저장 UKey:'home1.zip'
2023/06/11 17:22:33 [TRACE] cgtbllTa3CphS9HGQcSdiZ ----------------------------------------------------
2023/06/11 17:22:33 [TRACE] cgtbllTa3CphS9HGQcSdiZ /db.zip 토큰생성: fc949157-2430-49b3-be75-a4f48863a0f0
2023/06/11 17:22:33 [TRACE] cgtbllTa3CphS9HGQcSdiZ 2024-06-07 00:00:00 +0700 +07
2023/06/11 17:22:33 [TRACE] cgtbllTa3CphS9HGQcSdiZ ub.urlybud.aqua.castis.io 라이선스 정상
2023/06/11 17:22:33 [TRACE] cgtbllTa3CphS9HGQcSdiZ db.zip CheckExists()
2023/06/11 17:22:33 [TRACE] cgtbllTa3CphS9HGQcSdiZ db.zip 링크를 찾을 수 없음
2023/06/11 17:22:33 [TRACE] cgtbllTa3CphS9HGQcSdiZ ExpectedError() Code:B404 Param:[]
2023/06/11 17:22:33 [TRACE] cgtbllTa3CphS9HGQcSdiZ /db.zip 컨텍스트저장 UKey:'db.zip'
2023/06/11 17:22:33 [TRACE] 7i3AT0FGXFJ1TrcqJ1iVfI ----------------------------------------------------
2023/06/11 17:22:33 [TRACE] 7i3AT0FGXFJ1TrcqJ1iVfI /ub.urlybud.aqua.castis.io.tar 토큰생성: 0e96855f-4a4e-458e-9f91-14309f7c4512
2023/06/11 17:22:33 [TRACE] 7i3AT0FGXFJ1TrcqJ1iVfI 2024-06-07 00:00:00 +0700 +07
2023/06/11 17:22:33 [TRACE] 7i3AT0FGXFJ1TrcqJ1iVfI ub.urlybud.aqua.castis.io 라이선스 정상
2023/06/11 17:22:33 [TRACE] 7i3AT0FGXFJ1TrcqJ1iVfI ub.urlybud.aqua.castis.io.tar CheckExists()
2023/06/11 17:22:33 [TRACE] 7i3AT0FGXFJ1TrcqJ1iVfI ub.urlybud.aqua.castis.io.tar 링크를 찾을 수 없음
2023/06/11 17:22:33 [TRACE] 7i3AT0FGXFJ1TrcqJ1iVfI ExpectedError() Code:B404 Param:[]
2023/06/11 17:22:33 [TRACE] 7i3AT0FGXFJ1TrcqJ1iVfI /ub.urlybud.aqua.castis.io.tar 컨텍스트저장 UKey:'ub.urlybud.aqua.castis.io.tar'
2023/06/11 17:22:33 [TRACE] gibTr9eWt7wcZBSdoOr3L5 ----------------------------------------------------
2023/06/11 17:22:33 [TRACE] gibTr9eWt7wcZBSdoOr3L5 /home.zip 토큰생성: 17d767cc-405d-4049-b8b7-703ad57e5eb3
2023/06/11 17:22:33 [TRACE] gibTr9eWt7wcZBSdoOr3L5 2024-06-07 00:00:00 +0700 +07
2023/06/11 17:22:33 [TRACE] gibTr9eWt7wcZBSdoOr3L5 ub.urlybud.aqua.castis.io 라이선스 정상
2023/06/11 17:22:33 [TRACE] gibTr9eWt7wcZBSdoOr3L5 home.zip CheckExists()
2023/06/11 17:22:33 [TRACE] gibTr9eWt7wcZBSdoOr3L5 home.zip 링크를 찾을 수 없음
2023/06/11 17:22:33 [TRACE] gibTr9eWt7wcZBSdoOr3L5 ExpectedError() Code:B404 Param:[]
2023/06/11 17:22:33 [TRACE] gibTr9eWt7wcZBSdoOr3L5 /home.zip 컨텍스트저장 UKey:'home.zip'
2023/06/11 17:22:33 [TRACE] iZgRGzSvYA05bUHbzPUeYz ----------------------------------------------------
2023/06/11 17:22:33 [TRACE] iZgRGzSvYA05bUHbzPUeYz /framework.zip 토큰생성: 7dc48a52-ed9c-4852-8be8-d3e5e02eb1d3
2023/06/11 17:22:33 [TRACE] iZgRGzSvYA05bUHbzPUeYz 2024-06-07 00:00:00 +0700 +07
2023/06/11 17:22:33 [TRACE] iZgRGzSvYA05bUHbzPUeYz ub.urlybud.aqua.castis.io 라이선스 정상
2023/06/11 17:22:33 [TRACE] iZgRGzSvYA05bUHbzPUeYz framework.zip CheckExists()
2023/06/11 17:22:33 [TRACE] iZgRGzSvYA05bUHbzPUeYz framework.zip 링크를 찾을 수 없음
2023/06/11 17:22:33 [TRACE] iZgRGzSvYA05bUHbzPUeYz ExpectedError() Code:B404 Param:[]
2023/06/11 17:22:33 [TRACE] iZgRGzSvYA05bUHbzPUeYz /framework.zip 컨텍스트저장 UKey:'framework.zip'
2023/06/11 17:22:34 [TRACE] dwmSMpRnHUt7DVj6fsADsj ----------------------------------------------------
2023/06/11 17:22:34 [TRACE] dwmSMpRnHUt7DVj6fsADsj /controller.zip 토큰생성: cf7f512a-78c9-43b6-a53b-65f49f92d9df
2023/06/11 17:22:34 [TRACE] dwmSMpRnHUt7DVj6fsADsj 2024-06-07 00:00:00 +0700 +07
2023/06/11 17:22:34 [TRACE] dwmSMpRnHUt7DVj6fsADsj ub.urlybud.aqua.castis.io 라이선스 정상
2023/06/11 17:22:34 [TRACE] dwmSMpRnHUt7DVj6fsADsj controller.zip CheckExists()
2023/06/11 17:22:34 [TRACE] dwmSMpRnHUt7DVj6fsADsj controller.zip 링크를 찾을 수 없음
2023/06/11 17:22:34 [TRACE] dwmSMpRnHUt7DVj6fsADsj ExpectedError() Code:B404 Param:[]
2023/06/11 17:22:34 [TRACE] dwmSMpRnHUt7DVj6fsADsj /controller.zip 컨텍스트저장 UKey:'controller.zip'
2023/06/11 17:22:34 [TRACE] 9u9zziZFmNcanGCcQfDxJL ----------------------------------------------------
2023/06/11 17:22:34 [TRACE] 9u9zziZFmNcanGCcQfDxJL /error.zip 토큰생성: c5756d23-8ed0-47ba-80ba-897ae0171205
2023/06/11 17:22:34 [TRACE] 9u9zziZFmNcanGCcQfDxJL 2024-06-07 00:00:00 +0700 +07
2023/06/11 17:22:34 [TRACE] 9u9zziZFmNcanGCcQfDxJL ub.urlybud.aqua.castis.io 라이선스 정상
2023/06/11 17:22:34 [TRACE] 9u9zziZFmNcanGCcQfDxJL error.zip CheckExists()
2023/06/11 17:22:34 [TRACE] 9u9zziZFmNcanGCcQfDxJL error.zip 링크를 찾을 수 없음
2023/06/11 17:22:34 [TRACE] 9u9zziZFmNcanGCcQfDxJL ExpectedError() Code:B404 Param:[]
2023/06/11 17:22:34 [TRACE] 9u9zziZFmNcanGCcQfDxJL /error.zip 컨텍스트저장 UKey:'error.zip'
2023/06/11 17:22:34 [TRACE] 42Pg4WlLt7c3mkRpPPN9an ----------------------------------------------------
2023/06/11 17:22:34 [TRACE] 42Pg4WlLt7c3mkRpPPN9an /dev.zip 토큰생성: c924f059-0b9b-4a58-af06-417370ecf3bd
2023/06/11 17:22:34 [TRACE] 42Pg4WlLt7c3mkRpPPN9an 2024-06-07 00:00:00 +0700 +07
2023/06/11 17:22:34 [TRACE] 42Pg4WlLt7c3mkRpPPN9an ub.urlybud.aqua.castis.io 라이선스 정상
2023/06/11 17:22:34 [TRACE] 42Pg4WlLt7c3mkRpPPN9an dev.zip CheckExists()
2023/06/11 17:22:34 [TRACE] 42Pg4WlLt7c3mkRpPPN9an dev.zip 링크를 찾을 수 없음
2023/06/11 17:22:34 [TRACE] 42Pg4WlLt7c3mkRpPPN9an ExpectedError() Code:B404 Param:[]
2023/06/11 17:22:34 [TRACE] 42Pg4WlLt7c3mkRpPPN9an /dev.zip 컨텍스트저장 UKey:'dev.zip'
2023/06/11 17:22:34 [TRACE] 48AiOdPop09klCGmsjr16n ----------------------------------------------------
2023/06/11 17:22:34 [TRACE] 48AiOdPop09klCGmsjr16n /source.zip 토큰생성: b7b3b08f-0719-4706-ac60-3523187582e2
2023/06/11 17:22:34 [TRACE] 48AiOdPop09klCGmsjr16n 2024-06-07 00:00:00 +0700 +07
2023/06/11 17:22:34 [TRACE] 48AiOdPop09klCGmsjr16n ub.urlybud.aqua.castis.io 라이선스 정상
2023/06/11 17:22:34 [TRACE] 48AiOdPop09klCGmsjr16n source.zip CheckExists()
2023/06/11 17:22:34 [TRACE] 48AiOdPop09klCGmsjr16n source.zip 링크를 찾을 수 없음
2023/06/11 17:22:34 [TRACE] 48AiOdPop09klCGmsjr16n ExpectedError() Code:B404 Param:[]
2023/06/11 17:22:34 [TRACE] 48AiOdPop09klCGmsjr16n /source.zip 컨텍스트저장 UKey:'source.zip'
2023/06/11 17:22:35 [TRACE] 73guDPWuRSB99DIz0SxkqC ----------------------------------------------------
2023/06/11 17:22:35 [TRACE] 73guDPWuRSB99DIz0SxkqC /code.zip 토큰생성: 0d6e1992-887b-455b-81ee-331cb7216631
2023/06/11 17:22:35 [TRACE] 73guDPWuRSB99DIz0SxkqC 2024-06-07 00:00:00 +0700 +07
2023/06/11 17:22:35 [TRACE] 73guDPWuRSB99DIz0SxkqC ub.urlybud.aqua.castis.io 라이선스 정상
2023/06/11 17:22:35 [TRACE] 73guDPWuRSB99DIz0SxkqC code.zip CheckExists()
2023/06/11 17:22:35 [TRACE] 73guDPWuRSB99DIz0SxkqC code.zip 링크를 찾을 수 없음
2023/06/11 17:22:35 [TRACE] 73guDPWuRSB99DIz0SxkqC ExpectedError() Code:B404 Param:[]
2023/06/11 17:22:35 [TRACE] 73guDPWuRSB99DIz0SxkqC /code.zip 컨텍스트저장 UKey:'code.zip'
2023/06/11 17:22:35 [TRACE] iUmgWiQmsVu7vNzyGuPJGO ----------------------------------------------------
2023/06/11 17:22:35 [TRACE] iUmgWiQmsVu7vNzyGuPJGO /admin.zip 토큰생성: d9ebb845-5e35-4218-919a-132e42a2f318
2023/06/11 17:22:35 [TRACE] iUmgWiQmsVu7vNzyGuPJGO 2024-06-07 00:00:00 +0700 +07
2023/06/11 17:22:35 [TRACE] iUmgWiQmsVu7vNzyGuPJGO ub.urlybud.aqua.castis.io 라이선스 정상
2023/06/11 17:22:35 [TRACE] iUmgWiQmsVu7vNzyGuPJGO admin.zip CheckExists()
2023/06/11 17:22:35 [TRACE] iUmgWiQmsVu7vNzyGuPJGO admin.zip 링크를 찾을 수 없음
2023/06/11 17:22:35 [TRACE] iUmgWiQmsVu7vNzyGuPJGO ExpectedError() Code:B404 Param:[]
2023/06/11 17:22:35 [TRACE] iUmgWiQmsVu7vNzyGuPJGO /admin.zip 컨텍스트저장 UKey:'admin.zip'
2023/06/11 17:22:35 [TRACE] kb6VlVIgzLjh8ohD2kCxOP ----------------------------------------------------
2023/06/11 17:22:35 [TRACE] kb6VlVIgzLjh8ohD2kCxOP /www.zip 토큰생성: 76cbcbe0-df77-4e4c-82de-6a9b37425377
2023/06/11 17:22:35 [TRACE] kb6VlVIgzLjh8ohD2kCxOP 2024-06-07 00:00:00 +0700 +07
2023/06/11 17:22:35 [TRACE] kb6VlVIgzLjh8ohD2kCxOP ub.urlybud.aqua.castis.io 라이선스 정상
2023/06/11 17:22:35 [TRACE] kb6VlVIgzLjh8ohD2kCxOP www.zip CheckExists()
2023/06/11 17:22:35 [TRACE] kb6VlVIgzLjh8ohD2kCxOP www.zip 링크를 찾을 수 없음
2023/06/11 17:22:35 [TRACE] kb6VlVIgzLjh8ohD2kCxOP ExpectedError() Code:B404 Param:[]
2023/06/11 17:22:35 [TRACE] kb6VlVIgzLjh8ohD2kCxOP /www.zip 컨텍스트저장 UKey:'www.zip'
2023/06/11 17:22:36 [TRACE] gQb5aLMVWWH6UNkw1ZtCN1 ----------------------------------------------------
2023/06/11 17:22:36 [TRACE] gQb5aLMVWWH6UNkw1ZtCN1 /2022.zip 토큰생성: dbb4908d-3184-4cee-879e-ce206d1e5574
2023/06/11 17:22:36 [TRACE] gQb5aLMVWWH6UNkw1ZtCN1 2024-06-07 00:00:00 +0700 +07
2023/06/11 17:22:36 [TRACE] gQb5aLMVWWH6UNkw1ZtCN1 ub.urlybud.aqua.castis.io 라이선스 정상
2023/06/11 17:22:36 [TRACE] gQb5aLMVWWH6UNkw1ZtCN1 2022.zip CheckExists()
2023/06/11 17:22:36 [TRACE] gQb5aLMVWWH6UNkw1ZtCN1 2022.zip 링크를 찾을 수 없음
2023/06/11 17:22:36 [TRACE] gQb5aLMVWWH6UNkw1ZtCN1 ExpectedError() Code:B404 Param:[]
2023/06/11 17:22:36 [TRACE] gQb5aLMVWWH6UNkw1ZtCN1 /2022.zip 컨텍스트저장 UKey:'2022.zip'
2023/06/11 17:22:36 [TRACE] 6rqSw8npGSQkE9gfiz15r6 ----------------------------------------------------
2023/06/11 17:22:36 [TRACE] 6rqSw8npGSQkE9gfiz15r6 /new.zip 토큰생성: ae693627-6c52-4a47-86b3-68f18e841a77
2023/06/11 17:22:36 [TRACE] 6rqSw8npGSQkE9gfiz15r6 2024-06-07 00:00:00 +0700 +07
2023/06/11 17:22:36 [TRACE] 6rqSw8npGSQkE9gfiz15r6 ub.urlybud.aqua.castis.io 라이선스 정상
2023/06/11 17:22:36 [TRACE] 6rqSw8npGSQkE9gfiz15r6 new.zip CheckExists()
2023/06/11 17:22:36 [TRACE] 6rqSw8npGSQkE9gfiz15r6 new.zip 링크를 찾을 수 없음
2023/06/11 17:22:36 [TRACE] 6rqSw8npGSQkE9gfiz15r6 ExpectedError() Code:B404 Param:[]
2023/06/11 17:22:36 [TRACE] 6rqSw8npGSQkE9gfiz15r6 /new.zip 컨텍스트저장 UKey:'new.zip'
2023/06/11 17:22:36 [TRACE] 5juY7tzlXr4kwEQgNlhLbX ----------------------------------------------------
2023/06/11 17:22:36 [TRACE] 5juY7tzlXr4kwEQgNlhLbX /main.zip 토큰생성: 244de198-011e-46a0-bfd4-c9412112fcb0
2023/06/11 17:22:36 [TRACE] 5juY7tzlXr4kwEQgNlhLbX 2024-06-07 00:00:00 +0700 +07
2023/06/11 17:22:36 [TRACE] 5juY7tzlXr4kwEQgNlhLbX ub.urlybud.aqua.castis.io 라이선스 정상
2023/06/11 17:22:36 [TRACE] 5juY7tzlXr4kwEQgNlhLbX main.zip CheckExists()
2023/06/11 17:22:36 [TRACE] 5juY7tzlXr4kwEQgNlhLbX main.zip 링크를 찾을 수 없음
2023/06/11 17:22:36 [TRACE] 5juY7tzlXr4kwEQgNlhLbX ExpectedError() Code:B404 Param:[]
2023/06/11 17:22:36 [TRACE] 5juY7tzlXr4kwEQgNlhLbX /main.zip 컨텍스트저장 UKey:'main.zip'
2023/06/11 17:22:36 [TRACE] 4odkX8JvSRF5G0dwcz6rYl ----------------------------------------------------
2023/06/11 17:22:36 [TRACE] 4odkX8JvSRF5G0dwcz6rYl /include.zip 토큰생성: 5f1c766f-e000-4fc3-a0c5-e43709a86f4a
2023/06/11 17:22:36 [TRACE] 4odkX8JvSRF5G0dwcz6rYl 2024-06-07 00:00:00 +0700 +07
2023/06/11 17:22:36 [TRACE] 4odkX8JvSRF5G0dwcz6rYl ub.urlybud.aqua.castis.io 라이선스 정상
2023/06/11 17:22:36 [TRACE] 4odkX8JvSRF5G0dwcz6rYl include.zip CheckExists()
2023/06/11 17:22:36 [TRACE] 4odkX8JvSRF5G0dwcz6rYl include.zip 링크를 찾을 수 없음
2023/06/11 17:22:36 [TRACE] 4odkX8JvSRF5G0dwcz6rYl ExpectedError() Code:B404 Param:[]
2023/06/11 17:22:36 [TRACE] 4odkX8JvSRF5G0dwcz6rYl /include.zip 컨텍스트저장 UKey:'include.zip'
2023/06/11 17:22:36 [TRACE] lC2nGppenIy8n4gmXFh49B ----------------------------------------------------
2023/06/11 17:22:36 [TRACE] lC2nGppenIy8n4gmXFh49B /configuration.zip 토큰생성: 85ae06ab-4a6b-445f-bc65-51ee023b1c88
2023/06/11 17:22:36 [TRACE] lC2nGppenIy8n4gmXFh49B 2024-06-07 00:00:00 +0700 +07
2023/06/11 17:22:36 [TRACE] lC2nGppenIy8n4gmXFh49B ub.urlybud.aqua.castis.io 라이선스 정상
2023/06/11 17:22:36 [TRACE] lC2nGppenIy8n4gmXFh49B configuration.zip CheckExists()
2023/06/11 17:22:36 [TRACE] lC2nGppenIy8n4gmXFh49B configuration.zip 링크를 찾을 수 없음
2023/06/11 17:22:36 [TRACE] lC2nGppenIy8n4gmXFh49B ExpectedError() Code:B404 Param:[]
2023/06/11 17:22:36 [TRACE] lC2nGppenIy8n4gmXFh49B /configuration.zip 컨텍스트저장 UKey:'configuration.zip'
2023/06/11 17:22:37 [TRACE] j3qwNbUdb8h69w86xH6M21 ----------------------------------------------------
2023/06/11 17:22:37 [TRACE] j3qwNbUdb8h69w86xH6M21 /upload.zip 토큰생성: 89251572-db1f-4520-82e8-a63871d7b1d8
2023/06/11 17:22:37 [TRACE] j3qwNbUdb8h69w86xH6M21 2024-06-07 00:00:00 +0700 +07
2023/06/11 17:22:37 [TRACE] j3qwNbUdb8h69w86xH6M21 ub.urlybud.aqua.castis.io 라이선스 정상
2023/06/11 17:22:37 [TRACE] j3qwNbUdb8h69w86xH6M21 upload.zip CheckExists()
2023/06/11 17:22:37 [TRACE] j3qwNbUdb8h69w86xH6M21 upload.zip 링크를 찾을 수 없음
2023/06/11 17:22:37 [TRACE] j3qwNbUdb8h69w86xH6M21 ExpectedError() Code:B404 Param:[]
2023/06/11 17:22:37 [TRACE] j3qwNbUdb8h69w86xH6M21 /upload.zip 컨텍스트저장 UKey:'upload.zip'
2023/06/11 17:22:37 [TRACE] f0z9T3tApvaTDIIAVrKAL ----------------------------------------------------
2023/06/11 17:22:37 [TRACE] f0z9T3tApvaTDIIAVrKAL /.zip 토큰생성: b0b9c4c1-e230-4760-afd1-1188c35ad18c
2023/06/11 17:22:37 [TRACE] f0z9T3tApvaTDIIAVrKAL 2024-06-07 00:00:00 +0700 +07
2023/06/11 17:22:37 [TRACE] f0z9T3tApvaTDIIAVrKAL ub.urlybud.aqua.castis.io 라이선스 정상
2023/06/11 17:22:37 [TRACE] f0z9T3tApvaTDIIAVrKAL .zip CheckExists()
2023/06/11 17:22:37 [TRACE] f0z9T3tApvaTDIIAVrKAL .zip 링크를 찾을 수 없음
2023/06/11 17:22:37 [TRACE] f0z9T3tApvaTDIIAVrKAL ExpectedError() Code:B404 Param:[]
2023/06/11 17:22:37 [TRACE] f0z9T3tApvaTDIIAVrKAL /.zip 컨텍스트저장 UKey:'.zip'
2023/06/11 17:22:37 [TRACE] 8auQyExEL7XfjaIGbSdw3r ----------------------------------------------------
2023/06/11 17:22:37 [TRACE] 8auQyExEL7XfjaIGbSdw3r /work.zip 토큰생성: 845d75e0-6573-4884-8010-31c3411afcdc
2023/06/11 17:22:37 [TRACE] 8auQyExEL7XfjaIGbSdw3r 2024-06-07 00:00:00 +0700 +07
2023/06/11 17:22:37 [TRACE] 8auQyExEL7XfjaIGbSdw3r ub.urlybud.aqua.castis.io 라이선스 정상
2023/06/11 17:22:37 [TRACE] 8auQyExEL7XfjaIGbSdw3r work.zip CheckExists()
2023/06/11 17:22:37 [TRACE] 8auQyExEL7XfjaIGbSdw3r work.zip 링크를 찾을 수 없음
2023/06/11 17:22:37 [TRACE] 8auQyExEL7XfjaIGbSdw3r ExpectedError() Code:B404 Param:[]
2023/06/11 17:22:37 [TRACE] 8auQyExEL7XfjaIGbSdw3r /work.zip 컨텍스트저장 UKey:'work.zip'
2023/06/11 17:22:37 [TRACE] jfaKYMg1kIDla3Bv1PHaug ----------------------------------------------------
2023/06/11 17:22:37 [TRACE] jfaKYMg1kIDla3Bv1PHaug /install.zip 토큰생성: 7e924e79-b768-40a1-83e0-630c52b60d15
2023/06/11 17:22:37 [TRACE] jfaKYMg1kIDla3Bv1PHaug 2024-06-07 00:00:00 +0700 +07
2023/06/11 17:22:37 [TRACE] jfaKYMg1kIDla3Bv1PHaug ub.urlybud.aqua.castis.io 라이선스 정상
2023/06/11 17:22:37 [TRACE] jfaKYMg1kIDla3Bv1PHaug install.zip CheckExists()
2023/06/11 17:22:37 [TRACE] jfaKYMg1kIDla3Bv1PHaug install.zip 링크를 찾을 수 없음
2023/06/11 17:22:37 [TRACE] jfaKYMg1kIDla3Bv1PHaug ExpectedError() Code:B404 Param:[]
2023/06/11 17:22:37 [TRACE] jfaKYMg1kIDla3Bv1PHaug /install.zip 컨텍스트저장 UKey:'install.zip'
2023/06/11 17:22:37 [TRACE] fVILAc5VIiHjf38EjcwiAS ----------------------------------------------------
2023/06/11 17:22:37 [TRACE] fVILAc5VIiHjf38EjcwiAS /databases.zip 토큰생성: a454ee3f-13f4-4dab-9ab2-58c7eb601f89
2023/06/11 17:22:37 [TRACE] fVILAc5VIiHjf38EjcwiAS 2024-06-07 00:00:00 +0700 +07
2023/06/11 17:22:37 [TRACE] fVILAc5VIiHjf38EjcwiAS ub.urlybud.aqua.castis.io 라이선스 정상
2023/06/11 17:22:37 [TRACE] fVILAc5VIiHjf38EjcwiAS databases.zip CheckExists()
2023/06/11 17:22:37 [TRACE] fVILAc5VIiHjf38EjcwiAS databases.zip 링크를 찾을 수 없음
2023/06/11 17:22:37 [TRACE] fVILAc5VIiHjf38EjcwiAS ExpectedError() Code:B404 Param:[]
2023/06/11 17:22:37 [TRACE] fVILAc5VIiHjf38EjcwiAS /databases.zip 컨텍스트저장 UKey:'databases.zip'
2023/06/11 17:22:38 [TRACE] i4Xma4arorC2Ap9BfYsJrc ----------------------------------------------------
2023/06/11 17:22:38 [TRACE] i4Xma4arorC2Ap9BfYsJrc /public.zip 토큰생성: d74f83b0-3e80-48f9-adfa-1b4e630e2aef
2023/06/11 17:22:38 [TRACE] i4Xma4arorC2Ap9BfYsJrc 2024-06-07 00:00:00 +0700 +07
2023/06/11 17:22:38 [TRACE] i4Xma4arorC2Ap9BfYsJrc ub.urlybud.aqua.castis.io 라이선스 정상
2023/06/11 17:22:38 [TRACE] i4Xma4arorC2Ap9BfYsJrc public.zip CheckExists()
2023/06/11 17:22:38 [TRACE] i4Xma4arorC2Ap9BfYsJrc public.zip 링크를 찾을 수 없음
2023/06/11 17:22:38 [TRACE] i4Xma4arorC2Ap9BfYsJrc ExpectedError() Code:B404 Param:[]
2023/06/11 17:22:38 [TRACE] i4Xma4arorC2Ap9BfYsJrc /public.zip 컨텍스트저장 UKey:'public.zip'
2023/06/11 17:22:38 [TRACE] iE6tRRxiE0C2lUiRATnWne ExpectedError() Code:FormParseErr Param:[]
2023/06/11 17:22:38 [TRACE] iE6tRRxiE0C2lUiRATnWne /wp-content/wp-plugins/jekyll-exporter/vendor/phpunit/phpunit/src/Util/PHP/eval-stdin.php 컨텍스트저장 UKey:''
2023/06/11 17:22:38 [TRACE] i0MjY5aTcSr3YYM1l83UzN ----------------------------------------------------
2023/06/11 17:22:38 [TRACE] i0MjY5aTcSr3YYM1l83UzN /module.zip 토큰생성: 300ff2e8-c4f3-436a-8e5d-f7c61bff43b4
2023/06/11 17:22:38 [TRACE] i0MjY5aTcSr3YYM1l83UzN 2024-06-07 00:00:00 +0700 +07
2023/06/11 17:22:38 [TRACE] i0MjY5aTcSr3YYM1l83UzN ub.urlybud.aqua.castis.io 라이선스 정상
2023/06/11 17:22:38 [TRACE] i0MjY5aTcSr3YYM1l83UzN module.zip CheckExists()
2023/06/11 17:22:38 [TRACE] i0MjY5aTcSr3YYM1l83UzN module.zip 링크를 찾을 수 없음
2023/06/11 17:22:38 [TRACE] i0MjY5aTcSr3YYM1l83UzN ExpectedError() Code:B404 Param:[]
2023/06/11 17:22:38 [TRACE] i0MjY5aTcSr3YYM1l83UzN /module.zip 컨텍스트저장 UKey:'module.zip'
2023/06/11 17:22:38 [TRACE] 4nWkv1QjcSx91HhEypLrJ4 ExpectedError() Code:FormParseErr Param:[]
2023/06/11 17:22:38 [TRACE] 4nWkv1QjcSx91HhEypLrJ4 /sites/all/libraries/mailchimp/vendor/phpunit/phpunit/src/Util/PHP/eval-stdin.php 컨텍스트저장 UKey:''
2023/06/11 17:22:38 [TRACE] tPrMSlIiMY8vz0ouaRprX ----------------------------------------------------
2023/06/11 17:22:38 [TRACE] tPrMSlIiMY8vz0ouaRprX /bootstrap.zip 토큰생성: 10997b13-6441-4158-ab61-f57cd08779b0
2023/06/11 17:22:38 [TRACE] tPrMSlIiMY8vz0ouaRprX 2024-06-07 00:00:00 +0700 +07
2023/06/11 17:22:38 [TRACE] tPrMSlIiMY8vz0ouaRprX ub.urlybud.aqua.castis.io 라이선스 정상
2023/06/11 17:22:38 [TRACE] tPrMSlIiMY8vz0ouaRprX bootstrap.zip CheckExists()
2023/06/11 17:22:38 [TRACE] tPrMSlIiMY8vz0ouaRprX bootstrap.zip 링크를 찾을 수 없음
2023/06/11 17:22:38 [TRACE] tPrMSlIiMY8vz0ouaRprX ExpectedError() Code:B404 Param:[]
2023/06/11 17:22:38 [TRACE] tPrMSlIiMY8vz0ouaRprX /bootstrap.zip 컨텍스트저장 UKey:'bootstrap.zip'
2023/06/11 17:22:38 [TRACE] 58w8R9NdPK2fGGSD4vV4ZZ ExpectedError() Code:FormParseErr Param:[]
2023/06/11 17:22:38 [TRACE] 58w8R9NdPK2fGGSD4vV4ZZ /vendor/phpunit/phpunit/src/Util/PHP/eval-stdin.php 컨텍스트저장 UKey:''
2023/06/11 17:22:38 [TRACE] 4qcsw8RBE7w83TJVYYIJkL ----------------------------------------------------
2023/06/11 17:22:38 [TRACE] 4qcsw8RBE7w83TJVYYIJkL /wwwroot.zip 토큰생성: 285d5e45-2156-4ec1-bc8c-590e2ba719b6
2023/06/11 17:22:38 [TRACE] 4qcsw8RBE7w83TJVYYIJkL 2024-06-07 00:00:00 +0700 +07
2023/06/11 17:22:38 [TRACE] 4qcsw8RBE7w83TJVYYIJkL ub.urlybud.aqua.castis.io 라이선스 정상
2023/06/11 17:22:38 [TRACE] 4qcsw8RBE7w83TJVYYIJkL wwwroot.zip CheckExists()
2023/06/11 17:22:38 [TRACE] 4qcsw8RBE7w83TJVYYIJkL wwwroot.zip 링크를 찾을 수 없음
2023/06/11 17:22:38 [TRACE] 4qcsw8RBE7w83TJVYYIJkL ExpectedError() Code:B404 Param:[]
2023/06/11 17:22:38 [TRACE] 4qcsw8RBE7w83TJVYYIJkL /wwwroot.zip 컨텍스트저장 UKey:'wwwroot.zip'
2023/06/11 17:22:39 [TRACE] UcugUWQKxflXyuwGTiFSG ExpectedError() Code:FormParseErr Param:[]
2023/06/11 17:22:39 [TRACE] UcugUWQKxflXyuwGTiFSG /sites/default/libraries/mailchimp/vendor/phpunit/phpunit/src/Util/PHP/eval-stdin.php 컨텍스트저장 UKey:''
2023/06/11 17:22:39 [TRACE] 8hoDs5n8rIad2XVIp2YfaK ----------------------------------------------------
2023/06/11 17:22:39 [TRACE] 8hoDs5n8rIad2XVIp2YfaK /well-known.zip 토큰생성: fe737fdf-942b-4a33-8e5c-9aed321241f7
2023/06/11 17:22:39 [TRACE] 8hoDs5n8rIad2XVIp2YfaK 2024-06-07 00:00:00 +0700 +07
2023/06/11 17:22:39 [TRACE] 8hoDs5n8rIad2XVIp2YfaK ub.urlybud.aqua.castis.io 라이선스 정상
2023/06/11 17:22:39 [TRACE] 8hoDs5n8rIad2XVIp2YfaK well-known.zip CheckExists()
2023/06/11 17:22:39 [TRACE] 1vNMOkfrenBi7brWFpgxls ----------------------------------------------------
2023/06/11 17:22:39 [TRACE] 1vNMOkfrenBi7brWFpgxls /sql.zip 토큰생성: adc5c990-8a94-43d6-b57d-1774b7e3c76a
2023/06/11 17:22:39 [TRACE] 1vNMOkfrenBi7brWFpgxls 2024-06-07 00:00:00 +0700 +07
2023/06/11 17:22:39 [TRACE] 1vNMOkfrenBi7brWFpgxls ub.urlybud.aqua.castis.io 라이선스 정상
2023/06/11 17:22:39 [TRACE] 1vNMOkfrenBi7brWFpgxls sql.zip CheckExists()
2023/06/11 17:22:39 [TRACE] 8hoDs5n8rIad2XVIp2YfaK well-known.zip 링크를 찾을 수 없음
2023/06/11 17:22:39 [TRACE] 8hoDs5n8rIad2XVIp2YfaK ExpectedError() Code:B404 Param:[]
2023/06/11 17:22:39 [TRACE] 8hoDs5n8rIad2XVIp2YfaK /well-known.zip 컨텍스트저장 UKey:'well-known.zip'
2023/06/11 17:22:39 [TRACE] bhLlwb3bz0rbGMM5fMHKX9 ExpectedError() Code:FormParseErr Param:[]
2023/06/11 17:22:39 [TRACE] bhLlwb3bz0rbGMM5fMHKX9 /wp-content/plugins/cloudflare/vendor/phpunit/phpunit/src/Util/PHP/eval-stdin.php 컨텍스트저장 UKey:''
2023/06/11 17:22:39 [TRACE] 1vNMOkfrenBi7brWFpgxls sql.zip 링크를 찾을 수 없음
2023/06/11 17:22:39 [TRACE] 1vNMOkfrenBi7brWFpgxls ExpectedError() Code:B404 Param:[]
2023/06/11 17:22:39 [TRACE] 1vNMOkfrenBi7brWFpgxls /sql.zip 컨텍스트저장 UKey:'sql.zip'
2023/06/11 17:22:39 [TRACE] bGProSWG4ve3Iy7PJ928Wr ExpectedError() Code:FormParseErr Param:[]
2023/06/11 17:22:39 [TRACE] bGProSWG4ve3Iy7PJ928Wr /wp-content/plugins/dzs-videogallery/class_parts/vendor/phpunit/phpunit/src/Util/PHP/eval-stdin.php 컨텍스트저장 UKey:''
2023/06/11 17:22:40 [TRACE] 1Nqk2RJzUylbTN4SnNeVFd ----------------------------------------------------
2023/06/11 17:22:40 [TRACE] 1Nqk2RJzUylbTN4SnNeVFd /app.zip 토큰생성: b39b3b56-bdb1-4397-aeb7-e23f2ce62fbb
2023/06/11 17:22:40 [TRACE] 1Nqk2RJzUylbTN4SnNeVFd 2024-06-07 00:00:00 +0700 +07
2023/06/11 17:22:40 [TRACE] 1Nqk2RJzUylbTN4SnNeVFd ub.urlybud.aqua.castis.io 라이선스 정상
2023/06/11 17:22:40 [TRACE] 1Nqk2RJzUylbTN4SnNeVFd app.zip CheckExists()
2023/06/11 17:22:40 [TRACE] aTBlt8okSeckxTjm2xuQIv ----------------------------------------------------
2023/06/11 17:22:40 [TRACE] aTBlt8okSeckxTjm2xuQIv /html.zip 토큰생성: b4c20df3-2203-4724-af5d-5ebca4adff4b
2023/06/11 17:22:40 [TRACE] aTBlt8okSeckxTjm2xuQIv 2024-06-07 00:00:00 +0700 +07
2023/06/11 17:22:40 [TRACE] aTBlt8okSeckxTjm2xuQIv ub.urlybud.aqua.castis.io 라이선스 정상
2023/06/11 17:22:40 [TRACE] aTBlt8okSeckxTjm2xuQIv html.zip CheckExists()
2023/06/11 17:22:40 [TRACE] 1Nqk2RJzUylbTN4SnNeVFd app.zip 링크를 찾을 수 없음
2023/06/11 17:22:40 [TRACE] 1Nqk2RJzUylbTN4SnNeVFd ExpectedError() Code:B404 Param:[]
2023/06/11 17:22:40 [TRACE] 1Nqk2RJzUylbTN4SnNeVFd /app.zip 컨텍스트저장 UKey:'app.zip'
2023/06/11 17:22:40 [TRACE] aTBlt8okSeckxTjm2xuQIv html.zip 링크를 찾을 수 없음
2023/06/11 17:22:40 [TRACE] aTBlt8okSeckxTjm2xuQIv ExpectedError() Code:B404 Param:[]
2023/06/11 17:22:40 [TRACE] aTBlt8okSeckxTjm2xuQIv /html.zip 컨텍스트저장 UKey:'html.zip'
2023/06/11 17:22:40 [TRACE] fWcFnIubFgxcQRtp63tCFg ----------------------------------------------------
2023/06/11 17:22:40 [TRACE] fWcFnIubFgxcQRtp63tCFg /application.zip 토큰생성: 6d1e07dd-5a00-46e4-ac2f-bd70edd355a2
2023/06/11 17:22:40 [TRACE] fWcFnIubFgxcQRtp63tCFg 2024-06-07 00:00:00 +0700 +07
2023/06/11 17:22:40 [TRACE] fWcFnIubFgxcQRtp63tCFg ub.urlybud.aqua.castis.io 라이선스 정상
2023/06/11 17:22:40 [TRACE] fWcFnIubFgxcQRtp63tCFg application.zip CheckExists()
2023/06/11 17:22:40 [TRACE] fWcFnIubFgxcQRtp63tCFg application.zip 링크를 찾을 수 없음
2023/06/11 17:22:40 [TRACE] fWcFnIubFgxcQRtp63tCFg ExpectedError() Code:B404 Param:[]
2023/06/11 17:22:40 [TRACE] fWcFnIubFgxcQRtp63tCFg /application.zip 컨텍스트저장 UKey:'application.zip'
2023/06/11 17:22:40 [TRACE] 1Lqwmqfm8Avd1H8CPK6JUw ExpectedError() Code:FormParseErr Param:[]
2023/06/11 17:22:40 [TRACE] 1Lqwmqfm8Avd1H8CPK6JUw /wp-content/plugins/jekyll-exporter/vendor/phpunit/phpunit/src/Util/PHP/eval-stdin.php 컨텍스트저장 UKey:''
2023/06/11 17:22:40 [TRACE] lvhrmyOXjN14fvJ2EMlPcY ----------------------------------------------------
2023/06/11 17:22:40 [TRACE] lvhrmyOXjN14fvJ2EMlPcY /exports.zip 토큰생성: 8597384d-2ef2-4a5b-b514-0e60abbb7644
2023/06/11 17:22:40 [TRACE] lvhrmyOXjN14fvJ2EMlPcY 2024-06-07 00:00:00 +0700 +07
2023/06/11 17:22:40 [TRACE] lvhrmyOXjN14fvJ2EMlPcY ub.urlybud.aqua.castis.io 라이선스 정상
2023/06/11 17:22:40 [TRACE] lvhrmyOXjN14fvJ2EMlPcY exports.zip CheckExists()
2023/06/11 17:22:40 [TRACE] lvhrmyOXjN14fvJ2EMlPcY exports.zip 링크를 찾을 수 없음
2023/06/11 17:22:40 [TRACE] lvhrmyOXjN14fvJ2EMlPcY ExpectedError() Code:B404 Param:[]
2023/06/11 17:22:40 [TRACE] lvhrmyOXjN14fvJ2EMlPcY /exports.zip 컨텍스트저장 UKey:'exports.zip'
