2023/07/07 09:22:59 [TRACE] kD4l4sV75dnk48bgtk7DNP /link/set 컨텍스트저장 UKey:'WMNqG'
2023/07/07 09:24:50 [TRACE] aHfgrujjObrb9f0jwdUBTU ----------------------------------------------------
2023/07/07 09:24:50 [TRACE] aHfgrujjObrb9f0jwdUBTU /WMNqG 요청토큰: 4baa3c73-9bfe-4bec-8b70-db3b68f0ded9
2023/07/07 09:24:50 [TRACE] aHfgrujjObrb9f0jwdUBTU 2024-06-07 00:00:00 +0700 +07
2023/07/07 09:24:50 [TRACE] aHfgrujjObrb9f0jwdUBTU ub.urlybud.aqua.castis.io 라이선스 정상
2023/07/07 09:24:50 [TRACE] aHfgrujjObrb9f0jwdUBTU WMNqG CheckExists()
2023/07/07 09:24:50 [TRACE] aHfgrujjObrb9f0jwdUBTU WMNqG CheckSecureLink()
2023/07/07 09:24:50 [TRACE] aHfgrujjObrb9f0jwdUBTU WMNqG CheckCount()
2023/07/07 09:24:50 [TRACE] aHfgrujjObrb9f0jwdUBTU WMNqG CheckExpire()
2023/07/07 09:24:50 [TRACE] aHfgrujjObrb9f0jwdUBTU WMNqG CheckAuth()
2023/07/07 09:24:50 [TRACE] aHfgrujjObrb9f0jwdUBTU WMNqG ServeLink()
2023/07/07 09:24:50 [TRACE] aHfgrujjObrb9f0jwdUBTU WMNqG Redirect()
2023/07/07 09:24:50 [TRACE] aHfgrujjObrb9f0jwdUBTU WMNqG GET 리다이렉트
2023/07/07 09:24:50 [TRACE] aHfgrujjObrb9f0jwdUBTU /WMNqG 컨텍스트저장 UKey:'WMNqG'
2023/07/07 09:24:51 [TRACE] d7UNWmlQhGd6SUMxXfT7Ek /link/get 컨텍스트저장 UKey:'WMNqG'
2023/07/07 09:27:14 [TRACE] khHsgJMNmMG7QXDY4LBajN /link/set 컨텍스트저장 UKey:'daW7g'
2023/07/07 09:28:10 [TRACE] 9SLIirYxlGMhOOaYMj6V1Q ----------------------------------------------------
2023/07/07 09:28:10 [TRACE] 9SLIirYxlGMhOOaYMj6V1Q /daW7g 요청토큰: 4baa3c73-9bfe-4bec-8b70-db3b68f0ded9
2023/07/07 09:28:10 [TRACE] 9SLIirYxlGMhOOaYMj6V1Q 2024-06-07 00:00:00 +0700 +07
2023/07/07 09:28:10 [TRACE] 9SLIirYxlGMhOOaYMj6V1Q ub.urlybud.aqua.castis.io 라이선스 정상
2023/07/07 09:28:10 [TRACE] 9SLIirYxlGMhOOaYMj6V1Q daW7g CheckExists()
2023/07/07 09:28:10 [TRACE] 9SLIirYxlGMhOOaYMj6V1Q daW7g CheckSecureLink()
2023/07/07 09:28:10 [TRACE] 9SLIirYxlGMhOOaYMj6V1Q daW7g CheckCount()
2023/07/07 09:28:10 [TRACE] 9SLIirYxlGMhOOaYMj6V1Q daW7g CheckExpire()
2023/07/07 09:28:10 [TRACE] 9SLIirYxlGMhOOaYMj6V1Q daW7g CheckAuth()
2023/07/07 09:28:10 [TRACE] 9SLIirYxlGMhOOaYMj6V1Q daW7g ServeLink()
2023/07/07 09:28:10 [TRACE] 9SLIirYxlGMhOOaYMj6V1Q daW7g Redirect()
2023/07/07 09:28:10 [TRACE] 9SLIirYxlGMhOOaYMj6V1Q daW7g GET 리다이렉트
2023/07/07 09:28:10 [TRACE] 9SLIirYxlGMhOOaYMj6V1Q /daW7g 컨텍스트저장 UKey:'daW7g'
2023/07/07 09:28:10 [TRACE] 962c2TzfkpwdKe5jNFufH9 /link/get 컨텍스트저장 UKey:'daW7g'
2023/07/07 10:05:20 [TRACE] eTIIGr0ALB8HVvaTB4BQn /link/set 컨텍스트저장 UKey:'VLXir'
2023/07/07 10:46:13 [TRACE] g90Dxu9xXOGkmdhJjEMyOh /link/set 컨텍스트저장 UKey:'kgPgA'
2023/07/07 10:48:30 [TRACE] d3neeqmoCsQ8cArHLqMcC0 /link/set 컨텍스트저장 UKey:'FyuHX'
2023/07/07 10:50:09 [TRACE] bIj7Jb2wgusgo6nazs18op /link/set 컨텍스트저장 UKey:'ca5XW'
2023/07/07 10:50:36 [TRACE] 15qlpOWQPlO7ToM5Cg77H3 /link/set 컨텍스트저장 UKey:'DwOoV'
2023/07/07 10:55:14 [TRACE] bn7kcoVe4SLkYIAUvCZLm1 /link/set 컨텍스트저장 UKey:'652Za'
2023/07/07 10:58:02 [TRACE] d3N6GW3HQFOfFXqjaChaOa /link/set 컨텍스트저장 UKey:'mivCC'
2023/07/07 11:03:19 [TRACE] k11bFor1dlpk4hys8fKTqG /link/set 컨텍스트저장 UKey:'DwOqO'
2023/07/07 11:06:43 [TRACE] gapKEFTb8QG1UzCNCvygE3 /link/set 컨텍스트저장 UKey:'54cPd'
2023/07/07 11:09:42 [TRACE] eWpT2X959nc7VSSj9cPEu3 /link/set 컨텍스트저장 UKey:'snyDe'
2023/07/07 11:10:31 [TRACE] 2U1eclgmCDc59MHylJGkQw /link/set 컨텍스트저장 UKey:'1Qah'
2023/07/07 11:16:49 [TRACE] gJbd5Zsjfd87PEz9cngbnQ /link/set 컨텍스트저장 UKey:'fcCum'
2023/07/07 11:34:35 [TRACE] v1V1EZW4mqcktwE7Qenrm /link/set 컨텍스트저장 UKey:'HAb9b'
2023/07/07 11:35:48 [TRACE] 6i5M6ae78QU4QWFWBj5n5y /link/set 컨텍스트저장 UKey:'qlSko'
2023/07/07 11:38:49 [TRACE] blHk6jUSz1u8HxfJqJcff6 /link/set 컨텍스트저장 UKey:'32wv1'
2023/07/07 11:39:51 [TRACE] ggjOwzAPJF8lCLCN8Nb7OQ /link/set 컨텍스트저장 UKey:'tooQi'
2023/07/07 11:55:41 [TRACE] euRGHFHPO8zee7SJdKkkgg /link/set 컨텍스트저장 UKey:'CvYm6'
2023/07/07 11:57:01 [TRACE] aSsT43zWEbJ5dDvS7QQuTs /link/set 컨텍스트저장 UKey:'PGUxK'
2023/07/07 11:58:08 [TRACE] 29gDDbpydqN5UatUtz0s3q /link/set 컨텍스트저장 UKey:'KCHIy'
2023/07/07 12:00:29 [TRACE] kr60Puji9TCl1ns2BD9wKo /link/set 컨텍스트저장 UKey:'fcCwi'
2023/07/07 12:01:20 [TRACE] 1yGUqz2Ob7je8cd17mz34o /link/set 컨텍스트저장 UKey:'32wvj'
2023/07/07 13:40:59 [TRACE] 5Uw5TgTGdrokgfEsIFVAfv /link/get 컨텍스트저장 UKey:'32wuc'
2023/07/07 13:41:00 [TRACE] 6TFVMJq5NJ9gyV2vvuwwgt /link/get 컨텍스트저장 UKey:'32wuc'
2023/07/07 13:41:20 [TRACE] 5ql4K9h4Hu0lipeKLpdC5j /link/get 컨텍스트저장 UKey:'32wuc'
2023/07/07 13:41:53 [TRACE] fVk9hFusPQDgojDB0rEuPN /link/get 컨텍스트저장 UKey:'CvY6M'
2023/07/07 13:42:21 [TRACE] feNt1IbWg8nkmv0vQxaKAh /link/set 컨텍스트저장 UKey:'qlSnK'
2023/07/07 13:42:45 [TRACE] grYlGOGkMJg3VzcEzOWpoS /link/get 컨텍스트저장 UKey:'CvY6M'
2023/07/07 13:43:00 [TRACE] jb37RhdTgkDgTAcFxFezOc /link/get 컨텍스트저장 UKey:'CvY6M'
2023/07/07 13:43:03 [TRACE] khanOzUQj2QlcZ8Nb2vSBW /link/get 컨텍스트저장 UKey:'CvY6M'
2023/07/07 13:43:08 [TRACE] 7a1YsWyYUMn7PJKy7GeAbm /link/set 컨텍스트저장 UKey:'jfZcT'
2023/07/07 13:43:16 [TRACE] lNxM7x3SbEN84my409VaOX /link/get 컨텍스트저장 UKey:'rmImS'
2023/07/07 13:43:37 [TRACE] fIMRkemmbmu3gpKy2PpXfo /link/set 컨텍스트저장 UKey:'DwOAS'
2023/07/07 13:48:05 [TRACE] 9pNCQA5zKKLbBoM8F1MqHq /link/set 컨텍스트저장 UKey:'32wvv'
2023/07/07 13:51:21 [TRACE] eRHpQIE34tt6znWa9zXyLH /link/get 컨텍스트저장 UKey:'rmImS'
2023/07/07 13:51:23 [TRACE] lLbugo1ihx31R5cmJVtc2M /link/get 컨텍스트저장 UKey:'rmImS'
2023/07/07 13:52:08 [TRACE] 757iRJgLKb37DpXdWhTOrY /link/get 컨텍스트저장 UKey:'1Q9V'
2023/07/07 13:52:29 [TRACE] 3X7qb5jtPnDff5vG1fN5Y2 /link/set 컨텍스트저장 UKey:'OG4tO'
2023/07/07 13:53:10 [TRACE] 6okgz5Dlc0K4RawH27BlF1 /link/get 컨텍스트저장 UKey:'1Q9V'
2023/07/07 13:53:13 [TRACE] dB8Hm29yUCGkXJf3O6KvUO /link/get 컨텍스트저장 UKey:'daW6D'
2023/07/07 13:53:30 [TRACE] 5y1lQXSx2l28TMZo2Yy3rL /link/set 컨텍스트저장 UKey:'UL7vO'
2023/07/07 13:53:55 [TRACE] 12At4y77W2Yhhtdt6o3Pb6 /link/get 컨텍스트저장 UKey:'daW6D'
2023/07/07 13:57:33 [TRACE] 4AMubVLRrM7aYWEIWcLdPr /link/get 컨텍스트저장 UKey:'daW6D'
2023/07/07 14:04:17 [TRACE] b4a6vlttD8i2CLGwmHWhqA /link/get 컨텍스트저장 UKey:'daW6D'
2023/07/07 14:09:11 [TRACE] eOvY7hjWfBFbJnzNnrB67x /link/get 컨텍스트저장 UKey:'daW6D'
2023/07/07 14:09:34 [TRACE] cklN1xI1iSrle44xuzuw5D /link/get 컨텍스트저장 UKey:'daW6D'
2023/07/07 14:21:08 [TRACE] k0No4JNhgj6h7aFgrs3o7w /link/get 컨텍스트저장 UKey:'YOtGY'
2023/07/07 14:21:19 [TRACE] 6wApUwkZioj4joOKedVQzF /link/set 컨텍스트저장 UKey:'MEoak'
2023/07/07 14:21:44 [TRACE] 6pPpcs9cLhC8AH7cSJ8mH7 /link/get 컨텍스트저장 UKey:'YOtGY'
2023/07/07 14:23:34 [TRACE] j5lwdpcudVUb1VdXUbs4Ks /link/get 컨텍스트저장 UKey:'MEoak'
