2023/07/17 09:25:56 [TRACE] 3RlROk7JPDKjjNVZGvLkvq /link/get 컨텍스트저장 UKey:'DwPdS'
2023/07/17 09:40:58 [TRACE] 4yQcHPSjnf08cKXEkIKSmv /link/get 컨텍스트저장 UKey:'DwPdS'
2023/07/17 09:42:37 [TRACE] eeClukDW4jkl68B1rhx5C2 /link/get 컨텍스트저장 UKey:'DwPdS'
2023/07/17 09:47:00 [TRACE] 2kaLhB4gnxp9JM1ivT9S0B /link/get 컨텍스트저장 UKey:'DwPdS'
2023/07/17 09:48:51 [TRACE] kv9WERoRHp95EGDMUEsjnA /link/get 컨텍스트저장 UKey:'ysC2y'
2023/07/17 09:49:21 [TRACE] eDuJhqqn9EEcnm3XpAD8Mw /link/get 컨텍스트저장 UKey:'ysC2y'
2023/07/17 09:49:32 [TRACE] 2z783l7AQLW4SKNzVGjeaN /link/get 컨텍스트저장 UKey:'ysC2y'
2023/07/17 09:50:28 [TRACE] eeQoGhQwjxP4MrgrBKKonb /link/get 컨텍스트저장 UKey:'ysC2y'
2023/07/17 09:50:43 [TRACE] liiMlqaqLKzg2zjPBanDRW /link/get 컨텍스트저장 UKey:'ysC2y'
2023/07/17 09:51:38 [TRACE] 3nsI113bikQf19gCePFr1F /link/get 컨텍스트저장 UKey:'ysC2y'
2023/07/17 09:53:13 [TRACE] 5G2FnVBcZXtlXgnnYAJx9m /link/get 컨텍스트저장 UKey:'vq5B0'
2023/07/17 09:53:51 [TRACE] ffekEbNKTTh8Oxp5c94arW /link/get 컨텍스트저장 UKey:'xrLYs'
2023/07/17 14:38:13 [TRACE] 2yWvmlmJ8whdaSAtHDLId /link/get 컨텍스트저장 UKey:'ysC2y'
2023/07/17 14:38:15 [TRACE] 6BAGLVyhFrkdICd4D5bbES /link/get 컨텍스트저장 UKey:'DwPdS'
2023/07/17 14:47:13 [TRACE] aUXJmoEC0FslstL9xfieAH /link/get 컨텍스트저장 UKey:'DwPdS'
2023/07/17 14:55:00 [TRACE] 9rk1jQCg0Uwacil5UaO4Gu /link/get 컨텍스트저장 UKey:'xrLYs'
2023/07/17 15:02:53 [TRACE] itz2RLhmzFQ3Srm2iHsom9 /link/get 컨텍스트저장 UKey:'xrLYs'
2023/07/17 15:03:01 [TRACE] 5ooCWKH0inyfeg2XztYAX /link/get 컨텍스트저장 UKey:'xrLYs'
2023/07/17 15:09:58 [TRACE] 5hYukFMaNY7fTVCsiUCmb3 /link/get 컨텍스트저장 UKey:'xrLYs'
2023/07/17 15:10:24 [TRACE] 2GbWtpvXaAgg2nZl6cPHG1 /link/get 컨텍스트저장 UKey:'xrLYs'
2023/07/17 15:10:33 [TRACE] 5OCJZO4iacZ5mNjKyItDmF /link/get 컨텍스트저장 UKey:'xrLYs'
2023/07/17 15:10:40 [TRACE] cgD7kZfvGpjiFXLdOVnOT7 /link/get 컨텍스트저장 UKey:'xrLYs'
2023/07/17 15:10:53 [TRACE] 10Qq4rRYwy4fT82eY2GTlx /link/get 컨텍스트저장 UKey:'xrLYs'
2023/07/17 15:11:09 [TRACE] 36EoYxNZKDL3OwyGjBoYqd /link/get 컨텍스트저장 UKey:'xrLYs'
2023/07/17 15:11:18 [TRACE] 3K4N9JJ4QifbZXjVXScaLx /link/get 컨텍스트저장 UKey:'xrLYs'
2023/07/17 15:13:06 [TRACE] kyKbjB0qh9q1pJBK3FLXNI /link/get 컨텍스트저장 UKey:'xrLYs'
2023/07/17 15:14:13 [TRACE] hSZ70CdKmN3LDJwdWaTl8 /link/get 컨텍스트저장 UKey:'xrLYs'
2023/07/17 15:14:18 [TRACE] bhWblJRxwyLjCHqAMW059s /link/get 컨텍스트저장 UKey:'xrLYs'
2023/07/17 15:14:22 [TRACE] 82bKL1ef6vScBlU6OIvV9y /link/get 컨텍스트저장 UKey:'xrLYs'
2023/07/17 15:14:33 [TRACE] 78tT1pdIrIjkZJFD4fL4sq /link/get 컨텍스트저장 UKey:'xrLYs'
2023/07/17 15:14:40 [TRACE] m0iIaJCsTseWCI9ebuKF0 /link/get 컨텍스트저장 UKey:'xrLYs'
2023/07/17 15:20:16 [TRACE] 9KScPLKgKeh6qoI0RzMrmY /link/get 컨텍스트저장 UKey:'xrLYs'
2023/07/17 15:20:27 [TRACE] 7ft0g6LTbjheeToeyVOnH /link/get 컨텍스트저장 UKey:'xrLYs'
2023/07/17 15:20:30 [TRACE] 8XdXyGtNoxhjOL2UrMKDJx /link/get 컨텍스트저장 UKey:'xrLYs'
2023/07/17 15:20:36 [TRACE] 6KPh3ilrv9s3WPwIhIIFO0 /link/get 컨텍스트저장 UKey:'xrLYs'
2023/07/17 15:20:44 [TRACE] iDudU9zRXAxgjYiB9zmEOA /link/get 컨텍스트저장 UKey:'xrLYs'
2023/07/17 15:21:04 [TRACE] 9W5OYgtkbdt6QCAeUd04Nt /link/get 컨텍스트저장 UKey:'xrLYs'
2023/07/17 17:16:16 [TRACE] ePNOolU1rh2h9IbSOiqeP6 /link/get 컨텍스트저장 UKey:'xrLYs'
2023/07/17 17:17:05 [TRACE] g2qOQmlSDg44bMywMhmoht /link/get 컨텍스트저장 UKey:'xrLYs'
2023/07/17 17:18:23 [TRACE] dIKQz4QxgLU8usHLht7Mpa /link/get 컨텍스트저장 UKey:'xrLYs'
2023/07/17 17:18:42 [TRACE] RrmegMmxHahczurtsMymO /link/get 컨텍스트저장 UKey:'xrLYs'
2023/07/17 17:20:37 [TRACE] cBdXdIhNkSu3mX3xo50py1 /link/get 컨텍스트저장 UKey:'xrLYs'
2023/07/17 17:21:44 [TRACE] f61pSMay5PGl1gGcnafEQF /link/get 컨텍스트저장 UKey:'xrLYs'
2023/07/17 17:22:22 [TRACE] 66fLzmy6pwT7mpJPTiW8Dx /link/get 컨텍스트저장 UKey:'xrLYs'
2023/07/17 17:45:10 [TRACE] lYkET1cqPNkf06Nx55eFcC /link/get 컨텍스트저장 UKey:'xrLYs'
2023/07/17 17:47:36 [TRACE] g0g9ULLcYdJ8Y7ojI4V1YV /link/get 컨텍스트저장 UKey:'xrLYs'
2023/07/17 17:57:33 [TRACE] drbf6tInj6JlJ4vtcPr1Q4 /link/get 컨텍스트저장 UKey:'xrLYs'
2023/07/17 17:57:55 [TRACE] 9zfxoAudkie2bwnJacVXln /link/get 컨텍스트저장 UKey:'xrLYs'
2023/07/17 18:01:06 [TRACE] caR0fstacxXawPEE0a25NS /link/get 컨텍스트저장 UKey:'xrLYs'
2023/07/17 18:01:30 [TRACE] i3BFbYbMfFkfgTdFh4Ol9W /link/get 컨텍스트저장 UKey:'xrLYs'
