2023/07/14 09:09:06 [TRACE] 6hJYRHfRXog1LQRloPYK5B /link/set 컨텍스트저장 UKey:'IB2mM'
2023/07/14 09:11:04 [TRACE] jmgEHIsV9fqdD24M8eKRvh ----------------------------------------------------
2023/07/14 09:11:04 [TRACE] jmgEHIsV9fqdD24M8eKRvh /IB2mM 토큰생성: 73339a4e-065a-4c39-aca3-d83ecccc2786
2023/07/14 09:11:04 [TRACE] jmgEHIsV9fqdD24M8eKRvh 2024-06-07 00:00:00 +0700 +07
2023/07/14 09:11:04 [TRACE] jmgEHIsV9fqdD24M8eKRvh ub.urlybud.aqua.castis.io 라이선스 정상
2023/07/14 09:11:04 [TRACE] jmgEHIsV9fqdD24M8eKRvh IB2mM CheckExists()
2023/07/14 09:11:04 [TRACE] jmgEHIsV9fqdD24M8eKRvh IB2mM CheckSecureLink()
2023/07/14 09:11:04 [TRACE] jmgEHIsV9fqdD24M8eKRvh IB2mM CheckCount()
2023/07/14 09:11:04 [TRACE] jmgEHIsV9fqdD24M8eKRvh IB2mM CheckExpire()
2023/07/14 09:11:04 [TRACE] jmgEHIsV9fqdD24M8eKRvh IB2mM CheckAuth()
2023/07/14 09:11:04 [TRACE] jmgEHIsV9fqdD24M8eKRvh IB2mM ServeLink()
2023/07/14 09:11:04 [TRACE] jmgEHIsV9fqdD24M8eKRvh IB2mM Redirect()
2023/07/14 09:11:04 [TRACE] jmgEHIsV9fqdD24M8eKRvh IB2mM GET 리다이렉트
2023/07/14 09:11:04 [TRACE] jmgEHIsV9fqdD24M8eKRvh /IB2mM 컨텍스트저장 UKey:'IB2mM'
2023/07/14 09:11:08 [TRACE] dUniLfnSnPPlqVMoCkwQ9L /link/get 컨텍스트저장 UKey:'IB2mM'
2023/07/14 09:15:23 [TRACE] aBc1QyfzHovit0ciUPZRsb /link/get 컨텍스트저장 UKey:'IB2mM'
2023/07/14 09:16:16 [TRACE] 62bWahmDbNjhDwg2Au1wtV /link/get 컨텍스트저장 UKey:'IB2mM'
2023/07/14 09:44:33 [TRACE] bjWYFU024SggjEdbNT6dPZ /link/get 컨텍스트저장 UKey:'IB2mM'
2023/07/14 10:27:11 [TRACE] Uoiq7q5tzIe6DFYG2RUVH /link/get 컨텍스트저장 UKey:'IB2mM'
2023/07/14 20:22:22 [TRACE] 5TAoTSHGigabpGUit7LqPZ /link/get 컨텍스트저장 UKey:'AueDa'
