2023/06/21 09:17:23 [TRACE] biNgM9jocd5koVmmNZjE1p /link/get 컨텍스트저장 UKey:'fcB3k'
2023/06/21 09:19:50 [TRACE] lqAK1FsHqoRenEICKk3leH /link/get 컨텍스트저장 UKey:'32wd7'
2023/06/21 09:23:24 [TRACE] 5PnNoT04RXI1IUwUDrO8K /link/get 컨텍스트저장 UKey:'SJlPM'
2023/06/21 09:26:57 [TRACE] lEUlQ1FU4hR8FcXv5REXXr /link/get 컨텍스트저장 UKey:'pkZKt'
2023/06/21 09:27:04 [TRACE] hmDA29M0ICQ7FYnP8ZdVje /link/get 컨텍스트저장 UKey:'pkZKt'
2023/06/21 09:27:20 [TRACE] lFaYyJi5WbU3Qle0OIXawa /link/get 컨텍스트저장 UKey:'pkZKt'
2023/06/21 09:28:46 [TRACE] asOy3gTn8CM37JrXusTFMf /link/get 컨텍스트저장 UKey:'pkZKt'
2023/06/21 09:29:36 [TRACE] 1215JB7x3ykesXUqDCBZkt /link/get 컨텍스트저장 UKey:'lhDsr'
2023/06/21 10:01:46 [TRACE] els4MhUuIX8hYmtW2281RY /link/set 컨텍스트저장 UKey:'xrJ8O'
2023/06/21 10:01:46 [TRACE] 9lB5uf9bkLn733qtYDPiRa /link/set 컨텍스트저장 UKey:'PGQRT'
2023/06/21 10:07:34 [TRACE] 3Ey87KF3bG14nk5x3oxblo /link/set 컨텍스트저장 UKey:'54ctG'
2023/06/21 10:07:34 [TRACE] kvBlLIJqt9Y5iswFo3PR8 /link/set 컨텍스트저장 UKey:'jfXP5'
2023/06/21 10:10:22 [TRACE] 46o7peClldm6TronZqq7jI /link/set 컨텍스트저장 UKey:'CvVEM'
2023/06/21 10:10:22 [TRACE] cojvtyRX7HW3pas17NuX4Z /link/set 컨텍스트저장 UKey:'hehDJ'
2023/06/21 10:20:07 [TRACE] 647FBrY019Y1NALBuTE4Wi /link/set 컨텍스트저장 UKey:'snwI0'
2023/06/21 10:20:07 [TRACE] 4YH0CDlkNLb62eMynnPkSq /link/set 컨텍스트저장 UKey:'njken'
2023/06/21 10:27:38 [TRACE] liXJpnzTSJZ2yFMtTJR3Kp /link/set 컨텍스트저장 UKey:'ExBTi'
2023/06/21 10:27:38 [TRACE] knmuYX89WUd172DrUNKcmO /link/set 컨텍스트저장 UKey:'yszjE'
2023/06/21 10:29:12 [TRACE] iK7ohnhH9unaL2kTwaSZis /link/set 컨텍스트저장 UKey:'SJnhu'
2023/06/21 10:29:12 [TRACE] 1OcPFc7dWMgiqj4MuPqR03 /link/set 컨텍스트저장 UKey:'hehFn'
2023/06/21 10:32:41 [TRACE] i0eMQfBueBC2QzIV8DTyCG /link/set 컨텍스트저장 UKey:'Fys1Y'
2023/06/21 10:32:41 [TRACE] idl5gsTejtG1xeZJYcdAuZ /link/set 컨텍스트저장 UKey:'OG0VE'
2023/06/21 10:39:35 [TRACE] 6IyuN43skRbkyS8HKSPbtA /link/set 컨텍스트저장 UKey:'43mow'
2023/06/21 10:39:38 [TRACE] 7UkJpxBnBP3jStMQXlZOy4 /link/set 컨텍스트저장 UKey:'lhE53'
2023/06/21 10:39:38 [TRACE] dxeuQVhccuMjqSsUOr3jgB /link/set 컨텍스트저장 UKey:'75SH8'
2023/06/21 10:39:38 [TRACE] 6mDA0Ifs8AtiCq5HBetuij /link/del 컨텍스트저장 UKey:'lhE53'
2023/06/21 10:42:19 [TRACE] gep8icPcFW5al1do9fZk8h /link/set 컨텍스트저장 UKey:'YOpYE'
2023/06/21 10:42:19 [TRACE] 31MBEgLvScV7u1NKagVsYU /link/del 컨텍스트저장 UKey:'YOpYE'
2023/06/21 10:51:06 [TRACE] e1gYUumcTTxfchI9hUIQKx /link/set 컨텍스트저장 UKey:'NFaTu'
2023/06/21 10:52:57 [TRACE] 5yKa9DfzRp58CZXvnYBylT ----------------------------------------------------
2023/06/21 10:52:57 [TRACE] 5yKa9DfzRp58CZXvnYBylT /Fys1Y 요청토큰: caec1689-70cf-4c6f-8805-be54273b3f01
2023/06/21 10:52:57 [TRACE] 5yKa9DfzRp58CZXvnYBylT 2024-06-07 00:00:00 +0700 +07
2023/06/21 10:52:57 [TRACE] 5yKa9DfzRp58CZXvnYBylT ub.urlybud.aqua.castis.io 라이선스 정상
2023/06/21 10:52:57 [TRACE] 5yKa9DfzRp58CZXvnYBylT Fys1Y CheckExists()
2023/06/21 10:52:57 [TRACE] 5yKa9DfzRp58CZXvnYBylT Fys1Y CheckSecureLink()
2023/06/21 10:52:57 [TRACE] 5yKa9DfzRp58CZXvnYBylT Fys1Y CheckCount()
2023/06/21 10:52:57 [TRACE] 5yKa9DfzRp58CZXvnYBylT Fys1Y CheckExpire()
2023/06/21 10:52:57 [TRACE] 5yKa9DfzRp58CZXvnYBylT Fys1Y 유효기한 초과
2023/06/21 10:52:57 [TRACE] 5yKa9DfzRp58CZXvnYBylT ExpectedError() Code:B242 Param:[]
2023/06/21 10:52:57 [TRACE] 5yKa9DfzRp58CZXvnYBylT /Fys1Y 컨텍스트저장 UKey:'Fys1Y'
2023/06/21 13:36:29 [TRACE] 8qD6qDSUONt9wWk0ZeL5Aa /link/get 컨텍스트저장 UKey:'lhDsr'
2023/06/21 13:59:36 [TRACE] 1VhBP3i7s4z5jwB5uvjVvs /link/get 컨텍스트저장 UKey:'lhDsr'
2023/06/21 14:07:03 [TRACE] iHq9xcJXmnllcG5k5BSC9p /link/get 컨텍스트저장 UKey:'lhDsr'
2023/06/21 14:07:43 [TRACE] 7FJDaoy0Ztr1alAcw2M8va /link/get 컨텍스트저장 UKey:'lhDsr'
2023/06/21 14:07:51 [TRACE] d2CC6uujU5ik1eKHARh3tY /link/get 컨텍스트저장 UKey:'lhDsr'
2023/06/21 14:07:55 [TRACE] gerE5xF1VW56WX6VxKQElM /link/get 컨텍스트저장 UKey:'lhDsr'
2023/06/21 14:08:16 [TRACE] jGz6BpGzFsF3HNjYXl5KW7 /link/get 컨텍스트저장 UKey:'lhDsr'
2023/06/21 14:08:23 [TRACE] bZMYrloIOBWdtFSj9Llfn3 /link/get 컨텍스트저장 UKey:'lhDsr'
2023/06/21 14:09:07 [TRACE] 36uMVMeFf7OcOGEj20x8Re /link/get 컨텍스트저장 UKey:'lhDsr'
2023/06/21 14:10:59 [TRACE] aiGbpa0DcmF189A3fFwnn5 /link/get 컨텍스트저장 UKey:'lhDsr'
2023/06/21 14:11:48 [TRACE] 8TzCZQqPeF9c2xgZG0PJpe /link/get 컨텍스트저장 UKey:'lhDsr'
2023/06/21 14:12:18 [TRACE] fzuZaxgkkjCksRwP2zogg3 /link/get 컨텍스트저장 UKey:'lhDsr'
2023/06/21 14:12:19 [TRACE] 4ZDyiucpWx8huj0ssZ7g0k /link/get 컨텍스트저장 UKey:'lhDsr'
2023/06/21 14:12:19 [TRACE] 27r2JjErTWU9kfb54cykB1 /link/get 컨텍스트저장 UKey:'lhDsr'
2023/06/21 14:12:19 [TRACE] dXbwEbf0dEP6jybc2L8tEg /link/get 컨텍스트저장 UKey:'lhDsr'
2023/06/21 14:12:19 [TRACE] DSWT9LzdDPeU1EU6QnvjT /link/get 컨텍스트저장 UKey:'lhDsr'
2023/06/21 14:12:20 [TRACE] lCKrfio0wnAdZ2tINZdWzf /link/get 컨텍스트저장 UKey:'lhDsr'
2023/06/21 14:12:33 [TRACE] 5euWzTq0x4Gg5jQWJZgvke /link/get 컨텍스트저장 UKey:'lhDsr'
2023/06/21 14:13:24 [TRACE] 2ZbT2vZvXV14xw3MLpWEfq /link/get 컨텍스트저장 UKey:'lhDsr'
2023/06/21 14:13:32 [TRACE] iPd5f7Z4jup7WDmLpswSlK /link/get 컨텍스트저장 UKey:'lhDsr'
2023/06/21 14:14:25 [TRACE] alBuziviHxGkMhbl6zZGeq /link/get 컨텍스트저장 UKey:'lhDsr'
2023/06/21 14:14:29 [TRACE] g9uUFpH0F02kOFnCzqKW10 /link/get 컨텍스트저장 UKey:'lhDsr'
2023/06/21 14:15:02 [TRACE] 1BLLgqw9DfplKO9zhDiaQo /link/get 컨텍스트저장 UKey:'lhDsr'
2023/06/21 14:15:16 [TRACE] fqgSRRYRoEi5phrnhDS208 /link/get 컨텍스트저장 UKey:'lhDsr'
2023/06/21 14:15:34 [TRACE] h2nVZydrwOP348TVjSqTle /link/get 컨텍스트저장 UKey:'TKbKq'
2023/06/21 14:17:16 [TRACE] 1pePwOKbt81rtrM5sF1LL /link/get 컨텍스트저장 UKey:'TKbKq'
2023/06/21 14:18:28 [TRACE] 4xe6W2iTkJmlInIyQQvoa4 /link/get 컨텍스트저장 UKey:'TKbKq'
2023/06/21 14:18:35 [TRACE] eXXRfrrvqM4gmYW8Kpv02P /link/get 컨텍스트저장 UKey:'TKbKq'
2023/06/21 14:30:46 [TRACE] 53410fGtmddkB3Y0s7FxBB /link/get 컨텍스트저장 UKey:'TKbKq'
2023/06/21 14:34:45 [TRACE] 1cTs2fa1bNph6PwLJVAUFd /link/get 컨텍스트저장 UKey:'TKbKq'
2023/06/21 14:35:48 [TRACE] 30ZUWesxxAK79bHwRt5utm /link/get 컨텍스트저장 UKey:'TKbKq'
2023/06/21 14:36:47 [TRACE] g3NsyL0P7qHhBwTs2JHwPl /link/get 컨텍스트저장 UKey:'TKbKq'
2023/06/21 14:43:42 [TRACE] juPedYI9CcT4XIcpwktJr9 /link/get 컨텍스트저장 UKey:'TKbKq'
2023/06/21 14:44:20 [TRACE] dtU5ctAsDdMcjjgxAoaXma /link/get 컨텍스트저장 UKey:'TKbTi'
2023/06/21 14:45:47 [TRACE] ekEQPHQaB2T5Xlqh4ft8qn /link/get 컨텍스트저장 UKey:'TKbTi'
2023/06/21 14:45:51 [TRACE] 5YSZk8EeBHB2UDlRAoZTKJ /link/get 컨텍스트저장 UKey:'TKbTi'
2023/06/21 14:55:15 [TRACE] fx0oVVi3IgHj3pKeZV4rYJ /link/get 컨텍스트저장 UKey:'TKbTi'
2023/06/21 14:55:46 [TRACE] 4jdYwIlyauO9CFQnRrGb12 /link/get 컨텍스트저장 UKey:'TKbTi'
2023/06/21 14:56:03 [TRACE] 2xIwg7uwCUk5hwZd2ni1xs /link/get 컨텍스트저장 UKey:'TKbTi'
2023/06/21 14:56:08 [TRACE] 6ZSi1dQCnLX8OxPru48T2C /link/get 컨텍스트저장 UKey:'TKbTi'
2023/06/21 14:56:21 [TRACE] iAl3Ku41EllkaUwP6uuSyi /link/get 컨텍스트저장 UKey:'TKbTi'
2023/06/21 14:56:30 [TRACE] ew2r0ZvYPbs5vcWi9w5PDu /link/get 컨텍스트저장 UKey:'TKbTi'
2023/06/21 14:57:43 [TRACE] cGpkJ1bRlU28UHjONA6zco /link/get 컨텍스트저장 UKey:'TKbTi'
2023/06/21 14:57:47 [TRACE] 7DhHF3xmENM3mCEv7BXxow /link/get 컨텍스트저장 UKey:'SJkKI'
2023/06/21 14:57:50 [TRACE] fyM4SsU6oEe8jNAgKdZFY /link/get 컨텍스트저장 UKey:'SJkKI'
2023/06/21 14:57:54 [TRACE] 4Z0dNUohJT27BLxsTATdHS /link/get 컨텍스트저장 UKey:'lhDsr'
2023/06/21 14:58:12 [TRACE] bAmmAdDyy7Kl6NFxHke71g /link/get 컨텍스트저장 UKey:'TKbTi'
2023/06/21 14:58:15 [TRACE] dE13uLRXcKg8W7I3HV8gIZ /link/get 컨텍스트저장 UKey:'TKbTi'
2023/06/21 14:58:37 [TRACE] 4d4OzCUa4P8glFeqmPYWI7 /link/get 컨텍스트저장 UKey:'TKbTi'
2023/06/21 14:58:45 [TRACE] jgCxNYZe4zOfurYPGPgE0m /link/get 컨텍스트저장 UKey:'lhDsr'
2023/06/21 14:59:09 [TRACE] jx0hwYuGbDmb0RbDvBFPPZ /link/get 컨텍스트저장 UKey:'lhDsr'
2023/06/21 14:59:41 [TRACE] jV2ptROZDF78kmoVEZyy6v /link/get 컨텍스트저장 UKey:'lhDsr'
2023/06/21 14:59:58 [TRACE] lABlvwrx5JzaJzOGkC8RUW /link/get 컨텍스트저장 UKey:'pkZKt'
2023/06/21 15:00:01 [TRACE] evjL7yHYQMH1gQ4ip67A6N /link/get 컨텍스트저장 UKey:'pkZKt'
2023/06/21 15:00:21 [TRACE] 1RER7t45rWXfNm936M1GxN /link/get 컨텍스트저장 UKey:'pkZKt'
2023/06/21 15:00:24 [TRACE] a9uqvdWitjgjhvTodaKMz5 /link/get 컨텍스트저장 UKey:'lhDsr'
2023/06/21 15:00:26 [TRACE] 5HBIAZKh9vhlrVjlz05wD5 /link/get 컨텍스트저장 UKey:'lhDsr'
2023/06/21 15:33:59 [TRACE] 8LCoeOjmR5k3AjAJMRHcoW /link/get 컨텍스트저장 UKey:'lhDsr'
2023/06/21 15:34:02 [TRACE] 2exwOBqrOKy8mez3zWSEV5 /link/get 컨텍스트저장 UKey:'pkZKt'
2023/06/21 15:34:39 [TRACE] c1YqbauilYP6wSFYJ2l5ig /link/get 컨텍스트저장 UKey:'lhDsr'
2023/06/21 15:42:21 [TRACE] eb6QSaH6vCp1VujZFmmcUJ /link/get 컨텍스트저장 UKey:'lhDsr'
2023/06/21 15:44:12 [TRACE] foT1tLuJLIyji4F1Fg8lWf /link/set 컨텍스트저장 UKey:'ca5cw'
2023/06/21 15:44:12 [TRACE] 1za8ErKhBpflbNlwTuhbMr /link/set 컨텍스트저장 UKey:'21Gcs'
2023/06/21 15:51:23 [TRACE] h6IVQcpxPoo82jsHa6FOmo /link/set 컨텍스트저장 UKey:'MEkPC'
2023/06/21 15:51:53 [TRACE] 9GjdqQWMjuBhrY25alAKKb /link/get 컨텍스트저장 UKey:'pkZKt'
2023/06/21 15:51:56 [TRACE] 6cNzQ8Oq02gd3s4kq8Gl1B /link/get 컨텍스트저장 UKey:'lhDsr'
2023/06/21 15:52:28 [TRACE] 6sxPU0Rzdx4aODTp0JqGZA /link/get 컨텍스트저장 UKey:'LDtpv'
2023/06/21 15:52:49 [TRACE] 8buSKj2FWc0kXsFo3vgoFt /link/get 컨텍스트저장 UKey:'lhDsr'
2023/06/21 15:52:57 [TRACE] 1vv2EpjMk7qfPWkHrzhYQj /link/get 컨텍스트저장 UKey:'pkZKt'
2023/06/21 15:53:07 [TRACE] jezn1LCI9FdhRXkrdONpP9 /link/get 컨텍스트저장 UKey:'TKbKq'
2023/06/21 15:56:40 [TRACE] 5X3FWhS31gWkGlcmhnNSvS /link/get 컨텍스트저장 UKey:'lhDsr'
2023/06/21 15:57:42 [TRACE] 3FcAy1lg9938O5ARpvy3nk /link/set 컨텍스트저장 UKey:'VLTKI'
2023/06/21 15:57:42 [TRACE] ekXxuM0lPKElMSRKawlg6p /link/set 컨텍스트저장 UKey:'WMJRU'
2023/06/21 15:58:17 [TRACE] kF9svUmuZ31hcIkVHSU817 /link/get 컨텍스트저장 UKey:'lhDsr'
2023/06/21 15:58:35 [TRACE] jPcOAgwKqbGiEgWB8TDYpS /link/get 컨텍스트저장 UKey:'lhDsr'
2023/06/21 15:58:57 [TRACE] 1NdxvWndggLfy6xdeOacsG /link/get 컨텍스트저장 UKey:'lhDsr'
2023/06/21 15:58:57 [TRACE] eiGeuzs21tO2z6O5SPnI3o /link/get 컨텍스트저장 UKey:'lhDsr'
2023/06/21 15:58:59 [TRACE] 83LCkS0lRLZnPt5zi6cgs /link/get 컨텍스트저장 UKey:'lhDsr'
2023/06/21 15:58:59 [TRACE] 6wTUlWDjxJKihqi5owGg3d /link/get 컨텍스트저장 UKey:'lhDsr'
2023/06/21 15:59:04 [TRACE] 9pSyMY2L2dAkSmG8r1GovR /link/get 컨텍스트저장 UKey:'TKbKq'
2023/06/21 16:01:17 [TRACE] a2qKbFNnzxYdWw3AF139Et /link/set 컨텍스트저장 UKey:'SJntG'
2023/06/21 16:01:17 [TRACE] cnFqtNG840cfo8fOmG0gql /link/set 컨텍스트저장 UKey:'RIxof'
2023/06/21 16:03:36 [TRACE] UWOb2neD2q4tYvYWzB921 /link/set 컨텍스트저장 UKey:'86IOA'
2023/06/21 16:03:36 [TRACE] fH21QJQLdpXYyh8LTDoYC /link/set 컨텍스트저장 UKey:'gdrDq'
2023/06/21 16:07:32 [TRACE] 6tgZVO8WKeT9NjQ9p3kRoe /link/set 컨텍스트저장 UKey:'DwLZQ'
2023/06/21 16:07:32 [TRACE] jqWHkfyd8zZ80TWtcOid4g /link/set 컨텍스트저장 UKey:'hehKj'
2023/06/21 16:12:41 [TRACE] j9iYRj1QUtMcPyvfRJ9zSf /link/set 컨텍스트저장 UKey:'rmGMs'
2023/06/21 16:12:41 [TRACE] jujoAgeoDHldXHOpQmcghl /link/set 컨텍스트저장 UKey:'jfXXF'
2023/06/21 16:31:44 [TRACE] dig2WjBNd2DhzPAH10WecM /link/set 컨텍스트저장 UKey:'KCELi'
2023/06/21 16:31:44 [TRACE] hZYV84Yb1qC1DohzgpW90J /link/set 컨텍스트저장 UKey:'ebLs6'
2023/06/21 16:32:53 [TRACE] 6wZNUW1aiAde3D0rboucIU /link/set 컨텍스트저장 UKey:'a8p2w'
2023/06/21 16:32:53 [TRACE] gHmgErUF2xU41nIcFOY69A /link/set 컨텍스트저장 UKey:'ca5fC'
2023/06/21 16:40:07 [TRACE] 7xPp4PrGcv66o7bItEz9IO /link/set 컨텍스트저장 UKey:'WMK44'
2023/06/21 16:40:07 [TRACE] 8CckHce19h84yPhpcFYDjL /link/set 컨텍스트저장 UKey:'YOqi0'
2023/06/21 16:40:48 [TRACE] fHOoIEzm0s7gPudyqDliI2 /link/set 컨텍스트저장 UKey:'ton2Y'
2023/06/21 16:40:48 [TRACE] 27QbLAGtb95iIzrEw9bffw /link/set 컨텍스트저장 UKey:'75SJJ'
2023/06/21 17:51:41 [TRACE] kCNH1O9fFh4ge5hHaebS1u /link/set 컨텍스트저장 UKey:'KCERe'
