2023/06/30 06:49:54 [TRACE] 3vTVQEnQSgejL0FGFWc3it /link/set 컨텍스트저장 UKey:'ca5uw'
2023/06/30 09:05:33 [TRACE] fN05cj9BClAi5majJLh0T5 /link/get 컨텍스트저장 UKey:'lhDsr'
2023/06/30 09:07:14 [TRACE] lLO1auP2BtXixoqiob8Lrf /link/get 컨텍스트저장 UKey:'lhDsr'
2023/06/30 09:07:18 [TRACE] hl8uufvyFpZcqTwUHDXyDW /link/get 컨텍스트저장 UKey:'lhDsr'
2023/06/30 09:09:22 [TRACE] ed0RWKzR4bvjnep41bBiwl /link/get 컨텍스트저장 UKey:'lhDsr'
2023/06/30 09:10:13 [TRACE] 7mMoRuYAg8Uiuy6MHHZnwu /link/get 컨텍스트저장 UKey:'lhDsr'
2023/06/30 09:35:20 [TRACE] a3fiFhcKjKq4gC6ga6Bg7n /link/get 컨텍스트저장 UKey:'lhDsr'
2023/06/30 09:36:21 [TRACE] 7uG6RulihFQiupbq2cqlGM /link/get 컨텍스트저장 UKey:'lhDsr'
2023/06/30 09:37:28 [TRACE] 91FF0auRs564JokaBkUI2Z /link/get 컨텍스트저장 UKey:'lhDsr'
2023/06/30 09:38:01 [TRACE] dwAWGb870mCiXbd0v52mpp /link/get 컨텍스트저장 UKey:'lhDsr'
2023/06/30 09:38:32 [TRACE] 6RScgr3oByMc5zIXhwWFSV /link/get 컨텍스트저장 UKey:'lhDsr'
2023/06/30 10:16:47 [TRACE] 9FqCW7Fnu8Kb0f6ufPmqL2 /link/get 컨텍스트저장 UKey:'lhDsr'
2023/06/30 10:20:37 [TRACE] cfZjLdKGcNGeI6qtQzD4AY /link/get 컨텍스트저장 UKey:'lhDsr'
2023/06/30 10:20:45 [TRACE] 6dUVYUW5QXKkBrVtvUd3GZ /link/get 컨텍스트저장 UKey:'lhDsr'
2023/06/30 10:21:21 [TRACE] 5XcIeJEF6IK55GV2FNQYzX /link/get 컨텍스트저장 UKey:'lhDsr'
2023/06/30 10:21:32 [TRACE] 5iMBomW5BvG1UjWHyX5Ih3 /link/get 컨텍스트저장 UKey:'lhDsr'
2023/06/30 10:21:46 [TRACE] dVu8U6w95uZ4qEOSCND7HO /link/get 컨텍스트저장 UKey:'lhDsr'
2023/06/30 10:21:57 [TRACE] iRIAJNhDRe29ezAQ52mWVl /link/get 컨텍스트저장 UKey:'lhDsr'
2023/06/30 10:26:17 [TRACE] kmKs0rKljLziw9iIfH9JhS /link/get 컨텍스트저장 UKey:'lhDsr'
2023/06/30 10:27:42 [TRACE] 5jopkmfWHDW9rhtKhoGfP9 /link/get 컨텍스트저장 UKey:'lhDsr'
2023/06/30 10:28:42 [TRACE] 51LJyXNzG85kllAO0MzJRh /link/get 컨텍스트저장 UKey:'lhDsr'
2023/06/30 10:28:45 [TRACE] azfiYd9xnqhsyw8CKAWwY /link/get 컨텍스트저장 UKey:'lhDsr'
2023/06/30 10:29:03 [TRACE] 3IByBzHY2vojHyCMfdaxJL /link/get 컨텍스트저장 UKey:'lhDsr'
2023/06/30 10:31:11 [TRACE] 8iGxJeN7Hdvhq7i54oKLZs /link/get 컨텍스트저장 UKey:'lhDsr'
2023/06/30 10:31:18 [TRACE] FudJF7cuix39jO3sEAnkw /link/get 컨텍스트저장 UKey:'lhDsr'
2023/06/30 10:46:16 [TRACE] 1YzCNPhkJSlaZu5m4JoMA0 /link/get 컨텍스트저장 UKey:'lhDsr'
2023/06/30 10:46:25 [TRACE] 9qcAP2nS9VGklBEG9vPcIe /link/get 컨텍스트저장 UKey:'lhDsr'
2023/06/30 10:49:49 [TRACE] bfYWor6pQBylrxqdpu2XEd /link/get 컨텍스트저장 UKey:'lhDsr'
2023/06/30 10:52:01 [TRACE] kJZaDMTNnD58l6arp6bwIS /link/get 컨텍스트저장 UKey:'lhDsr'
2023/06/30 10:52:08 [TRACE] aoJm3bY9a972qfcwPqI7GM /link/get 컨텍스트저장 UKey:'lhDsr'
2023/06/30 10:56:54 [TRACE] pBSKSrDYkm5hcFl6dkpF4 /link/get 컨텍스트저장 UKey:'lhDsr'
2023/06/30 10:57:28 [TRACE] jX9XWTzdVcy5lnF9XUkFfE /link/get 컨텍스트저장 UKey:'lhDsr'
2023/06/30 10:57:39 [TRACE] 5VxRl8ogjSNAeFOUV7fmC /link/get 컨텍스트저장 UKey:'lhDsr'
2023/06/30 10:57:43 [TRACE] jyEaoDltXBW62dfqrUVoLz /link/get 컨텍스트저장 UKey:'lhDsr'
2023/06/30 10:57:51 [TRACE] 3eupqfTvzzJhDd4dOtwy0e /link/get 컨텍스트저장 UKey:'lhDsr'
2023/06/30 10:58:08 [TRACE] byA22vxja1ddDc5wZdxm0Z /link/get 컨텍스트저장 UKey:'lhDsr'
2023/06/30 11:54:38 [TRACE] dE80Eo4VLqYg7xd1hkd31N /link/get 컨텍스트저장 UKey:'lhDsr'
2023/06/30 13:46:33 [TRACE] lVfP1OtrbjreVqE7CYYnme /link/get 컨텍스트저장 UKey:'lhDsr'
2023/06/30 13:52:28 [TRACE] gJirLsd64No3XqoIgsRwMD /link/get 컨텍스트저장 UKey:'lhDsr'
2023/06/30 13:52:28 [TRACE] 1zHhvTkZf2ujGfrKIGFxkj /link/get 컨텍스트저장 UKey:'lhDsr'
2023/06/30 13:54:47 [TRACE] 9CD4SFyFFpUieieeZsz842 /link/get 컨텍스트저장 UKey:'lhDsr'
2023/06/30 13:54:51 [TRACE] 4Xk6ot5SZZqb7wO05uCov3 /link/get 컨텍스트저장 UKey:'lhDsr'
2023/06/30 13:55:52 [TRACE] enUAIQRxfzkfMZTMAb2SvM /link/get 컨텍스트저장 UKey:'lhDsr'
2023/06/30 14:01:56 [TRACE] bzAKBVDTc4NbnYfK9unxjd /link/get 컨텍스트저장 UKey:'lhDsr'
2023/06/30 14:02:06 [TRACE] ez2QEnBPW5G7RnHqrxPA8h /link/get 컨텍스트저장 UKey:'lhDsr'
2023/06/30 14:02:52 [TRACE] b22xPrCtCzt2lZQziciKAl /link/get 컨텍스트저장 UKey:'lhDsr'
2023/06/30 14:03:01 [TRACE] 3z44S2UP8cM3f6h1RgQ178 /link/get 컨텍스트저장 UKey:'lhDsr'
2023/06/30 14:05:07 [TRACE] 6C0Dl2kXu7740LJsO2JyVK /link/get 컨텍스트저장 UKey:'lhDsr'
2023/06/30 14:05:23 [TRACE] 13rGEKzV9dB62WzKrKkVO7 /link/get 컨텍스트저장 UKey:'lhDsr'
2023/06/30 14:05:28 [TRACE] 7dg4qKlVuWXakFJlS0F8LW /link/get 컨텍스트저장 UKey:'lhDsr'
2023/06/30 14:07:06 [TRACE] 6Hfjx7sTzhPlnrhBQxEGJq /link/get 컨텍스트저장 UKey:'lhDsr'
2023/06/30 15:05:34 [TRACE] l4BrfiKM8gD586VPBbbHnh /link/get 컨텍스트저장 UKey:'lhDsr'
2023/06/30 15:06:03 [TRACE] 3XAPq8Jk0uChTD37nhS0JM /link/get 컨텍스트저장 UKey:'lhDsr'
2023/06/30 15:06:29 [TRACE] cf2qRrdJlvNajIdtmHT7ip /link/get 컨텍스트저장 UKey:'lhDsr'
2023/06/30 15:07:07 [TRACE] 8XcJqmiAeRde5drEOQuRUO /link/get 컨텍스트저장 UKey:'lhDsr'
2023/06/30 15:10:28 [TRACE] 8GpJAkUNuyfjmbritYeOSo /link/get 컨텍스트저장 UKey:'lhDsr'
2023/06/30 15:10:30 [TRACE] hDA9ggxZZP7k2NVKZuUmi1 /link/get 컨텍스트저장 UKey:'lhDsr'
2023/06/30 15:11:18 [TRACE] g0BWSSMoqFk1nEEm5J7BIf /link/get 컨텍스트저장 UKey:'lhDsr'
2023/06/30 16:05:38 [TRACE] iXLkmiuNqj29Dzcc7JbQro /link/get 컨텍스트저장 UKey:'lhDsr'
2023/06/30 16:09:34 [TRACE] 1kiXZ0D0k7R2V4oPG21N7w /link/get 컨텍스트저장 UKey:'lhDsr'
2023/06/30 16:18:46 [TRACE] 4sp5F3AKNmZg5n9WAFMXsL /link/get 컨텍스트저장 UKey:'lhDsr'
2023/06/30 17:56:48 [TRACE] hQeNKLQIz907B8s61wlQiz /link/get 컨텍스트저장 UKey:'lhDsr'
