2023/06/19 10:16:55 [TRACE] hiYlrpsyBQm4vtJkd1hnO6 /link/get 컨텍스트저장 UKey:'AueDa'
2023/06/19 10:21:22 [TRACE] 2hXSNwZTR0htf8TVxRSdU /link/get 컨텍스트저장 UKey:'AueDa'
2023/06/19 10:21:57 [TRACE] 7wpGpOpIWaVjIQYZPAeEIg /link/get 컨텍스트저장 UKey:'AueDa'
2023/06/19 10:23:30 [TRACE] k5ZIlBkpqL3lKyaNNtnSsR /link/get 컨텍스트저장 UKey:'AueDa'
2023/06/19 10:23:40 [TRACE] 2n2hmOxBZ3H1rox2QV9BSH /link/get 컨텍스트저장 UKey:'AueDa'
2023/06/19 10:23:56 [TRACE] hcsrdjvWwbohffWlE24MOE /link/get 컨텍스트저장 UKey:'AueDa'
2023/06/19 10:24:01 [TRACE] jig9kKccoXJlIAvddP22VT /link/get 컨텍스트저장 UKey:'AueDa'
2023/06/19 10:24:03 [TRACE] 59SHrXQQGeghQPE0feqqEQ /link/get 컨텍스트저장 UKey:'AueDa'
2023/06/19 10:24:33 [TRACE] lB3YQYEWX487xHuZE42nXv /link/get 컨텍스트저장 UKey:'AueDa'
2023/06/19 10:24:51 [TRACE] gxh2sJca15ydAMv3hkIbwv /link/get 컨텍스트저장 UKey:'AueDa'
2023/06/19 10:25:10 [TRACE] euF2HSjZDqd6r3POslpn4 /link/get 컨텍스트저장 UKey:'AueDa'
2023/06/19 10:25:20 [TRACE] 6Uq5yHKU5SdgrUa6GrlgiC /link/get 컨텍스트저장 UKey:'AueDa'
2023/06/19 10:25:58 [TRACE] 6fr5Znlz0iN6Dtk0kqXQwt /link/get 컨텍스트저장 UKey:'AueDa'
2023/06/19 10:26:43 [TRACE] jxdKxNRjizU1lfpKkMVXwx /link/get 컨텍스트저장 UKey:'AueDa'
2023/06/19 10:27:46 [TRACE] nrSJMAvyWT3t3QSNAr90z /link/get 컨텍스트저장 UKey:'AueDa'
2023/06/19 10:29:17 [TRACE] 57UiW2fOgNgkreTdqlwLh6 /link/get 컨텍스트저장 UKey:'AueDa'
2023/06/19 10:29:24 [TRACE] gk2huZWFymh5HaiRb1MoXJ /link/get 컨텍스트저장 UKey:'AueDa'
2023/06/19 10:29:48 [TRACE] ls5vRHWw7273btxmkgpjae /link/get 컨텍스트저장 UKey:'AueDa'
2023/06/19 10:30:39 [TRACE] kyzanamvvTX3F8GywnzMZx /link/get 컨텍스트저장 UKey:'AueDa'
2023/06/19 10:30:51 [TRACE] 6kPn3lynHsX6s2t9q2fCsV /link/get 컨텍스트저장 UKey:'AueDa'
2023/06/19 10:31:02 [TRACE] AeLVjC4DEjlKNM5tx3Sdq /link/get 컨텍스트저장 UKey:'AueDa'
2023/06/19 10:31:08 [TRACE] 3iFu1YPdjfuj6wymyukEWT /link/get 컨텍스트저장 UKey:'AueDa'
2023/06/19 10:31:08 [TRACE] 46GaUNSQT1YlEWL1QviE2C /link/get 컨텍스트저장 UKey:'AueDa'
2023/06/19 10:31:35 [TRACE] 9aMpjSkf7Mf1nYGjvBsPgl /link/get 컨텍스트저장 UKey:'AueDa'
2023/06/19 10:31:54 [TRACE] bhca7RJIAuhd42VIiQWt9i /link/get 컨텍스트저장 UKey:'AueDa'
2023/06/19 10:32:29 [TRACE] lLYIB7gLOaKgbinKQBomKQ /link/get 컨텍스트저장 UKey:'AueDa'
2023/06/19 10:32:37 [TRACE] gLgjEvuswxXc4KNcG1sDG2 /link/get 컨텍스트저장 UKey:'AueDa'
2023/06/19 10:32:47 [TRACE] bxS00bVOVsObOnhG8VEACK /link/get 컨텍스트저장 UKey:'AueDa'
2023/06/19 10:32:57 [TRACE] lm6NAL3YlJ0474aoazAC3O /link/get 컨텍스트저장 UKey:'AueDa'
2023/06/19 10:33:13 [TRACE] dIqsMlBLJR9b4TA6a9yetN /link/get 컨텍스트저장 UKey:'AueDa'
2023/06/19 10:33:27 [TRACE] PN07PqGz4I8CGcjRawYg /link/get 컨텍스트저장 UKey:'AueDa'
2023/06/19 10:33:50 [TRACE] j6JiYgtIw8E9wb54PipzGm /link/get 컨텍스트저장 UKey:'AueDa'
2023/06/19 10:34:27 [TRACE] 41tTWxUWrtjjrJBqdL73EJ /link/get 컨텍스트저장 UKey:'AueDa'
2023/06/19 10:34:33 [TRACE] aHoCalROFM8jqJ0zN1vaSa /link/get 컨텍스트저장 UKey:'AueDa'
2023/06/19 10:34:51 [TRACE] 5l0zyTG56gpksoY3Aj5RJi /link/get 컨텍스트저장 UKey:'AueDa'
2023/06/19 10:37:12 [TRACE] 1QEdDD5irTfbbndqck2qlf /link/get 컨텍스트저장 UKey:'AueDa'
2023/06/19 10:37:56 [TRACE] btr68gNZYI0ejQ1sEDfqok /link/get 컨텍스트저장 UKey:'AueDa'
2023/06/19 10:38:34 [TRACE] jUjjOgOmeoTl5p3ezsCwoN /link/get 컨텍스트저장 UKey:'AueDa'
2023/06/19 10:39:00 [TRACE] 1WTsx6ZM8wEguYAx8yvmX8 /link/get 컨텍스트저장 UKey:'AueDa'
2023/06/19 10:39:05 [TRACE] 7rSIQABUdyndqwXZFeqLqn /link/get 컨텍스트저장 UKey:'AueDa'
2023/06/19 10:39:18 [TRACE] 6bkMmap8cKs5eQrXBP9RrC /link/get 컨텍스트저장 UKey:'AueDa'
2023/06/19 10:39:26 [TRACE] aeQkG2Mer37cCPA5m8BeiV /link/get 컨텍스트저장 UKey:'AueDa'
2023/06/19 10:39:32 [TRACE] dLcBabMuytdjOirtpqWp3v /link/get 컨텍스트저장 UKey:'AueDa'
2023/06/19 10:58:56 [TRACE] 5oM2P7hJTCtf5ctblxt2U3 /link/set 컨텍스트저장 UKey:'ztoKu'
2023/06/19 11:01:51 [TRACE] hfRw3RKSqrV6GS6vcOboGu /link/set 컨텍스트저장 UKey:'32weF'
2023/06/19 11:02:40 [TRACE] kaeJcMccEV0cXEYXO01Tqt /link/set 컨텍스트저장 UKey:'NF9Sg'
2023/06/19 11:03:02 [TRACE] bmpRcIXVQ6dbYOkY98uHi3 /link/set 컨텍스트저장 UKey:'97yIh'
2023/06/19 11:03:33 [TRACE] 7W9Tkd6AOf6ccNsgNfeXtb /link/set 컨텍스트저장 UKey:'pkZZo'
2023/06/19 11:04:48 [TRACE] 1tcnqZhyO5m2NEOorMECpX /link/set 컨텍스트저장 UKey:'21G9U'
2023/06/19 11:05:06 [TRACE] hM5XyPSEFW0d0aoyHky0GB /link/set 컨텍스트저장 UKey:'GzhmE'
2023/06/19 11:06:06 [TRACE] fhFYl5U7eaadbANAiwksdj /link/set 컨텍스트저장 UKey:'njjQD'
2023/06/19 11:06:20 [TRACE] kpMElZVPe4xgDnzaQSeBdY /link/set 컨텍스트저장 UKey:'a8oO0'
2023/06/19 11:06:21 [TRACE] 4ZSeU4WopqR68ztw904ZEF /link/set 컨텍스트저장 UKey:'QHGcQ'
2023/06/19 11:07:23 [TRACE] 8zkPZjQVZhta3cw5y5TS5j /link/set 컨텍스트저장 UKey:'ExBfi'
2023/06/19 11:07:37 [TRACE] 7sTgKa76aH2eeZ04NgcCY /link/set 컨텍스트저장 UKey:'qlQ7g'
2023/06/19 11:17:01 [TRACE] iwKT2gmvdzX8vFw2Yf9KUL /link/set 컨텍스트저장 UKey:'vq2x0'
2023/06/19 11:22:28 [TRACE] aKVm8w1IExe19qGhnYbAUj /link/get 컨텍스트저장 UKey:'AueDa'
2023/06/19 11:22:54 [TRACE] kHFrggb4vshfKP75R61WI3 /link/get 컨텍스트저장 UKey:'AueDa'
2023/06/19 11:23:23 [TRACE] gB4hIulZU8aaBk1zTPafYs /link/set 컨텍스트저장 UKey:'jfXyx'
2023/06/19 11:24:14 [TRACE] 5D9snEBCGuQfADmJTAjYCy /link/get 컨텍스트저장 UKey:'AueDa'
2023/06/19 11:24:33 [TRACE] 7qwASlhinSZjPDOwVA8MXv /link/get 컨텍스트저장 UKey:'AueDa'
2023/06/19 11:24:48 [TRACE] hCsr0t5oGdQ4adzuqPfKEf /link/get 컨텍스트저장 UKey:'AueDa'
2023/06/19 11:24:49 [TRACE] lGG10jbPsICjwrH4nmIORe /link/set 컨텍스트저장 UKey:'LDtRy'
2023/06/19 11:24:49 [TRACE] 11g7JCaIjPL4YSRg3IhXRm /link/set 컨텍스트저장 UKey:'UL2Ck'
2023/06/19 11:25:57 [TRACE] 9ZXjTd2elGY3G3VAyWaJ3N /link/set 컨텍스트저장 UKey:'21Gag'
2023/06/19 11:27:27 [TRACE] 7sEkjtZ1AwDf5ViXFfKVtW /link/set 컨텍스트저장 UKey:'43mkA'
2023/06/19 11:27:27 [TRACE] 756ORGNZAiudQeHW6ksDqr /link/set 컨텍스트저장 UKey:'NFa4U'
2023/06/19 11:27:43 [TRACE] 5sD0kTomHg83wJSBO2s7VW /link/set 컨텍스트저장 UKey:'CvVaK'
2023/06/19 11:27:55 [TRACE] fpNiC39biIIimYhjbMvhaa /link/set 컨텍스트저장 UKey:'KCDQU'
2023/06/19 11:28:36 [TRACE] gMPwDY0EEoCeHsygCEdfrp /link/get 컨텍스트저장 UKey:'AueDa'
2023/06/19 11:28:39 [TRACE] 37yKYYCnDpJgenX9XwZHgm /link/set 컨텍스트저장 UKey:'wqSGI'
2023/06/19 11:29:16 [TRACE] jK46xbx4wW8inX2jGEFvIp /link/get 컨텍스트저장 UKey:'AueDa'
2023/06/19 11:29:22 [TRACE] 7re7dIH16JIllddPP57JhP /link/get 컨텍스트저장 UKey:'AueDa'
2023/06/19 11:29:43 [TRACE] 1mJ0FjPbnMPcDzWTJf5yv8 /link/set 컨텍스트저장 UKey:'jfXBi'
2023/06/19 11:29:43 [TRACE] fdmiy2rozQyLidlwuJhrf /link/set 컨텍스트저장 UKey:'32wfJ'
2023/06/19 11:29:46 [TRACE] l0IN1fnfT8a62ByhVRnFK9 /link/get 컨텍스트저장 UKey:'AueDa'
2023/06/19 11:29:58 [TRACE] 7QW2mPlm18Vd1Mh7csB5ub /link/set 컨텍스트저장 UKey:'RIwuG'
2023/06/19 11:30:05 [TRACE] iH42BIpcdLMloxNsyd5AAT /link/get 컨텍스트저장 UKey:'AueDa'
2023/06/19 11:30:10 [TRACE] 3xAGwLMbcNJ8DuVVHGYAi4 /link/set 컨텍스트저장 UKey:'a8oQK'
2023/06/19 11:30:36 [TRACE] 3YUXqUa95WY1ZdG7ztG5mb /link/get 컨텍스트저장 UKey:'AueDa'
2023/06/19 11:31:10 [TRACE] huhsQ9q2dbYa6f1wKtMlOg /link/get 컨텍스트저장 UKey:'AueDa'
2023/06/19 11:31:44 [TRACE] 5ACpXCeHVo39eHKGhn65D8 /link/set 컨텍스트저장 UKey:'if7xe'
2023/06/19 11:32:40 [TRACE] idOgDaPFDsZ912F99TROou /link/get 컨텍스트저장 UKey:'AueDa'
2023/06/19 11:34:00 [TRACE] 9Lwb7l29ERn8o1qmPEeZWp /link/get 컨텍스트저장 UKey:'AueDa'
2023/06/19 11:34:16 [TRACE] dWrZMNXSmNA4qaUsNP1z57 /link/get 컨텍스트저장 UKey:'AueDa'
2023/06/19 11:37:02 [TRACE] lMrnMUWQI6ZaVcmGd143kq /link/get 컨텍스트저장 UKey:'AueDa'
2023/06/19 11:38:51 [TRACE] 1W4pChp4su95vmuxenRsMm /link/get 컨텍스트저장 UKey:'AueDa'
2023/06/19 11:38:53 [TRACE] acHY25P7uQpejFUsrBhDAH /link/get 컨텍스트저장 UKey:'AueDa'
2023/06/19 11:38:58 [TRACE] h6iY9zs65pneACWsVRp5Ux /link/get 컨텍스트저장 UKey:'AueDa'
2023/06/19 11:39:42 [TRACE] kZTWohdQGUohp1uNveqXVy ----------------------------------------------------
2023/06/19 11:39:42 [TRACE] kZTWohdQGUohp1uNveqXVy /link/set 토큰생성: a9e52d1b-eb67-4c4e-83bf-68ed8e723ef2
2023/06/19 11:39:42 [TRACE] kZTWohdQGUohp1uNveqXVy 2024-06-07 00:00:00 +0700 +07
2023/06/19 11:39:42 [TRACE] kZTWohdQGUohp1uNveqXVy ub.urlybud.aqua.castis.io 라이선스 정상
2023/06/19 11:39:42 [TRACE] kZTWohdQGUohp1uNveqXVy set CheckExists()
2023/06/19 11:39:42 [TRACE] kZTWohdQGUohp1uNveqXVy set 링크를 찾을 수 없음
2023/06/19 11:39:42 [TRACE] kZTWohdQGUohp1uNveqXVy ExpectedError() Code:B404 Param:[]
2023/06/19 11:39:42 [TRACE] kZTWohdQGUohp1uNveqXVy /link/set 컨텍스트저장 UKey:'set'
2023/06/19 11:41:07 [TRACE] eK4e4XYBEM8hbwsQuSZey4 /link/get 컨텍스트저장 UKey:'AueDa'
2023/06/19 11:41:07 [TRACE] 5E2CTQA3OEGfXvL8YfCcUS ----------------------------------------------------
2023/06/19 11:41:07 [TRACE] 5E2CTQA3OEGfXvL8YfCcUS /link/set 토큰생성: e5316d8e-8831-4ef9-a0cf-68cf1d71be64
2023/06/19 11:41:07 [TRACE] 5E2CTQA3OEGfXvL8YfCcUS 2024-06-07 00:00:00 +0700 +07
2023/06/19 11:41:07 [TRACE] 5E2CTQA3OEGfXvL8YfCcUS ub.urlybud.aqua.castis.io 라이선스 정상
2023/06/19 11:41:07 [TRACE] 5E2CTQA3OEGfXvL8YfCcUS set CheckExists()
2023/06/19 11:41:07 [TRACE] 5E2CTQA3OEGfXvL8YfCcUS set 링크를 찾을 수 없음
2023/06/19 11:41:07 [TRACE] 5E2CTQA3OEGfXvL8YfCcUS ExpectedError() Code:B404 Param:[]
2023/06/19 11:41:07 [TRACE] 5E2CTQA3OEGfXvL8YfCcUS /link/set 컨텍스트저장 UKey:'set'
2023/06/19 11:41:39 [TRACE] emhkvyxh6u9eAmiWCpJ7xf ----------------------------------------------------
2023/06/19 11:41:39 [TRACE] emhkvyxh6u9eAmiWCpJ7xf /link/set 토큰생성: 293c6259-73f4-4c45-8952-4e4ff9374921
2023/06/19 11:41:39 [TRACE] emhkvyxh6u9eAmiWCpJ7xf 2024-06-07 00:00:00 +0700 +07
2023/06/19 11:41:39 [TRACE] emhkvyxh6u9eAmiWCpJ7xf ub.urlybud.aqua.castis.io 라이선스 정상
2023/06/19 11:41:39 [TRACE] emhkvyxh6u9eAmiWCpJ7xf set CheckExists()
2023/06/19 11:41:39 [TRACE] emhkvyxh6u9eAmiWCpJ7xf set 링크를 찾을 수 없음
2023/06/19 11:41:39 [TRACE] emhkvyxh6u9eAmiWCpJ7xf ExpectedError() Code:B404 Param:[]
2023/06/19 11:41:39 [TRACE] emhkvyxh6u9eAmiWCpJ7xf /link/set 컨텍스트저장 UKey:'set'
2023/06/19 11:42:29 [TRACE] eZ31L2Al5EZkmPMXcuqKLv /link/get 컨텍스트저장 UKey:'AueDa'
2023/06/19 11:42:37 [TRACE] 7ucnUK6gYLgaySMDUgPK1N /link/get 컨텍스트저장 UKey:'AueDa'
2023/06/19 11:42:52 [TRACE] 51o8911mTMAaD7lozO3wa7 /link/set 컨텍스트저장 UKey:'86IGs'
2023/06/19 11:43:02 [TRACE] kgbo0AEKbDddfFsZmDyiE4 /link/set 컨텍스트저장 UKey:'LDu2a'
2023/06/19 11:43:09 [TRACE] 4SP6jfI3sX61N0Oowyo4wr /link/get 컨텍스트저장 UKey:'AueDa'
2023/06/19 11:44:05 [TRACE] 75gxJ73luO47zQUQCTd7Db /link/del 컨텍스트저장 UKey:'https://ub.urlybud.aqua.castis.io/LDu2a'
2023/06/19 11:44:06 [TRACE] 2wqX4jELy9e2Kk7uJ78HX3 /link/del 컨텍스트저장 UKey:'https://ub.urlybud.aqua.castis.io/LDu2a'
2023/06/19 11:44:06 [TRACE] 7vk3bcC1h2CcpDuOi4K0uX /link/del 컨텍스트저장 UKey:'https://ub.urlybud.aqua.castis.io/LDu2a'
2023/06/19 11:44:26 [TRACE] aPlgSIhApd0euUu2cTlb34 /link/set 컨텍스트저장 UKey:'Bv5bx'
2023/06/19 11:44:35 [TRACE] xKqtoGFLGX7KUPpmXcihJ /link/set 컨텍스트저장 UKey:'daV7C'
2023/06/19 11:45:13 [TRACE] i7NL6KhfcZm3K5ryWPqrnm /link/del 컨텍스트저장 UKey:'https://ub.urlybud.aqua.castis.io/daV7C'
2023/06/19 11:45:13 [TRACE] LMTq4lptuDdAuHauAKbHS /link/del 컨텍스트저장 UKey:'https://ub.urlybud.aqua.castis.io/daV7C'
2023/06/19 11:45:14 [TRACE] 7Lg90rqFA6ug4xVOjRqLxh /link/del 컨텍스트저장 UKey:'https://ub.urlybud.aqua.castis.io/daV7C'
2023/06/19 11:45:16 [TRACE] 1i50FxTuOotkf7mWdzLzWT /link/get 컨텍스트저장 UKey:'AueDa'
2023/06/19 11:45:40 [TRACE] jY3Ka0viLqc2jfzJUNw3YP /link/set 컨텍스트저장 UKey:'UL2QM'
2023/06/19 11:46:01 [TRACE] dY0CvjLFFOfi3CB95pg8B4 /link/get 컨텍스트저장 UKey:'AueDa'
2023/06/19 11:46:11 [TRACE] 1QZdqCO11a77ivLvdvGHBh /link/del 컨텍스트저장 UKey:'https://ub.urlybud.aqua.castis.io/UL2QM'
2023/06/19 11:46:11 [TRACE] 8VcuIh0fi7id2rJrxZbFpC /link/del 컨텍스트저장 UKey:'https://ub.urlybud.aqua.castis.io/UL2QM'
2023/06/19 11:46:11 [TRACE] g86RkHZP8he1oSWDUziMK1 /link/del 컨텍스트저장 UKey:'https://ub.urlybud.aqua.castis.io/UL2QM'
2023/06/19 11:46:17 [TRACE] sZcUK6VBNelypuL69D12e /link/get 컨텍스트저장 UKey:'AueDa'
2023/06/19 11:46:35 [TRACE] iUbq6joWUj9eJy2Nlgskh0 /link/get 컨텍스트저장 UKey:'AueDa'
2023/06/19 11:46:44 [TRACE] esVofIi7lTKeRubGB6eS8 /link/set 컨텍스트저장 UKey:'MEkaA'
2023/06/19 11:46:45 [TRACE] hTPutoEEPGYfRUGE2IzZXq /link/get 컨텍스트저장 UKey:'AueDa'
2023/06/19 11:46:59 [TRACE] 13wmFfRQ2CBjXjhGvrxQov /link/get 컨텍스트저장 UKey:'AueDa'
2023/06/19 11:47:03 [TRACE] jV8tMe0v9cZ5qL3nNYAuFF /link/del 컨텍스트저장 UKey:'https://ub.urlybud.aqua.castis.io/MEkaA'
2023/06/19 11:47:03 [TRACE] 2OWgXjWoN7b9eDeR6N5h2X /link/del 컨텍스트저장 UKey:'https://ub.urlybud.aqua.castis.io/MEkaA'
2023/06/19 11:47:03 [TRACE] 71oAAfiDX5hqVUhziCEr6 /link/del 컨텍스트저장 UKey:'https://ub.urlybud.aqua.castis.io/MEkaA'
2023/06/19 11:47:26 [TRACE] kSFdij5zsoD5UOYySeGeST /link/set 컨텍스트저장 UKey:'fcBj3'
2023/06/19 11:47:44 [TRACE] 2PlgKUrohHG5XPXN1GbNXs /link/get 컨텍스트저장 UKey:'AueDa'
2023/06/19 11:47:55 [TRACE] dHnFpw29wB4eN8oqdddsYm /link/get 컨텍스트저장 UKey:'AueDa'
2023/06/19 11:48:02 [TRACE] 5NRf9MuosUtdxCx1kAVIQF ----------------------------------------------------
2023/06/19 11:48:02 [TRACE] 5NRf9MuosUtdxCx1kAVIQF /fcBj3 요청토큰: caec1689-70cf-4c6f-8805-be54273b3f01
2023/06/19 11:48:02 [TRACE] 5NRf9MuosUtdxCx1kAVIQF 2024-06-07 00:00:00 +0700 +07
2023/06/19 11:48:02 [TRACE] 5NRf9MuosUtdxCx1kAVIQF ub.urlybud.aqua.castis.io 라이선스 정상
2023/06/19 11:48:02 [TRACE] 5NRf9MuosUtdxCx1kAVIQF fcBj3 CheckExists()
2023/06/19 11:48:02 [TRACE] 5NRf9MuosUtdxCx1kAVIQF fcBj3 CheckSecureLink()
2023/06/19 11:48:02 [TRACE] 5NRf9MuosUtdxCx1kAVIQF fcBj3 CheckCount()
2023/06/19 11:48:02 [TRACE] 5NRf9MuosUtdxCx1kAVIQF fcBj3 CheckExpire()
2023/06/19 11:48:02 [TRACE] 5NRf9MuosUtdxCx1kAVIQF fcBj3 유효기한 초과
2023/06/19 11:48:02 [TRACE] 5NRf9MuosUtdxCx1kAVIQF ExpectedError() Code:B242 Param:[]
2023/06/19 11:48:02 [TRACE] 5NRf9MuosUtdxCx1kAVIQF /fcBj3 컨텍스트저장 UKey:'fcBj3'
2023/06/19 11:48:08 [TRACE] l7b0Sij0KJTcEhwr5QZCpA /link/get 컨텍스트저장 UKey:'AueDa'
2023/06/19 11:48:23 [TRACE] 8Yihpv3OvIZcBI0pDbcNW3 /link/get 컨텍스트저장 UKey:'fcBj3'
2023/06/19 11:49:22 [TRACE] 9LCOxBr7e5R6IpcibBtQsb /link/del 컨텍스트저장 UKey:'https://ub.urlybud.aqua.castis.io/fcBj3'
2023/06/19 11:49:23 [TRACE] deaDxFFLnXf8pDKjyilF7p /link/del 컨텍스트저장 UKey:'https://ub.urlybud.aqua.castis.io/fcBj3'
2023/06/19 11:49:23 [TRACE] 60JaNUmwLbC4NKR6E2bYiK /link/del 컨텍스트저장 UKey:'https://ub.urlybud.aqua.castis.io/fcBj3'
2023/06/19 11:50:10 [TRACE] fAf0fxLtjmXjC2xPOnADhy /link/get 컨텍스트저장 UKey:'AueDa'
2023/06/19 11:50:34 [TRACE] gfxOUIdbFHwfdikOuJz3qg /link/get 컨텍스트저장 UKey:'AueDa'
2023/06/19 11:57:46 [TRACE] 8jiKSong6qs3xoIxMiuWm1 /link/set 컨텍스트저장 UKey:'32wgg'
2023/06/19 11:58:55 [TRACE] 9Y4SK1LvNRjbY9biBKKy9f /link/del 컨텍스트저장 UKey:'https://ub.urlybud.aqua.castis.io/32wgg'
2023/06/19 11:58:56 [TRACE] iDk5zNM4WRY1tjsKj0bFUS /link/del 컨텍스트저장 UKey:'https://ub.urlybud.aqua.castis.io/32wgg'
2023/06/19 11:58:56 [TRACE] WdbBSmxoJqjTRdaD4SVLX /link/del 컨텍스트저장 UKey:'https://ub.urlybud.aqua.castis.io/32wgg'
2023/06/19 12:01:57 [TRACE] kiD93gAKaU4kFiJOWU6rdy /link/set 컨텍스트저장 UKey:'TKcOX'
2023/06/19 12:02:12 [TRACE] bgsWuk2FJxDgm7CIPnmjOT /link/del 컨텍스트저장 UKey:'https://ub.urlybud.aqua.castis.io/TKcOX'
2023/06/19 12:02:12 [TRACE] hwR0paS91xhjbT8YzZWCss /link/del 컨텍스트저장 UKey:'https://ub.urlybud.aqua.castis.io/TKcOX'
2023/06/19 12:02:12 [TRACE] 4AiAtkWyYkLgNWdfetGnTX /link/del 컨텍스트저장 UKey:'https://ub.urlybud.aqua.castis.io/TKcOX'
2023/06/19 13:34:59 [TRACE] 4rtxATXxGekjaOZQFGw4NA /link/get 컨텍스트저장 UKey:'AueDa'
2023/06/19 13:36:04 [TRACE] hHKLTJ628WKh3hUL06x9Vi /link/get 컨텍스트저장 UKey:'AueDa'
2023/06/19 13:36:39 [TRACE] jlT8Dxd37Av6Ni2PHJFILA /link/get 컨텍스트저장 UKey:'AueDa'
2023/06/19 13:36:42 [TRACE] bgxyHCu4vMN7GGT0IF7jfb /link/get 컨텍스트저장 UKey:'AueDa'
2023/06/19 13:37:27 [TRACE] aEUtWLWSRhR7PPo4b0GJHU /link/set 컨텍스트저장 UKey:'mitVW'
2023/06/19 13:39:55 [TRACE] 72Nxc0cvMLIeeTckRvNozR /link/get 컨텍스트저장 UKey:'AueDa'
2023/06/19 13:40:24 [TRACE] jiIunKwMV2vcRrlTYUEA4G /link/get 컨텍스트저장 UKey:'AueDa'
2023/06/19 13:40:28 [TRACE] dOM8fiqOxo7bGqhLDVWXKH /link/get 컨텍스트저장 UKey:'AueDa'
2023/06/19 13:40:43 [TRACE] eRCg54dLXf71kpjK9qoP44 /link/get 컨텍스트저장 UKey:'AueDa'
2023/06/19 13:42:11 [TRACE] bFxsg5ohS581ZowHIt7TuQ /link/set 컨텍스트저장 UKey:'FyrCb'
2023/06/19 13:42:44 [TRACE] bq6P3n83VZa5veUcGmfwG /link/set 컨텍스트저장 UKey:'if7AI'
2023/06/19 13:45:30 [TRACE] 2toc8bCzo26b1ew4p0Oorg /link/get 컨텍스트저장 UKey:'AueDa'
2023/06/19 13:45:39 [TRACE] lIYvfzmAcwckmwnVQI5flu /link/get 컨텍스트저장 UKey:'AueDa'
2023/06/19 13:46:25 [TRACE] 80paOeehJjm9XaWI4fOCQ0 /link/get 컨텍스트저장 UKey:'AueDa'
2023/06/19 13:46:31 [TRACE] 1iBshMgMx7fk65GV2y7dqQ /link/set 컨텍스트저장 UKey:'ebLf0'
2023/06/19 13:46:48 [TRACE] frJC7XeHl6V9pTN0tCY15g /link/set 컨텍스트저장 UKey:'ca54c'
2023/06/19 13:46:54 [TRACE] fkLh7nzAYjvlFkUJCzJZaL /link/get 컨텍스트저장 UKey:'AueDa'
2023/06/19 13:47:00 [TRACE] i5s6Xh4qSkelv4zjGgRsMT /link/get 컨텍스트저장 UKey:'AueDa'
2023/06/19 13:47:19 [TRACE] btZRVAWuRqUcameNq6bNin /link/get 컨텍스트저장 UKey:'AueDa'
2023/06/19 13:47:32 [TRACE] egUGvJVuuAM6k7t25nFHQP /link/get 컨텍스트저장 UKey:'AueDa'
2023/06/19 13:47:40 [TRACE] hJSEbh24IQW8kHnUdRakFA /link/get 컨텍스트저장 UKey:'AueDa'
2023/06/19 13:49:43 [TRACE] g18RnK13w1kb5N1mJeNpsE /link/get 컨텍스트저장 UKey:'AueDa'
2023/06/19 13:49:53 [TRACE] 1vSlwj49nDP5cEZowhCNPb /link/get 컨텍스트저장 UKey:'AueDa'
2023/06/19 13:51:41 [TRACE] iRSA2UL2KafjM8TC079nXk /link/get 컨텍스트저장 UKey:'AueDa'
2023/06/19 13:51:49 [TRACE] dLKhueOyBc0i3ijXE6MLDF /link/set 컨텍스트저장 UKey:'21Gb4'
2023/06/19 13:52:09 [TRACE] 9fzuflthFUHdHC7vcmb9l7 /link/get 컨텍스트저장 UKey:'AueDa'
2023/06/19 13:53:17 [TRACE] 3oYdDc3dEYT7Our2YFuReQ /link/get 컨텍스트저장 UKey:'AueDa'
2023/06/19 13:53:52 [TRACE] 4OfLVvWMOie9Ibsy19K77P /link/get 컨텍스트저장 UKey:'AueDa'
2023/06/19 13:54:48 [TRACE] jtbQ09f5fbZ8O24Uz69hYV /link/set 컨텍스트저장 UKey:'rmGpO'
2023/06/19 13:58:41 [TRACE] cqPz4Cvcw9riUGJKvZ9a47 /link/set 컨텍스트저장 UKey:'kgNNi'
2023/06/19 13:58:50 [TRACE] 5SUwJjbU84E3If3pYr5hok /link/get 컨텍스트저장 UKey:'AueDa'
2023/06/19 13:59:09 [TRACE] bQnidtsP0QRkBVjpWkJc2V /link/set 컨텍스트저장 UKey:'FyrGO'
2023/06/19 13:59:40 [TRACE] cYQqiOYSvGSkkLQJQPTlTD /link/set 컨텍스트저장 UKey:'ExBBS'
2023/06/19 14:00:20 [TRACE] aYucRcMIQSLdKj8URZDVfH /link/get 컨텍스트저장 UKey:'AueDa'
2023/06/19 14:00:28 [TRACE] 5HpdpJnx5OfNLO6XnO991 /link/set 컨텍스트저장 UKey:'RIwNu'
2023/06/19 14:00:57 [TRACE] 4VkE2Z1EAJxaLfA6v6CrhV /link/get 컨텍스트저장 UKey:'AueDa'
2023/06/19 14:00:59 [TRACE] 4y8b8ipYmgQ1YiNjjXkW7P /link/set 컨텍스트저장 UKey:'hehxH'
2023/06/19 14:01:26 [TRACE] fomjMigwPmTjOF9M59H946 /link/get 컨텍스트저장 UKey:'AueDa'
2023/06/19 14:01:37 [TRACE] iZowkoW2w5m4wcpuhwulig /link/get 컨텍스트저장 UKey:'AueDa'
2023/06/19 14:01:44 [TRACE] jIBZIowpDlb3zs4ZyECsdA /link/get 컨텍스트저장 UKey:'AueDa'
2023/06/19 14:01:50 [TRACE] k13E1V1EjWKaZ63oyReGwD /link/get 컨텍스트저장 UKey:'AueDa'
2023/06/19 14:02:13 [TRACE] jBb2NufNhsC4JrmvMSNUt2 /link/get 컨텍스트저장 UKey:'AueDa'
2023/06/19 14:02:38 [TRACE] h8ivWwRLIHC1mJWPmj3osL /link/get 컨텍스트저장 UKey:'AueDa'
2023/06/19 14:03:07 [TRACE] 566kN2HfSXG1BwC4lrCF7w /link/get 컨텍스트저장 UKey:'AueDa'
2023/06/19 14:03:09 [TRACE] 2z0ZgbarExqU1l3OiFGjw /link/get 컨텍스트저장 UKey:'AueDa'
2023/06/19 14:03:14 [TRACE] lmrNzLyTuqWfDMHNu5CKBU /link/get 컨텍스트저장 UKey:'AueDa'
2023/06/19 14:06:36 [TRACE] b5QORUwynaA9XAy8GY1nxM /link/get 컨텍스트저장 UKey:'AueDa'
2023/06/19 14:06:52 [TRACE] ijBSBYkkrZ178jfPVq0ylh /link/get 컨텍스트저장 UKey:'AueDa'
2023/06/19 14:07:28 [TRACE] iuFmmcjtCAGhUbRzzkmmwo /link/get 컨텍스트저장 UKey:'AueDa'
2023/06/19 14:07:37 [TRACE] iu5ol7Y14Mjci1eHcUcNFf /link/get 컨텍스트저장 UKey:'AueDa'
2023/06/19 14:07:41 [TRACE] 9X9HXsqD1rdgsM5WQc0ghi /link/get 컨텍스트저장 UKey:'AueDa'
2023/06/19 14:07:58 [TRACE] 2RzdeDoMs65fpbngziIWVH /link/get 컨텍스트저장 UKey:'AueDa'
2023/06/19 14:08:04 [TRACE] hFv5lF7Pv8ncSKr6CkOo0J /link/get 컨텍스트저장 UKey:'AueDa'
2023/06/19 14:08:07 [TRACE] ipMnLohd8yM2uzXtY8fNeF /link/get 컨텍스트저장 UKey:'AueDa'
2023/06/19 14:08:47 [TRACE] iY23xqwNHb6iPJluHq2bWV /link/get 컨텍스트저장 UKey:'AueDa'
2023/06/19 14:08:53 [TRACE] YXKap6fXpRg4gLiTkUVr1 /link/get 컨텍스트저장 UKey:'AueDa'
2023/06/19 14:09:02 [TRACE] i0LDKftddtfLdXbCsEG71 /link/get 컨텍스트저장 UKey:'AueDa'
2023/06/19 14:09:19 [TRACE] 3brtKOdZikJiasr5jYaqJH /link/get 컨텍스트저장 UKey:'AueDa'
2023/06/19 14:09:25 [TRACE] 8P4jDpr8Ig2ccBTKtjsURR /link/get 컨텍스트저장 UKey:'AueDa'
2023/06/19 14:10:35 [TRACE] 9OBAfFMriK0lEGXhst0B3Q /link/get 컨텍스트저장 UKey:'AueDa'
2023/06/19 14:10:35 [TRACE] 4v3rQQVRiRn68yoAp2ddzx /link/get 컨텍스트저장 UKey:'AueDa'
2023/06/19 14:10:35 [TRACE] 5akE0oWs7JOSBrpu8Uyt0 /link/get 컨텍스트저장 UKey:'AueDa'
2023/06/19 14:10:35 [TRACE] 1xQ8gORic73k3FVX0E3vg7 /link/get 컨텍스트저장 UKey:'AueDa'
2023/06/19 14:10:36 [TRACE] 6ZdTGYFn3EY1ntdBWNO3bV /link/get 컨텍스트저장 UKey:'AueDa'
2023/06/19 14:11:19 [TRACE] jj49pAo78makNEMcPOxz65 /link/get 컨텍스트저장 UKey:'AueDa'
2023/06/19 14:14:28 [TRACE] alzQtupT1S24ua2Hsh0Tln /link/get 컨텍스트저장 UKey:'AueDa'
2023/06/19 14:25:33 [TRACE] fcANsjhK2tDbH46pINvFL2 /link/del 컨텍스트저장 UKey:'ExB2o'
2023/06/19 14:26:47 [TRACE] bFCfWhRJ5kJfC3VG29dQfW /link/set 컨텍스트저장 UKey:'SJmUQ'
2023/06/19 14:27:08 [TRACE] 8AldQP6j6SY9QHTcUWPEj2 /link/set 컨텍스트저장 UKey:'DwLyN'
2023/06/19 14:27:21 [TRACE] 26udzbOjGmS2pj1oXS3Uqg /link/del 컨텍스트저장 UKey:'https://ub.urlybud.aqua.castis.io/DwLyN'
2023/06/19 14:27:50 [TRACE] 8IdnmDvBHZIcs8lf6rDFww /link/get 컨텍스트저장 UKey:'DwLyN'
2023/06/19 14:28:26 [TRACE] 2homVV7sOA4bJAgm4ASmG7 /link/del 컨텍스트저장 UKey:'ExB2o;lk';dflk'sa;l'
2023/06/19 14:28:34 [TRACE] lN3HkjrQjwb1KNygObUXhF /link/del 컨텍스트저장 UKey:'DwLyN'
2023/06/19 14:28:37 [TRACE] h0dSWTKrmwQi29yxn1x8y4 /link/get 컨텍스트저장 UKey:'DwLyN'
2023/06/19 14:29:06 [TRACE] 9g9FpCW6qhXd0TAYUJeG9o /link/set 컨텍스트저장 UKey:'1Q5G'
2023/06/19 14:32:18 [TRACE] fGaUyWuFOwkGzXQ01te30 /link/get 컨텍스트저장 UKey:'DwLyN'
2023/06/19 14:32:31 [TRACE] 5f7o6blkiLF2YcRfQx9Zkm /link/set 컨텍스트저장 UKey:'YOpvC'
2023/06/19 14:32:35 [TRACE] cLyDDXUdtLk8KdLyH56vs8 /link/del 컨텍스트저장 UKey:'YOpvC'
2023/06/19 14:33:24 [TRACE] bHWEMb1bBlZ24sQ60iVZFh /link/get 컨텍스트저장 UKey:'YOpvC'
2023/06/19 14:38:21 [TRACE] alp4xzyaerkcXz1HNL9Ded /link/set 컨텍스트저장 UKey:'HA7Xw'
2023/06/19 14:39:06 [TRACE] eNhRUhk1BBGlXlG1CtKN31 /link/del 컨텍스트저장 UKey:'HA7Xw'
2023/06/19 14:39:45 [TRACE] 1hHs6N3h7vFl352Nt9yyeC /link/set 컨텍스트저장 UKey:'SJmZc'
2023/06/19 14:41:11 [TRACE] lLZcD2V6tMfi8Vb4CYOOTX /link/del 컨텍스트저장 UKey:'SJmZc'
2023/06/19 14:41:31 [TRACE] 88Hz5l7MEtX37pIFiti3BG /link/set 컨텍스트저장 UKey:'ztpeY'
2023/06/19 14:46:53 [TRACE] h9ALDpmSrci6QQQGgwH7WR /link/del 컨텍스트저장 UKey:'ztpeY'
2023/06/19 14:47:31 [TRACE] aZXeifNRh2Th0YPS5l5L7T /link/set 컨텍스트저장 UKey:'ztpfx'
2023/06/19 14:50:34 [TRACE] fOBwLdyM6E71M04yuoiRTS ----------------------------------------------------
2023/06/19 14:50:34 [TRACE] fOBwLdyM6E71M04yuoiRTS /ztpfx 요청토큰: caec1689-70cf-4c6f-8805-be54273b3f01
2023/06/19 14:50:34 [TRACE] fOBwLdyM6E71M04yuoiRTS 2024-06-07 00:00:00 +0700 +07
2023/06/19 14:50:34 [TRACE] fOBwLdyM6E71M04yuoiRTS ub.urlybud.aqua.castis.io 라이선스 정상
2023/06/19 14:50:34 [TRACE] fOBwLdyM6E71M04yuoiRTS ztpfx CheckExists()
2023/06/19 14:50:34 [TRACE] fOBwLdyM6E71M04yuoiRTS ztpfx CheckSecureLink()
2023/06/19 14:50:34 [TRACE] fOBwLdyM6E71M04yuoiRTS ztpfx CheckCount()
2023/06/19 14:50:34 [TRACE] fOBwLdyM6E71M04yuoiRTS ztpfx CheckExpire()
2023/06/19 14:50:34 [TRACE] fOBwLdyM6E71M04yuoiRTS ztpfx 유효기한 초과
2023/06/19 14:50:34 [TRACE] fOBwLdyM6E71M04yuoiRTS ExpectedError() Code:B242 Param:[]
2023/06/19 14:50:34 [TRACE] fOBwLdyM6E71M04yuoiRTS /ztpfx 컨텍스트저장 UKey:'ztpfx'
2023/06/19 14:51:33 [TRACE] c8G9H73iCkpf53w4hqOTO2 자신의 Cc로 검사
2023/06/19 14:51:33 [TRACE] c8G9H73iCkpf53w4hqOTO2 자신의 Cc와 요청 Cc 다름.
2023/06/19 14:51:33 [TRACE] c8G9H73iCkpf53w4hqOTO2 /link/claim 컨텍스트저장 UKey:'@테스트1234'
2023/06/19 14:51:59 [TRACE] e0czM4KXAib6AprqvMw7x6 /link/set 컨텍스트저장 UKey:'@test'
2023/06/19 14:52:02 [TRACE] b8nY5SYqva0gYdYdY0Ecox 자신의 Cc로 검사
2023/06/19 14:52:02 [TRACE] b8nY5SYqva0gYdYdY0Ecox 자신의 Cc와 요청 Cc 다름.
2023/06/19 14:52:02 [TRACE] b8nY5SYqva0gYdYdY0Ecox /link/claim 컨텍스트저장 UKey:'@테스트1234'
2023/06/19 14:52:25 [TRACE] fqys4T5t49K2DglFZgzYMK /link/set 컨텍스트저장 UKey:'b9f1H'
2023/06/19 14:52:51 [TRACE] iwu9TrtwkpG3M3xIy5GcAK ----------------------------------------------------
2023/06/19 14:52:51 [TRACE] iwu9TrtwkpG3M3xIy5GcAK /b9f1H 요청토큰: caec1689-70cf-4c6f-8805-be54273b3f01
2023/06/19 14:52:51 [TRACE] iwu9TrtwkpG3M3xIy5GcAK 2024-06-07 00:00:00 +0700 +07
2023/06/19 14:52:51 [TRACE] iwu9TrtwkpG3M3xIy5GcAK ub.urlybud.aqua.castis.io 라이선스 정상
2023/06/19 14:52:51 [TRACE] iwu9TrtwkpG3M3xIy5GcAK b9f1H CheckExists()
2023/06/19 14:52:51 [TRACE] iwu9TrtwkpG3M3xIy5GcAK b9f1H CheckSecureLink()
2023/06/19 14:52:51 [TRACE] iwu9TrtwkpG3M3xIy5GcAK b9f1H CheckCount()
2023/06/19 14:52:51 [TRACE] iwu9TrtwkpG3M3xIy5GcAK b9f1H CheckExpire()
2023/06/19 14:52:51 [TRACE] iwu9TrtwkpG3M3xIy5GcAK b9f1H CheckAuth()
2023/06/19 14:52:51 [TRACE] iwu9TrtwkpG3M3xIy5GcAK b9f1H ServeLink()
2023/06/19 14:52:51 [TRACE] iwu9TrtwkpG3M3xIy5GcAK b9f1H Redirect()
2023/06/19 14:52:51 [TRACE] iwu9TrtwkpG3M3xIy5GcAK b9f1H GET 리다이렉트
2023/06/19 14:52:51 [TRACE] iwu9TrtwkpG3M3xIy5GcAK /b9f1H 컨텍스트저장 UKey:'b9f1H'
2023/06/19 14:55:53 [TRACE] kWo7WUbjFTJlo1D7hsdEoI /link/get 컨텍스트저장 UKey:'AueDa'
2023/06/19 15:04:01 [TRACE] 26rjgwh6UibikC21CzA22c /link/set 컨텍스트저장 UKey:'if7Gw'
2023/06/19 15:07:53 [TRACE] fBwKmiAtxPd6okYXEpKZeX /link/set 컨텍스트저장 UKey:'lhDYh'
2023/06/19 15:15:09 [TRACE] 5Z7VjwLiItI6S5wgj0xQAN /link/set 컨텍스트저장 UKey:'ca584'
2023/06/19 15:16:34 [TRACE] 4rV9PezGkO74He60svISIo /link/get 컨텍스트저장 UKey:'AueDa'
2023/06/19 15:16:41 [TRACE] 9D5FEBfy8IKlagu4dPjGnr /link/get 컨텍스트저장 UKey:'AueDa'
2023/06/19 15:16:41 [TRACE] ez6XVGwb0fmezGepO8oNh5 /link/get 컨텍스트저장 UKey:'AueDa'
2023/06/19 15:20:32 [TRACE] 8dmIMWhT2c63DmLkyLonaN /link/set 컨텍스트저장 UKey:'ebLjY'
2023/06/19 16:39:58 [TRACE] 2SDQeK0xMgblTjF6VjMEsZ /link/set 컨텍스트저장 UKey:'21GbK'
2023/06/19 16:47:02 [TRACE] jKGl7ZO6V2SixkFURP8rlD /link/set 컨텍스트저장 UKey:'AufpW'
2023/06/19 17:02:58 [TRACE] jGvvqkaTnhu3xz20Q95TlC /link/get 컨텍스트저장 UKey:'AueDa'
